./bin
./bin/addgroup
./bin/adduser
./bin/ash
./bin/busybox
./bin/cat
./bin/catv
./bin/chgrp
./bin/chmod
./bin/chown
./bin/cp
./bin/cpio
./bin/date
./bin/dd
./bin/delgroup
./bin/deluser
./bin/df
./bin/dmesg
./bin/dnsdomainname
./bin/echo
./bin/egrep
./bin/false
./bin/fgrep
./bin/getopt
./bin/grep
./bin/gunzip
./bin/gzip
./bin/hostname
./bin/ip
./bin/ipaddr
./bin/ipcalc
./bin/iplink
./bin/iproute
./bin/iprule
./bin/iptunnel
./bin/kill
./bin/linux32
./bin/linux64
./bin/ln
./bin/login
./bin/ls
./bin/mkdir
./bin/mknod
./bin/mktemp
./bin/more
./bin/mount
./bin/mountpoint
./bin/mv
./bin/netstat
./bin/nice
./bin/pidof
./bin/ping
./bin/ping6
./bin/printenv
./bin/ps
./bin/pwd
./bin/rm
./bin/rmdir
./bin/run-parts
./bin/sed
./bin/setarch
./bin/sh
./bin/sleep
./bin/stat
./bin/stty
./bin/su
./bin/sync
./bin/tar
./bin/touch
./bin/true
./bin/umount
./bin/uname
./bin/usleep
./bin/vi
./bin/watch
./bin/zcat
./boot
./COPYING
./dev
./dev/pts
./etc
./etc/Alt-F
./etc/br-version
./etc/dropbear
./etc/exports.d
./etc/fstab
./etc/group
./etc/hostname
./etc/hosts
./etc/httpd.conf
./etc/inetd.conf
./etc/inetd.conf.default
./etc/init.d
./etc/init.d/common
./etc/init.d/rcall
./etc/init.d/rcE
./etc/init.d/rcS
./etc/init.d/rc.sys
./etc/init.d/S10syslog
./etc/init.d/S10urandom
./etc/init.d/S26cron
./etc/init.d/S30backup
./etc/init.d/S31cleanup
./etc/init.d/S31news
./etc/init.d/S41inetd
./etc/init.d/S41http
./etc/init.d/S69rmount
./etc/init.d/S98ffp
./etc/init.d/S99user
./etc/inittab
./etc/inputrc
./etc/ipkg.conf
./etc/issue
./etc/mdev.conf
./etc/misc.conf
./etc/modprobe.conf
./etc/network
./etc/network/if-down.d
./etc/network/if-post-down.d
./etc/network/if-pre-up.d
./etc/network/if-up.d
./etc/network/interfaces
./etc/passwd
./etc/preinst
./etc/preinst.status
./etc/profile
./etc/protocols
./etc/resolv.conf
./etc/samba
./etc/samba/smb.conf
./etc/securetty
./etc/services
./etc/settings
./etc/shadow
./etc/ssl
./etc/ssl/certs
./etc/ssl/misc
./etc/ssl/private
./etc/stunnel
./etc/sysctl.conf
./etc/TZ
./init
./lib
./lib/ld-uClibc-0.9.30.3.so
./lib/ld-uClibc.so.0
./lib/libcrypt-0.9.30.3.so
./lib/libcrypt.so.0
./lib/libc.so.0
./lib/libdl-0.9.30.3.so
./lib/libdl.so.0
./lib/libgcc_s.so
./lib/libgcc_s.so.1
./lib/libm-0.9.30.3.so
./lib/libm.so.0
./lib/libnsl-0.9.30.3.so
./lib/libnsl.so.0
./lib/libpthread-0.9.30.3.so
./lib/libpthread.so.0
./lib/libresolv-0.9.30.3.so
./lib/libresolv.so.0
./lib/librt-0.9.30.3.so
./lib/librt.so.0
./lib/libuClibc-0.9.30.3.so
./lib/libutil-0.9.30.3.so
./lib/libutil.so.0
./lib/modules
./LICENSE
./newroot
./newroot/rootmnt
./proc
./root
./root/.emacsrc
./rootmnt
./rootmnt/ro
./rootmnt/rw
./root/.profile
./sbin
./sbin/adjtimex
./sbin/arp
./sbin/blockdev
./sbin/depmod
./sbin/fdisk
./sbin/freeramdisk
./sbin/fsck.minix
./sbin/getty
./sbin/halt
./sbin/hdparm
./sbin/ifconfig
./sbin/ifdown
./sbin/ifup
./sbin/init
./sbin/inotifyd
./sbin/insmod
./sbin/klogd
./sbin/logread
./sbin/losetup
./sbin/lsmod
./sbin/mdev
./sbin/mkdosfs
./sbin/mkfs.minix
./sbin/mkfs.vfat
./sbin/mkswap
./sbin/modprobe
./sbin/pivot_root
./sbin/reboot
./sbin/rmmod
./sbin/route
./sbin/setconsole
./sbin/start-stop-daemon
./sbin/sulogin
./sbin/swapoff
./sbin/swapon
./sbin/switch_root
./sbin/sysctl
./sbin/syslogd
./sbin/tunctl
./sbin/udhcpc
./sbin/vconfig
./sys
./tmp
./usr
./usr/bin
./usr/bin/[
./usr/bin/[[
./usr/bin/ar
./usr/bin/arping
./usr/bin/awk
./usr/bin/backup
./usr/bin/basename
./usr/bin/bunzip2
./usr/bin/bzcat
./usr/bin/cksum
./usr/bin/clear
./usr/bin/cmp
./usr/bin/crontab
./usr/bin/cut
./usr/bin/diff
./usr/bin/dirname
./usr/bin/dos2unix
./usr/bin/du
./usr/bin/eject
./usr/bin/env
./usr/bin/ether-wake
./usr/bin/expr
./usr/bin/find
./usr/bin/flock
./usr/bin/fold
./usr/bin/free
./usr/bin/fuser
./usr/bin/head
./usr/bin/hexdump
./usr/bin/hostid
./usr/bin/id
./usr/bin/install
./usr/bin/ipcrm
./usr/bin/ipcs
./usr/bin/ipkg
./usr/bin/killall
./usr/bin/killall5
./usr/bin/ldd
./usr/bin/less
./usr/bin/logger
./usr/bin/logname
./usr/bin/lpq
./usr/bin/lpr
./usr/bin/mail
./usr/bin/md5sum
./usr/bin/mkfifo
./usr/bin/nc
./usr/bin/news.sh
./usr/bin/nohup
./usr/bin/nslookup
./usr/bin/od
./usr/bin/passwd
./usr/bin/patch
./usr/bin/plabel
./usr/bin/print
./usr/bin/printf
./usr/bin/pstree
./usr/bin/readlink
./usr/bin/realpath
./usr/bin/renice
./usr/bin/reset
./usr/bin/resize
./usr/bin/seq
./usr/bin/setsid
./usr/bin/sha1sum
./usr/bin/sha256sum
./usr/bin/sort
./usr/bin/strings
./usr/bin/tail
./usr/bin/tee
./usr/bin/telnet
./usr/bin/test
./usr/bin/tftp
./usr/bin/time
./usr/bin/top
./usr/bin/tr
./usr/bin/traceroute
./usr/bin/tty
./usr/bin/uniq
./usr/bin/unix2dos
./usr/bin/unzip
./usr/bin/uptime
./usr/bin/wc
./usr/bin/which
./usr/bin/who
./usr/bin/whoami
./usr/bin/xargs
./usr/bin/yes
./usr/lib
./usr/lib/charset.alias
./usr/lib/libstdc++.so
./usr/lib/libstdc++.so.6
./usr/lib/libstdc++.so.6.0.10
./usr/lib/modules/4.4.86/kernel/crypto/arc4.ko
./usr/lib/modules/4.4.86/kernel/crypto/md4.ko
./usr/lib/modules/4.4.86/kernel/crypto/md5.ko
./usr/lib/modules/4.4.86/kernel/drivers/usb/class/usblp.ko
./usr/lib/modules/4.4.86/kernel/fs/cifs/cifs.ko
./usr/lib/modules/4.4.86/kernel/fs/ext2/ext2.ko
./usr/lib/modules/4.4.86/kernel/fs/fuse/fuse.ko
./usr/lib/modules/4.4.86/kernel/fs/nfs/nfs.ko
./usr/lib/modules/4.4.86/kernel/fs/nfs/nfsv3.ko
./usr/lib/modules/4.4.86/kernel/fs/exportfs/exportfs.ko
./usr/lib/modules/4.4.86/kernel/fs/lockd/lockd.ko
./usr/lib/modules/4.4.86/kernel/fs/nfs_common/grace.ko
./usr/lib/modules/4.4.86/kernel/fs/nfsd/nfsd.ko
./usr/lib/modules/4.4.86/kernel/net/sunrpc/sunrpc.ko
./usr/lib/modules/4.4.86/modules.alias
./usr/lib/modules/4.4.86/modules.builtin
./usr/lib/modules/4.4.86/modules.ccwmap
./usr/lib/modules/4.4.86/modules.dep
./usr/lib/modules/4.4.86/modules.ieee1394map
./usr/lib/modules/4.4.86/modules.inputmap
./usr/lib/modules/4.4.86/modules.isapnpmap
./usr/lib/modules/4.4.86/modules.ofmap
./usr/lib/modules/4.4.86/modules.order
./usr/lib/modules/4.4.86/modules.pcimap
./usr/lib/modules/4.4.86/modules.seriomap
./usr/lib/modules/4.4.86/modules.symbols
./usr/lib/modules/4.4.86/modules.usbmap
./usr/lib/sftp-server
./usr/sbin
./usr/sbin/adjtime
./usr/sbin/aufs.sh
./usr/sbin/chpasswd
./usr/sbin/chroot
./usr/sbin/cleanup
./usr/sbin/crond
./usr/sbin/debian
./usr/sbin/dns320-temp.sh
./usr/sbin/fixup
./usr/sbin/hot_aux.sh
./usr/sbin/hot.sh
./usr/sbin/httpd
./usr/sbin/hwclock
./usr/sbin/inetd
./usr/sbin/ldconfig
./usr/sbin/loadsave_settings
./usr/sbin/lpd
./usr/sbin/samba_multicall
./usr/sbin/ntpd
./usr/sbin/poweroff
./usr/sbin/rcscript
./usr/sbin/recover
./usr/sbin/setlogcons
./usr/sbin/telnetd
./usr/sbin/watch-inetd.sh
./usr/share
./usr/share/udhcpc
./usr/share/udhcpc/default.script
./usr/swat
./usr/swat/help
./usr/swat/images
./usr/swat/include
./usr/www
./usr/www/backup_hlp.html
./usr/www/cgi-bin
./usr/www/cgi-bin/about.cgi
./usr/www/cgi-bin/backup.cgi
./usr/www/cgi-bin/backup_proc.cgi
./usr/www/cgi-bin/bookmark.cgi
./usr/www/cgi-bin/browse_cifs.cgi
./usr/www/cgi-bin/browse_dir.cgi
./usr/www/cgi-bin/browse_opts.cgi
./usr/www/cgi-bin/common.sh
./usr/www/cgi-bin/cron.cgi
./usr/www/cgi-bin/cron_proc.cgi
./usr/www/cgi-bin/debian.cgi
./usr/www/cgi-bin/debian_proc.cgi
./usr/www/cgi-bin/deb-mirrors.txt
./usr/www/cgi-bin/dir_proc.cgi
./usr/www/cgi-bin/diskmaint.cgi
./usr/www/cgi-bin/diskmaint_proc.cgi
./usr/www/cgi-bin/Disk.men
./usr/www/cgi-bin/diskpart.cgi
./usr/www/cgi-bin/diskpart_proc.cgi
./usr/www/cgi-bin/diskutil.cgi
./usr/www/cgi-bin/diskutil_proc.cgi
./usr/www/cgi-bin/diskwiz.cgi
./usr/www/cgi-bin/diskwiz_proc.cgi
./usr/www/cgi-bin/embed.cgi
./usr/www/cgi-bin/entware.cgi
./usr/www/cgi-bin/entware_proc.cgi
./usr/www/cgi-bin/ffp.cgi
./usr/www/cgi-bin/ffp_proc.cgi
./usr/www/cgi-bin/firmware2_proc.cgi
./usr/www/cgi-bin/firmware.cgi
./usr/www/cgi-bin/firmware_proc.cgi
./usr/www/cgi-bin/get_mac.cgi
./usr/www/cgi-bin/host.cgi
./usr/www/cgi-bin/host_proc.cgi
./usr/www/cgi-bin/hosts.cgi
./usr/www/cgi-bin/hosts_proc.cgi
./usr/www/cgi-bin/http_alt.cgi
./usr/www/cgi-bin/http.cgi
./usr/www/cgi-bin/http_proc.cgi
./usr/www/cgi-bin/https_alt.cgi
./usr/www/cgi-bin/https.cgi
./usr/www/cgi-bin/index.cgi
./usr/www/cgi-bin/inetd.cgi
./usr/www/cgi-bin/inetd_proc.cgi
./usr/www/cgi-bin/login.cgi
./usr/www/cgi-bin/login_proc.cgi
./usr/www/cgi-bin/logout.cgi
./usr/www/cgi-bin/Main.men
./usr/www/cgi-bin/mdadm.cgi
./usr/www/cgi-bin/mdadm_proc.cgi
./usr/www/cgi-bin/net_services.cgi
./usr/www/cgi-bin/newuser.cgi
./usr/www/cgi-bin/newuser_proc.cgi
./usr/www/cgi-bin/packages_ffp.cgi
./usr/www/cgi-bin/packages_ffp_proc.cgi
./usr/www/cgi-bin/packages_ipkg.cgi
./usr/www/cgi-bin/packages_ipkg_proc.cgi
./usr/www/cgi-bin/packages_opkg.cgi
./usr/www/cgi-bin/packages_opkg_proc.cgi
./usr/www/cgi-bin/Packages.men
./usr/www/cgi-bin/perms.cgi
./usr/www/cgi-bin/rmount.cgi
./usr/www/cgi-bin/rmount_proc.cgi
./usr/www/cgi-bin/services.cgi
./usr/www/cgi-bin/Services.men
./usr/www/cgi-bin/services_proc.cgi
./usr/www/cgi-bin/settings.cgi
./usr/www/cgi-bin/settings_proc.cgi
./usr/www/cgi-bin/Setup.men
./usr/www/cgi-bin/Shortcuts.men
./usr/www/cgi-bin/ssh_alt.cgi
./usr/www/cgi-bin/ssh.cgi
./usr/www/cgi-bin/ssh_proc.cgi
./usr/www/cgi-bin/status.cgi
./usr/www/cgi-bin/syslog.cgi
./usr/www/cgi-bin/syslog_proc.cgi
./usr/www/cgi-bin/sys_services.cgi
./usr/www/cgi-bin/System.men
./usr/www/cgi-bin/sys_utils.cgi
./usr/www/cgi-bin/sys_utils_proc.cgi
./usr/www/cgi-bin/swats.cgi
./usr/www/cgi-bin/time.cgi
./usr/www/cgi-bin/time_proc.cgi
./usr/www/cgi-bin/timezones.txt
./usr/www/cgi-bin/user.cgi
./usr/www/cgi-bin/user_proc.cgi
./usr/www/cgi-bin/user_services.cgi
./usr/www/cgi-bin/usersgroups.cgi
./usr/www/cgi-bin/usersgroups_proc.cgi
./usr/www/diskmaint_hlp.html
./usr/www/diskpart_hlp.html
./usr/www/diskutil_hlp.html
./usr/www/dns-323.png
./usr/www/firmware_hlp.html
./usr/www/help.png
./usr/www/host_hlp.html
./usr/www/hosts_hlp.html
./usr/www/index.html
./usr/www/inetd_hlp.html
./usr/www/login_hlp.html
./usr/www/net_services_hlp.html
./usr/www/newuser_hlp.html
./usr/www/packages_ipkg_hlp.html
./usr/www/perms_hlp.html
./usr/www/proxy_hlp.html
./usr/www/raid_hlp.html
./usr/www/rmount_hlp.html
./usr/www/scripts
./usr/www/scripts/default.thm
./usr/www/scripts/demo.css
./usr/www/scripts/demo.thm
./usr/www/scripts/dull
./usr/www/scripts/dull/dull.css
./usr/www/scripts/dull/dull.js
./usr/www/scripts/dull.thm
./usr/www/services_hlp.html
./usr/www/settings_hlp.html
./usr/www/status_hlp.html
./usr/www/sys_services_hlp.html
./usr/www/time_hlp.html
./usr/www/user_services_hlp.html
./usr/www/usersgroups_hlp.html
./var
./var/tmp
