./usr/bin/cheetah
./usr/bin/cheetah-analyze
./usr/bin/cheetah-compile
./usr/lib/python2.7/site-packages/Cheetah
./usr/lib/python2.7/site-packages/Cheetah-2.4.4-py2.7.egg-info
./usr/lib/python2.7/site-packages/Cheetah/CacheRegion.py
./usr/lib/python2.7/site-packages/Cheetah/CacheStore.py
./usr/lib/python2.7/site-packages/Cheetah/CheetahWrapper.py
./usr/lib/python2.7/site-packages/Cheetah/Compiler.py
./usr/lib/python2.7/site-packages/Cheetah/convertTmplPathToModuleName.py
./usr/lib/python2.7/site-packages/Cheetah/DirectiveAnalyzer.py
./usr/lib/python2.7/site-packages/Cheetah/Django.py
./usr/lib/python2.7/site-packages/Cheetah/DummyTransaction.py
./usr/lib/python2.7/site-packages/Cheetah/ErrorCatchers.py
./usr/lib/python2.7/site-packages/Cheetah/FileUtils.py
./usr/lib/python2.7/site-packages/Cheetah/Filters.py
./usr/lib/python2.7/site-packages/Cheetah/ImportHooks.py
./usr/lib/python2.7/site-packages/Cheetah/ImportManager.py
./usr/lib/python2.7/site-packages/Cheetah/__init__.py
./usr/lib/python2.7/site-packages/Cheetah/Macros
./usr/lib/python2.7/site-packages/Cheetah/Macros/I18n.py
./usr/lib/python2.7/site-packages/Cheetah/Macros/__init__.py
./usr/lib/python2.7/site-packages/Cheetah/NameMapper.py
./usr/lib/python2.7/site-packages/Cheetah/_namemapper.so
./usr/lib/python2.7/site-packages/Cheetah/Parser.py
./usr/lib/python2.7/site-packages/Cheetah/Servlet.py
./usr/lib/python2.7/site-packages/Cheetah/SettingsManager.py
./usr/lib/python2.7/site-packages/Cheetah/SourceReader.py
./usr/lib/python2.7/site-packages/Cheetah/TemplateCmdLineIface.py
./usr/lib/python2.7/site-packages/Cheetah/Template.py
./usr/lib/python2.7/site-packages/Cheetah/Templates
./usr/lib/python2.7/site-packages/Cheetah/Templates/__init__.py
./usr/lib/python2.7/site-packages/Cheetah/Templates/_SkeletonPage.py
./usr/lib/python2.7/site-packages/Cheetah/Templates/SkeletonPage.py
./usr/lib/python2.7/site-packages/Cheetah/Templates/SkeletonPage.tmpl
./usr/lib/python2.7/site-packages/Cheetah/Tests
./usr/lib/python2.7/site-packages/Cheetah/Tests/Analyzer.py
./usr/lib/python2.7/site-packages/Cheetah/Tests/CheetahWrapper.py
./usr/lib/python2.7/site-packages/Cheetah/Tests/Cheps.py
./usr/lib/python2.7/site-packages/Cheetah/Tests/Filters.py
./usr/lib/python2.7/site-packages/Cheetah/Tests/__init__.py
./usr/lib/python2.7/site-packages/Cheetah/Tests/Misc.py
./usr/lib/python2.7/site-packages/Cheetah/Tests/NameMapper.py
./usr/lib/python2.7/site-packages/Cheetah/Tests/Parser.py
./usr/lib/python2.7/site-packages/Cheetah/Tests/Performance.py
./usr/lib/python2.7/site-packages/Cheetah/Tests/Regressions.py
./usr/lib/python2.7/site-packages/Cheetah/Tests/SyntaxAndOutput.py
./usr/lib/python2.7/site-packages/Cheetah/Tests/Template.py
./usr/lib/python2.7/site-packages/Cheetah/Tests/Test.py
./usr/lib/python2.7/site-packages/Cheetah/Tests/Unicode.py
./usr/lib/python2.7/site-packages/Cheetah/Tests/xmlrunner.py
./usr/lib/python2.7/site-packages/Cheetah/Tools
./usr/lib/python2.7/site-packages/Cheetah/Tools/CGITemplate.py
./usr/lib/python2.7/site-packages/Cheetah/Tools/__init__.py
./usr/lib/python2.7/site-packages/Cheetah/Tools/MondoReportDoc.txt
./usr/lib/python2.7/site-packages/Cheetah/Tools/MondoReport.py
./usr/lib/python2.7/site-packages/Cheetah/Tools/RecursiveNull.py
./usr/lib/python2.7/site-packages/Cheetah/Tools/SiteHierarchy.py
./usr/lib/python2.7/site-packages/Cheetah/Unspecified.py
./usr/lib/python2.7/site-packages/Cheetah/Utils
./usr/lib/python2.7/site-packages/Cheetah/Utils/htmlDecode.py
./usr/lib/python2.7/site-packages/Cheetah/Utils/htmlEncode.py
./usr/lib/python2.7/site-packages/Cheetah/Utils/Indenter.py
./usr/lib/python2.7/site-packages/Cheetah/Utils/__init__.py
./usr/lib/python2.7/site-packages/Cheetah/Utils/Misc.py
./usr/lib/python2.7/site-packages/Cheetah/Utils/statprof.py
./usr/lib/python2.7/site-packages/Cheetah/Utils/WebInputMixin.py
./usr/lib/python2.7/site-packages/Cheetah/Version.py
