./etc/cups/cupsd.conf
./etc/cups/cups-files.conf
./etc/cups/ppd
./etc/cups/snmp.conf
./etc/cups/ssl
./etc/init.d/S42cups
./usr/bin/cancel
./usr/bin/cupstestdsc
./usr/bin/cupstestppd
./usr/bin/lp
./usr/bin/lpoptions
./usr/bin/lprm
./usr/bin/lpstat
./usr/bin/ppdc
./usr/bin/ppdhtml
./usr/bin/ppdi
./usr/bin/ppdmerge
./usr/bin/ppdpo
./usr/lib/cups/backend/dnssd
./usr/lib/cups/backend/http
./usr/lib/cups/backend/ipp
./usr/lib/cups/backend/lpd
./usr/lib/cups/backend/snmp
./usr/lib/cups/backend/socket
./usr/lib/cups/backend/usb
./usr/lib/cups/cgi-bin/admin.cgi
./usr/lib/cups/cgi-bin/classes.cgi
./usr/lib/cups/cgi-bin/help.cgi
./usr/lib/cups/cgi-bin/jobs.cgi
./usr/lib/cups/cgi-bin/printers.cgi
./usr/lib/cups/daemon/cups-deviced
./usr/lib/cups/daemon/cups-driverd
./usr/lib/cups/daemon/cups-lpd
./usr/lib/cups/driver
./usr/lib/cups/filter/commandtops
./usr/lib/cups/filter/gziptoany
./usr/lib/cups/filter/pstops
./usr/lib/cups/filter/rastertodymo
./usr/lib/cups/filter/rastertoepson
./usr/lib/cups/filter/rastertohp
./usr/lib/cups/filter/rastertolabel
./usr/lib/cups/filter/rastertopwg
./usr/lib/cups/monitor/bcp
./usr/lib/cups/monitor/tbcp
./usr/lib/cups/notifier/mailto
./usr/lib/cups/notifier/rss
./usr/lib/libcupscgi.so
./usr/lib/libcupscgi.so.1
./usr/lib/libcupsimage.so
./usr/lib/libcupsimage.so.2
./usr/lib/libcupsmime.so
./usr/lib/libcupsmime.so.1
./usr/lib/libcupsppdc.so
./usr/lib/libcupsppdc.so.1
./usr/lib/libcups.so
./usr/lib/libcups.so.2
./usr/sbin/accept
./usr/sbin/cupsaccept
./usr/sbin/cupsaddsmb
./usr/sbin/cupsctl
./usr/sbin/cupsd
./usr/sbin/cupsdisable
./usr/sbin/cupsenable
./usr/sbin/cupsfilter
./usr/sbin/cupsreject
./usr/sbin/lpadmin
./usr/sbin/lpc
./usr/sbin/lpinfo
./usr/sbin/lpmove
./usr/sbin/reject
./usr/share/cups/banners
./usr/share/cups/data
./usr/share/cups/drv/sample.drv
./usr/share/cups/examples/color.drv
./usr/share/cups/examples/constraint.drv
./usr/share/cups/examples/custom.drv
./usr/share/cups/examples/grouping.drv
./usr/share/cups/examples/laserjet-basic.drv
./usr/share/cups/examples/laserjet-pjl.drv
./usr/share/cups/examples/minimum.drv
./usr/share/cups/examples/postscript.drv
./usr/share/cups/examples/r300-basic.drv
./usr/share/cups/examples/r300-colorman.drv
./usr/share/cups/examples/r300-remote.drv
./usr/share/cups/mime/mime.convs
./usr/share/cups/mime/mime.types
./usr/share/cups/ppdc/epson.h
./usr/share/cups/ppdc/font.defs
./usr/share/cups/ppdc/hp.h
./usr/share/cups/ppdc/label.h
./usr/share/cups/ppdc/media.defs
./usr/share/cups/ppdc/raster.defs
./usr/share/cups/profiles
./usr/share/cups/templates/add-class.tmpl
./usr/share/cups/templates/add-printer.tmpl
./usr/share/cups/templates/add-rss-subscription.tmpl
./usr/share/cups/templates/admin.tmpl
./usr/share/cups/templates/choose-device.tmpl
./usr/share/cups/templates/choose-make.tmpl
./usr/share/cups/templates/choose-model.tmpl
./usr/share/cups/templates/choose-serial.tmpl
./usr/share/cups/templates/choose-uri.tmpl
./usr/share/cups/templates/class-added.tmpl
./usr/share/cups/templates/class-confirm.tmpl
./usr/share/cups/templates/class-deleted.tmpl
./usr/share/cups/templates/classes-header.tmpl
./usr/share/cups/templates/classes.tmpl
./usr/share/cups/templates/class-jobs-header.tmpl
./usr/share/cups/templates/class-modified.tmpl
./usr/share/cups/templates/class.tmpl
./usr/share/cups/templates/command.tmpl
./usr/share/cups/templates/edit-config.tmpl
./usr/share/cups/templates/error-op.tmpl
./usr/share/cups/templates/error.tmpl
./usr/share/cups/templates/header.tmpl
./usr/share/cups/templates/help-header.tmpl
./usr/share/cups/templates/help-printable.tmpl
./usr/share/cups/templates/help-trailer.tmpl
./usr/share/cups/templates/job-cancel.tmpl
./usr/share/cups/templates/job-hold.tmpl
./usr/share/cups/templates/job-moved.tmpl
./usr/share/cups/templates/job-move.tmpl
./usr/share/cups/templates/job-release.tmpl
./usr/share/cups/templates/job-restart.tmpl
./usr/share/cups/templates/jobs-header.tmpl
./usr/share/cups/templates/jobs.tmpl
./usr/share/cups/templates/list-available-printers.tmpl
./usr/share/cups/templates/modify-class.tmpl
./usr/share/cups/templates/modify-printer.tmpl
./usr/share/cups/templates/norestart.tmpl
./usr/share/cups/templates/option-boolean.tmpl
./usr/share/cups/templates/option-conflict.tmpl
./usr/share/cups/templates/option-header.tmpl
./usr/share/cups/templates/option-pickmany.tmpl
./usr/share/cups/templates/option-pickone.tmpl
./usr/share/cups/templates/option-trailer.tmpl
./usr/share/cups/templates/pager.tmpl
./usr/share/cups/templates/printer-accept.tmpl
./usr/share/cups/templates/printer-added.tmpl
./usr/share/cups/templates/printer-configured.tmpl
./usr/share/cups/templates/printer-confirm.tmpl
./usr/share/cups/templates/printer-default.tmpl
./usr/share/cups/templates/printer-deleted.tmpl
./usr/share/cups/templates/printer-jobs-header.tmpl
./usr/share/cups/templates/printer-modified.tmpl
./usr/share/cups/templates/printer-reject.tmpl
./usr/share/cups/templates/printers-header.tmpl
./usr/share/cups/templates/printer-start.tmpl
./usr/share/cups/templates/printers.tmpl
./usr/share/cups/templates/printer-stop.tmpl
./usr/share/cups/templates/printer.tmpl
./usr/share/cups/templates/restart.tmpl
./usr/share/cups/templates/samba-exported.tmpl
./usr/share/cups/templates/samba-export.tmpl
./usr/share/cups/templates/search.tmpl
./usr/share/cups/templates/set-printer-options-header.tmpl
./usr/share/cups/templates/set-printer-options-trailer.tmpl
./usr/share/cups/templates/subscription-added.tmpl
./usr/share/cups/templates/subscription-canceled.tmpl
./usr/share/cups/templates/test-page.tmpl
./usr/share/cups/templates/trailer.tmpl
./usr/share/cups/templates/users.tmpl
./usr/share/icons/hicolor/128x128
./usr/share/icons/hicolor/128x128/apps
./usr/share/icons/hicolor/128x128/apps/cups.png
./usr/share/icons/hicolor/16x16
./usr/share/icons/hicolor/16x16/apps
./usr/share/icons/hicolor/16x16/apps/cups.png
./usr/share/icons/hicolor/32x32
./usr/share/icons/hicolor/32x32/apps
./usr/share/icons/hicolor/32x32/apps/cups.png
./usr/share/icons/hicolor/64x64
./usr/share/icons/hicolor/64x64/apps
./usr/share/icons/hicolor/64x64/apps/cups.png
#./usr/www/cgi-bin/cups.cgi
