./etc/cups/cupsd.conf
./etc/cups/interfaces
./etc/cups/ppd
./etc/cups/snmp.conf
./etc/cups/ssl
./etc/init.d/S42cups
./usr/bin/cancel
./usr/bin/cups-config
./usr/bin/cupstestdsc
./usr/bin/cupstestppd
./usr/bin/lp
./usr/bin/lpoptions
./usr/bin/lppasswd
./usr/bin/lprm
./usr/bin/lpstat
./usr/bin/ppdc
./usr/bin/ppdhtml
./usr/bin/ppdi
./usr/bin/ppdmerge
./usr/bin/ppdpo
./usr/lib/cups/backend/http
./usr/lib/cups/backend/ipp
./usr/lib/cups/backend/lpd
./usr/lib/cups/backend/parallel
./usr/lib/cups/backend/scsi
./usr/lib/cups/backend/serial
./usr/lib/cups/backend/snmp
./usr/lib/cups/backend/socket
./usr/lib/cups/backend/usb
./usr/lib/cups/cgi-bin/admin.cgi
./usr/lib/cups/cgi-bin/classes.cgi
./usr/lib/cups/cgi-bin/help.cgi
./usr/lib/cups/cgi-bin/jobs.cgi
./usr/lib/cups/cgi-bin/printers.cgi
./usr/lib/cups/daemon/cups-deviced
./usr/lib/cups/daemon/cups-driverd
./usr/lib/cups/daemon/cups-lpd
./usr/lib/cups/daemon/cups-polld
./usr/lib/cups/driver
./usr/lib/cups/filter/bannertops
./usr/lib/cups/filter/commandtoescpx
./usr/lib/cups/filter/commandtopclx
./usr/lib/cups/filter/commandtops
./usr/lib/cups/filter/gziptoany
./usr/lib/cups/filter/hpgltops
./usr/lib/cups/filter/imagetops
./usr/lib/cups/filter/imagetoraster
./usr/lib/cups/filter/pdftops
./usr/lib/cups/filter/pstops
./usr/lib/cups/filter/rastertodymo
./usr/lib/cups/filter/rastertoepson
./usr/lib/cups/filter/rastertoescpx
./usr/lib/cups/filter/rastertohp
./usr/lib/cups/filter/rastertolabel
./usr/lib/cups/filter/rastertopclx
./usr/lib/cups/filter/texttops
./usr/lib/cups/monitor/bcp
./usr/lib/cups/monitor/tbcp
./usr/lib/cups/notifier/mailto
./usr/lib/cups/notifier/rss
./usr/lib/libcupscgi.so
./usr/lib/libcupscgi.so.1
./usr/lib/libcupsdriver.so
./usr/lib/libcupsdriver.so.1
./usr/lib/libcupsimage.so
./usr/lib/libcupsimage.so.2
./usr/lib/libcupsmime.so
./usr/lib/libcupsmime.so.1
./usr/lib/libcupsppdc.so
./usr/lib/libcupsppdc.so.1
./usr/lib/libcups.so
./usr/lib/libcups.so.2
./usr/sbin/accept
./usr/sbin/cupsaccept
./usr/sbin/cupsaddsmb
./usr/sbin/cupsctl
./usr/sbin/cupsd
./usr/sbin/cupsdisable
./usr/sbin/cupsenable
./usr/sbin/cupsfilter
./usr/sbin/cupsreject
./usr/sbin/lpadmin
./usr/sbin/lpc
./usr/sbin/lpinfo
./usr/sbin/lpmove
./usr/sbin/reject
./usr/share/cups/banners/classified
./usr/share/cups/banners/confidential
./usr/share/cups/banners/secret
./usr/share/cups/banners/standard
./usr/share/cups/banners/topsecret
./usr/share/cups/banners/unclassified
./usr/share/cups/charmaps/euc-cn.txt
./usr/share/cups/charmaps/euc-jp.txt
./usr/share/cups/charmaps/euc-kr.txt
./usr/share/cups/charmaps/euc-tw.txt
./usr/share/cups/charmaps/iso-8859-10.txt
./usr/share/cups/charmaps/iso-8859-11.txt
./usr/share/cups/charmaps/iso-8859-13.txt
./usr/share/cups/charmaps/iso-8859-14.txt
./usr/share/cups/charmaps/iso-8859-15.txt
./usr/share/cups/charmaps/iso-8859-16.txt
./usr/share/cups/charmaps/iso-8859-1.txt
./usr/share/cups/charmaps/iso-8859-2.txt
./usr/share/cups/charmaps/iso-8859-3.txt
./usr/share/cups/charmaps/iso-8859-4.txt
./usr/share/cups/charmaps/iso-8859-5.txt
./usr/share/cups/charmaps/iso-8859-6.txt
./usr/share/cups/charmaps/iso-8859-7.txt
./usr/share/cups/charmaps/iso-8859-8.txt
./usr/share/cups/charmaps/iso-8859-9.txt
./usr/share/cups/charmaps/jis-x0213.txt
./usr/share/cups/charmaps/koi8-r.txt
./usr/share/cups/charmaps/koi8-u.txt
./usr/share/cups/charmaps/mac-roman.txt
./usr/share/cups/charmaps/us-ascii.txt
./usr/share/cups/charmaps/windows-1250.txt
./usr/share/cups/charmaps/windows-1251.txt
./usr/share/cups/charmaps/windows-1252.txt
./usr/share/cups/charmaps/windows-1253.txt
./usr/share/cups/charmaps/windows-1254.txt
./usr/share/cups/charmaps/windows-1255.txt
./usr/share/cups/charmaps/windows-1256.txt
./usr/share/cups/charmaps/windows-1257.txt
./usr/share/cups/charmaps/windows-1258.txt
./usr/share/cups/charmaps/windows-1361.txt
./usr/share/cups/charmaps/windows-874.txt
./usr/share/cups/charmaps/windows-932.txt
./usr/share/cups/charmaps/windows-936.txt
./usr/share/cups/charmaps/windows-949.txt
./usr/share/cups/charmaps/windows-950.txt
./usr/share/cups/charsets/utf-8
./usr/share/cups/data/HPGLprolog
./usr/share/cups/data/psglyphs
./usr/share/cups/data/testprint
./usr/share/cups/doc/cups.css
./usr/share/cups/doc/cups-printable.css
./usr/share/cups/doc/help/accounting.html
./usr/share/cups/doc/help/api-array.html
./usr/share/cups/doc/help/api-cgi.html
./usr/share/cups/doc/help/api-cups.html
./usr/share/cups/doc/help/api-driver.html
./usr/share/cups/doc/help/api-filedir.html
./usr/share/cups/doc/help/api-filter.html
./usr/share/cups/doc/help/api-httpipp.html
./usr/share/cups/doc/help/api-mime.html
./usr/share/cups/doc/help/api-overview.html
./usr/share/cups/doc/help/api-ppdc.html
./usr/share/cups/doc/help/api-ppd.html
./usr/share/cups/doc/help/api-raster.html
./usr/share/cups/doc/help/cgi.html
./usr/share/cups/doc/help/glossary.html
./usr/share/cups/doc/help/kerberos.html
./usr/share/cups/doc/help/license.html
./usr/share/cups/doc/help/man-backend.html
./usr/share/cups/doc/help/man-cancel.html
./usr/share/cups/doc/help/man-cupsaccept.html
./usr/share/cups/doc/help/man-cupsaddsmb.html
./usr/share/cups/doc/help/man-cups-config.html
./usr/share/cups/doc/help/man-cupsd.html
./usr/share/cups/doc/help/man-cupsenable.html
./usr/share/cups/doc/help/man-cups-lpd.html
./usr/share/cups/doc/help/man-cups-polld.html
./usr/share/cups/doc/help/man-cupstestdsc.html
./usr/share/cups/doc/help/man-cupstestppd.html
./usr/share/cups/doc/help/man-filter.html
./usr/share/cups/doc/help/man-lpadmin.html
./usr/share/cups/doc/help/man-lpc.html
./usr/share/cups/doc/help/man-lp.html
./usr/share/cups/doc/help/man-lpinfo.html
./usr/share/cups/doc/help/man-lpmove.html
./usr/share/cups/doc/help/man-lpoptions.html
./usr/share/cups/doc/help/man-lppasswd.html
./usr/share/cups/doc/help/man-lpq.html
./usr/share/cups/doc/help/man-lpr.html
./usr/share/cups/doc/help/man-lprm.html
./usr/share/cups/doc/help/man-lpstat.html
./usr/share/cups/doc/help/man-mime.convs.html
./usr/share/cups/doc/help/man-mime.types.html
./usr/share/cups/doc/help/man-notifier.html
./usr/share/cups/doc/help/man-ppdc.html
./usr/share/cups/doc/help/man-ppdhtml.html
./usr/share/cups/doc/help/man-ppdi.html
./usr/share/cups/doc/help/man-ppdmerge.html
./usr/share/cups/doc/help/man-ppdpo.html
./usr/share/cups/doc/help/network.html
./usr/share/cups/doc/help/options.html
./usr/share/cups/doc/help/overview.html
./usr/share/cups/doc/help/policies.html
./usr/share/cups/doc/help/postscript-driver.html
./usr/share/cups/doc/help/ppd-compiler.html
./usr/share/cups/doc/help/raster-driver.html
./usr/share/cups/doc/help/ref-access_log.html
./usr/share/cups/doc/help/ref-classes-conf.html
./usr/share/cups/doc/help/ref-client-conf.html
./usr/share/cups/doc/help/ref-cupsd-conf.html
./usr/share/cups/doc/help/ref-error_log.html
./usr/share/cups/doc/help/ref-mailto-conf.html
./usr/share/cups/doc/help/ref-page_log.html
./usr/share/cups/doc/help/ref-ppdcfile.html
./usr/share/cups/doc/help/ref-printers-conf.html
./usr/share/cups/doc/help/ref-snmp-conf.html
./usr/share/cups/doc/help/ref-subscriptions-conf.html
./usr/share/cups/doc/help/security.html
./usr/share/cups/doc/help/sharing.html
./usr/share/cups/doc/help/spec-banner.html
./usr/share/cups/doc/help/spec-browsing.html
./usr/share/cups/doc/help/spec-cmp.html
./usr/share/cups/doc/help/spec-command.html
./usr/share/cups/doc/help/spec-design.html
./usr/share/cups/doc/help/spec-ipp.html
./usr/share/cups/doc/help/spec-pdf.html
./usr/share/cups/doc/help/spec-postscript.html
./usr/share/cups/doc/help/spec-ppd.html
./usr/share/cups/doc/help/spec-raster.html
./usr/share/cups/doc/help/spec-stp.html
./usr/share/cups/doc/help/standard.html
./usr/share/cups/doc/help/translation.html
./usr/share/cups/doc/help/whatsnew.html
./usr/share/cups/doc/images/color-wheel.png
./usr/share/cups/doc/images/cups-block-diagram.png
./usr/share/cups/doc/images/cups-command-chain.png
./usr/share/cups/doc/images/cups-icon.png
./usr/share/cups/doc/images/cups.png
./usr/share/cups/doc/images/cups-postscript-chain.png
./usr/share/cups/doc/images/cups-raster-chain.png
./usr/share/cups/doc/images/generic.png
./usr/share/cups/doc/images/left.gif
./usr/share/cups/doc/images/raster-organization.png
./usr/share/cups/doc/images/raster.png
./usr/share/cups/doc/images/right.gif
./usr/share/cups/doc/images/sample-image.png
./usr/share/cups/doc/images/sel.gif
./usr/share/cups/doc/images/smiley.jpg
./usr/share/cups/doc/images/unsel.gif
./usr/share/cups/doc/images/wait.gif
./usr/share/cups/doc/index.html
./usr/share/cups/doc/robots.txt
./usr/share/cups/drv/sample.drv
./usr/share/cups/examples/color.drv
./usr/share/cups/examples/constraint.drv
./usr/share/cups/examples/custom.drv
./usr/share/cups/examples/grouping.drv
./usr/share/cups/examples/laserjet-basic.drv
./usr/share/cups/examples/laserjet-pjl.drv
./usr/share/cups/examples/minimum.drv
./usr/share/cups/examples/postscript.drv
./usr/share/cups/examples/r300-basic.drv
./usr/share/cups/examples/r300-colorman.drv
./usr/share/cups/examples/r300-remote.drv
./usr/share/cups/fonts/Monospace
./usr/share/cups/fonts/Monospace-Bold
./usr/share/cups/fonts/Monospace-BoldOblique
./usr/share/cups/fonts/Monospace-Oblique
./usr/share/cups/mime/mime.convs
./usr/share/cups/mime/mime.types
./usr/share/cups/ppdc/epson.h
./usr/share/cups/ppdc/escp.h
./usr/share/cups/ppdc/font.defs
./usr/share/cups/ppdc/hp.h
./usr/share/cups/ppdc/label.h
./usr/share/cups/ppdc/media.defs
./usr/share/cups/ppdc/pcl.h
./usr/share/cups/ppdc/raster.defs
./usr/share/cups/profiles
./usr/share/cups/templates/add-class.tmpl
./usr/share/cups/templates/add-printer.tmpl
./usr/share/cups/templates/add-rss-subscription.tmpl
./usr/share/cups/templates/admin.tmpl
./usr/share/cups/templates/choose-device.tmpl
./usr/share/cups/templates/choose-make.tmpl
./usr/share/cups/templates/choose-model.tmpl
./usr/share/cups/templates/choose-serial.tmpl
./usr/share/cups/templates/choose-uri.tmpl
./usr/share/cups/templates/class-added.tmpl
./usr/share/cups/templates/class-confirm.tmpl
./usr/share/cups/templates/class-deleted.tmpl
./usr/share/cups/templates/classes-header.tmpl
./usr/share/cups/templates/classes.tmpl
./usr/share/cups/templates/class-jobs-header.tmpl
./usr/share/cups/templates/class-modified.tmpl
./usr/share/cups/templates/class.tmpl
./usr/share/cups/templates/command.tmpl
./usr/share/cups/templates/edit-config.tmpl
./usr/share/cups/templates/error-op.tmpl
./usr/share/cups/templates/error.tmpl
./usr/share/cups/templates/header.tmpl
./usr/share/cups/templates/help-header.tmpl
./usr/share/cups/templates/help-printable.tmpl
./usr/share/cups/templates/help-trailer.tmpl
./usr/share/cups/templates/job-cancel.tmpl
./usr/share/cups/templates/job-hold.tmpl
./usr/share/cups/templates/job-moved.tmpl
./usr/share/cups/templates/job-move.tmpl
./usr/share/cups/templates/job-release.tmpl
./usr/share/cups/templates/job-restart.tmpl
./usr/share/cups/templates/jobs-header.tmpl
./usr/share/cups/templates/jobs.tmpl
./usr/share/cups/templates/list-available-printers.tmpl
./usr/share/cups/templates/modify-class.tmpl
./usr/share/cups/templates/modify-printer.tmpl
./usr/share/cups/templates/norestart.tmpl
./usr/share/cups/templates/option-boolean.tmpl
./usr/share/cups/templates/option-conflict.tmpl
./usr/share/cups/templates/option-header.tmpl
./usr/share/cups/templates/option-pickmany.tmpl
./usr/share/cups/templates/option-pickone.tmpl
./usr/share/cups/templates/option-trailer.tmpl
./usr/share/cups/templates/pager.tmpl
./usr/share/cups/templates/printer-accept.tmpl
./usr/share/cups/templates/printer-added.tmpl
./usr/share/cups/templates/printer-configured.tmpl
./usr/share/cups/templates/printer-confirm.tmpl
./usr/share/cups/templates/printer-default.tmpl
./usr/share/cups/templates/printer-deleted.tmpl
./usr/share/cups/templates/printer-jobs-header.tmpl
./usr/share/cups/templates/printer-modified.tmpl
./usr/share/cups/templates/printer-purge.tmpl
./usr/share/cups/templates/printer-reject.tmpl
./usr/share/cups/templates/printers-header.tmpl
./usr/share/cups/templates/printer-start.tmpl
./usr/share/cups/templates/printers.tmpl
./usr/share/cups/templates/printer-stop.tmpl
./usr/share/cups/templates/printer.tmpl
./usr/share/cups/templates/restart.tmpl
./usr/share/cups/templates/samba-exported.tmpl
./usr/share/cups/templates/samba-export.tmpl
./usr/share/cups/templates/search.tmpl
./usr/share/cups/templates/set-printer-options-header.tmpl
./usr/share/cups/templates/set-printer-options-trailer.tmpl
./usr/share/cups/templates/subscription-added.tmpl
./usr/share/cups/templates/subscription-canceled.tmpl
./usr/share/cups/templates/test-page.tmpl
./usr/share/cups/templates/trailer.tmpl
./usr/share/cups/templates/users.tmpl
./usr/share/icons/hicolor/128x128
./usr/share/icons/hicolor/128x128/apps
./usr/share/icons/hicolor/128x128/apps/cups.png
./usr/share/icons/hicolor/16x16
./usr/share/icons/hicolor/16x16/apps
./usr/share/icons/hicolor/16x16/apps/cups.png
./usr/share/icons/hicolor/32x32
./usr/share/icons/hicolor/32x32/apps
./usr/share/icons/hicolor/32x32/apps/cups.png
./usr/share/icons/hicolor/64x64
./usr/share/icons/hicolor/64x64/apps
./usr/share/icons/hicolor/64x64/apps/cups.png
./usr/www/cgi-bin/cups.cgi
