./usr/bin/duplicity
./usr/bin/rdiffdir
./usr/lib/python2.7/site-packages/duplicity
./usr/lib/python2.7/site-packages/duplicity-0.6.25-py2.7.egg-info
./usr/lib/python2.7/site-packages/duplicity-0.6.25-py2.7.egg-info/dependency_links.txt
./usr/lib/python2.7/site-packages/duplicity-0.6.25-py2.7.egg-info/PKG-INFO
./usr/lib/python2.7/site-packages/duplicity-0.6.25-py2.7.egg-info/SOURCES.txt
./usr/lib/python2.7/site-packages/duplicity-0.6.25-py2.7.egg-info/top_level.txt
./usr/lib/python2.7/site-packages/duplicity/asyncscheduler.py
./usr/lib/python2.7/site-packages/duplicity/backend.py
./usr/lib/python2.7/site-packages/duplicity/backends
./usr/lib/python2.7/site-packages/duplicity/backends/botobackend.py
./usr/lib/python2.7/site-packages/duplicity/backends/_boto_multi.py
./usr/lib/python2.7/site-packages/duplicity/backends/_boto_single.py
./usr/lib/python2.7/site-packages/duplicity/backends/cfbackend.py
./usr/lib/python2.7/site-packages/duplicity/backends/_cf_cloudfiles.py
./usr/lib/python2.7/site-packages/duplicity/backends/_cf_pyrax.py
./usr/lib/python2.7/site-packages/duplicity/backends/dpbxbackend.py
./usr/lib/python2.7/site-packages/duplicity/backends/ftpbackend.py
./usr/lib/python2.7/site-packages/duplicity/backends/ftpsbackend.py
./usr/lib/python2.7/site-packages/duplicity/backends/gdocsbackend.py
./usr/lib/python2.7/site-packages/duplicity/backends/giobackend.py
./usr/lib/python2.7/site-packages/duplicity/backends/hsibackend.py
./usr/lib/python2.7/site-packages/duplicity/backends/imapbackend.py
./usr/lib/python2.7/site-packages/duplicity/backends/__init__.py
./usr/lib/python2.7/site-packages/duplicity/backends/localbackend.py
./usr/lib/python2.7/site-packages/duplicity/backends/megabackend.py
./usr/lib/python2.7/site-packages/duplicity/backends/~par2wrapperbackend.py
./usr/lib/python2.7/site-packages/duplicity/backends/rsyncbackend.py
./usr/lib/python2.7/site-packages/duplicity/backends/sshbackend.py
./usr/lib/python2.7/site-packages/duplicity/backends/_ssh_paramiko.py
./usr/lib/python2.7/site-packages/duplicity/backends/_ssh_pexpect.py
./usr/lib/python2.7/site-packages/duplicity/backends/swiftbackend.py
./usr/lib/python2.7/site-packages/duplicity/backends/tahoebackend.py
./usr/lib/python2.7/site-packages/duplicity/backends/webdavbackend.py
./usr/lib/python2.7/site-packages/duplicity/cached_ops.py
./usr/lib/python2.7/site-packages/duplicity/collections.py
./usr/lib/python2.7/site-packages/duplicity/commandline.py
./usr/lib/python2.7/site-packages/duplicity/compilec.py
./usr/lib/python2.7/site-packages/duplicity/diffdir.py
./usr/lib/python2.7/site-packages/duplicity/dup_temp.py
./usr/lib/python2.7/site-packages/duplicity/dup_threading.py
./usr/lib/python2.7/site-packages/duplicity/dup_time.py
./usr/lib/python2.7/site-packages/duplicity/errors.py
./usr/lib/python2.7/site-packages/duplicity/filechunkio.py
./usr/lib/python2.7/site-packages/duplicity/file_naming.py
./usr/lib/python2.7/site-packages/duplicity/globals.py
./usr/lib/python2.7/site-packages/duplicity/gpginterface.py
./usr/lib/python2.7/site-packages/duplicity/gpg.py
./usr/lib/python2.7/site-packages/duplicity/__init__.py
./usr/lib/python2.7/site-packages/duplicity/lazy.py
./usr/lib/python2.7/site-packages/duplicity/librsync.py
./usr/lib/python2.7/site-packages/duplicity/_librsync.so
./usr/lib/python2.7/site-packages/duplicity/log.py
./usr/lib/python2.7/site-packages/duplicity/manifest.py
./usr/lib/python2.7/site-packages/duplicity/patchdir.py
./usr/lib/python2.7/site-packages/duplicity/path.py
./usr/lib/python2.7/site-packages/duplicity/pexpect.py
./usr/lib/python2.7/site-packages/duplicity/progress.py
./usr/lib/python2.7/site-packages/duplicity/robust.py
./usr/lib/python2.7/site-packages/duplicity/selection.py
./usr/lib/python2.7/site-packages/duplicity/static.py
./usr/lib/python2.7/site-packages/duplicity/statistics.py
./usr/lib/python2.7/site-packages/duplicity/tarfile.py
./usr/lib/python2.7/site-packages/duplicity/tempdir.py
./usr/lib/python2.7/site-packages/duplicity/urlparse_2_5.py
./usr/lib/python2.7/site-packages/duplicity/util.py
