./etc/forked-daapd.conf
./etc/init.d/S80forked_daapd
./usr/lib/forked-daapd/forked-daapd-sqlext.so
./usr/sbin/forked-daapd
./usr/share/forked-daapd/htdocs/admin.html
./usr/share/forked-daapd/htdocs/css
./usr/share/forked-daapd/htdocs/css/bulma.min.css
./usr/share/forked-daapd/htdocs/css/font-awesome.min.css
./usr/share/forked-daapd/htdocs/css/forked-daapd.css
./usr/share/forked-daapd/htdocs/fonts
./usr/share/forked-daapd/htdocs/fonts/FontAwesome.otf
./usr/share/forked-daapd/htdocs/fonts/fontawesome-webfont.eot
./usr/share/forked-daapd/htdocs/fonts/fontawesome-webfont.svg
./usr/share/forked-daapd/htdocs/fonts/fontawesome-webfont.ttf
./usr/share/forked-daapd/htdocs/fonts/fontawesome-webfont.woff
./usr/share/forked-daapd/htdocs/fonts/fontawesome-webfont.woff2
./usr/share/forked-daapd/htdocs/js
./usr/share/forked-daapd/htdocs/js/axios.js
./usr/share/forked-daapd/htdocs/js/axios.map
./usr/share/forked-daapd/htdocs/js/axios.min.js
./usr/share/forked-daapd/htdocs/js/axios.min.map
./usr/share/forked-daapd/htdocs/js/forked-daapd.js
./usr/share/forked-daapd/htdocs/js/vue.js
./usr/share/forked-daapd/htdocs/js/vue.min.js
./usr/www/cgi-bin/forked_daapd.cgi
./usr/www/cgi-bin/forked_daapd_proc.cgi
