./usr/share/fonts
./usr/share/fonts/gs
./usr/share/fonts/gs/a010013l.afm
./usr/share/fonts/gs/a010013l.pfb
./usr/share/fonts/gs/a010015l.afm
./usr/share/fonts/gs/a010015l.pfb
./usr/share/fonts/gs/a010033l.afm
./usr/share/fonts/gs/a010033l.pfb
./usr/share/fonts/gs/a010035l.afm
./usr/share/fonts/gs/a010035l.pfb
./usr/share/fonts/gs/b018012l.afm
./usr/share/fonts/gs/b018012l.pfb
./usr/share/fonts/gs/b018015l.afm
./usr/share/fonts/gs/b018015l.pfb
./usr/share/fonts/gs/b018032l.afm
./usr/share/fonts/gs/b018032l.pfb
./usr/share/fonts/gs/b018035l.afm
./usr/share/fonts/gs/b018035l.pfb
./usr/share/fonts/gs/c059013l.afm
./usr/share/fonts/gs/c059013l.pfb
./usr/share/fonts/gs/c059016l.afm
./usr/share/fonts/gs/c059016l.pfb
./usr/share/fonts/gs/c059033l.afm
./usr/share/fonts/gs/c059033l.pfb
./usr/share/fonts/gs/c059036l.afm
./usr/share/fonts/gs/c059036l.pfb
./usr/share/fonts/gs/d050000l.afm
./usr/share/fonts/gs/d050000l.pfb
./usr/share/fonts/gs/n019003l.afm
./usr/share/fonts/gs/n019003l.pfb
./usr/share/fonts/gs/n019004l.afm
./usr/share/fonts/gs/n019004l.pfb
./usr/share/fonts/gs/n019023l.afm
./usr/share/fonts/gs/n019023l.pfb
./usr/share/fonts/gs/n019024l.afm
./usr/share/fonts/gs/n019024l.pfb
./usr/share/fonts/gs/n019043l.afm
./usr/share/fonts/gs/n019043l.pfb
./usr/share/fonts/gs/n019044l.afm
./usr/share/fonts/gs/n019044l.pfb
./usr/share/fonts/gs/n019063l.afm
./usr/share/fonts/gs/n019063l.pfb
./usr/share/fonts/gs/n019064l.afm
./usr/share/fonts/gs/n019064l.pfb
./usr/share/fonts/gs/n021003l.afm
./usr/share/fonts/gs/n021003l.pfb
./usr/share/fonts/gs/n021004l.afm
./usr/share/fonts/gs/n021004l.pfb
./usr/share/fonts/gs/n021023l.afm
./usr/share/fonts/gs/n021023l.pfb
./usr/share/fonts/gs/n021024l.afm
./usr/share/fonts/gs/n021024l.pfb
./usr/share/fonts/gs/n022003l.afm
./usr/share/fonts/gs/n022003l.pfb
./usr/share/fonts/gs/n022004l.afm
./usr/share/fonts/gs/n022004l.pfb
./usr/share/fonts/gs/n022023l.afm
./usr/share/fonts/gs/n022023l.pfb
./usr/share/fonts/gs/n022024l.afm
./usr/share/fonts/gs/n022024l.pfb
./usr/share/fonts/gs/p052003l.afm
./usr/share/fonts/gs/p052003l.pfb
./usr/share/fonts/gs/p052004l.afm
./usr/share/fonts/gs/p052004l.pfb
./usr/share/fonts/gs/p052023l.afm
./usr/share/fonts/gs/p052023l.pfb
./usr/share/fonts/gs/p052024l.afm
./usr/share/fonts/gs/p052024l.pfb
./usr/share/fonts/gs/s050000l.afm
./usr/share/fonts/gs/s050000l.pfb
./usr/share/fonts/gs/z003034l.afm
./usr/share/fonts/gs/z003034l.pfb
