./usr/bin/derb
./usr/bin/genbrk
./usr/bin/gencfu
./usr/bin/gencnval
./usr/bin/genctd
./usr/bin/genrb
./usr/bin/icu-config
./usr/bin/icuinfo
./usr/bin/makeconv
./usr/bin/pkgdata
./usr/lib/icu
./usr/lib/icu/4.8
./usr/lib/icu/4.8/Makefile.inc
./usr/lib/icu/4.8/pkgdata.inc
./usr/lib/icu/current
./usr/lib/icu/Makefile.inc
./usr/lib/icu/pkgdata.inc
./usr/lib/libicudata.so
./usr/lib/libicudata.so.48
./usr/lib/libicudata.so.48.0
./usr/lib/libicui18n.so
./usr/lib/libicui18n.so.48
./usr/lib/libicui18n.so.48.0
./usr/lib/libicuio.so
./usr/lib/libicuio.so.48
./usr/lib/libicuio.so.48.0
./usr/lib/libicutest.so
./usr/lib/libicutest.so.48
./usr/lib/libicutest.so.48.0
./usr/lib/libicutu.so
./usr/lib/libicutu.so.48
./usr/lib/libicutu.so.48.0
./usr/lib/libicuuc.so
./usr/lib/libicuuc.so.48
./usr/lib/libicuuc.so.48.0
./usr/sbin/genccode
./usr/sbin/gencmn
./usr/sbin/gennorm2
./usr/sbin/gensprep
./usr/sbin/icupkg
./usr/share/icu
./usr/share/icu/4.8
./usr/share/icu/4.8/config
./usr/share/icu/4.8/config/mh-linux
./usr/share/icu/4.8/install-sh
./usr/share/icu/4.8/license.html
./usr/share/icu/4.8/mkinstalldirs
