./etc/racoon
./etc/racoon/samples
./etc/racoon/samples/racoon
./etc/racoon/samples/racoon/psk.txt
./etc/racoon/samples/racoon/psk.txt.in
./etc/racoon/samples/racoon/psk.txt.sample
./etc/racoon/samples/racoon/racoon.conf
./etc/racoon/samples/racoon/racoon.conf.in
./etc/racoon/samples/racoon/racoon.conf.sample
./etc/racoon/samples/racoon/racoon.conf.sample-gssapi
./etc/racoon/samples/racoon/racoon.conf.sample-inherit
./etc/racoon/samples/racoon/racoon.conf.sample-natt
./etc/racoon/samples/racoon/racoon.conf.sample-plainrsa
./etc/racoon/samples/racoon/roadwarrior
./etc/racoon/samples/racoon/roadwarrior/client
./etc/racoon/samples/racoon/roadwarrior/client/phase1-down.sh
./etc/racoon/samples/racoon/roadwarrior/client/phase1-up.sh
./etc/racoon/samples/racoon/roadwarrior/client/racoon.conf
./etc/racoon/samples/racoon/roadwarrior/README
./etc/racoon/samples/racoon/roadwarrior/server
./etc/racoon/samples/racoon/roadwarrior/server/racoon.conf
./etc/racoon/samples/racoon/roadwarrior/server/racoon.conf-radius
./etc/racoon/samples/setkey
./etc/racoon/samples/setkey/sample.cf
./etc/racoon/samples/setkey/sample-policy01.cf
./etc/racoon/samples/setkey/sample-policy02.cf
./usr/sbin/plainrsa-gen
./usr/sbin/racoon
./usr/sbin/racoonctl
./usr/sbin/setkey
./var/racoon
