./usr/lib/modules/4.19.140/kernel/crypto/arc4.ko
./usr/lib/modules/4.19.140/kernel/crypto/authenc.ko
./usr/lib/modules/4.19.140/kernel/crypto/authencesn.ko
./usr/lib/modules/4.19.140/kernel/crypto/cbc.ko
./usr/lib/modules/4.19.140/kernel/crypto/ccm.ko
./usr/lib/modules/4.19.140/kernel/crypto/cmac.ko
./usr/lib/modules/4.19.140/kernel/crypto/ctr.ko
./usr/lib/modules/4.19.140/kernel/crypto/deflate.ko
./usr/lib/modules/4.19.140/kernel/crypto/drbg.ko
./usr/lib/modules/4.19.140/kernel/crypto/echainiv.ko
./usr/lib/modules/4.19.140/kernel/crypto/jitterentropy_rng.ko
./usr/lib/modules/4.19.140/kernel/crypto/md4.ko
./usr/lib/modules/4.19.140/kernel/crypto/md5.ko
./usr/lib/modules/4.19.140/kernel/crypto/pcbc.ko
./usr/lib/modules/4.19.140/kernel/crypto/seqiv.ko
./usr/lib/modules/4.19.140/kernel/crypto/sha1_generic.ko
./usr/lib/modules/4.19.140/kernel/crypto/sha512_generic.ko
./usr/lib/modules/4.19.140/kernel/drivers/base/firmware_loader/firmware_class.ko
./usr/lib/modules/4.19.140/kernel/drivers/hid/usbhid/usbhid.ko
./usr/lib/modules/4.19.140/kernel/drivers/md/dm-bufio.ko
./usr/lib/modules/4.19.140/kernel/drivers/md/dm-crypt.ko
./usr/lib/modules/4.19.140/kernel/drivers/md/dm-log.ko
./usr/lib/modules/4.19.140/kernel/drivers/md/dm-mirror.ko
./usr/lib/modules/4.19.140/kernel/drivers/md/dm-mod.ko
./usr/lib/modules/4.19.140/kernel/drivers/md/dm-region-hash.ko
./usr/lib/modules/4.19.140/kernel/drivers/md/dm-snapshot.ko
./usr/lib/modules/4.19.140/kernel/drivers/misc/eeprom/eeprom_93cx6.ko
./usr/lib/modules/4.19.140/kernel/drivers/net/ppp/bsd_comp.ko
./usr/lib/modules/4.19.140/kernel/drivers/net/ppp/ppp_async.ko
./usr/lib/modules/4.19.140/kernel/drivers/net/ppp/ppp_deflate.ko
./usr/lib/modules/4.19.140/kernel/drivers/net/ppp/ppp_generic.ko
./usr/lib/modules/4.19.140/kernel/drivers/net/ppp/ppp_mppe.ko
./usr/lib/modules/4.19.140/kernel/drivers/net/ppp/ppp_synctty.ko
./usr/lib/modules/4.19.140/kernel/drivers/net/ppp/pppoe.ko
./usr/lib/modules/4.19.140/kernel/drivers/net/ppp/pppox.ko
./usr/lib/modules/4.19.140/kernel/drivers/net/slip/slhc.ko
./usr/lib/modules/4.19.140/kernel/drivers/net/tun.ko
./usr/lib/modules/4.19.140/kernel/drivers/usb/class/cdc-acm.ko
./usr/lib/modules/4.19.140/kernel/drivers/usb/class/cdc-wdm.ko
./usr/lib/modules/4.19.140/kernel/drivers/usb/class/usblp.ko
./usr/lib/modules/4.19.140/kernel/drivers/usb/common/usb-common.ko
./usr/lib/modules/4.19.140/kernel/drivers/usb/core/usbcore.ko
./usr/lib/modules/4.19.140/kernel/drivers/usb/host/ehci-hcd.ko
./usr/lib/modules/4.19.140/kernel/drivers/usb/host/ehci-orion.ko
./usr/lib/modules/4.19.140/kernel/drivers/usb/host/ehci-pci.ko
./usr/lib/modules/4.19.140/kernel/drivers/usb/serial/usbserial.ko
./usr/lib/modules/4.19.140/kernel/drivers/usb/storage/usb-storage.ko
./usr/lib/modules/4.19.140/kernel/fs/btrfs/btrfs.ko
./usr/lib/modules/4.19.140/kernel/fs/cifs/cifs.ko
./usr/lib/modules/4.19.140/kernel/fs/exportfs/exportfs.ko
./usr/lib/modules/4.19.140/kernel/fs/ext4/ext4.ko
./usr/lib/modules/4.19.140/kernel/fs/fuse/fuse.ko
./usr/lib/modules/4.19.140/kernel/fs/hfs/hfs.ko
./usr/lib/modules/4.19.140/kernel/fs/hfsplus/hfsplus.ko
./usr/lib/modules/4.19.140/kernel/fs/isofs/isofs.ko
./usr/lib/modules/4.19.140/kernel/fs/jbd2/jbd2.ko
./usr/lib/modules/4.19.140/kernel/fs/jffs2/jffs2.ko
./usr/lib/modules/4.19.140/kernel/fs/jfs/jfs.ko
./usr/lib/modules/4.19.140/kernel/fs/lockd/lockd.ko
./usr/lib/modules/4.19.140/kernel/fs/mbcache.ko
./usr/lib/modules/4.19.140/kernel/fs/minix/minix.ko
./usr/lib/modules/4.19.140/kernel/fs/nfs/nfs.ko
./usr/lib/modules/4.19.140/kernel/fs/nfs/nfsv2.ko
./usr/lib/modules/4.19.140/kernel/fs/nfs/nfsv3.ko
./usr/lib/modules/4.19.140/kernel/fs/nfs_common/grace.ko
./usr/lib/modules/4.19.140/kernel/fs/nfsd/nfsd.ko
./usr/lib/modules/4.19.140/kernel/fs/quota/quota_tree.ko
./usr/lib/modules/4.19.140/kernel/fs/quota/quota_v2.ko
./usr/lib/modules/4.19.140/kernel/fs/udf/udf.ko
./usr/lib/modules/4.19.140/kernel/fs/xfs/xfs.ko
./usr/lib/modules/4.19.140/kernel/lib/crc-ccitt.ko
./usr/lib/modules/4.19.140/kernel/lib/crc-itu-t.ko
./usr/lib/modules/4.19.140/kernel/lib/crc16.ko
./usr/lib/modules/4.19.140/kernel/lib/lzo/lzo_compress.ko
./usr/lib/modules/4.19.140/kernel/lib/lzo/lzo_decompress.ko
./usr/lib/modules/4.19.140/kernel/lib/xxhash.ko
./usr/lib/modules/4.19.140/kernel/lib/zstd/zstd_compress.ko
./usr/lib/modules/4.19.140/kernel/lib/zstd/zstd_decompress.ko
./usr/lib/modules/4.19.140/kernel/net/8021q/8021q.ko
./usr/lib/modules/4.19.140/kernel/net/dns_resolver/dns_resolver.ko
./usr/lib/modules/4.19.140/kernel/net/ipv4/ah4.ko
./usr/lib/modules/4.19.140/kernel/net/ipv4/esp4.ko
./usr/lib/modules/4.19.140/kernel/net/ipv4/ip_tunnel.ko
./usr/lib/modules/4.19.140/kernel/net/ipv4/ipcomp.ko
./usr/lib/modules/4.19.140/kernel/net/ipv4/tunnel4.ko
./usr/lib/modules/4.19.140/kernel/net/ipv4/xfrm4_mode_beet.ko
./usr/lib/modules/4.19.140/kernel/net/ipv4/xfrm4_mode_transport.ko
./usr/lib/modules/4.19.140/kernel/net/ipv4/xfrm4_mode_tunnel.ko
./usr/lib/modules/4.19.140/kernel/net/ipv4/xfrm4_tunnel.ko
./usr/lib/modules/4.19.140/kernel/net/ipv6/ah6.ko
./usr/lib/modules/4.19.140/kernel/net/ipv6/esp6.ko
./usr/lib/modules/4.19.140/kernel/net/ipv6/ipcomp6.ko
./usr/lib/modules/4.19.140/kernel/net/ipv6/ipv6.ko
./usr/lib/modules/4.19.140/kernel/net/ipv6/netfilter/ip6_tables.ko
./usr/lib/modules/4.19.140/kernel/net/ipv6/netfilter/ip6t_REJECT.ko
./usr/lib/modules/4.19.140/kernel/net/ipv6/netfilter/ip6t_ipv6header.ko
./usr/lib/modules/4.19.140/kernel/net/ipv6/netfilter/ip6table_filter.ko
./usr/lib/modules/4.19.140/kernel/net/ipv6/netfilter/ip6table_mangle.ko
./usr/lib/modules/4.19.140/kernel/net/ipv6/netfilter/nf_log_ipv6.ko
./usr/lib/modules/4.19.140/kernel/net/ipv6/netfilter/nf_reject_ipv6.ko
./usr/lib/modules/4.19.140/kernel/net/ipv6/sit.ko
./usr/lib/modules/4.19.140/kernel/net/ipv6/tunnel6.ko
./usr/lib/modules/4.19.140/kernel/net/ipv6/xfrm6_mode_beet.ko
./usr/lib/modules/4.19.140/kernel/net/ipv6/xfrm6_mode_transport.ko
./usr/lib/modules/4.19.140/kernel/net/ipv6/xfrm6_mode_tunnel.ko
./usr/lib/modules/4.19.140/kernel/net/ipv6/xfrm6_tunnel.ko
./usr/lib/modules/4.19.140/kernel/net/netfilter/nfnetlink_log.ko
./usr/lib/modules/4.19.140/kernel/net/netfilter/xt_TCPMSS.ko
./usr/lib/modules/4.19.140/kernel/net/sunrpc/sunrpc.ko
./usr/lib/modules/4.19.140/kernel/net/xfrm/xfrm_algo.ko
./usr/lib/modules/4.19.140/kernel/net/xfrm/xfrm_ipcomp.ko
./usr/lib/modules/4.19.140/modules.alias
./usr/lib/modules/4.19.140/modules.alias.bin
./usr/lib/modules/4.19.140/modules.builtin
./usr/lib/modules/4.19.140/modules.builtin.alias.bin
./usr/lib/modules/4.19.140/modules.builtin.bin
./usr/lib/modules/4.19.140/modules.dep
./usr/lib/modules/4.19.140/modules.dep.bin
./usr/lib/modules/4.19.140/modules.devname
./usr/lib/modules/4.19.140/modules.order
./usr/lib/modules/4.19.140/modules.softdep
./usr/lib/modules/4.19.140/modules.symbols
./usr/lib/modules/4.19.140/modules.symbols.bin
