./usr/lib/modules/4.19.140/kernel/crypto/ccm.ko
./usr/lib/modules/4.19.140/kernel/crypto/cmac.ko
./usr/lib/modules/4.19.140/kernel/crypto/ctr.ko
./usr/lib/modules/4.19.140/kernel/crypto/md4.ko
./usr/lib/modules/4.19.140/kernel/crypto/pcbc.ko
./usr/lib/modules/4.19.140/kernel/crypto/seqiv.ko
./usr/lib/modules/4.19.140/kernel/crypto/sha512_generic.ko
./usr/lib/modules/4.19.140/kernel/drivers/char/hw_random/omap-rng.ko
./usr/lib/modules/4.19.140/kernel/drivers/char/hw_random/rng-core.ko
./usr/lib/modules/4.19.140/kernel/drivers/md/dm-bufio.ko
./usr/lib/modules/4.19.140/kernel/drivers/md/dm-crypt.ko
./usr/lib/modules/4.19.140/kernel/drivers/md/dm-log.ko
./usr/lib/modules/4.19.140/kernel/drivers/md/dm-mirror.ko
./usr/lib/modules/4.19.140/kernel/drivers/md/dm-mod.ko
./usr/lib/modules/4.19.140/kernel/drivers/md/dm-region-hash.ko
./usr/lib/modules/4.19.140/kernel/drivers/md/dm-snapshot.ko
./usr/lib/modules/4.19.140/kernel/drivers/usb/class/cdc-acm.ko
./usr/lib/modules/4.19.140/kernel/drivers/usb/class/cdc-wdm.ko
./usr/lib/modules/4.19.140/kernel/drivers/usb/class/usblp.ko
./usr/lib/modules/4.19.140/kernel/drivers/usb/serial/cp210x.ko
./usr/lib/modules/4.19.140/kernel/drivers/usb/serial/ftdi_sio.ko
./usr/lib/modules/4.19.140/kernel/drivers/usb/serial/mct_u232.ko
./usr/lib/modules/4.19.140/kernel/drivers/usb/serial/pl2303.ko
./usr/lib/modules/4.19.140/kernel/drivers/usb/serial/usbserial.ko
./usr/lib/modules/4.19.140/kernel/drivers/usb/storage/usb-storage.ko
./usr/lib/modules/4.19.140/kernel/fs/cifs/cifs.ko
./usr/lib/modules/4.19.140/kernel/fs/exportfs/exportfs.ko
./usr/lib/modules/4.19.140/kernel/fs/fuse/fuse.ko
./usr/lib/modules/4.19.140/kernel/fs/hfs/hfs.ko
./usr/lib/modules/4.19.140/kernel/fs/hfsplus/hfsplus.ko
./usr/lib/modules/4.19.140/kernel/fs/isofs/isofs.ko
./usr/lib/modules/4.19.140/kernel/fs/lockd/lockd.ko
./usr/lib/modules/4.19.140/kernel/fs/nfs/nfs.ko
./usr/lib/modules/4.19.140/kernel/fs/nfs/nfsv2.ko
./usr/lib/modules/4.19.140/kernel/fs/nfs/nfsv3.ko
./usr/lib/modules/4.19.140/kernel/fs/nfs_common/grace.ko
./usr/lib/modules/4.19.140/kernel/fs/nfsd/nfsd.ko
./usr/lib/modules/4.19.140/kernel/fs/quota/quota_tree.ko
./usr/lib/modules/4.19.140/kernel/fs/quota/quota_v2.ko
./usr/lib/modules/4.19.140/kernel/fs/udf/udf.ko
./usr/lib/modules/4.19.140/kernel/lib/crc-itu-t.ko
./usr/lib/modules/4.19.140/kernel/net/802/p8022.ko
./usr/lib/modules/4.19.140/kernel/net/802/psnap.ko
./usr/lib/modules/4.19.140/kernel/net/802/stp.ko
./usr/lib/modules/4.19.140/kernel/net/8021q/8021q.ko
./usr/lib/modules/4.19.140/kernel/net/bridge/bridge.ko
./usr/lib/modules/4.19.140/kernel/net/dsa/dsa_core.ko
./usr/lib/modules/4.19.140/kernel/net/ipv4/netfilter/ip_tables.ko
./usr/lib/modules/4.19.140/kernel/net/ipv4/netfilter/ipt_MASQUERADE.ko
./usr/lib/modules/4.19.140/kernel/net/ipv4/netfilter/ipt_REJECT.ko
./usr/lib/modules/4.19.140/kernel/net/ipv4/netfilter/iptable_filter.ko
./usr/lib/modules/4.19.140/kernel/net/ipv4/netfilter/iptable_mangle.ko
./usr/lib/modules/4.19.140/kernel/net/ipv4/netfilter/iptable_nat.ko
./usr/lib/modules/4.19.140/kernel/net/ipv4/netfilter/nf_defrag_ipv4.ko
./usr/lib/modules/4.19.140/kernel/net/ipv4/netfilter/nf_log_arp.ko
./usr/lib/modules/4.19.140/kernel/net/ipv4/netfilter/nf_log_ipv4.ko
./usr/lib/modules/4.19.140/kernel/net/ipv4/netfilter/nf_nat_ipv4.ko
./usr/lib/modules/4.19.140/kernel/net/ipv4/netfilter/nf_reject_ipv4.ko
./usr/lib/modules/4.19.140/kernel/net/ipv6/netfilter/ip6_tables.ko
./usr/lib/modules/4.19.140/kernel/net/ipv6/netfilter/ip6t_REJECT.ko
./usr/lib/modules/4.19.140/kernel/net/ipv6/netfilter/ip6t_ipv6header.ko
./usr/lib/modules/4.19.140/kernel/net/ipv6/netfilter/ip6table_filter.ko
./usr/lib/modules/4.19.140/kernel/net/ipv6/netfilter/ip6table_mangle.ko
./usr/lib/modules/4.19.140/kernel/net/ipv6/netfilter/nf_defrag_ipv6.ko
./usr/lib/modules/4.19.140/kernel/net/ipv6/netfilter/nf_log_ipv6.ko
./usr/lib/modules/4.19.140/kernel/net/ipv6/netfilter/nf_reject_ipv6.ko
./usr/lib/modules/4.19.140/kernel/net/key/af_key.ko
./usr/lib/modules/4.19.140/kernel/net/llc/llc.ko
./usr/lib/modules/4.19.140/kernel/net/netfilter/nf_conntrack.ko
./usr/lib/modules/4.19.140/kernel/net/netfilter/nf_conntrack_broadcast.ko
./usr/lib/modules/4.19.140/kernel/net/netfilter/nf_conntrack_ftp.ko
./usr/lib/modules/4.19.140/kernel/net/netfilter/nf_conntrack_irc.ko
./usr/lib/modules/4.19.140/kernel/net/netfilter/nf_conntrack_netbios_ns.ko
./usr/lib/modules/4.19.140/kernel/net/netfilter/nf_conntrack_netlink.ko
./usr/lib/modules/4.19.140/kernel/net/netfilter/nf_conntrack_sip.ko
./usr/lib/modules/4.19.140/kernel/net/netfilter/nf_log_common.ko
./usr/lib/modules/4.19.140/kernel/net/netfilter/nf_nat.ko
./usr/lib/modules/4.19.140/kernel/net/netfilter/nf_nat_ftp.ko
./usr/lib/modules/4.19.140/kernel/net/netfilter/nf_nat_irc.ko
./usr/lib/modules/4.19.140/kernel/net/netfilter/nf_nat_sip.ko
./usr/lib/modules/4.19.140/kernel/net/netfilter/nfnetlink.ko
./usr/lib/modules/4.19.140/kernel/net/netfilter/nfnetlink_log.ko
./usr/lib/modules/4.19.140/kernel/net/netfilter/x_tables.ko
./usr/lib/modules/4.19.140/kernel/net/netfilter/xt_LOG.ko
./usr/lib/modules/4.19.140/kernel/net/netfilter/xt_NETMAP.ko
./usr/lib/modules/4.19.140/kernel/net/netfilter/xt_NFLOG.ko
./usr/lib/modules/4.19.140/kernel/net/netfilter/xt_REDIRECT.ko
./usr/lib/modules/4.19.140/kernel/net/netfilter/xt_TCPMSS.ko
./usr/lib/modules/4.19.140/kernel/net/netfilter/xt_conntrack.ko
./usr/lib/modules/4.19.140/kernel/net/netfilter/xt_mark.ko
./usr/lib/modules/4.19.140/kernel/net/netfilter/xt_nat.ko
./usr/lib/modules/4.19.140/kernel/net/netfilter/xt_policy.ko
./usr/lib/modules/4.19.140/kernel/net/netfilter/xt_state.ko
./usr/lib/modules/4.19.140/kernel/net/netfilter/xt_tcpudp.ko
./usr/lib/modules/4.19.140/kernel/net/sunrpc/sunrpc.ko
./usr/lib/modules/4.19.140/modules.alias
./usr/lib/modules/4.19.140/modules.alias.bin
./usr/lib/modules/4.19.140/modules.builtin
./usr/lib/modules/4.19.140/modules.builtin.alias.bin
./usr/lib/modules/4.19.140/modules.builtin.bin
./usr/lib/modules/4.19.140/modules.dep
./usr/lib/modules/4.19.140/modules.dep.bin
./usr/lib/modules/4.19.140/modules.devname
./usr/lib/modules/4.19.140/modules.order
./usr/lib/modules/4.19.140/modules.softdep
./usr/lib/modules/4.19.140/modules.symbols
./usr/lib/modules/4.19.140/modules.symbols.bin
