./lib/modules/4.19.132/kernel/crypto/cbc.ko
./lib/modules/4.19.132/kernel/crypto/drbg.ko
./lib/modules/4.19.132/kernel/crypto/ecb.ko
./lib/modules/4.19.132/kernel/crypto/echainiv.ko
./lib/modules/4.19.132/kernel/crypto/hmac.ko
./lib/modules/4.19.132/kernel/crypto/jitterentropy_rng.ko
./lib/modules/4.19.132/kernel/crypto/pcbc.ko
./lib/modules/4.19.132/kernel/crypto/sha256_generic.ko
./lib/modules/4.19.132/kernel/crypto/xor.ko
./lib/modules/4.19.132/kernel/drivers/hid/usbhid/usbhid.ko
./lib/modules/4.19.132/kernel/drivers/scsi/sg.ko
./lib/modules/4.19.132/kernel/drivers/usb/class/usblp.ko
./lib/modules/4.19.132/kernel/drivers/usb/common/usb-common.ko
./lib/modules/4.19.132/kernel/drivers/usb/core/usbcore.ko
./lib/modules/4.19.132/kernel/drivers/usb/host/ehci-hcd.ko
./lib/modules/4.19.132/kernel/drivers/usb/host/ehci-orion.ko
./lib/modules/4.19.132/kernel/drivers/usb/host/ehci-pci.ko
./lib/modules/4.19.132/kernel/drivers/usb/storage/usb-storage.ko
./lib/modules/4.19.132/kernel/fs/btrfs/btrfs.ko
./lib/modules/4.19.132/kernel/fs/ext4/ext4.ko
./lib/modules/4.19.132/kernel/fs/fuse/fuse.ko
./lib/modules/4.19.132/kernel/fs/isofs/isofs.ko
./lib/modules/4.19.132/kernel/fs/jbd2/jbd2.ko
./lib/modules/4.19.132/kernel/fs/jffs2/jffs2.ko
./lib/modules/4.19.132/kernel/fs/jfs/jfs.ko
./lib/modules/4.19.132/kernel/fs/lockd/lockd.ko
./lib/modules/4.19.132/kernel/fs/mbcache.ko
./lib/modules/4.19.132/kernel/fs/nfs/filelayout/nfs_layout_nfsv41_files.ko
./lib/modules/4.19.132/kernel/fs/nfs/flexfilelayout/nfs_layout_flexfiles.ko
./lib/modules/4.19.132/kernel/fs/nfs/nfs.ko
./lib/modules/4.19.132/kernel/fs/nfs/nfsv2.ko
./lib/modules/4.19.132/kernel/fs/nfs/nfsv3.ko
./lib/modules/4.19.132/kernel/fs/nfs/nfsv4.ko
./lib/modules/4.19.132/kernel/fs/nfs_common/grace.ko
./lib/modules/4.19.132/kernel/fs/nfsd/nfsd.ko
./lib/modules/4.19.132/kernel/fs/udf/udf.ko
./lib/modules/4.19.132/kernel/fs/xfs/xfs.ko
./lib/modules/4.19.132/kernel/lib/crc-itu-t.ko
./lib/modules/4.19.132/kernel/lib/crc16.ko
./lib/modules/4.19.132/kernel/lib/lzo/lzo_compress.ko
./lib/modules/4.19.132/kernel/lib/lzo/lzo_decompress.ko
./lib/modules/4.19.132/kernel/lib/oid_registry.ko
./lib/modules/4.19.132/kernel/lib/raid6/raid6_pq.ko
./lib/modules/4.19.132/kernel/lib/xxhash.ko
./lib/modules/4.19.132/kernel/lib/zlib_deflate/zlib_deflate.ko
./lib/modules/4.19.132/kernel/lib/zlib_inflate/zlib_inflate.ko
./lib/modules/4.19.132/kernel/lib/zstd/zstd_compress.ko
./lib/modules/4.19.132/kernel/lib/zstd/zstd_decompress.ko
./lib/modules/4.19.132/kernel/net/sunrpc/auth_gss/auth_rpcgss.ko
./lib/modules/4.19.132/kernel/net/sunrpc/sunrpc.ko
./lib/modules/4.19.132/modules.alias
./lib/modules/4.19.132/modules.alias.bin
./lib/modules/4.19.132/modules.builtin
./lib/modules/4.19.132/modules.builtin.alias.bin
./lib/modules/4.19.132/modules.builtin.bin
./lib/modules/4.19.132/modules.dep
./lib/modules/4.19.132/modules.dep.bin
./lib/modules/4.19.132/modules.devname
./lib/modules/4.19.132/modules.order
./lib/modules/4.19.132/modules.softdep
./lib/modules/4.19.132/modules.symbols
./lib/modules/4.19.132/modules.symbols.bin
