./etc/libnl/classid
./etc/libnl/pktloc
./usr/bin/genl-ctrl-list
./usr/bin/nl-class-add
./usr/bin/nl-class-delete
./usr/bin/nl-classid-lookup
./usr/bin/nl-class-list
./usr/bin/nl-cls-add
./usr/bin/nl-cls-delete
./usr/bin/nl-cls-list
./usr/bin/nl-link-list
./usr/bin/nl-pktloc-lookup
./usr/bin/nl-qdisc-add
./usr/bin/nl-qdisc-delete
./usr/bin/nl-qdisc-list
./usr/lib/libnl-3.so
./usr/lib/libnl-3.so.200
./usr/lib/libnl-3.so.200.25.0
./usr/lib/libnl-cli-3.so
./usr/lib/libnl-cli-3.so.200
./usr/lib/libnl-cli-3.so.200.25.0
./usr/lib/libnl/cli/cls/basic.so
./usr/lib/libnl/cli/cls/cgroup.so
./usr/lib/libnl/cli/qdisc/bfifo.so
./usr/lib/libnl/cli/qdisc/blackhole.so
./usr/lib/libnl/cli/qdisc/fq_codel.so
./usr/lib/libnl/cli/qdisc/htb.so
./usr/lib/libnl/cli/qdisc/ingress.so
./usr/lib/libnl/cli/qdisc/pfifo.so
./usr/lib/libnl/cli/qdisc/plug.so
./usr/lib/libnl-genl-3.so
./usr/lib/libnl-genl-3.so.200
./usr/lib/libnl-genl-3.so.200.25.0
./usr/lib/libnl-idiag-3.so
./usr/lib/libnl-idiag-3.so.200
./usr/lib/libnl-idiag-3.so.200.25.0
./usr/lib/libnl-nf-3.so
./usr/lib/libnl-nf-3.so.200
./usr/lib/libnl-nf-3.so.200.25.0
./usr/lib/libnl-route-3.so
./usr/lib/libnl-route-3.so.200
./usr/lib/libnl-route-3.so.200.25.0
