./etc/init.d/S52lighttpd
./etc/lighttpd/conf.d/access_log.conf
./etc/lighttpd/conf.d/auth.conf
./etc/lighttpd/conf.d/cgi.conf
./etc/lighttpd/conf.d/cml.conf
./etc/lighttpd/conf.d/compress.conf
./etc/lighttpd/conf.d/debug.conf
./etc/lighttpd/conf.d/dirlisting.conf
./etc/lighttpd/conf.d/evhost.conf
./etc/lighttpd/conf.d/expire.conf
./etc/lighttpd/conf.d/fastcgi.conf
./etc/lighttpd/conf.d/geoip.conf
./etc/lighttpd/conf.d/magnet.conf
./etc/lighttpd/conf.d/mime.conf
./etc/lighttpd/conf.d/mod.template
./etc/lighttpd/conf.d/mysql_vhost.conf
./etc/lighttpd/conf.d/proxy.conf
./etc/lighttpd/conf.d/rrdtool.conf
./etc/lighttpd/conf.d/scgi.conf
./etc/lighttpd/conf.d/secdownload.conf
./etc/lighttpd/conf.d/simple_vhost.conf
./etc/lighttpd/conf.d/ssl.conf
./etc/lighttpd/conf.d/ssi.conf
./etc/lighttpd/conf.d/status.conf
./etc/lighttpd/conf.d/trigger_b4_dl.conf
./etc/lighttpd/conf.d/userdir.conf
./etc/lighttpd/conf.d/webdav.conf
./etc/lighttpd/lighttpd.conf
./etc/lighttpd/modules.conf
./etc/lighttpd/vhosts.d/vhosts.template
./usr/lib/lighttpd/mod_accesslog.so
./usr/lib/lighttpd/mod_access.so
./usr/lib/lighttpd/mod_alias.so
./usr/lib/lighttpd/mod_auth.so
./usr/lib/lighttpd/mod_cgi.so
./usr/lib/lighttpd/mod_cml.so
./usr/lib/lighttpd/mod_compress.so
./usr/lib/lighttpd/mod_dirlisting.so
./usr/lib/lighttpd/mod_evasive.so
./usr/lib/lighttpd/mod_evhost.so
./usr/lib/lighttpd/mod_expire.so
./usr/lib/lighttpd/mod_extforward.so
./usr/lib/lighttpd/mod_fastcgi.so
./usr/lib/lighttpd/mod_flv_streaming.so
./usr/lib/lighttpd/mod_indexfile.so
./usr/lib/lighttpd/mod_magnet.so
./usr/lib/lighttpd/mod_mysql_vhost.so
./usr/lib/lighttpd/mod_proxy.so
./usr/lib/lighttpd/mod_redirect.so
./usr/lib/lighttpd/mod_rewrite.so
./usr/lib/lighttpd/mod_rrdtool.so
./usr/lib/lighttpd/mod_scgi.so
./usr/lib/lighttpd/mod_secdownload.so
./usr/lib/lighttpd/mod_setenv.so
./usr/lib/lighttpd/mod_simple_vhost.so
./usr/lib/lighttpd/mod_ssi.so
./usr/lib/lighttpd/mod_staticfile.so
./usr/lib/lighttpd/mod_status.so
./usr/lib/lighttpd/mod_trigger_b4_dl.so
./usr/lib/lighttpd/mod_userdir.so
./usr/lib/lighttpd/mod_usertrack.so
./usr/lib/lighttpd/mod_webdav.so
./usr/sbin/lighttpd
./usr/sbin/lighttpd-angel
./usr/www/cgi-bin/lighttpd.cgi
./usr/www/cgi-bin/lighttpd_proc.cgi
