./etc/init.d/S81lms
./usr/lib/libmediascan.so
./usr/lib/libmediascan.so.0
./usr/lib/libmediascan.so.0.0.0
./usr/lib/lms/convert.conf
./usr/lib/lms/convert.conf-orig
./usr/lib/lms/CPAN/arch
./usr/lib/lms/CPAN/arch/5.16
./usr/lib/lms/CPAN/arch/5.16/arm-linux
./usr/lib/lms/CPAN/arch/5.16/arm-linux/auto
./usr/lib/lms/CPAN/arch/5.16/arm-linux/auto/Audio
./usr/lib/lms/CPAN/arch/5.16/arm-linux/auto/Audio/Scan
./usr/lib/lms/CPAN/arch/5.16/arm-linux/auto/Audio/Scan/Scan.so
./usr/lib/lms/CPAN/arch/5.16/arm-linux/auto/Class
./usr/lib/lms/CPAN/arch/5.16/arm-linux/auto/Class/XSAccessor
./usr/lib/lms/CPAN/arch/5.16/arm-linux/auto/Class/XSAccessor/XSAccessor.so
./usr/lib/lms/CPAN/arch/5.16/arm-linux/auto/DBD
./usr/lib/lms/CPAN/arch/5.16/arm-linux/auto/DBD/SQLite
./usr/lib/lms/CPAN/arch/5.16/arm-linux/auto/DBD/SQLite/SQLite.so
./usr/lib/lms/CPAN/arch/5.16/arm-linux/auto/DBI
./usr/lib/lms/CPAN/arch/5.16/arm-linux/auto/DBI/DBI.so
./usr/lib/lms/CPAN/arch/5.16/arm-linux/auto/Digest
./usr/lib/lms/CPAN/arch/5.16/arm-linux/auto/Digest/SHA1
./usr/lib/lms/CPAN/arch/5.16/arm-linux/auto/Digest/SHA1/SHA1.so
./usr/lib/lms/CPAN/arch/5.16/arm-linux/auto/Encode
./usr/lib/lms/CPAN/arch/5.16/arm-linux/auto/Encode/Detect
./usr/lib/lms/CPAN/arch/5.16/arm-linux/auto/Encode/Detect/Detector
./usr/lib/lms/CPAN/arch/5.16/arm-linux/auto/Encode/Detect/Detector/Detector.so
./usr/lib/lms/CPAN/arch/5.16/arm-linux/auto/EV
./usr/lib/lms/CPAN/arch/5.16/arm-linux/auto/EV/EV.so
./usr/lib/lms/CPAN/arch/5.16/arm-linux/auto/HTML
./usr/lib/lms/CPAN/arch/5.16/arm-linux/auto/HTML/Parser
./usr/lib/lms/CPAN/arch/5.16/arm-linux/auto/HTML/Parser/Parser.so
./usr/lib/lms/CPAN/arch/5.16/arm-linux/auto/Image
./usr/lib/lms/CPAN/arch/5.16/arm-linux/auto/Image/Scale
./usr/lib/lms/CPAN/arch/5.16/arm-linux/auto/Image/Scale/Scale.so
./usr/lib/lms/CPAN/arch/5.16/arm-linux/auto/IO
./usr/lib/lms/CPAN/arch/5.16/arm-linux/auto/IO/AIO
./usr/lib/lms/CPAN/arch/5.16/arm-linux/auto/IO/AIO/AIO.so
./usr/lib/lms/CPAN/arch/5.16/arm-linux/auto/IO/Interface
./usr/lib/lms/CPAN/arch/5.16/arm-linux/auto/IO/Interface/autosplit.ix
./usr/lib/lms/CPAN/arch/5.16/arm-linux/auto/IO/Interface/Interface.so
./usr/lib/lms/CPAN/arch/5.16/arm-linux/auto/JSON
./usr/lib/lms/CPAN/arch/5.16/arm-linux/auto/JSON/XS
./usr/lib/lms/CPAN/arch/5.16/arm-linux/auto/JSON/XS/XS.so
./usr/lib/lms/CPAN/arch/5.16/arm-linux/auto/Linux
./usr/lib/lms/CPAN/arch/5.16/arm-linux/auto/Linux/Inotify2
./usr/lib/lms/CPAN/arch/5.16/arm-linux/auto/Linux/Inotify2/Inotify2.so
./usr/lib/lms/CPAN/arch/5.16/arm-linux/auto/Media
./usr/lib/lms/CPAN/arch/5.16/arm-linux/auto/Media/Scan
./usr/lib/lms/CPAN/arch/5.16/arm-linux/auto/Media/Scan/Scan.so
./usr/lib/lms/CPAN/arch/5.16/arm-linux/auto/MP3
./usr/lib/lms/CPAN/arch/5.16/arm-linux/auto/MP3/Cut
./usr/lib/lms/CPAN/arch/5.16/arm-linux/auto/MP3/Cut/Gapless
./usr/lib/lms/CPAN/arch/5.16/arm-linux/auto/MP3/Cut/Gapless/Gapless.so
./usr/lib/lms/CPAN/arch/5.16/arm-linux/auto/Sub
./usr/lib/lms/CPAN/arch/5.16/arm-linux/auto/Sub/Name
./usr/lib/lms/CPAN/arch/5.16/arm-linux/auto/Sub/Name/Name.so
./usr/lib/lms/CPAN/arch/5.16/arm-linux/auto/Template
./usr/lib/lms/CPAN/arch/5.16/arm-linux/auto/Template/Stash
./usr/lib/lms/CPAN/arch/5.16/arm-linux/auto/Template/Stash/XS
./usr/lib/lms/CPAN/arch/5.16/arm-linux/auto/Template/Stash/XS/XS.so
./usr/lib/lms/CPAN/arch/5.16/arm-linux/auto/XML
./usr/lib/lms/CPAN/arch/5.16/arm-linux/auto/XML/Parser
./usr/lib/lms/CPAN/arch/5.16/arm-linux/auto/XML/Parser/Expat
./usr/lib/lms/CPAN/arch/5.16/arm-linux/auto/XML/Parser/Expat/Expat.so
./usr/lib/lms/CPAN/arch/5.16/arm-linux/auto/YAML
./usr/lib/lms/CPAN/arch/5.16/arm-linux/auto/YAML/XS
./usr/lib/lms/CPAN/arch/5.16/arm-linux/auto/YAML/XS/LibYAML
./usr/lib/lms/CPAN/arch/5.16/arm-linux/auto/YAML/XS/LibYAML/LibYAML.so
./usr/www/cgi-bin/lms.cgi
