./etc/init.d/S44mysqld
./usr/bin/msql2mysql
./usr/bin/mysql
./usr/bin/mysql_find_rows
./usr/bin/mysql_plugin
./usr/bin/mysql_waitpid
./usr/bin/mysqlaccess
./usr/bin/mysqladmin
./usr/bin/mysqlbinlog
./usr/bin/mysqlcheck
./usr/bin/mysqldump
./usr/bin/mysqlimport
./usr/bin/mysqlshow
./usr/bin/mysqlslap
./usr/bin/mysqltest
./usr/bin/mytop
./usr/bin/wsrep_sst_common
./usr/bin/wsrep_sst_rsync_wan
./usr/lib/libmariadb.so
./usr/lib/libmariadb.so.3
./usr/lib/libmysqlclient.so
./usr/lib/libmysqlclient_r.so
./usr/lib/mysql/plugin/caching_sha2_password.so
./usr/lib/mysql/plugin/client_ed25519.so
./usr/lib/mysql/plugin/dialog.so
./usr/lib/mysql/plugin/mysql_clear_password.so
./usr/lib/mysql/plugin/sha256_password.so
./usr/share/mysql/binary-configure
./usr/share/mysql/charsets/Index.xml
./usr/share/mysql/charsets/armscii8.xml
./usr/share/mysql/charsets/ascii.xml
./usr/share/mysql/charsets/cp1250.xml
./usr/share/mysql/charsets/cp1251.xml
./usr/share/mysql/charsets/cp1256.xml
./usr/share/mysql/charsets/cp1257.xml
./usr/share/mysql/charsets/cp850.xml
./usr/share/mysql/charsets/cp852.xml
./usr/share/mysql/charsets/cp866.xml
./usr/share/mysql/charsets/dec8.xml
./usr/share/mysql/charsets/geostd8.xml
./usr/share/mysql/charsets/greek.xml
./usr/share/mysql/charsets/hebrew.xml
./usr/share/mysql/charsets/hp8.xml
./usr/share/mysql/charsets/keybcs2.xml
./usr/share/mysql/charsets/koi8r.xml
./usr/share/mysql/charsets/koi8u.xml
./usr/share/mysql/charsets/latin1.xml
./usr/share/mysql/charsets/latin2.xml
./usr/share/mysql/charsets/latin5.xml
./usr/share/mysql/charsets/latin7.xml
./usr/share/mysql/charsets/macce.xml
./usr/share/mysql/charsets/macroman.xml
./usr/share/mysql/charsets/swe7.xml
./usr/share/mysql/magic
./usr/share/mysql/mysql-log-rotate
./usr/share/mysql/mysql.server
./usr/share/mysql/mysqld_multi.server
./usr/share/mysql/wsrep.cnf
./usr/share/mysql/wsrep_notify
