./usr/lib/micropython
./usr/lib/micropython/__future__.py
./usr/lib/micropython/_libc.py
./usr/lib/micropython/_markupbase.py
./usr/lib/micropython/abc.py
./usr/lib/micropython/argparse.py
./usr/lib/micropython/asyncio_slow.py
./usr/lib/micropython/base64.py
./usr/lib/micropython/benchmark
./usr/lib/micropython/benchmark/boom_uasyncio.py
./usr/lib/micropython/benchmark/test-ab-medium.sh
./usr/lib/micropython/benchmark/test-boom-heavy.sh
./usr/lib/micropython/benchmark/test_http_server_heavy.py
./usr/lib/micropython/benchmark/test_http_server_light.py
./usr/lib/micropython/benchmark/test_http_server_medium.py
./usr/lib/micropython/binascii.py
./usr/lib/micropython/binhex.py
./usr/lib/micropython/bisect.py
./usr/lib/micropython/calendar.py
./usr/lib/micropython/cgi.py
./usr/lib/micropython/cmd.py
./usr/lib/micropython/code.py
./usr/lib/micropython/codecs.py
./usr/lib/micropython/codeop.py
./usr/lib/micropython/collections
./usr/lib/micropython/collections/__init__.py
./usr/lib/micropython/collections/defaultdict.py
./usr/lib/micropython/collections/deque.py
./usr/lib/micropython/concurrent
./usr/lib/micropython/concurrent/futures
./usr/lib/micropython/concurrent/futures/__init__.py
./usr/lib/micropython/contextlib.py
./usr/lib/micropython/copy.py
./usr/lib/micropython/csv.py
./usr/lib/micropython/curses
./usr/lib/micropython/curses/ascii.py
./usr/lib/micropython/datetime.py
./usr/lib/micropython/dbm.py
./usr/lib/micropython/decimal.py
./usr/lib/micropython/difflib.py
./usr/lib/micropython/email
./usr/lib/micropython/email/_encoded_words.py
./usr/lib/micropython/email/_parseaddr.py
./usr/lib/micropython/email/_policybase.py
./usr/lib/micropython/email/base64mime.py
./usr/lib/micropython/email/charset.py
./usr/lib/micropython/email/encoders.py
./usr/lib/micropython/email/errors.py
./usr/lib/micropython/email/feedparser.py
./usr/lib/micropython/email/header.py
./usr/lib/micropython/email/iterators.py
./usr/lib/micropython/email/message.py
./usr/lib/micropython/email/parser.py
./usr/lib/micropython/email/quoprimime.py
./usr/lib/micropython/email/utils.py
./usr/lib/micropython/errno.py
./usr/lib/micropython/example-extract.py
./usr/lib/micropython/example_blink.py
./usr/lib/micropython/example_call_soon.py
./usr/lib/micropython/example_chain.py
./usr/lib/micropython/example_client.py
./usr/lib/micropython/example_dirs.py
./usr/lib/micropython/example_epoll.py
./usr/lib/micropython/example_fork.py
./usr/lib/micropython/example_fsencode.py
./usr/lib/micropython/example_future.py
./usr/lib/micropython/example_future2.py
./usr/lib/micropython/example_getenv.py
./usr/lib/micropython/example_hello_world.py
./usr/lib/micropython/example_hello_world_bare.py
./usr/lib/micropython/example_hello_world_callback.py
./usr/lib/micropython/example_http_client.py
./usr/lib/micropython/example_http_server.py
./usr/lib/micropython/example_logging.py
./usr/lib/micropython/example_open.py
./usr/lib/micropython/example_parallel.py
./usr/lib/micropython/example_pub.py
./usr/lib/micropython/example_pub_button.py
./usr/lib/micropython/example_rw.py
./usr/lib/micropython/example_sigint.py
./usr/lib/micropython/example_sigint_exc.py
./usr/lib/micropython/example_sigint_ign.py
./usr/lib/micropython/example_strftime.py
./usr/lib/micropython/example_sub.py
./usr/lib/micropython/example_sub_led.py
./usr/lib/micropython/example_sub_robust.py
./usr/lib/micropython/example_system.py
./usr/lib/micropython/example_time_tuple.py
./usr/lib/micropython/example_timer.py
./usr/lib/micropython/example_urandom.py
./usr/lib/micropython/example_warn.py
./usr/lib/micropython/example_xively.py
./usr/lib/micropython/example_yield_coro.py
./usr/lib/micropython/fcntl.py
./usr/lib/micropython/ffilib.py
./usr/lib/micropython/fnmatch.py
./usr/lib/micropython/formatter.py
./usr/lib/micropython/fractions.py
./usr/lib/micropython/ftplib.py
./usr/lib/micropython/functools.py
./usr/lib/micropython/getopt.py
./usr/lib/micropython/getpass.py
./usr/lib/micropython/gettext.py
./usr/lib/micropython/glob.py
./usr/lib/micropython/gzip.py
./usr/lib/micropython/hashlib
./usr/lib/micropython/hashlib/__init__.py
./usr/lib/micropython/hashlib/sha224.py
./usr/lib/micropython/hashlib/sha256.py
./usr/lib/micropython/hashlib/sha384.py
./usr/lib/micropython/hashlib/sha512.py
./usr/lib/micropython/heapq.py
./usr/lib/micropython/hmac.py
./usr/lib/micropython/html
./usr/lib/micropython/html/__init__.py
./usr/lib/micropython/html/entities.py
./usr/lib/micropython/html/parser.py
./usr/lib/micropython/http
./usr/lib/micropython/http/client.py
./usr/lib/micropython/imaplib.py
./usr/lib/micropython/imp.py
./usr/lib/micropython/importlib.py
./usr/lib/micropython/inspect.py
./usr/lib/micropython/io.py
./usr/lib/micropython/ipaddress.py
./usr/lib/micropython/itertools.py
./usr/lib/micropython/json
./usr/lib/micropython/json/__init__.py
./usr/lib/micropython/json/decoder.py
./usr/lib/micropython/json/encoder.py
./usr/lib/micropython/json/scanner.py
./usr/lib/micropython/json/tool.py
./usr/lib/micropython/keyword.py
./usr/lib/micropython/linecache.py
./usr/lib/micropython/locale.py
./usr/lib/micropython/logging.py
./usr/lib/micropython/machine
./usr/lib/micropython/machine/__init__.py
./usr/lib/micropython/machine/pin.py
./usr/lib/micropython/machine/timer.py
./usr/lib/micropython/mailbox.py
./usr/lib/micropython/mailcap.py
./usr/lib/micropython/mimetypes.py
./usr/lib/micropython/multiprocessing.py
./usr/lib/micropython/nntplib.py
./usr/lib/micropython/numbers.py
./usr/lib/micropython/operator.py
./usr/lib/micropython/optparse.py
./usr/lib/micropython/os
./usr/lib/micropython/os/__init__.py
./usr/lib/micropython/os/path.py
./usr/lib/micropython/pathlib.py
./usr/lib/micropython/pdb.py
./usr/lib/micropython/pickle.py
./usr/lib/micropython/pickletools.py
./usr/lib/micropython/pkg_resources.py
./usr/lib/micropython/pkgutil.py
./usr/lib/micropython/platform.py
./usr/lib/micropython/poplib.py
./usr/lib/micropython/posixpath.py
./usr/lib/micropython/pprint.py
./usr/lib/micropython/profile.py
./usr/lib/micropython/pty.py
./usr/lib/micropython/pwd.py
./usr/lib/micropython/pyb.py
./usr/lib/micropython/pystone.py
./usr/lib/micropython/pystone_lowmem.py
./usr/lib/micropython/queue.py
./usr/lib/micropython/quopri.py
./usr/lib/micropython/random.py
./usr/lib/micropython/re.py
./usr/lib/micropython/readline.py
./usr/lib/micropython/reprlib.py
./usr/lib/micropython/runpy.py
./usr/lib/micropython/sched.py
./usr/lib/micropython/select.py
./usr/lib/micropython/selectors.py
./usr/lib/micropython/shelve.py
./usr/lib/micropython/shlex.py
./usr/lib/micropython/shutil.py
./usr/lib/micropython/signal.py
./usr/lib/micropython/smtplib.py
./usr/lib/micropython/socket.py
./usr/lib/micropython/socketserver.py
./usr/lib/micropython/sqlite3.py
./usr/lib/micropython/ssl.py
./usr/lib/micropython/stat.py
./usr/lib/micropython/statistics.py
./usr/lib/micropython/string.py
./usr/lib/micropython/stringprep.py
./usr/lib/micropython/struct.py
./usr/lib/micropython/subprocess.py
./usr/lib/micropython/tarfile.py
./usr/lib/micropython/telnetlib.py
./usr/lib/micropython/tempfile.py
./usr/lib/micropython/test
./usr/lib/micropython/test/pystone.py
./usr/lib/micropython/test/support.py
./usr/lib/micropython/tests
./usr/lib/micropython/tests.py
./usr/lib/micropython/tests/test.py
./usr/lib/micropython/textwrap.py
./usr/lib/micropython/threading.py
./usr/lib/micropython/time.py
./usr/lib/micropython/timeit.py
./usr/lib/micropython/trace.py
./usr/lib/micropython/traceback.py
./usr/lib/micropython/tty.py
./usr/lib/micropython/types.py
./usr/lib/micropython/typing.py
./usr/lib/micropython/uasyncio
./usr/lib/micropython/uasyncio.py
./usr/lib/micropython/uasyncio/__init__.py
./usr/lib/micropython/uasyncio/core.py
./usr/lib/micropython/uasyncio/queues.py
./usr/lib/micropython/ucontextlib.py
./usr/lib/micropython/ucurses
./usr/lib/micropython/ucurses/__init__.py
./usr/lib/micropython/umqtt
./usr/lib/micropython/umqtt/robust.py
./usr/lib/micropython/umqtt/simple.py
./usr/lib/micropython/unicodedata.py
./usr/lib/micropython/unittest.py
./usr/lib/micropython/upip.py
./usr/lib/micropython/upip_utarfile.py
./usr/lib/micropython/upysh.py
./usr/lib/micropython/urequests.py
./usr/lib/micropython/urllib
./usr/lib/micropython/urllib.py
./usr/lib/micropython/urllib/parse.py
./usr/lib/micropython/urllib/urequest.py
./usr/lib/micropython/utarfile.py
./usr/lib/micropython/uu.py
./usr/lib/micropython/uuid.py
./usr/lib/micropython/warnings.py
./usr/lib/micropython/weakref.py
./usr/lib/micropython/xmltok.py
./usr/lib/micropython/zipfile.py
