./etc/init.d/S59snmpd
./usr/bin/encode_keychange
./usr/bin/net-snmp-create-v3-user
./usr/bin/snmpbulkget
./usr/bin/snmpbulkwalk
./usr/bin/snmpdelta
./usr/bin/snmpdf
./usr/bin/snmpget
./usr/bin/snmpgetnext
./usr/bin/snmpinform
./usr/bin/snmpnetstat
./usr/bin/snmpset
./usr/bin/snmpstatus
./usr/bin/snmptable
./usr/bin/snmptest
./usr/bin/snmptranslate
./usr/bin/snmptrap
./usr/bin/snmpusm
./usr/bin/snmpvacm
./usr/bin/snmpwalk
./usr/lib/libnetsnmpagent.so
./usr/lib/libnetsnmpagent.so.30
./usr/lib/libnetsnmpagent.so.30.0.3
./usr/lib/libnetsnmphelpers.so
./usr/lib/libnetsnmphelpers.so.30
./usr/lib/libnetsnmphelpers.so.30.0.3
./usr/lib/libnetsnmpmibs.so
./usr/lib/libnetsnmpmibs.so.30
./usr/lib/libnetsnmpmibs.so.30.0.3
./usr/lib/libnetsnmp.so
./usr/lib/libnetsnmp.so.30
./usr/lib/libnetsnmp.so.30.0.3
./usr/lib/libnetsnmptrapd.so
./usr/lib/libnetsnmptrapd.so.30
./usr/lib/libnetsnmptrapd.so.30.0.3
./usr/sbin/snmpd
./usr/sbin/snmptrapd
./usr/share/snmp/mibs/AGENTX-MIB.txt
./usr/share/snmp/mibs/HCNUM-TC.txt
./usr/share/snmp/mibs/HOST-RESOURCES-MIB.txt
./usr/share/snmp/mibs/HOST-RESOURCES-TYPES.txt
./usr/share/snmp/mibs/IANA-ADDRESS-FAMILY-NUMBERS-MIB.txt
./usr/share/snmp/mibs/IANAifType-MIB.txt
./usr/share/snmp/mibs/IANA-LANGUAGE-MIB.txt
./usr/share/snmp/mibs/IANA-RTPROTO-MIB.txt
./usr/share/snmp/mibs/IF-INVERTED-STACK-MIB.txt
./usr/share/snmp/mibs/IF-MIB.txt
./usr/share/snmp/mibs/INET-ADDRESS-MIB.txt
./usr/share/snmp/mibs/IP-FORWARD-MIB.txt
./usr/share/snmp/mibs/IP-MIB.txt
./usr/share/snmp/mibs/IPV6-ICMP-MIB.txt
./usr/share/snmp/mibs/IPV6-MIB.txt
./usr/share/snmp/mibs/IPV6-TCP-MIB.txt
./usr/share/snmp/mibs/IPV6-TC.txt
./usr/share/snmp/mibs/IPV6-UDP-MIB.txt
./usr/share/snmp/mibs/NET-SNMP-AGENT-MIB.txt
./usr/share/snmp/mibs/NET-SNMP-EXAMPLES-MIB.txt
./usr/share/snmp/mibs/NET-SNMP-EXTEND-MIB.txt
./usr/share/snmp/mibs/NET-SNMP-MIB.txt
./usr/share/snmp/mibs/NET-SNMP-PASS-MIB.txt
./usr/share/snmp/mibs/NET-SNMP-TC.txt
./usr/share/snmp/mibs/NOTIFICATION-LOG-MIB.txt
./usr/share/snmp/mibs/RFC1155-SMI.txt
./usr/share/snmp/mibs/RFC-1215.txt
./usr/share/snmp/mibs/RMON-MIB.txt
./usr/share/snmp/mibs/SNMP-COMMUNITY-MIB.txt
./usr/share/snmp/mibs/SNMP-FRAMEWORK-MIB.txt
./usr/share/snmp/mibs/SNMP-MPD-MIB.txt
./usr/share/snmp/mibs/SNMP-NOTIFICATION-MIB.txt
./usr/share/snmp/mibs/SNMP-PROXY-MIB.txt
./usr/share/snmp/mibs/SNMP-TARGET-MIB.txt
./usr/share/snmp/mibs/SNMP-USER-BASED-SM-MIB.txt
./usr/share/snmp/mibs/SNMP-USM-AES-MIB.txt
./usr/share/snmp/mibs/SNMP-USM-DH-OBJECTS-MIB.txt
./usr/share/snmp/mibs/SNMPv2-CONF.txt
./usr/share/snmp/mibs/SNMPv2-MIB.txt
./usr/share/snmp/mibs/SNMPv2-SMI.txt
./usr/share/snmp/mibs/SNMPv2-TC.txt
./usr/share/snmp/mibs/SNMPv2-TM.txt
./usr/share/snmp/mibs/SNMP-VIEW-BASED-ACM-MIB.txt
./usr/share/snmp/mibs/TCP-MIB.txt
./usr/share/snmp/mibs/TRANSPORT-ADDRESS-MIB.txt
./usr/share/snmp/mibs/UCD-DEMO-MIB.txt
./usr/share/snmp/mibs/UCD-DISKIO-MIB.txt
./usr/share/snmp/mibs/UCD-DLMOD-MIB.txt
./usr/share/snmp/mibs/UCD-IPFWACC-MIB.txt
./usr/share/snmp/mibs/UCD-SNMP-MIB.txt
./usr/share/snmp/mibs/UDP-MIB.txt
./usr/share/snmp/snmp_perl_trapd.pl
