./etc/init.d/S22nut
./etc/nut/hosts.conf
./etc/nut/nut.conf
./etc/nut/ups.conf
./etc/nut/upsd.conf
./etc/nut/upsd.users
./etc/nut/upsmon.conf
./etc/nut/upssched.conf
./etc/nut/upsset.conf
./etc/nut/upsstats.html
./etc/nut/upsstats-single.html
./usr/bin/upsc
./usr/bin/upscmd
./usr/bin/upslog
./usr/bin/upsrw
./usr/bin/upssched-cmd
./usr/lib/libupsclient.so
./usr/lib/libupsclient.so.1
./usr/lib/libupsclient.so.1.0.0
./usr/lib/nut/drivers/apcsmart
./usr/lib/nut/drivers/bcmxcp
./usr/lib/nut/drivers/bcmxcp_usb
./usr/lib/nut/drivers/belkin
./usr/lib/nut/drivers/belkinunv
./usr/lib/nut/drivers/bestfcom
./usr/lib/nut/drivers/bestfortress
./usr/lib/nut/drivers/bestuferrups
./usr/lib/nut/drivers/bestups
./usr/lib/nut/drivers/blazer_ser
./usr/lib/nut/drivers/blazer_usb
./usr/lib/nut/drivers/clone
./usr/lib/nut/drivers/clone-outlet
./usr/lib/nut/drivers/dummy-ups
./usr/lib/nut/drivers/etapro
./usr/lib/nut/drivers/everups
./usr/lib/nut/drivers/gamatronic
./usr/lib/nut/drivers/genericups
./usr/lib/nut/drivers/isbmex
./usr/lib/nut/drivers/ivtscd
./usr/lib/nut/drivers/liebert
./usr/lib/nut/drivers/liebert-esp2
./usr/lib/nut/drivers/masterguard
./usr/lib/nut/drivers/metasys
./usr/lib/nut/drivers/mge-shut
./usr/lib/nut/drivers/mge-utalk
./usr/lib/nut/drivers/microdowell
./usr/lib/nut/drivers/netxml-ups
./usr/lib/nut/drivers/newmge-shut
./usr/lib/nut/drivers/oneac
./usr/lib/nut/drivers/optiups
./usr/lib/nut/drivers/powercom
./usr/lib/nut/drivers/powerpanel
./usr/lib/nut/drivers/rhino
./usr/lib/nut/drivers/richcomm_usb
./usr/lib/nut/drivers/safenet
./usr/lib/nut/drivers/skel
./usr/lib/nut/drivers/snmp-ups
./usr/lib/nut/drivers/solis
./usr/lib/nut/drivers/tripplite
./usr/lib/nut/drivers/tripplitesu
./usr/lib/nut/drivers/tripplite_usb
./usr/lib/nut/drivers/upscode2
./usr/lib/nut/drivers/upsdrvctl
./usr/lib/nut/drivers/usbhid-ups
./usr/lib/nut/drivers/victronups
./usr/sbin/upsd
./usr/sbin/upsmon
./usr/sbin/upssched
./usr/share/nut/cmdvartab
./usr/share/nut/driver.list
./usr/www/cgi-bin/nut.cgi
./usr/www/cgi-bin/nut/upsimage.cgi
./usr/www/cgi-bin/nut/upsset.cgi
./usr/www/cgi-bin/nut/upsstats.cgi
./usr/www/nut/bottom.html
./usr/www/nut/header.html
./usr/www/nut/index.html
./usr/www/nut/nut-banner.png
