./etc/init.d/S81nzbget
./etc/nzbget.conf
./usr/bin/nzbget
./usr/share/nzbget/nzbget.conf
./usr/share/nzbget/scripts/EMail.py
./usr/share/nzbget/scripts/Logger.py
./usr/share/nzbget/webui/config.js
./usr/share/nzbget/webui/downloads.js
./usr/share/nzbget/webui/edit.js
./usr/share/nzbget/webui/fasttable.js
./usr/share/nzbget/webui/feed.js
./usr/share/nzbget/webui/history.js
./usr/share/nzbget/webui/img/download-anim-green-2x.png
./usr/share/nzbget/webui/img/download-anim-orange-2x.png
./usr/share/nzbget/webui/img/favicon.ico
./usr/share/nzbget/webui/img/icons-2x.png
./usr/share/nzbget/webui/img/icons.png
./usr/share/nzbget/webui/img/transmit-file.gif
./usr/share/nzbget/webui/img/transmit.gif
./usr/share/nzbget/webui/img/transmit-reload-2x.gif
./usr/share/nzbget/webui/index.html
./usr/share/nzbget/webui/index.js
./usr/share/nzbget/webui/lib/bootstrap.css
./usr/share/nzbget/webui/lib/bootstrap.js
./usr/share/nzbget/webui/lib/bootstrap.min.js
./usr/share/nzbget/webui/lib/elycharts.js
./usr/share/nzbget/webui/lib/elycharts.min.js
./usr/share/nzbget/webui/lib/jquery.js
./usr/share/nzbget/webui/lib/jquery.min.js
./usr/share/nzbget/webui/lib/raphael.js
./usr/share/nzbget/webui/lib/raphael.min.js
./usr/share/nzbget/webui/messages.js
./usr/share/nzbget/webui/status.js
./usr/share/nzbget/webui/style.css
./usr/share/nzbget/webui/upload.js
./usr/share/nzbget/webui/util.js
./usr/www/cgi-bin/nzbget.cgi
./usr/www/cgi-bin/nzbget_proc.cgi
