./usr/bin/corelist
./usr/bin/cpan
./usr/bin/enc2xs
./usr/bin/encguess
./usr/bin/h2ph
./usr/bin/h2xs
./usr/bin/instmodsh
./usr/bin/json_pp
./usr/bin/libnetcfg
./usr/bin/perl
./usr/bin/perlbug
./usr/bin/perldoc
./usr/bin/perlivp
./usr/bin/perlthanks
./usr/bin/piconv
./usr/bin/pl2pm
./usr/bin/pod2html
./usr/bin/pod2man
./usr/bin/pod2text
./usr/bin/pod2usage
./usr/bin/podchecker
./usr/bin/podselect
./usr/bin/prove
./usr/bin/ptar
./usr/bin/ptardiff
./usr/bin/ptargrep
./usr/bin/shasum
./usr/bin/splain
./usr/bin/xsubpp
./usr/bin/zipdetails
./usr/lib/perl5
./usr/lib/perl5/5.30.2
./usr/lib/perl5/5.30.2/AnyDBM_File.pm
./usr/lib/perl5/5.30.2/App
./usr/lib/perl5/5.30.2/App/Cpan.pm
./usr/lib/perl5/5.30.2/App/Prove
./usr/lib/perl5/5.30.2/App/Prove.pm
./usr/lib/perl5/5.30.2/App/Prove/State
./usr/lib/perl5/5.30.2/App/Prove/State.pm
./usr/lib/perl5/5.30.2/App/Prove/State/Result
./usr/lib/perl5/5.30.2/App/Prove/State/Result.pm
./usr/lib/perl5/5.30.2/App/Prove/State/Result/Test.pm
./usr/lib/perl5/5.30.2/Archive
./usr/lib/perl5/5.30.2/Archive/Tar
./usr/lib/perl5/5.30.2/Archive/Tar.pm
./usr/lib/perl5/5.30.2/Archive/Tar/Constant.pm
./usr/lib/perl5/5.30.2/Archive/Tar/File.pm
./usr/lib/perl5/5.30.2/Attribute
./usr/lib/perl5/5.30.2/Attribute/Handlers.pm
./usr/lib/perl5/5.30.2/AutoLoader.pm
./usr/lib/perl5/5.30.2/AutoSplit.pm
./usr/lib/perl5/5.30.2/B
./usr/lib/perl5/5.30.2/B/Deparse.pm
./usr/lib/perl5/5.30.2/B/Op_private.pm
./usr/lib/perl5/5.30.2/Benchmark.pm
./usr/lib/perl5/5.30.2/CORE.pod
./usr/lib/perl5/5.30.2/CPAN
./usr/lib/perl5/5.30.2/CPAN.pm
./usr/lib/perl5/5.30.2/CPAN/API
./usr/lib/perl5/5.30.2/CPAN/API/HOWTO.pod
./usr/lib/perl5/5.30.2/CPAN/Author.pm
./usr/lib/perl5/5.30.2/CPAN/Bundle.pm
./usr/lib/perl5/5.30.2/CPAN/CacheMgr.pm
./usr/lib/perl5/5.30.2/CPAN/Complete.pm
./usr/lib/perl5/5.30.2/CPAN/Debug.pm
./usr/lib/perl5/5.30.2/CPAN/DeferredCode.pm
./usr/lib/perl5/5.30.2/CPAN/Distribution.pm
./usr/lib/perl5/5.30.2/CPAN/Distroprefs.pm
./usr/lib/perl5/5.30.2/CPAN/Distrostatus.pm
./usr/lib/perl5/5.30.2/CPAN/Exception
./usr/lib/perl5/5.30.2/CPAN/Exception/RecursiveDependency.pm
./usr/lib/perl5/5.30.2/CPAN/Exception/blocked_urllist.pm
./usr/lib/perl5/5.30.2/CPAN/Exception/yaml_not_installed.pm
./usr/lib/perl5/5.30.2/CPAN/Exception/yaml_process_error.pm
./usr/lib/perl5/5.30.2/CPAN/FTP
./usr/lib/perl5/5.30.2/CPAN/FTP.pm
./usr/lib/perl5/5.30.2/CPAN/FTP/netrc.pm
./usr/lib/perl5/5.30.2/CPAN/FirstTime.pm
./usr/lib/perl5/5.30.2/CPAN/HTTP
./usr/lib/perl5/5.30.2/CPAN/HTTP/Client.pm
./usr/lib/perl5/5.30.2/CPAN/HTTP/Credentials.pm
./usr/lib/perl5/5.30.2/CPAN/HandleConfig.pm
./usr/lib/perl5/5.30.2/CPAN/Index.pm
./usr/lib/perl5/5.30.2/CPAN/InfoObj.pm
./usr/lib/perl5/5.30.2/CPAN/Kwalify
./usr/lib/perl5/5.30.2/CPAN/Kwalify.pm
./usr/lib/perl5/5.30.2/CPAN/Kwalify/distroprefs.dd
./usr/lib/perl5/5.30.2/CPAN/Kwalify/distroprefs.yml
./usr/lib/perl5/5.30.2/CPAN/LWP
./usr/lib/perl5/5.30.2/CPAN/LWP/UserAgent.pm
./usr/lib/perl5/5.30.2/CPAN/Meta.pm
./usr/lib/perl5/5.30.2/CPAN/Meta/Converter.pm
./usr/lib/perl5/5.30.2/CPAN/Meta/Feature.pm
./usr/lib/perl5/5.30.2/CPAN/Meta/History
./usr/lib/perl5/5.30.2/CPAN/Meta/History.pm
./usr/lib/perl5/5.30.2/CPAN/Meta/History/Meta_1_0.pod
./usr/lib/perl5/5.30.2/CPAN/Meta/History/Meta_1_1.pod
./usr/lib/perl5/5.30.2/CPAN/Meta/History/Meta_1_2.pod
./usr/lib/perl5/5.30.2/CPAN/Meta/History/Meta_1_3.pod
./usr/lib/perl5/5.30.2/CPAN/Meta/History/Meta_1_4.pod
./usr/lib/perl5/5.30.2/CPAN/Meta/Merge.pm
./usr/lib/perl5/5.30.2/CPAN/Meta/Prereqs.pm
./usr/lib/perl5/5.30.2/CPAN/Meta/Requirements.pm
./usr/lib/perl5/5.30.2/CPAN/Meta/Spec.pm
./usr/lib/perl5/5.30.2/CPAN/Meta/Validator.pm
./usr/lib/perl5/5.30.2/CPAN/Meta/YAML.pm
./usr/lib/perl5/5.30.2/CPAN/Mirrors.pm
./usr/lib/perl5/5.30.2/CPAN/Module.pm
./usr/lib/perl5/5.30.2/CPAN/Nox.pm
./usr/lib/perl5/5.30.2/CPAN/Plugin
./usr/lib/perl5/5.30.2/CPAN/Plugin.pm
./usr/lib/perl5/5.30.2/CPAN/Plugin/Specfile.pm
./usr/lib/perl5/5.30.2/CPAN/Prompt.pm
./usr/lib/perl5/5.30.2/CPAN/Queue.pm
./usr/lib/perl5/5.30.2/CPAN/Shell.pm
./usr/lib/perl5/5.30.2/CPAN/Tarzip.pm
./usr/lib/perl5/5.30.2/CPAN/URL.pm
./usr/lib/perl5/5.30.2/CPAN/Version.pm
./usr/lib/perl5/5.30.2/Carp
./usr/lib/perl5/5.30.2/Carp.pm
./usr/lib/perl5/5.30.2/Carp/Heavy.pm
./usr/lib/perl5/5.30.2/Class
./usr/lib/perl5/5.30.2/Class/Struct.pm
./usr/lib/perl5/5.30.2/Compress
./usr/lib/perl5/5.30.2/Compress/Zlib.pm
./usr/lib/perl5/5.30.2/Config
./usr/lib/perl5/5.30.2/Config/Extensions.pm
./usr/lib/perl5/5.30.2/Config/Perl
./usr/lib/perl5/5.30.2/Config/Perl/V.pm
./usr/lib/perl5/5.30.2/DB.pm
./usr/lib/perl5/5.30.2/DBM_Filter
./usr/lib/perl5/5.30.2/DBM_Filter.pm
./usr/lib/perl5/5.30.2/DBM_Filter/compress.pm
./usr/lib/perl5/5.30.2/DBM_Filter/encode.pm
./usr/lib/perl5/5.30.2/DBM_Filter/int32.pm
./usr/lib/perl5/5.30.2/DBM_Filter/null.pm
./usr/lib/perl5/5.30.2/DBM_Filter/utf8.pm
./usr/lib/perl5/5.30.2/Devel
./usr/lib/perl5/5.30.2/Devel/SelfStubber.pm
./usr/lib/perl5/5.30.2/Digest
./usr/lib/perl5/5.30.2/Digest.pm
./usr/lib/perl5/5.30.2/Digest/base.pm
./usr/lib/perl5/5.30.2/Digest/file.pm
./usr/lib/perl5/5.30.2/DirHandle.pm
./usr/lib/perl5/5.30.2/Dumpvalue.pm
./usr/lib/perl5/5.30.2/Encode
./usr/lib/perl5/5.30.2/Encode/Changes.e2x
./usr/lib/perl5/5.30.2/Encode/ConfigLocal_PM.e2x
./usr/lib/perl5/5.30.2/Encode/Makefile_PL.e2x
./usr/lib/perl5/5.30.2/Encode/PerlIO.pod
./usr/lib/perl5/5.30.2/Encode/README.e2x
./usr/lib/perl5/5.30.2/Encode/Supported.pod
./usr/lib/perl5/5.30.2/Encode/_PM.e2x
./usr/lib/perl5/5.30.2/Encode/_T.e2x
./usr/lib/perl5/5.30.2/Encode/encode.h
./usr/lib/perl5/5.30.2/English.pm
./usr/lib/perl5/5.30.2/Env.pm
./usr/lib/perl5/5.30.2/Exporter
./usr/lib/perl5/5.30.2/Exporter.pm
./usr/lib/perl5/5.30.2/Exporter/Heavy.pm
./usr/lib/perl5/5.30.2/ExtUtils
./usr/lib/perl5/5.30.2/ExtUtils/CBuilder
./usr/lib/perl5/5.30.2/ExtUtils/CBuilder.pm
./usr/lib/perl5/5.30.2/ExtUtils/CBuilder/Base.pm
./usr/lib/perl5/5.30.2/ExtUtils/CBuilder/Platform
./usr/lib/perl5/5.30.2/ExtUtils/CBuilder/Platform/Unix.pm
./usr/lib/perl5/5.30.2/ExtUtils/CBuilder/Platform/VMS.pm
./usr/lib/perl5/5.30.2/ExtUtils/CBuilder/Platform/Windows
./usr/lib/perl5/5.30.2/ExtUtils/CBuilder/Platform/Windows.pm
./usr/lib/perl5/5.30.2/ExtUtils/CBuilder/Platform/Windows/BCC.pm
./usr/lib/perl5/5.30.2/ExtUtils/CBuilder/Platform/Windows/GCC.pm
./usr/lib/perl5/5.30.2/ExtUtils/CBuilder/Platform/Windows/MSVC.pm
./usr/lib/perl5/5.30.2/ExtUtils/CBuilder/Platform/aix.pm
./usr/lib/perl5/5.30.2/ExtUtils/CBuilder/Platform/android.pm
./usr/lib/perl5/5.30.2/ExtUtils/CBuilder/Platform/cygwin.pm
./usr/lib/perl5/5.30.2/ExtUtils/CBuilder/Platform/darwin.pm
./usr/lib/perl5/5.30.2/ExtUtils/CBuilder/Platform/dec_osf.pm
./usr/lib/perl5/5.30.2/ExtUtils/CBuilder/Platform/os2.pm
./usr/lib/perl5/5.30.2/ExtUtils/Command
./usr/lib/perl5/5.30.2/ExtUtils/Command.pm
./usr/lib/perl5/5.30.2/ExtUtils/Command/MM.pm
./usr/lib/perl5/5.30.2/ExtUtils/Constant
./usr/lib/perl5/5.30.2/ExtUtils/Constant.pm
./usr/lib/perl5/5.30.2/ExtUtils/Constant/Base.pm
./usr/lib/perl5/5.30.2/ExtUtils/Constant/ProxySubs.pm
./usr/lib/perl5/5.30.2/ExtUtils/Constant/Utils.pm
./usr/lib/perl5/5.30.2/ExtUtils/Constant/XS.pm
./usr/lib/perl5/5.30.2/ExtUtils/Embed.pm
./usr/lib/perl5/5.30.2/ExtUtils/Install.pm
./usr/lib/perl5/5.30.2/ExtUtils/Installed.pm
./usr/lib/perl5/5.30.2/ExtUtils/Liblist
./usr/lib/perl5/5.30.2/ExtUtils/Liblist.pm
./usr/lib/perl5/5.30.2/ExtUtils/Liblist/Kid.pm
./usr/lib/perl5/5.30.2/ExtUtils/MANIFEST.SKIP
./usr/lib/perl5/5.30.2/ExtUtils/MM.pm
./usr/lib/perl5/5.30.2/ExtUtils/MM_AIX.pm
./usr/lib/perl5/5.30.2/ExtUtils/MM_Any.pm
./usr/lib/perl5/5.30.2/ExtUtils/MM_BeOS.pm
./usr/lib/perl5/5.30.2/ExtUtils/MM_Cygwin.pm
./usr/lib/perl5/5.30.2/ExtUtils/MM_DOS.pm
./usr/lib/perl5/5.30.2/ExtUtils/MM_Darwin.pm
./usr/lib/perl5/5.30.2/ExtUtils/MM_MacOS.pm
./usr/lib/perl5/5.30.2/ExtUtils/MM_NW5.pm
./usr/lib/perl5/5.30.2/ExtUtils/MM_OS2.pm
./usr/lib/perl5/5.30.2/ExtUtils/MM_QNX.pm
./usr/lib/perl5/5.30.2/ExtUtils/MM_UWIN.pm
./usr/lib/perl5/5.30.2/ExtUtils/MM_Unix.pm
./usr/lib/perl5/5.30.2/ExtUtils/MM_VMS.pm
./usr/lib/perl5/5.30.2/ExtUtils/MM_VOS.pm
./usr/lib/perl5/5.30.2/ExtUtils/MM_Win32.pm
./usr/lib/perl5/5.30.2/ExtUtils/MM_Win95.pm
./usr/lib/perl5/5.30.2/ExtUtils/MY.pm
./usr/lib/perl5/5.30.2/ExtUtils/MakeMaker
./usr/lib/perl5/5.30.2/ExtUtils/MakeMaker.pm
./usr/lib/perl5/5.30.2/ExtUtils/MakeMaker/Config.pm
./usr/lib/perl5/5.30.2/ExtUtils/MakeMaker/FAQ.pod
./usr/lib/perl5/5.30.2/ExtUtils/MakeMaker/Locale.pm
./usr/lib/perl5/5.30.2/ExtUtils/MakeMaker/Tutorial.pod
./usr/lib/perl5/5.30.2/ExtUtils/MakeMaker/version.pm
./usr/lib/perl5/5.30.2/ExtUtils/Manifest.pm
./usr/lib/perl5/5.30.2/ExtUtils/Miniperl.pm
./usr/lib/perl5/5.30.2/ExtUtils/Mkbootstrap.pm
./usr/lib/perl5/5.30.2/ExtUtils/Mksymlists.pm
./usr/lib/perl5/5.30.2/ExtUtils/Packlist.pm
./usr/lib/perl5/5.30.2/ExtUtils/ParseXS
./usr/lib/perl5/5.30.2/ExtUtils/ParseXS.pm
./usr/lib/perl5/5.30.2/ExtUtils/ParseXS.pod
./usr/lib/perl5/5.30.2/ExtUtils/ParseXS/Constants.pm
./usr/lib/perl5/5.30.2/ExtUtils/ParseXS/CountLines.pm
./usr/lib/perl5/5.30.2/ExtUtils/ParseXS/Eval.pm
./usr/lib/perl5/5.30.2/ExtUtils/ParseXS/Utilities.pm
./usr/lib/perl5/5.30.2/ExtUtils/Typemaps
./usr/lib/perl5/5.30.2/ExtUtils/Typemaps.pm
./usr/lib/perl5/5.30.2/ExtUtils/Typemaps/Cmd.pm
./usr/lib/perl5/5.30.2/ExtUtils/Typemaps/InputMap.pm
./usr/lib/perl5/5.30.2/ExtUtils/Typemaps/OutputMap.pm
./usr/lib/perl5/5.30.2/ExtUtils/Typemaps/Type.pm
./usr/lib/perl5/5.30.2/ExtUtils/testlib.pm
./usr/lib/perl5/5.30.2/ExtUtils/typemap
./usr/lib/perl5/5.30.2/ExtUtils/xsubpp
./usr/lib/perl5/5.30.2/Fatal.pm
./usr/lib/perl5/5.30.2/File
./usr/lib/perl5/5.30.2/File/Basename.pm
./usr/lib/perl5/5.30.2/File/Compare.pm
./usr/lib/perl5/5.30.2/File/Copy.pm
./usr/lib/perl5/5.30.2/File/Fetch.pm
./usr/lib/perl5/5.30.2/File/Find.pm
./usr/lib/perl5/5.30.2/File/GlobMapper.pm
./usr/lib/perl5/5.30.2/File/Path.pm
./usr/lib/perl5/5.30.2/File/Temp.pm
./usr/lib/perl5/5.30.2/File/stat.pm
./usr/lib/perl5/5.30.2/FileCache.pm
./usr/lib/perl5/5.30.2/FileHandle.pm
./usr/lib/perl5/5.30.2/Filter
./usr/lib/perl5/5.30.2/Filter/Simple.pm
./usr/lib/perl5/5.30.2/FindBin.pm
./usr/lib/perl5/5.30.2/Getopt
./usr/lib/perl5/5.30.2/Getopt/Long.pm
./usr/lib/perl5/5.30.2/Getopt/Std.pm
./usr/lib/perl5/5.30.2/HTTP
./usr/lib/perl5/5.30.2/HTTP/Tiny.pm
./usr/lib/perl5/5.30.2/I18N
./usr/lib/perl5/5.30.2/I18N/Collate.pm
./usr/lib/perl5/5.30.2/I18N/LangTags
./usr/lib/perl5/5.30.2/I18N/LangTags.pm
./usr/lib/perl5/5.30.2/I18N/LangTags/Detect.pm
./usr/lib/perl5/5.30.2/I18N/LangTags/List.pm
./usr/lib/perl5/5.30.2/IO
./usr/lib/perl5/5.30.2/IO/Compress
./usr/lib/perl5/5.30.2/IO/Compress/Adapter
./usr/lib/perl5/5.30.2/IO/Compress/Adapter/Bzip2.pm
./usr/lib/perl5/5.30.2/IO/Compress/Adapter/Deflate.pm
./usr/lib/perl5/5.30.2/IO/Compress/Adapter/Identity.pm
./usr/lib/perl5/5.30.2/IO/Compress/Base
./usr/lib/perl5/5.30.2/IO/Compress/Base.pm
./usr/lib/perl5/5.30.2/IO/Compress/Base/Common.pm
./usr/lib/perl5/5.30.2/IO/Compress/Bzip2.pm
./usr/lib/perl5/5.30.2/IO/Compress/Deflate.pm
./usr/lib/perl5/5.30.2/IO/Compress/FAQ.pod
./usr/lib/perl5/5.30.2/IO/Compress/Gzip
./usr/lib/perl5/5.30.2/IO/Compress/Gzip.pm
./usr/lib/perl5/5.30.2/IO/Compress/Gzip/Constants.pm
./usr/lib/perl5/5.30.2/IO/Compress/RawDeflate.pm
./usr/lib/perl5/5.30.2/IO/Compress/Zip
./usr/lib/perl5/5.30.2/IO/Compress/Zip.pm
./usr/lib/perl5/5.30.2/IO/Compress/Zip/Constants.pm
./usr/lib/perl5/5.30.2/IO/Compress/Zlib
./usr/lib/perl5/5.30.2/IO/Compress/Zlib/Constants.pm
./usr/lib/perl5/5.30.2/IO/Compress/Zlib/Extra.pm
./usr/lib/perl5/5.30.2/IO/Socket
./usr/lib/perl5/5.30.2/IO/Socket/IP.pm
./usr/lib/perl5/5.30.2/IO/Uncompress
./usr/lib/perl5/5.30.2/IO/Uncompress/Adapter
./usr/lib/perl5/5.30.2/IO/Uncompress/Adapter/Bunzip2.pm
./usr/lib/perl5/5.30.2/IO/Uncompress/Adapter/Identity.pm
./usr/lib/perl5/5.30.2/IO/Uncompress/Adapter/Inflate.pm
./usr/lib/perl5/5.30.2/IO/Uncompress/AnyInflate.pm
./usr/lib/perl5/5.30.2/IO/Uncompress/AnyUncompress.pm
./usr/lib/perl5/5.30.2/IO/Uncompress/Base.pm
./usr/lib/perl5/5.30.2/IO/Uncompress/Bunzip2.pm
./usr/lib/perl5/5.30.2/IO/Uncompress/Gunzip.pm
./usr/lib/perl5/5.30.2/IO/Uncompress/Inflate.pm
./usr/lib/perl5/5.30.2/IO/Uncompress/RawInflate.pm
./usr/lib/perl5/5.30.2/IO/Uncompress/Unzip.pm
./usr/lib/perl5/5.30.2/IO/Zlib.pm
./usr/lib/perl5/5.30.2/IPC
./usr/lib/perl5/5.30.2/IPC/Cmd.pm
./usr/lib/perl5/5.30.2/IPC/Open2.pm
./usr/lib/perl5/5.30.2/IPC/Open3.pm
./usr/lib/perl5/5.30.2/Internals.pod
./usr/lib/perl5/5.30.2/JSON
./usr/lib/perl5/5.30.2/JSON/PP
./usr/lib/perl5/5.30.2/JSON/PP.pm
./usr/lib/perl5/5.30.2/JSON/PP/Boolean.pm
./usr/lib/perl5/5.30.2/Locale
./usr/lib/perl5/5.30.2/Locale/Maketext
./usr/lib/perl5/5.30.2/Locale/Maketext.pm
./usr/lib/perl5/5.30.2/Locale/Maketext.pod
./usr/lib/perl5/5.30.2/Locale/Maketext/Cookbook.pod
./usr/lib/perl5/5.30.2/Locale/Maketext/Guts.pm
./usr/lib/perl5/5.30.2/Locale/Maketext/GutsLoader.pm
./usr/lib/perl5/5.30.2/Locale/Maketext/Simple.pm
./usr/lib/perl5/5.30.2/Locale/Maketext/TPJ13.pod
./usr/lib/perl5/5.30.2/Math
./usr/lib/perl5/5.30.2/Math/BigFloat
./usr/lib/perl5/5.30.2/Math/BigFloat.pm
./usr/lib/perl5/5.30.2/Math/BigFloat/Trace.pm
./usr/lib/perl5/5.30.2/Math/BigInt
./usr/lib/perl5/5.30.2/Math/BigInt.pm
./usr/lib/perl5/5.30.2/Math/BigInt/Calc.pm
./usr/lib/perl5/5.30.2/Math/BigInt/Lib.pm
./usr/lib/perl5/5.30.2/Math/BigInt/Trace.pm
./usr/lib/perl5/5.30.2/Math/BigRat.pm
./usr/lib/perl5/5.30.2/Math/Complex.pm
./usr/lib/perl5/5.30.2/Math/Trig.pm
./usr/lib/perl5/5.30.2/Memoize
./usr/lib/perl5/5.30.2/Memoize.pm
./usr/lib/perl5/5.30.2/Memoize/AnyDBM_File.pm
./usr/lib/perl5/5.30.2/Memoize/Expire.pm
./usr/lib/perl5/5.30.2/Memoize/ExpireFile.pm
./usr/lib/perl5/5.30.2/Memoize/ExpireTest.pm
./usr/lib/perl5/5.30.2/Memoize/NDBM_File.pm
./usr/lib/perl5/5.30.2/Memoize/SDBM_File.pm
./usr/lib/perl5/5.30.2/Memoize/Storable.pm
./usr/lib/perl5/5.30.2/Module
./usr/lib/perl5/5.30.2/Module/CoreList
./usr/lib/perl5/5.30.2/Module/CoreList.pm
./usr/lib/perl5/5.30.2/Module/CoreList.pod
./usr/lib/perl5/5.30.2/Module/CoreList/Utils.pm
./usr/lib/perl5/5.30.2/Module/Load
./usr/lib/perl5/5.30.2/Module/Load.pm
./usr/lib/perl5/5.30.2/Module/Load/Conditional.pm
./usr/lib/perl5/5.30.2/Module/Loaded.pm
./usr/lib/perl5/5.30.2/Module/Metadata.pm
./usr/lib/perl5/5.30.2/NEXT.pm
./usr/lib/perl5/5.30.2/Net
./usr/lib/perl5/5.30.2/Net/Cmd.pm
./usr/lib/perl5/5.30.2/Net/Config.pm
./usr/lib/perl5/5.30.2/Net/Domain.pm
./usr/lib/perl5/5.30.2/Net/FTP
./usr/lib/perl5/5.30.2/Net/FTP.pm
./usr/lib/perl5/5.30.2/Net/FTP/A.pm
./usr/lib/perl5/5.30.2/Net/FTP/E.pm
./usr/lib/perl5/5.30.2/Net/FTP/I.pm
./usr/lib/perl5/5.30.2/Net/FTP/L.pm
./usr/lib/perl5/5.30.2/Net/FTP/dataconn.pm
./usr/lib/perl5/5.30.2/Net/NNTP.pm
./usr/lib/perl5/5.30.2/Net/Netrc.pm
./usr/lib/perl5/5.30.2/Net/POP3.pm
./usr/lib/perl5/5.30.2/Net/Ping.pm
./usr/lib/perl5/5.30.2/Net/SMTP.pm
./usr/lib/perl5/5.30.2/Net/Time.pm
./usr/lib/perl5/5.30.2/Net/hostent.pm
./usr/lib/perl5/5.30.2/Net/libnetFAQ.pod
./usr/lib/perl5/5.30.2/Net/netent.pm
./usr/lib/perl5/5.30.2/Net/protoent.pm
./usr/lib/perl5/5.30.2/Net/servent.pm
./usr/lib/perl5/5.30.2/Params
./usr/lib/perl5/5.30.2/Params/Check.pm
./usr/lib/perl5/5.30.2/Parse
./usr/lib/perl5/5.30.2/Parse/CPAN
./usr/lib/perl5/5.30.2/Parse/CPAN/Meta.pm
./usr/lib/perl5/5.30.2/Perl
./usr/lib/perl5/5.30.2/Perl/OSType.pm
./usr/lib/perl5/5.30.2/PerlIO
./usr/lib/perl5/5.30.2/PerlIO.pm
./usr/lib/perl5/5.30.2/PerlIO/via/QuotedPrint.pm
./usr/lib/perl5/5.30.2/Pod
./usr/lib/perl5/5.30.2/Pod/Checker.pm
./usr/lib/perl5/5.30.2/Pod/Escapes.pm
./usr/lib/perl5/5.30.2/Pod/Find.pm
./usr/lib/perl5/5.30.2/Pod/Functions.pm
./usr/lib/perl5/5.30.2/Pod/Html.pm
./usr/lib/perl5/5.30.2/Pod/InputObjects.pm
./usr/lib/perl5/5.30.2/Pod/Man.pm
./usr/lib/perl5/5.30.2/Pod/ParseLink.pm
./usr/lib/perl5/5.30.2/Pod/ParseUtils.pm
./usr/lib/perl5/5.30.2/Pod/Parser.pm
./usr/lib/perl5/5.30.2/Pod/Perldoc
./usr/lib/perl5/5.30.2/Pod/Perldoc.pm
./usr/lib/perl5/5.30.2/Pod/Perldoc/BaseTo.pm
./usr/lib/perl5/5.30.2/Pod/Perldoc/GetOptsOO.pm
./usr/lib/perl5/5.30.2/Pod/Perldoc/ToANSI.pm
./usr/lib/perl5/5.30.2/Pod/Perldoc/ToChecker.pm
./usr/lib/perl5/5.30.2/Pod/Perldoc/ToMan.pm
./usr/lib/perl5/5.30.2/Pod/Perldoc/ToNroff.pm
./usr/lib/perl5/5.30.2/Pod/Perldoc/ToPod.pm
./usr/lib/perl5/5.30.2/Pod/Perldoc/ToRtf.pm
./usr/lib/perl5/5.30.2/Pod/Perldoc/ToTerm.pm
./usr/lib/perl5/5.30.2/Pod/Perldoc/ToText.pm
./usr/lib/perl5/5.30.2/Pod/Perldoc/ToTk.pm
./usr/lib/perl5/5.30.2/Pod/Perldoc/ToXml.pm
./usr/lib/perl5/5.30.2/Pod/PlainText.pm
./usr/lib/perl5/5.30.2/Pod/Select.pm
./usr/lib/perl5/5.30.2/Pod/Simple
./usr/lib/perl5/5.30.2/Pod/Simple.pm
./usr/lib/perl5/5.30.2/Pod/Simple.pod
./usr/lib/perl5/5.30.2/Pod/Simple/BlackBox.pm
./usr/lib/perl5/5.30.2/Pod/Simple/Checker.pm
./usr/lib/perl5/5.30.2/Pod/Simple/Debug.pm
./usr/lib/perl5/5.30.2/Pod/Simple/DumpAsText.pm
./usr/lib/perl5/5.30.2/Pod/Simple/DumpAsXML.pm
./usr/lib/perl5/5.30.2/Pod/Simple/HTML.pm
./usr/lib/perl5/5.30.2/Pod/Simple/HTMLBatch.pm
./usr/lib/perl5/5.30.2/Pod/Simple/HTMLLegacy.pm
./usr/lib/perl5/5.30.2/Pod/Simple/LinkSection.pm
./usr/lib/perl5/5.30.2/Pod/Simple/Methody.pm
./usr/lib/perl5/5.30.2/Pod/Simple/Progress.pm
./usr/lib/perl5/5.30.2/Pod/Simple/PullParser.pm
./usr/lib/perl5/5.30.2/Pod/Simple/PullParserEndToken.pm
./usr/lib/perl5/5.30.2/Pod/Simple/PullParserStartToken.pm
./usr/lib/perl5/5.30.2/Pod/Simple/PullParserTextToken.pm
./usr/lib/perl5/5.30.2/Pod/Simple/PullParserToken.pm
./usr/lib/perl5/5.30.2/Pod/Simple/RTF.pm
./usr/lib/perl5/5.30.2/Pod/Simple/Search.pm
./usr/lib/perl5/5.30.2/Pod/Simple/SimpleTree.pm
./usr/lib/perl5/5.30.2/Pod/Simple/Subclassing.pod
./usr/lib/perl5/5.30.2/Pod/Simple/Text.pm
./usr/lib/perl5/5.30.2/Pod/Simple/TextContent.pm
./usr/lib/perl5/5.30.2/Pod/Simple/TiedOutFH.pm
./usr/lib/perl5/5.30.2/Pod/Simple/Transcode.pm
./usr/lib/perl5/5.30.2/Pod/Simple/TranscodeDumb.pm
./usr/lib/perl5/5.30.2/Pod/Simple/TranscodeSmart.pm
./usr/lib/perl5/5.30.2/Pod/Simple/XHTML.pm
./usr/lib/perl5/5.30.2/Pod/Simple/XMLOutStream.pm
./usr/lib/perl5/5.30.2/Pod/Text
./usr/lib/perl5/5.30.2/Pod/Text.pm
./usr/lib/perl5/5.30.2/Pod/Text/Color.pm
./usr/lib/perl5/5.30.2/Pod/Text/Overstrike.pm
./usr/lib/perl5/5.30.2/Pod/Text/Termcap.pm
./usr/lib/perl5/5.30.2/Pod/Usage.pm
./usr/lib/perl5/5.30.2/Safe.pm
./usr/lib/perl5/5.30.2/Search
./usr/lib/perl5/5.30.2/Search/Dict.pm
./usr/lib/perl5/5.30.2/SelectSaver.pm
./usr/lib/perl5/5.30.2/SelfLoader.pm
./usr/lib/perl5/5.30.2/Symbol.pm
./usr/lib/perl5/5.30.2/TAP
./usr/lib/perl5/5.30.2/TAP/Base.pm
./usr/lib/perl5/5.30.2/TAP/Formatter
./usr/lib/perl5/5.30.2/TAP/Formatter/Base.pm
./usr/lib/perl5/5.30.2/TAP/Formatter/Color.pm
./usr/lib/perl5/5.30.2/TAP/Formatter/Console
./usr/lib/perl5/5.30.2/TAP/Formatter/Console.pm
./usr/lib/perl5/5.30.2/TAP/Formatter/Console/ParallelSession.pm
./usr/lib/perl5/5.30.2/TAP/Formatter/Console/Session.pm
./usr/lib/perl5/5.30.2/TAP/Formatter/File
./usr/lib/perl5/5.30.2/TAP/Formatter/File.pm
./usr/lib/perl5/5.30.2/TAP/Formatter/File/Session.pm
./usr/lib/perl5/5.30.2/TAP/Formatter/Session.pm
./usr/lib/perl5/5.30.2/TAP/Harness
./usr/lib/perl5/5.30.2/TAP/Harness.pm
./usr/lib/perl5/5.30.2/TAP/Harness/Beyond.pod
./usr/lib/perl5/5.30.2/TAP/Harness/Env.pm
./usr/lib/perl5/5.30.2/TAP/Object.pm
./usr/lib/perl5/5.30.2/TAP/Parser
./usr/lib/perl5/5.30.2/TAP/Parser.pm
./usr/lib/perl5/5.30.2/TAP/Parser/Aggregator.pm
./usr/lib/perl5/5.30.2/TAP/Parser/Grammar.pm
./usr/lib/perl5/5.30.2/TAP/Parser/Iterator
./usr/lib/perl5/5.30.2/TAP/Parser/Iterator.pm
./usr/lib/perl5/5.30.2/TAP/Parser/Iterator/Array.pm
./usr/lib/perl5/5.30.2/TAP/Parser/Iterator/Process.pm
./usr/lib/perl5/5.30.2/TAP/Parser/Iterator/Stream.pm
./usr/lib/perl5/5.30.2/TAP/Parser/IteratorFactory.pm
./usr/lib/perl5/5.30.2/TAP/Parser/Multiplexer.pm
./usr/lib/perl5/5.30.2/TAP/Parser/Result
./usr/lib/perl5/5.30.2/TAP/Parser/Result.pm
./usr/lib/perl5/5.30.2/TAP/Parser/Result/Bailout.pm
./usr/lib/perl5/5.30.2/TAP/Parser/Result/Comment.pm
./usr/lib/perl5/5.30.2/TAP/Parser/Result/Plan.pm
./usr/lib/perl5/5.30.2/TAP/Parser/Result/Pragma.pm
./usr/lib/perl5/5.30.2/TAP/Parser/Result/Test.pm
./usr/lib/perl5/5.30.2/TAP/Parser/Result/Unknown.pm
./usr/lib/perl5/5.30.2/TAP/Parser/Result/Version.pm
./usr/lib/perl5/5.30.2/TAP/Parser/Result/YAML.pm
./usr/lib/perl5/5.30.2/TAP/Parser/ResultFactory.pm
./usr/lib/perl5/5.30.2/TAP/Parser/Scheduler
./usr/lib/perl5/5.30.2/TAP/Parser/Scheduler.pm
./usr/lib/perl5/5.30.2/TAP/Parser/Scheduler/Job.pm
./usr/lib/perl5/5.30.2/TAP/Parser/Scheduler/Spinner.pm
./usr/lib/perl5/5.30.2/TAP/Parser/Source.pm
./usr/lib/perl5/5.30.2/TAP/Parser/SourceHandler
./usr/lib/perl5/5.30.2/TAP/Parser/SourceHandler.pm
./usr/lib/perl5/5.30.2/TAP/Parser/SourceHandler/Executable.pm
./usr/lib/perl5/5.30.2/TAP/Parser/SourceHandler/File.pm
./usr/lib/perl5/5.30.2/TAP/Parser/SourceHandler/Handle.pm
./usr/lib/perl5/5.30.2/TAP/Parser/SourceHandler/Perl.pm
./usr/lib/perl5/5.30.2/TAP/Parser/SourceHandler/RawTAP.pm
./usr/lib/perl5/5.30.2/TAP/Parser/YAMLish
./usr/lib/perl5/5.30.2/TAP/Parser/YAMLish/Reader.pm
./usr/lib/perl5/5.30.2/TAP/Parser/YAMLish/Writer.pm
./usr/lib/perl5/5.30.2/Term
./usr/lib/perl5/5.30.2/Term/ANSIColor.pm
./usr/lib/perl5/5.30.2/Term/Cap.pm
./usr/lib/perl5/5.30.2/Term/Complete.pm
./usr/lib/perl5/5.30.2/Term/ReadLine.pm
./usr/lib/perl5/5.30.2/Test
./usr/lib/perl5/5.30.2/Test.pm
./usr/lib/perl5/5.30.2/Test/Builder
./usr/lib/perl5/5.30.2/Test/Builder.pm
./usr/lib/perl5/5.30.2/Test/Builder/Formatter.pm
./usr/lib/perl5/5.30.2/Test/Builder/IO
./usr/lib/perl5/5.30.2/Test/Builder/IO/Scalar.pm
./usr/lib/perl5/5.30.2/Test/Builder/Module.pm
./usr/lib/perl5/5.30.2/Test/Builder/Tester
./usr/lib/perl5/5.30.2/Test/Builder/Tester.pm
./usr/lib/perl5/5.30.2/Test/Builder/Tester/Color.pm
./usr/lib/perl5/5.30.2/Test/Builder/TodoDiag.pm
./usr/lib/perl5/5.30.2/Test/Harness.pm
./usr/lib/perl5/5.30.2/Test/More.pm
./usr/lib/perl5/5.30.2/Test/Simple.pm
./usr/lib/perl5/5.30.2/Test/Tester
./usr/lib/perl5/5.30.2/Test/Tester.pm
./usr/lib/perl5/5.30.2/Test/Tester/Capture.pm
./usr/lib/perl5/5.30.2/Test/Tester/CaptureRunner.pm
./usr/lib/perl5/5.30.2/Test/Tester/Delegate.pm
./usr/lib/perl5/5.30.2/Test/Tutorial.pod
./usr/lib/perl5/5.30.2/Test/use
./usr/lib/perl5/5.30.2/Test/use/ok.pm
./usr/lib/perl5/5.30.2/Test2
./usr/lib/perl5/5.30.2/Test2.pm
./usr/lib/perl5/5.30.2/Test2/API
./usr/lib/perl5/5.30.2/Test2/API.pm
./usr/lib/perl5/5.30.2/Test2/API/Breakage.pm
./usr/lib/perl5/5.30.2/Test2/API/Context.pm
./usr/lib/perl5/5.30.2/Test2/API/Instance.pm
./usr/lib/perl5/5.30.2/Test2/API/Stack.pm
./usr/lib/perl5/5.30.2/Test2/Event
./usr/lib/perl5/5.30.2/Test2/Event.pm
./usr/lib/perl5/5.30.2/Test2/Event/Bail.pm
./usr/lib/perl5/5.30.2/Test2/Event/Diag.pm
./usr/lib/perl5/5.30.2/Test2/Event/Encoding.pm
./usr/lib/perl5/5.30.2/Test2/Event/Exception.pm
./usr/lib/perl5/5.30.2/Test2/Event/Fail.pm
./usr/lib/perl5/5.30.2/Test2/Event/Generic.pm
./usr/lib/perl5/5.30.2/Test2/Event/Note.pm
./usr/lib/perl5/5.30.2/Test2/Event/Ok.pm
./usr/lib/perl5/5.30.2/Test2/Event/Pass.pm
./usr/lib/perl5/5.30.2/Test2/Event/Plan.pm
./usr/lib/perl5/5.30.2/Test2/Event/Skip.pm
./usr/lib/perl5/5.30.2/Test2/Event/Subtest.pm
./usr/lib/perl5/5.30.2/Test2/Event/TAP
./usr/lib/perl5/5.30.2/Test2/Event/TAP/Version.pm
./usr/lib/perl5/5.30.2/Test2/Event/V2.pm
./usr/lib/perl5/5.30.2/Test2/Event/Waiting.pm
./usr/lib/perl5/5.30.2/Test2/EventFacet
./usr/lib/perl5/5.30.2/Test2/EventFacet.pm
./usr/lib/perl5/5.30.2/Test2/EventFacet/About.pm
./usr/lib/perl5/5.30.2/Test2/EventFacet/Amnesty.pm
./usr/lib/perl5/5.30.2/Test2/EventFacet/Assert.pm
./usr/lib/perl5/5.30.2/Test2/EventFacet/Control.pm
./usr/lib/perl5/5.30.2/Test2/EventFacet/Error.pm
./usr/lib/perl5/5.30.2/Test2/EventFacet/Hub.pm
./usr/lib/perl5/5.30.2/Test2/EventFacet/Info
./usr/lib/perl5/5.30.2/Test2/EventFacet/Info.pm
./usr/lib/perl5/5.30.2/Test2/EventFacet/Info/Table.pm
./usr/lib/perl5/5.30.2/Test2/EventFacet/Meta.pm
./usr/lib/perl5/5.30.2/Test2/EventFacet/Parent.pm
./usr/lib/perl5/5.30.2/Test2/EventFacet/Plan.pm
./usr/lib/perl5/5.30.2/Test2/EventFacet/Render.pm
./usr/lib/perl5/5.30.2/Test2/EventFacet/Trace.pm
./usr/lib/perl5/5.30.2/Test2/Formatter
./usr/lib/perl5/5.30.2/Test2/Formatter.pm
./usr/lib/perl5/5.30.2/Test2/Formatter/TAP.pm
./usr/lib/perl5/5.30.2/Test2/Hub
./usr/lib/perl5/5.30.2/Test2/Hub.pm
./usr/lib/perl5/5.30.2/Test2/Hub/Interceptor
./usr/lib/perl5/5.30.2/Test2/Hub/Interceptor.pm
./usr/lib/perl5/5.30.2/Test2/Hub/Interceptor/Terminator.pm
./usr/lib/perl5/5.30.2/Test2/Hub/Subtest.pm
./usr/lib/perl5/5.30.2/Test2/IPC
./usr/lib/perl5/5.30.2/Test2/IPC.pm
./usr/lib/perl5/5.30.2/Test2/IPC/Driver
./usr/lib/perl5/5.30.2/Test2/IPC/Driver.pm
./usr/lib/perl5/5.30.2/Test2/IPC/Driver/Files.pm
./usr/lib/perl5/5.30.2/Test2/Tools
./usr/lib/perl5/5.30.2/Test2/Tools/Tiny.pm
./usr/lib/perl5/5.30.2/Test2/Transition.pod
./usr/lib/perl5/5.30.2/Test2/Util
./usr/lib/perl5/5.30.2/Test2/Util.pm
./usr/lib/perl5/5.30.2/Test2/Util/ExternalMeta.pm
./usr/lib/perl5/5.30.2/Test2/Util/Facets2Legacy.pm
./usr/lib/perl5/5.30.2/Test2/Util/HashBase.pm
./usr/lib/perl5/5.30.2/Test2/Util/Trace.pm
./usr/lib/perl5/5.30.2/Text
./usr/lib/perl5/5.30.2/Text/Abbrev.pm
./usr/lib/perl5/5.30.2/Text/Balanced.pm
./usr/lib/perl5/5.30.2/Text/ParseWords.pm
./usr/lib/perl5/5.30.2/Text/Tabs.pm
./usr/lib/perl5/5.30.2/Text/Wrap.pm
./usr/lib/perl5/5.30.2/Thread
./usr/lib/perl5/5.30.2/Thread.pm
./usr/lib/perl5/5.30.2/Thread/Queue.pm
./usr/lib/perl5/5.30.2/Thread/Semaphore.pm
./usr/lib/perl5/5.30.2/Tie
./usr/lib/perl5/5.30.2/Tie/Array.pm
./usr/lib/perl5/5.30.2/Tie/File.pm
./usr/lib/perl5/5.30.2/Tie/Handle.pm
./usr/lib/perl5/5.30.2/Tie/Hash.pm
./usr/lib/perl5/5.30.2/Tie/Memoize.pm
./usr/lib/perl5/5.30.2/Tie/RefHash.pm
./usr/lib/perl5/5.30.2/Tie/Scalar.pm
./usr/lib/perl5/5.30.2/Tie/StdHandle.pm
./usr/lib/perl5/5.30.2/Tie/SubstrHash.pm
./usr/lib/perl5/5.30.2/Time
./usr/lib/perl5/5.30.2/Time/Local.pm
./usr/lib/perl5/5.30.2/Time/gmtime.pm
./usr/lib/perl5/5.30.2/Time/localtime.pm
./usr/lib/perl5/5.30.2/Time/tm.pm
./usr/lib/perl5/5.30.2/UNIVERSAL.pm
./usr/lib/perl5/5.30.2/Unicode
./usr/lib/perl5/5.30.2/Unicode/Collate
./usr/lib/perl5/5.30.2/Unicode/Collate/CJK
./usr/lib/perl5/5.30.2/Unicode/Collate/CJK/Big5.pm
./usr/lib/perl5/5.30.2/Unicode/Collate/CJK/GB2312.pm
./usr/lib/perl5/5.30.2/Unicode/Collate/CJK/JISX0208.pm
./usr/lib/perl5/5.30.2/Unicode/Collate/CJK/Korean.pm
./usr/lib/perl5/5.30.2/Unicode/Collate/CJK/Pinyin.pm
./usr/lib/perl5/5.30.2/Unicode/Collate/CJK/Stroke.pm
./usr/lib/perl5/5.30.2/Unicode/Collate/CJK/Zhuyin.pm
./usr/lib/perl5/5.30.2/Unicode/Collate/Locale
./usr/lib/perl5/5.30.2/Unicode/Collate/Locale/af.pl
./usr/lib/perl5/5.30.2/Unicode/Collate/Locale/ar.pl
./usr/lib/perl5/5.30.2/Unicode/Collate/Locale/as.pl
./usr/lib/perl5/5.30.2/Unicode/Collate/Locale/az.pl
./usr/lib/perl5/5.30.2/Unicode/Collate/Locale/be.pl
./usr/lib/perl5/5.30.2/Unicode/Collate/Locale/bn.pl
./usr/lib/perl5/5.30.2/Unicode/Collate/Locale/ca.pl
./usr/lib/perl5/5.30.2/Unicode/Collate/Locale/cs.pl
./usr/lib/perl5/5.30.2/Unicode/Collate/Locale/cu.pl
./usr/lib/perl5/5.30.2/Unicode/Collate/Locale/cy.pl
./usr/lib/perl5/5.30.2/Unicode/Collate/Locale/da.pl
./usr/lib/perl5/5.30.2/Unicode/Collate/Locale/de_at_ph.pl
./usr/lib/perl5/5.30.2/Unicode/Collate/Locale/de_phone.pl
./usr/lib/perl5/5.30.2/Unicode/Collate/Locale/dsb.pl
./usr/lib/perl5/5.30.2/Unicode/Collate/Locale/ee.pl
./usr/lib/perl5/5.30.2/Unicode/Collate/Locale/eo.pl
./usr/lib/perl5/5.30.2/Unicode/Collate/Locale/es.pl
./usr/lib/perl5/5.30.2/Unicode/Collate/Locale/es_trad.pl
./usr/lib/perl5/5.30.2/Unicode/Collate/Locale/et.pl
./usr/lib/perl5/5.30.2/Unicode/Collate/Locale/fa.pl
./usr/lib/perl5/5.30.2/Unicode/Collate/Locale/fi.pl
./usr/lib/perl5/5.30.2/Unicode/Collate/Locale/fi_phone.pl
./usr/lib/perl5/5.30.2/Unicode/Collate/Locale/fil.pl
./usr/lib/perl5/5.30.2/Unicode/Collate/Locale/fo.pl
./usr/lib/perl5/5.30.2/Unicode/Collate/Locale/fr_ca.pl
./usr/lib/perl5/5.30.2/Unicode/Collate/Locale/gu.pl
./usr/lib/perl5/5.30.2/Unicode/Collate/Locale/ha.pl
./usr/lib/perl5/5.30.2/Unicode/Collate/Locale/haw.pl
./usr/lib/perl5/5.30.2/Unicode/Collate/Locale/he.pl
./usr/lib/perl5/5.30.2/Unicode/Collate/Locale/hi.pl
./usr/lib/perl5/5.30.2/Unicode/Collate/Locale/hr.pl
./usr/lib/perl5/5.30.2/Unicode/Collate/Locale/hu.pl
./usr/lib/perl5/5.30.2/Unicode/Collate/Locale/hy.pl
./usr/lib/perl5/5.30.2/Unicode/Collate/Locale/ig.pl
./usr/lib/perl5/5.30.2/Unicode/Collate/Locale/is.pl
./usr/lib/perl5/5.30.2/Unicode/Collate/Locale/ja.pl
./usr/lib/perl5/5.30.2/Unicode/Collate/Locale/kk.pl
./usr/lib/perl5/5.30.2/Unicode/Collate/Locale/kl.pl
./usr/lib/perl5/5.30.2/Unicode/Collate/Locale/kn.pl
./usr/lib/perl5/5.30.2/Unicode/Collate/Locale/ko.pl
./usr/lib/perl5/5.30.2/Unicode/Collate/Locale/kok.pl
./usr/lib/perl5/5.30.2/Unicode/Collate/Locale/lkt.pl
./usr/lib/perl5/5.30.2/Unicode/Collate/Locale/ln.pl
./usr/lib/perl5/5.30.2/Unicode/Collate/Locale/lt.pl
./usr/lib/perl5/5.30.2/Unicode/Collate/Locale/lv.pl
./usr/lib/perl5/5.30.2/Unicode/Collate/Locale/mk.pl
./usr/lib/perl5/5.30.2/Unicode/Collate/Locale/ml.pl
./usr/lib/perl5/5.30.2/Unicode/Collate/Locale/mr.pl
./usr/lib/perl5/5.30.2/Unicode/Collate/Locale/mt.pl
./usr/lib/perl5/5.30.2/Unicode/Collate/Locale/nb.pl
./usr/lib/perl5/5.30.2/Unicode/Collate/Locale/nn.pl
./usr/lib/perl5/5.30.2/Unicode/Collate/Locale/nso.pl
./usr/lib/perl5/5.30.2/Unicode/Collate/Locale/om.pl
./usr/lib/perl5/5.30.2/Unicode/Collate/Locale/or.pl
./usr/lib/perl5/5.30.2/Unicode/Collate/Locale/pa.pl
./usr/lib/perl5/5.30.2/Unicode/Collate/Locale/pl.pl
./usr/lib/perl5/5.30.2/Unicode/Collate/Locale/ro.pl
./usr/lib/perl5/5.30.2/Unicode/Collate/Locale/sa.pl
./usr/lib/perl5/5.30.2/Unicode/Collate/Locale/se.pl
./usr/lib/perl5/5.30.2/Unicode/Collate/Locale/si.pl
./usr/lib/perl5/5.30.2/Unicode/Collate/Locale/si_dict.pl
./usr/lib/perl5/5.30.2/Unicode/Collate/Locale/sk.pl
./usr/lib/perl5/5.30.2/Unicode/Collate/Locale/sl.pl
./usr/lib/perl5/5.30.2/Unicode/Collate/Locale/sq.pl
./usr/lib/perl5/5.30.2/Unicode/Collate/Locale/sr.pl
./usr/lib/perl5/5.30.2/Unicode/Collate/Locale/sv.pl
./usr/lib/perl5/5.30.2/Unicode/Collate/Locale/sv_refo.pl
./usr/lib/perl5/5.30.2/Unicode/Collate/Locale/ta.pl
./usr/lib/perl5/5.30.2/Unicode/Collate/Locale/te.pl
./usr/lib/perl5/5.30.2/Unicode/Collate/Locale/th.pl
./usr/lib/perl5/5.30.2/Unicode/Collate/Locale/tn.pl
./usr/lib/perl5/5.30.2/Unicode/Collate/Locale/to.pl
./usr/lib/perl5/5.30.2/Unicode/Collate/Locale/tr.pl
./usr/lib/perl5/5.30.2/Unicode/Collate/Locale/ug_cyrl.pl
./usr/lib/perl5/5.30.2/Unicode/Collate/Locale/uk.pl
./usr/lib/perl5/5.30.2/Unicode/Collate/Locale/ur.pl
./usr/lib/perl5/5.30.2/Unicode/Collate/Locale/vi.pl
./usr/lib/perl5/5.30.2/Unicode/Collate/Locale/vo.pl
./usr/lib/perl5/5.30.2/Unicode/Collate/Locale/wae.pl
./usr/lib/perl5/5.30.2/Unicode/Collate/Locale/wo.pl
./usr/lib/perl5/5.30.2/Unicode/Collate/Locale/yo.pl
./usr/lib/perl5/5.30.2/Unicode/Collate/Locale/zh.pl
./usr/lib/perl5/5.30.2/Unicode/Collate/Locale/zh_big5.pl
./usr/lib/perl5/5.30.2/Unicode/Collate/Locale/zh_gb.pl
./usr/lib/perl5/5.30.2/Unicode/Collate/Locale/zh_pin.pl
./usr/lib/perl5/5.30.2/Unicode/Collate/Locale/zh_strk.pl
./usr/lib/perl5/5.30.2/Unicode/Collate/Locale/zh_zhu.pl
./usr/lib/perl5/5.30.2/Unicode/Collate/allkeys.txt
./usr/lib/perl5/5.30.2/Unicode/Collate/keys.txt
./usr/lib/perl5/5.30.2/Unicode/UCD.pm
./usr/lib/perl5/5.30.2/User
./usr/lib/perl5/5.30.2/User/grent.pm
./usr/lib/perl5/5.30.2/User/pwent.pm
./usr/lib/perl5/5.30.2/XSLoader.pm
./usr/lib/perl5/5.30.2/_charnames.pm
./usr/lib/perl5/5.30.2/arm-linux
./usr/lib/perl5/5.30.2/arm-linux/.packlist
./usr/lib/perl5/5.30.2/arm-linux/B
./usr/lib/perl5/5.30.2/arm-linux/B.pm
./usr/lib/perl5/5.30.2/arm-linux/B/Concise.pm
./usr/lib/perl5/5.30.2/arm-linux/B/Showlex.pm
./usr/lib/perl5/5.30.2/arm-linux/B/Terse.pm
./usr/lib/perl5/5.30.2/arm-linux/B/Xref.pm
./usr/lib/perl5/5.30.2/arm-linux/CORE
./usr/lib/perl5/5.30.2/arm-linux/CORE/EXTERN.h
./usr/lib/perl5/5.30.2/arm-linux/CORE/INTERN.h
./usr/lib/perl5/5.30.2/arm-linux/CORE/XSUB.h
./usr/lib/perl5/5.30.2/arm-linux/CORE/av.h
./usr/lib/perl5/5.30.2/arm-linux/CORE/bitcount.h
./usr/lib/perl5/5.30.2/arm-linux/CORE/charclass_invlists.h
./usr/lib/perl5/5.30.2/arm-linux/CORE/config.h
./usr/lib/perl5/5.30.2/arm-linux/CORE/cop.h
./usr/lib/perl5/5.30.2/arm-linux/CORE/cv.h
./usr/lib/perl5/5.30.2/arm-linux/CORE/dosish.h
./usr/lib/perl5/5.30.2/arm-linux/CORE/dquote_inline.h
./usr/lib/perl5/5.30.2/arm-linux/CORE/ebcdic_tables.h
./usr/lib/perl5/5.30.2/arm-linux/CORE/embed.h
./usr/lib/perl5/5.30.2/arm-linux/CORE/embedvar.h
./usr/lib/perl5/5.30.2/arm-linux/CORE/fakesdio.h
./usr/lib/perl5/5.30.2/arm-linux/CORE/feature.h
./usr/lib/perl5/5.30.2/arm-linux/CORE/form.h
./usr/lib/perl5/5.30.2/arm-linux/CORE/git_version.h
./usr/lib/perl5/5.30.2/arm-linux/CORE/gv.h
./usr/lib/perl5/5.30.2/arm-linux/CORE/handy.h
./usr/lib/perl5/5.30.2/arm-linux/CORE/hv.h
./usr/lib/perl5/5.30.2/arm-linux/CORE/hv_func.h
./usr/lib/perl5/5.30.2/arm-linux/CORE/hv_macro.h
./usr/lib/perl5/5.30.2/arm-linux/CORE/inline.h
./usr/lib/perl5/5.30.2/arm-linux/CORE/intrpvar.h
./usr/lib/perl5/5.30.2/arm-linux/CORE/invlist_inline.h
./usr/lib/perl5/5.30.2/arm-linux/CORE/iperlsys.h
./usr/lib/perl5/5.30.2/arm-linux/CORE/keywords.h
./usr/lib/perl5/5.30.2/arm-linux/CORE/l1_char_class_tab.h
./usr/lib/perl5/5.30.2/arm-linux/CORE/malloc_ctl.h
./usr/lib/perl5/5.30.2/arm-linux/CORE/metaconfig.h
./usr/lib/perl5/5.30.2/arm-linux/CORE/mg.h
./usr/lib/perl5/5.30.2/arm-linux/CORE/mg_data.h
./usr/lib/perl5/5.30.2/arm-linux/CORE/mg_raw.h
./usr/lib/perl5/5.30.2/arm-linux/CORE/mg_vtable.h
./usr/lib/perl5/5.30.2/arm-linux/CORE/mydtrace.h
./usr/lib/perl5/5.30.2/arm-linux/CORE/nostdio.h
./usr/lib/perl5/5.30.2/arm-linux/CORE/op.h
./usr/lib/perl5/5.30.2/arm-linux/CORE/op_reg_common.h
./usr/lib/perl5/5.30.2/arm-linux/CORE/opcode.h
./usr/lib/perl5/5.30.2/arm-linux/CORE/opnames.h
./usr/lib/perl5/5.30.2/arm-linux/CORE/overload.h
./usr/lib/perl5/5.30.2/arm-linux/CORE/pad.h
./usr/lib/perl5/5.30.2/arm-linux/CORE/parser.h
./usr/lib/perl5/5.30.2/arm-linux/CORE/patchlevel.h
./usr/lib/perl5/5.30.2/arm-linux/CORE/perl.h
./usr/lib/perl5/5.30.2/arm-linux/CORE/perl_inc_macro.h
./usr/lib/perl5/5.30.2/arm-linux/CORE/perl_langinfo.h
./usr/lib/perl5/5.30.2/arm-linux/CORE/perlapi.h
./usr/lib/perl5/5.30.2/arm-linux/CORE/perlio.h
./usr/lib/perl5/5.30.2/arm-linux/CORE/perliol.h
./usr/lib/perl5/5.30.2/arm-linux/CORE/perlsdio.h
./usr/lib/perl5/5.30.2/arm-linux/CORE/perlvars.h
./usr/lib/perl5/5.30.2/arm-linux/CORE/perly.h
./usr/lib/perl5/5.30.2/arm-linux/CORE/pp.h
./usr/lib/perl5/5.30.2/arm-linux/CORE/pp_proto.h
./usr/lib/perl5/5.30.2/arm-linux/CORE/proto.h
./usr/lib/perl5/5.30.2/arm-linux/CORE/reentr.h
./usr/lib/perl5/5.30.2/arm-linux/CORE/regcharclass.h
./usr/lib/perl5/5.30.2/arm-linux/CORE/regcomp.h
./usr/lib/perl5/5.30.2/arm-linux/CORE/regexp.h
./usr/lib/perl5/5.30.2/arm-linux/CORE/regnodes.h
./usr/lib/perl5/5.30.2/arm-linux/CORE/sbox32_hash.h
./usr/lib/perl5/5.30.2/arm-linux/CORE/scope.h
./usr/lib/perl5/5.30.2/arm-linux/CORE/stadtx_hash.h
./usr/lib/perl5/5.30.2/arm-linux/CORE/sv.h
./usr/lib/perl5/5.30.2/arm-linux/CORE/thread.h
./usr/lib/perl5/5.30.2/arm-linux/CORE/time64.h
./usr/lib/perl5/5.30.2/arm-linux/CORE/time64_config.h
./usr/lib/perl5/5.30.2/arm-linux/CORE/try.h
./usr/lib/perl5/5.30.2/arm-linux/CORE/uconfig.h
./usr/lib/perl5/5.30.2/arm-linux/CORE/uni_keywords.h
./usr/lib/perl5/5.30.2/arm-linux/CORE/unicode_constants.h
./usr/lib/perl5/5.30.2/arm-linux/CORE/unixish.h
./usr/lib/perl5/5.30.2/arm-linux/CORE/utf8.h
./usr/lib/perl5/5.30.2/arm-linux/CORE/utfebcdic.h
./usr/lib/perl5/5.30.2/arm-linux/CORE/util.h
./usr/lib/perl5/5.30.2/arm-linux/CORE/uudmap.h
./usr/lib/perl5/5.30.2/arm-linux/CORE/vutil.h
./usr/lib/perl5/5.30.2/arm-linux/CORE/warnings.h
./usr/lib/perl5/5.30.2/arm-linux/CORE/xconfig.h
./usr/lib/perl5/5.30.2/arm-linux/CORE/zaphod32_hash.h
./usr/lib/perl5/5.30.2/arm-linux/Compress
./usr/lib/perl5/5.30.2/arm-linux/Compress/Raw
./usr/lib/perl5/5.30.2/arm-linux/Compress/Raw/Bzip2.pm
./usr/lib/perl5/5.30.2/arm-linux/Compress/Raw/Zlib.pm
./usr/lib/perl5/5.30.2/arm-linux/Config.pm
./usr/lib/perl5/5.30.2/arm-linux/Config.pod
./usr/lib/perl5/5.30.2/arm-linux/Config_git.pl
./usr/lib/perl5/5.30.2/arm-linux/Config_heavy.pl
./usr/lib/perl5/5.30.2/arm-linux/Cwd.pm
./usr/lib/perl5/5.30.2/arm-linux/DB_File.pm
./usr/lib/perl5/5.30.2/arm-linux/Data/Dumper.pm
./usr/lib/perl5/5.30.2/arm-linux/Devel
./usr/lib/perl5/5.30.2/arm-linux/Devel/PPPort.pm
./usr/lib/perl5/5.30.2/arm-linux/Devel/Peek.pm
./usr/lib/perl5/5.30.2/arm-linux/Digest
./usr/lib/perl5/5.30.2/arm-linux/Digest/MD5.pm
./usr/lib/perl5/5.30.2/arm-linux/Digest/SHA.pm
./usr/lib/perl5/5.30.2/arm-linux/DynaLoader.pm
./usr/lib/perl5/5.30.2/arm-linux/Encode
./usr/lib/perl5/5.30.2/arm-linux/Encode.pm
./usr/lib/perl5/5.30.2/arm-linux/Encode/Alias.pm
./usr/lib/perl5/5.30.2/arm-linux/Encode/Byte.pm
./usr/lib/perl5/5.30.2/arm-linux/Encode/CJKConstants.pm
./usr/lib/perl5/5.30.2/arm-linux/Encode/CN
./usr/lib/perl5/5.30.2/arm-linux/Encode/CN.pm
./usr/lib/perl5/5.30.2/arm-linux/Encode/CN/HZ.pm
./usr/lib/perl5/5.30.2/arm-linux/Encode/Config.pm
./usr/lib/perl5/5.30.2/arm-linux/Encode/EBCDIC.pm
./usr/lib/perl5/5.30.2/arm-linux/Encode/Encoder.pm
./usr/lib/perl5/5.30.2/arm-linux/Encode/Encoding.pm
./usr/lib/perl5/5.30.2/arm-linux/Encode/GSM0338.pm
./usr/lib/perl5/5.30.2/arm-linux/Encode/Guess.pm
./usr/lib/perl5/5.30.2/arm-linux/Encode/JP
./usr/lib/perl5/5.30.2/arm-linux/Encode/JP.pm
./usr/lib/perl5/5.30.2/arm-linux/Encode/JP/H2Z.pm
./usr/lib/perl5/5.30.2/arm-linux/Encode/JP/JIS7.pm
./usr/lib/perl5/5.30.2/arm-linux/Encode/KR
./usr/lib/perl5/5.30.2/arm-linux/Encode/KR.pm
./usr/lib/perl5/5.30.2/arm-linux/Encode/KR/2022_KR.pm
./usr/lib/perl5/5.30.2/arm-linux/Encode/MIME
./usr/lib/perl5/5.30.2/arm-linux/Encode/MIME/Header
./usr/lib/perl5/5.30.2/arm-linux/Encode/MIME/Header.pm
./usr/lib/perl5/5.30.2/arm-linux/Encode/MIME/Header/ISO_2022_JP.pm
./usr/lib/perl5/5.30.2/arm-linux/Encode/MIME/Name.pm
./usr/lib/perl5/5.30.2/arm-linux/Encode/Symbol.pm
./usr/lib/perl5/5.30.2/arm-linux/Encode/TW.pm
./usr/lib/perl5/5.30.2/arm-linux/Encode/Unicode
./usr/lib/perl5/5.30.2/arm-linux/Encode/Unicode.pm
./usr/lib/perl5/5.30.2/arm-linux/Encode/Unicode/UTF7.pm
./usr/lib/perl5/5.30.2/arm-linux/Errno.pm
./usr/lib/perl5/5.30.2/arm-linux/Fcntl.pm
./usr/lib/perl5/5.30.2/arm-linux/File
./usr/lib/perl5/5.30.2/arm-linux/File/DosGlob.pm
./usr/lib/perl5/5.30.2/arm-linux/File/Glob.pm
./usr/lib/perl5/5.30.2/arm-linux/File/Spec
./usr/lib/perl5/5.30.2/arm-linux/File/Spec.pm
./usr/lib/perl5/5.30.2/arm-linux/File/Spec/AmigaOS.pm
./usr/lib/perl5/5.30.2/arm-linux/File/Spec/Cygwin.pm
./usr/lib/perl5/5.30.2/arm-linux/File/Spec/Epoc.pm
./usr/lib/perl5/5.30.2/arm-linux/File/Spec/Functions.pm
./usr/lib/perl5/5.30.2/arm-linux/File/Spec/Mac.pm
./usr/lib/perl5/5.30.2/arm-linux/File/Spec/OS2.pm
./usr/lib/perl5/5.30.2/arm-linux/File/Spec/Unix.pm
./usr/lib/perl5/5.30.2/arm-linux/File/Spec/VMS.pm
./usr/lib/perl5/5.30.2/arm-linux/File/Spec/Win32.pm
./usr/lib/perl5/5.30.2/arm-linux/Filter
./usr/lib/perl5/5.30.2/arm-linux/Filter/Util
./usr/lib/perl5/5.30.2/arm-linux/Filter/Util/Call.pm
./usr/lib/perl5/5.30.2/arm-linux/GDBM_File.pm
./usr/lib/perl5/5.30.2/arm-linux/Hash
./usr/lib/perl5/5.30.2/arm-linux/Hash/Util
./usr/lib/perl5/5.30.2/arm-linux/Hash/Util.pm
./usr/lib/perl5/5.30.2/arm-linux/Hash/Util/FieldHash.pm
./usr/lib/perl5/5.30.2/arm-linux/I18N
./usr/lib/perl5/5.30.2/arm-linux/I18N/Langinfo.pm
./usr/lib/perl5/5.30.2/arm-linux/IO
./usr/lib/perl5/5.30.2/arm-linux/IO.pm
./usr/lib/perl5/5.30.2/arm-linux/IO/Dir.pm
./usr/lib/perl5/5.30.2/arm-linux/IO/File.pm
./usr/lib/perl5/5.30.2/arm-linux/IO/Handle.pm
./usr/lib/perl5/5.30.2/arm-linux/IO/Pipe.pm
./usr/lib/perl5/5.30.2/arm-linux/IO/Poll.pm
./usr/lib/perl5/5.30.2/arm-linux/IO/Seekable.pm
./usr/lib/perl5/5.30.2/arm-linux/IO/Select.pm
./usr/lib/perl5/5.30.2/arm-linux/IO/Socket
./usr/lib/perl5/5.30.2/arm-linux/IO/Socket.pm
./usr/lib/perl5/5.30.2/arm-linux/IO/Socket/INET.pm
./usr/lib/perl5/5.30.2/arm-linux/IO/Socket/UNIX.pm
./usr/lib/perl5/5.30.2/arm-linux/IPC
./usr/lib/perl5/5.30.2/arm-linux/IPC/Msg.pm
./usr/lib/perl5/5.30.2/arm-linux/IPC/Semaphore.pm
./usr/lib/perl5/5.30.2/arm-linux/IPC/SharedMem.pm
./usr/lib/perl5/5.30.2/arm-linux/IPC/SysV.pm
./usr/lib/perl5/5.30.2/arm-linux/List
./usr/lib/perl5/5.30.2/arm-linux/List/Util
./usr/lib/perl5/5.30.2/arm-linux/List/Util.pm
./usr/lib/perl5/5.30.2/arm-linux/List/Util/XS.pm
./usr/lib/perl5/5.30.2/arm-linux/MIME
./usr/lib/perl5/5.30.2/arm-linux/MIME/Base64.pm
./usr/lib/perl5/5.30.2/arm-linux/MIME/QuotedPrint.pm
./usr/lib/perl5/5.30.2/arm-linux/Math
./usr/lib/perl5/5.30.2/arm-linux/Math/BigInt
./usr/lib/perl5/5.30.2/arm-linux/Math/BigInt/FastCalc.pm
./usr/lib/perl5/5.30.2/arm-linux/O.pm
./usr/lib/perl5/5.30.2/arm-linux/Opcode.pm
./usr/lib/perl5/5.30.2/arm-linux/POSIX.pm
./usr/lib/perl5/5.30.2/arm-linux/POSIX.pod
./usr/lib/perl5/5.30.2/arm-linux/PerlIO
./usr/lib/perl5/5.30.2/arm-linux/PerlIO/encoding.pm
./usr/lib/perl5/5.30.2/arm-linux/PerlIO/mmap.pm
./usr/lib/perl5/5.30.2/arm-linux/PerlIO/scalar.pm
./usr/lib/perl5/5.30.2/arm-linux/PerlIO/via.pm
./usr/lib/perl5/5.30.2/arm-linux/SDBM_File.pm
./usr/lib/perl5/5.30.2/arm-linux/Scalar
./usr/lib/perl5/5.30.2/arm-linux/Scalar/Util.pm
./usr/lib/perl5/5.30.2/arm-linux/Socket.pm
./usr/lib/perl5/5.30.2/arm-linux/Storable.pm
./usr/lib/perl5/5.30.2/arm-linux/Sub
./usr/lib/perl5/5.30.2/arm-linux/Sub/Util.pm
./usr/lib/perl5/5.30.2/arm-linux/Sys
./usr/lib/perl5/5.30.2/arm-linux/Sys/Hostname.pm
./usr/lib/perl5/5.30.2/arm-linux/Sys/Syslog.pm
./usr/lib/perl5/5.30.2/arm-linux/Tie
./usr/lib/perl5/5.30.2/arm-linux/Tie/Hash
./usr/lib/perl5/5.30.2/arm-linux/Tie/Hash/NamedCapture.pm
./usr/lib/perl5/5.30.2/arm-linux/Time
./usr/lib/perl5/5.30.2/arm-linux/Time/HiRes.pm
./usr/lib/perl5/5.30.2/arm-linux/Time/Piece.pm
./usr/lib/perl5/5.30.2/arm-linux/Time/Seconds.pm
./usr/lib/perl5/5.30.2/arm-linux/Unicode
./usr/lib/perl5/5.30.2/arm-linux/Unicode/Collate
./usr/lib/perl5/5.30.2/arm-linux/Unicode/Collate.pm
./usr/lib/perl5/5.30.2/arm-linux/Unicode/Collate/Locale.pm
./usr/lib/perl5/5.30.2/arm-linux/Unicode/Normalize.pm
./usr/lib/perl5/5.30.2/arm-linux/attributes.pm
./usr/lib/perl5/5.30.2/arm-linux/auto
./usr/lib/perl5/5.30.2/arm-linux/auto/B
./usr/lib/perl5/5.30.2/arm-linux/auto/B/B.so
./usr/lib/perl5/5.30.2/arm-linux/auto/Compress
./usr/lib/perl5/5.30.2/arm-linux/auto/Compress/Raw
./usr/lib/perl5/5.30.2/arm-linux/auto/Compress/Raw/Bzip2
./usr/lib/perl5/5.30.2/arm-linux/auto/Compress/Raw/Bzip2/Bzip2.so
./usr/lib/perl5/5.30.2/arm-linux/auto/Compress/Raw/Zlib
./usr/lib/perl5/5.30.2/arm-linux/auto/Compress/Raw/Zlib/Zlib.so
./usr/lib/perl5/5.30.2/arm-linux/auto/Cwd
./usr/lib/perl5/5.30.2/arm-linux/auto/Cwd/Cwd.so
./usr/lib/perl5/5.30.2/arm-linux/auto/DB_File
./usr/lib/perl5/5.30.2/arm-linux/auto/DB_File/DB_File.so
./usr/lib/perl5/5.30.2/arm-linux/auto/Data/Dumper
./usr/lib/perl5/5.30.2/arm-linux/auto/Data/Dumper/Dumper.so
./usr/lib/perl5/5.30.2/arm-linux/auto/Devel
./usr/lib/perl5/5.30.2/arm-linux/auto/Devel/Peek
./usr/lib/perl5/5.30.2/arm-linux/auto/Devel/Peek/Peek.so
./usr/lib/perl5/5.30.2/arm-linux/auto/Digest
./usr/lib/perl5/5.30.2/arm-linux/auto/Digest/MD5
./usr/lib/perl5/5.30.2/arm-linux/auto/Digest/MD5/MD5.so
./usr/lib/perl5/5.30.2/arm-linux/auto/Digest/SHA
./usr/lib/perl5/5.30.2/arm-linux/auto/Digest/SHA/SHA.so
./usr/lib/perl5/5.30.2/arm-linux/auto/Encode
./usr/lib/perl5/5.30.2/arm-linux/auto/Encode/Byte
./usr/lib/perl5/5.30.2/arm-linux/auto/Encode/Byte/Byte.so
./usr/lib/perl5/5.30.2/arm-linux/auto/Encode/CN
./usr/lib/perl5/5.30.2/arm-linux/auto/Encode/CN/CN.so
./usr/lib/perl5/5.30.2/arm-linux/auto/Encode/EBCDIC
./usr/lib/perl5/5.30.2/arm-linux/auto/Encode/EBCDIC/EBCDIC.so
./usr/lib/perl5/5.30.2/arm-linux/auto/Encode/Encode.so
./usr/lib/perl5/5.30.2/arm-linux/auto/Encode/JP
./usr/lib/perl5/5.30.2/arm-linux/auto/Encode/JP/JP.so
./usr/lib/perl5/5.30.2/arm-linux/auto/Encode/KR
./usr/lib/perl5/5.30.2/arm-linux/auto/Encode/KR/KR.so
./usr/lib/perl5/5.30.2/arm-linux/auto/Encode/Symbol
./usr/lib/perl5/5.30.2/arm-linux/auto/Encode/Symbol/Symbol.so
./usr/lib/perl5/5.30.2/arm-linux/auto/Encode/TW
./usr/lib/perl5/5.30.2/arm-linux/auto/Encode/TW/TW.so
./usr/lib/perl5/5.30.2/arm-linux/auto/Encode/Unicode
./usr/lib/perl5/5.30.2/arm-linux/auto/Encode/Unicode/Unicode.so
./usr/lib/perl5/5.30.2/arm-linux/auto/Fcntl
./usr/lib/perl5/5.30.2/arm-linux/auto/Fcntl/Fcntl.so
./usr/lib/perl5/5.30.2/arm-linux/auto/File
./usr/lib/perl5/5.30.2/arm-linux/auto/File/DosGlob
./usr/lib/perl5/5.30.2/arm-linux/auto/File/DosGlob/DosGlob.so
./usr/lib/perl5/5.30.2/arm-linux/auto/File/Glob
./usr/lib/perl5/5.30.2/arm-linux/auto/File/Glob/Glob.so
./usr/lib/perl5/5.30.2/arm-linux/auto/Filter
./usr/lib/perl5/5.30.2/arm-linux/auto/Filter/Util
./usr/lib/perl5/5.30.2/arm-linux/auto/Filter/Util/Call
./usr/lib/perl5/5.30.2/arm-linux/auto/Filter/Util/Call/Call.so
./usr/lib/perl5/5.30.2/arm-linux/auto/GDBM_File
./usr/lib/perl5/5.30.2/arm-linux/auto/GDBM_File/GDBM_File.so
./usr/lib/perl5/5.30.2/arm-linux/auto/Hash
./usr/lib/perl5/5.30.2/arm-linux/auto/Hash/Util
./usr/lib/perl5/5.30.2/arm-linux/auto/Hash/Util/FieldHash
./usr/lib/perl5/5.30.2/arm-linux/auto/Hash/Util/FieldHash/FieldHash.so
./usr/lib/perl5/5.30.2/arm-linux/auto/Hash/Util/Util.so
./usr/lib/perl5/5.30.2/arm-linux/auto/I18N
./usr/lib/perl5/5.30.2/arm-linux/auto/I18N/Langinfo
./usr/lib/perl5/5.30.2/arm-linux/auto/I18N/Langinfo/Langinfo.so
./usr/lib/perl5/5.30.2/arm-linux/auto/IO
./usr/lib/perl5/5.30.2/arm-linux/auto/IO/IO.so
./usr/lib/perl5/5.30.2/arm-linux/auto/IPC
./usr/lib/perl5/5.30.2/arm-linux/auto/IPC/SysV
./usr/lib/perl5/5.30.2/arm-linux/auto/IPC/SysV/SysV.so
./usr/lib/perl5/5.30.2/arm-linux/auto/List
./usr/lib/perl5/5.30.2/arm-linux/auto/List/Util
./usr/lib/perl5/5.30.2/arm-linux/auto/List/Util/Util.so
./usr/lib/perl5/5.30.2/arm-linux/auto/MIME
./usr/lib/perl5/5.30.2/arm-linux/auto/MIME/Base64
./usr/lib/perl5/5.30.2/arm-linux/auto/MIME/Base64/Base64.so
./usr/lib/perl5/5.30.2/arm-linux/auto/Math
./usr/lib/perl5/5.30.2/arm-linux/auto/Math/BigInt
./usr/lib/perl5/5.30.2/arm-linux/auto/Math/BigInt/FastCalc
./usr/lib/perl5/5.30.2/arm-linux/auto/Math/BigInt/FastCalc/FastCalc.so
./usr/lib/perl5/5.30.2/arm-linux/auto/Opcode
./usr/lib/perl5/5.30.2/arm-linux/auto/Opcode/Opcode.so
./usr/lib/perl5/5.30.2/arm-linux/auto/POSIX
./usr/lib/perl5/5.30.2/arm-linux/auto/POSIX/POSIX.so
./usr/lib/perl5/5.30.2/arm-linux/auto/PerlIO
./usr/lib/perl5/5.30.2/arm-linux/auto/PerlIO/encoding
./usr/lib/perl5/5.30.2/arm-linux/auto/PerlIO/encoding/encoding.so
./usr/lib/perl5/5.30.2/arm-linux/auto/PerlIO/mmap
./usr/lib/perl5/5.30.2/arm-linux/auto/PerlIO/mmap/mmap.so
./usr/lib/perl5/5.30.2/arm-linux/auto/PerlIO/scalar
./usr/lib/perl5/5.30.2/arm-linux/auto/PerlIO/scalar/scalar.so
./usr/lib/perl5/5.30.2/arm-linux/auto/PerlIO/via/via.so
./usr/lib/perl5/5.30.2/arm-linux/auto/SDBM_File
./usr/lib/perl5/5.30.2/arm-linux/auto/SDBM_File/SDBM_File.so
./usr/lib/perl5/5.30.2/arm-linux/auto/Socket
./usr/lib/perl5/5.30.2/arm-linux/auto/Socket/Socket.so
./usr/lib/perl5/5.30.2/arm-linux/auto/Storable
./usr/lib/perl5/5.30.2/arm-linux/auto/Storable/Storable.so
./usr/lib/perl5/5.30.2/arm-linux/auto/Sys
./usr/lib/perl5/5.30.2/arm-linux/auto/Sys/Hostname
./usr/lib/perl5/5.30.2/arm-linux/auto/Sys/Hostname/Hostname.so
./usr/lib/perl5/5.30.2/arm-linux/auto/Sys/Syslog
./usr/lib/perl5/5.30.2/arm-linux/auto/Sys/Syslog/Syslog.so
./usr/lib/perl5/5.30.2/arm-linux/auto/Tie
./usr/lib/perl5/5.30.2/arm-linux/auto/Tie/Hash
./usr/lib/perl5/5.30.2/arm-linux/auto/Tie/Hash/NamedCapture
./usr/lib/perl5/5.30.2/arm-linux/auto/Tie/Hash/NamedCapture/NamedCapture.so
./usr/lib/perl5/5.30.2/arm-linux/auto/Time
./usr/lib/perl5/5.30.2/arm-linux/auto/Time/HiRes
./usr/lib/perl5/5.30.2/arm-linux/auto/Time/HiRes/HiRes.so
./usr/lib/perl5/5.30.2/arm-linux/auto/Time/Piece
./usr/lib/perl5/5.30.2/arm-linux/auto/Time/Piece/Piece.so
./usr/lib/perl5/5.30.2/arm-linux/auto/Unicode
./usr/lib/perl5/5.30.2/arm-linux/auto/Unicode/Collate
./usr/lib/perl5/5.30.2/arm-linux/auto/Unicode/Collate/Collate.so
./usr/lib/perl5/5.30.2/arm-linux/auto/Unicode/Normalize
./usr/lib/perl5/5.30.2/arm-linux/auto/Unicode/Normalize/Normalize.so
./usr/lib/perl5/5.30.2/arm-linux/auto/attributes
./usr/lib/perl5/5.30.2/arm-linux/auto/attributes/attributes.so
./usr/lib/perl5/5.30.2/arm-linux/auto/mro
./usr/lib/perl5/5.30.2/arm-linux/auto/mro/mro.so
./usr/lib/perl5/5.30.2/arm-linux/auto/re
./usr/lib/perl5/5.30.2/arm-linux/auto/re/re.so
./usr/lib/perl5/5.30.2/arm-linux/auto/threads
./usr/lib/perl5/5.30.2/arm-linux/auto/threads/shared
./usr/lib/perl5/5.30.2/arm-linux/auto/threads/shared/shared.so
./usr/lib/perl5/5.30.2/arm-linux/auto/threads/threads.so
./usr/lib/perl5/5.30.2/arm-linux/encoding.pm
./usr/lib/perl5/5.30.2/arm-linux/lib.pm
./usr/lib/perl5/5.30.2/arm-linux/mro.pm
./usr/lib/perl5/5.30.2/arm-linux/ops.pm
./usr/lib/perl5/5.30.2/arm-linux/re.pm
./usr/lib/perl5/5.30.2/arm-linux/threads
./usr/lib/perl5/5.30.2/arm-linux/threads.pm
./usr/lib/perl5/5.30.2/arm-linux/threads/shared.pm
./usr/lib/perl5/5.30.2/autodie
./usr/lib/perl5/5.30.2/autodie.pm
./usr/lib/perl5/5.30.2/autodie/Scope
./usr/lib/perl5/5.30.2/autodie/Scope/Guard.pm
./usr/lib/perl5/5.30.2/autodie/Scope/GuardStack.pm
./usr/lib/perl5/5.30.2/autodie/Util.pm
./usr/lib/perl5/5.30.2/autodie/exception
./usr/lib/perl5/5.30.2/autodie/exception.pm
./usr/lib/perl5/5.30.2/autodie/exception/system.pm
./usr/lib/perl5/5.30.2/autodie/hints.pm
./usr/lib/perl5/5.30.2/autodie/skip.pm
./usr/lib/perl5/5.30.2/autouse.pm
./usr/lib/perl5/5.30.2/base.pm
./usr/lib/perl5/5.30.2/bigint.pm
./usr/lib/perl5/5.30.2/bignum.pm
./usr/lib/perl5/5.30.2/bigrat.pm
./usr/lib/perl5/5.30.2/blib.pm
./usr/lib/perl5/5.30.2/bytes.pm
./usr/lib/perl5/5.30.2/bytes_heavy.pl
./usr/lib/perl5/5.30.2/charnames.pm
./usr/lib/perl5/5.30.2/constant.pm
./usr/lib/perl5/5.30.2/deprecate.pm
./usr/lib/perl5/5.30.2/diagnostics.pm
./usr/lib/perl5/5.30.2/dumpvar.pl
./usr/lib/perl5/5.30.2/encoding
./usr/lib/perl5/5.30.2/encoding/warnings.pm
./usr/lib/perl5/5.30.2/experimental.pm
./usr/lib/perl5/5.30.2/feature.pm
./usr/lib/perl5/5.30.2/fields.pm
./usr/lib/perl5/5.30.2/filetest.pm
./usr/lib/perl5/5.30.2/if.pm
./usr/lib/perl5/5.30.2/integer.pm
./usr/lib/perl5/5.30.2/less.pm
./usr/lib/perl5/5.30.2/locale.pm
./usr/lib/perl5/5.30.2/meta_notation.pm
./usr/lib/perl5/5.30.2/ok.pm
./usr/lib/perl5/5.30.2/open.pm
./usr/lib/perl5/5.30.2/overload
./usr/lib/perl5/5.30.2/overload.pm
./usr/lib/perl5/5.30.2/overload/numbers.pm
./usr/lib/perl5/5.30.2/overloading.pm
./usr/lib/perl5/5.30.2/parent.pm
./usr/lib/perl5/5.30.2/perl5db.pl
./usr/lib/perl5/5.30.2/perlfaq.pm
./usr/lib/perl5/5.30.2/pod
./usr/lib/perl5/5.30.2/pod/perl.pod
./usr/lib/perl5/5.30.2/pod/perl5004delta.pod
./usr/lib/perl5/5.30.2/pod/perl5005delta.pod
./usr/lib/perl5/5.30.2/pod/perl5100delta.pod
./usr/lib/perl5/5.30.2/pod/perl5101delta.pod
./usr/lib/perl5/5.30.2/pod/perl5120delta.pod
./usr/lib/perl5/5.30.2/pod/perl5121delta.pod
./usr/lib/perl5/5.30.2/pod/perl5122delta.pod
./usr/lib/perl5/5.30.2/pod/perl5123delta.pod
./usr/lib/perl5/5.30.2/pod/perl5124delta.pod
./usr/lib/perl5/5.30.2/pod/perl5125delta.pod
./usr/lib/perl5/5.30.2/pod/perl5140delta.pod
./usr/lib/perl5/5.30.2/pod/perl5141delta.pod
./usr/lib/perl5/5.30.2/pod/perl5142delta.pod
./usr/lib/perl5/5.30.2/pod/perl5143delta.pod
./usr/lib/perl5/5.30.2/pod/perl5144delta.pod
./usr/lib/perl5/5.30.2/pod/perl5160delta.pod
./usr/lib/perl5/5.30.2/pod/perl5161delta.pod
./usr/lib/perl5/5.30.2/pod/perl5162delta.pod
./usr/lib/perl5/5.30.2/pod/perl5163delta.pod
./usr/lib/perl5/5.30.2/pod/perl5180delta.pod
./usr/lib/perl5/5.30.2/pod/perl5181delta.pod
./usr/lib/perl5/5.30.2/pod/perl5182delta.pod
./usr/lib/perl5/5.30.2/pod/perl5184delta.pod
./usr/lib/perl5/5.30.2/pod/perl5200delta.pod
./usr/lib/perl5/5.30.2/pod/perl5201delta.pod
./usr/lib/perl5/5.30.2/pod/perl5202delta.pod
./usr/lib/perl5/5.30.2/pod/perl5203delta.pod
./usr/lib/perl5/5.30.2/pod/perl5220delta.pod
./usr/lib/perl5/5.30.2/pod/perl5221delta.pod
./usr/lib/perl5/5.30.2/pod/perl5222delta.pod
./usr/lib/perl5/5.30.2/pod/perl5223delta.pod
./usr/lib/perl5/5.30.2/pod/perl5224delta.pod
./usr/lib/perl5/5.30.2/pod/perl5240delta.pod
./usr/lib/perl5/5.30.2/pod/perl5241delta.pod
./usr/lib/perl5/5.30.2/pod/perl5242delta.pod
./usr/lib/perl5/5.30.2/pod/perl5243delta.pod
./usr/lib/perl5/5.30.2/pod/perl5244delta.pod
./usr/lib/perl5/5.30.2/pod/perl5260delta.pod
./usr/lib/perl5/5.30.2/pod/perl5261delta.pod
./usr/lib/perl5/5.30.2/pod/perl5262delta.pod
./usr/lib/perl5/5.30.2/pod/perl5263delta.pod
./usr/lib/perl5/5.30.2/pod/perl5280delta.pod
./usr/lib/perl5/5.30.2/pod/perl5281delta.pod
./usr/lib/perl5/5.30.2/pod/perl5282delta.pod
./usr/lib/perl5/5.30.2/pod/perl5300delta.pod
./usr/lib/perl5/5.30.2/pod/perl5301delta.pod
./usr/lib/perl5/5.30.2/pod/perl5302delta.pod
./usr/lib/perl5/5.30.2/pod/perl561delta.pod
./usr/lib/perl5/5.30.2/pod/perl56delta.pod
./usr/lib/perl5/5.30.2/pod/perl581delta.pod
./usr/lib/perl5/5.30.2/pod/perl582delta.pod
./usr/lib/perl5/5.30.2/pod/perl583delta.pod
./usr/lib/perl5/5.30.2/pod/perl584delta.pod
./usr/lib/perl5/5.30.2/pod/perl585delta.pod
./usr/lib/perl5/5.30.2/pod/perl586delta.pod
./usr/lib/perl5/5.30.2/pod/perl587delta.pod
./usr/lib/perl5/5.30.2/pod/perl588delta.pod
./usr/lib/perl5/5.30.2/pod/perl589delta.pod
./usr/lib/perl5/5.30.2/pod/perl58delta.pod
./usr/lib/perl5/5.30.2/pod/perlaix.pod
./usr/lib/perl5/5.30.2/pod/perlamiga.pod
./usr/lib/perl5/5.30.2/pod/perlandroid.pod
./usr/lib/perl5/5.30.2/pod/perlapi.pod
./usr/lib/perl5/5.30.2/pod/perlapio.pod
./usr/lib/perl5/5.30.2/pod/perlartistic.pod
./usr/lib/perl5/5.30.2/pod/perlbook.pod
./usr/lib/perl5/5.30.2/pod/perlboot.pod
./usr/lib/perl5/5.30.2/pod/perlbot.pod
./usr/lib/perl5/5.30.2/pod/perlbs2000.pod
./usr/lib/perl5/5.30.2/pod/perlcall.pod
./usr/lib/perl5/5.30.2/pod/perlce.pod
./usr/lib/perl5/5.30.2/pod/perlcheat.pod
./usr/lib/perl5/5.30.2/pod/perlclib.pod
./usr/lib/perl5/5.30.2/pod/perlcn.pod
./usr/lib/perl5/5.30.2/pod/perlcommunity.pod
./usr/lib/perl5/5.30.2/pod/perlcygwin.pod
./usr/lib/perl5/5.30.2/pod/perldata.pod
./usr/lib/perl5/5.30.2/pod/perldbmfilter.pod
./usr/lib/perl5/5.30.2/pod/perldebguts.pod
./usr/lib/perl5/5.30.2/pod/perldebtut.pod
./usr/lib/perl5/5.30.2/pod/perldebug.pod
./usr/lib/perl5/5.30.2/pod/perldelta.pod
./usr/lib/perl5/5.30.2/pod/perldeprecation.pod
./usr/lib/perl5/5.30.2/pod/perldiag.pod
./usr/lib/perl5/5.30.2/pod/perldoc.pod
./usr/lib/perl5/5.30.2/pod/perldos.pod
./usr/lib/perl5/5.30.2/pod/perldsc.pod
./usr/lib/perl5/5.30.2/pod/perldtrace.pod
./usr/lib/perl5/5.30.2/pod/perlebcdic.pod
./usr/lib/perl5/5.30.2/pod/perlembed.pod
./usr/lib/perl5/5.30.2/pod/perlexperiment.pod
./usr/lib/perl5/5.30.2/pod/perlfaq.pod
./usr/lib/perl5/5.30.2/pod/perlfaq1.pod
./usr/lib/perl5/5.30.2/pod/perlfaq2.pod
./usr/lib/perl5/5.30.2/pod/perlfaq3.pod
./usr/lib/perl5/5.30.2/pod/perlfaq4.pod
./usr/lib/perl5/5.30.2/pod/perlfaq5.pod
./usr/lib/perl5/5.30.2/pod/perlfaq6.pod
./usr/lib/perl5/5.30.2/pod/perlfaq7.pod
./usr/lib/perl5/5.30.2/pod/perlfaq8.pod
./usr/lib/perl5/5.30.2/pod/perlfaq9.pod
./usr/lib/perl5/5.30.2/pod/perlfilter.pod
./usr/lib/perl5/5.30.2/pod/perlfork.pod
./usr/lib/perl5/5.30.2/pod/perlform.pod
./usr/lib/perl5/5.30.2/pod/perlfreebsd.pod
./usr/lib/perl5/5.30.2/pod/perlfunc.pod
./usr/lib/perl5/5.30.2/pod/perlgit.pod
./usr/lib/perl5/5.30.2/pod/perlglossary.pod
./usr/lib/perl5/5.30.2/pod/perlgpl.pod
./usr/lib/perl5/5.30.2/pod/perlguts.pod
./usr/lib/perl5/5.30.2/pod/perlhack.pod
./usr/lib/perl5/5.30.2/pod/perlhacktips.pod
./usr/lib/perl5/5.30.2/pod/perlhacktut.pod
./usr/lib/perl5/5.30.2/pod/perlhaiku.pod
./usr/lib/perl5/5.30.2/pod/perlhist.pod
./usr/lib/perl5/5.30.2/pod/perlhpux.pod
./usr/lib/perl5/5.30.2/pod/perlhurd.pod
./usr/lib/perl5/5.30.2/pod/perlintern.pod
./usr/lib/perl5/5.30.2/pod/perlinterp.pod
./usr/lib/perl5/5.30.2/pod/perlintro.pod
./usr/lib/perl5/5.30.2/pod/perliol.pod
./usr/lib/perl5/5.30.2/pod/perlipc.pod
./usr/lib/perl5/5.30.2/pod/perlirix.pod
./usr/lib/perl5/5.30.2/pod/perljp.pod
./usr/lib/perl5/5.30.2/pod/perlko.pod
./usr/lib/perl5/5.30.2/pod/perllexwarn.pod
./usr/lib/perl5/5.30.2/pod/perllinux.pod
./usr/lib/perl5/5.30.2/pod/perllocale.pod
./usr/lib/perl5/5.30.2/pod/perllol.pod
./usr/lib/perl5/5.30.2/pod/perlmacos.pod
./usr/lib/perl5/5.30.2/pod/perlmacosx.pod
./usr/lib/perl5/5.30.2/pod/perlmod.pod
./usr/lib/perl5/5.30.2/pod/perlmodinstall.pod
./usr/lib/perl5/5.30.2/pod/perlmodlib.pod
./usr/lib/perl5/5.30.2/pod/perlmodstyle.pod
./usr/lib/perl5/5.30.2/pod/perlmroapi.pod
./usr/lib/perl5/5.30.2/pod/perlnetware.pod
./usr/lib/perl5/5.30.2/pod/perlnewmod.pod
./usr/lib/perl5/5.30.2/pod/perlnumber.pod
./usr/lib/perl5/5.30.2/pod/perlobj.pod
./usr/lib/perl5/5.30.2/pod/perlootut.pod
./usr/lib/perl5/5.30.2/pod/perlop.pod
./usr/lib/perl5/5.30.2/pod/perlopenbsd.pod
./usr/lib/perl5/5.30.2/pod/perlopentut.pod
./usr/lib/perl5/5.30.2/pod/perlos2.pod
./usr/lib/perl5/5.30.2/pod/perlos390.pod
./usr/lib/perl5/5.30.2/pod/perlos400.pod
./usr/lib/perl5/5.30.2/pod/perlpacktut.pod
./usr/lib/perl5/5.30.2/pod/perlperf.pod
./usr/lib/perl5/5.30.2/pod/perlplan9.pod
./usr/lib/perl5/5.30.2/pod/perlpod.pod
./usr/lib/perl5/5.30.2/pod/perlpodspec.pod
./usr/lib/perl5/5.30.2/pod/perlpodstyle.pod
./usr/lib/perl5/5.30.2/pod/perlpolicy.pod
./usr/lib/perl5/5.30.2/pod/perlport.pod
./usr/lib/perl5/5.30.2/pod/perlpragma.pod
./usr/lib/perl5/5.30.2/pod/perlqnx.pod
./usr/lib/perl5/5.30.2/pod/perlre.pod
./usr/lib/perl5/5.30.2/pod/perlreapi.pod
./usr/lib/perl5/5.30.2/pod/perlrebackslash.pod
./usr/lib/perl5/5.30.2/pod/perlrecharclass.pod
./usr/lib/perl5/5.30.2/pod/perlref.pod
./usr/lib/perl5/5.30.2/pod/perlreftut.pod
./usr/lib/perl5/5.30.2/pod/perlreguts.pod
./usr/lib/perl5/5.30.2/pod/perlrepository.pod
./usr/lib/perl5/5.30.2/pod/perlrequick.pod
./usr/lib/perl5/5.30.2/pod/perlreref.pod
./usr/lib/perl5/5.30.2/pod/perlretut.pod
./usr/lib/perl5/5.30.2/pod/perlriscos.pod
./usr/lib/perl5/5.30.2/pod/perlrun.pod
./usr/lib/perl5/5.30.2/pod/perlsec.pod
./usr/lib/perl5/5.30.2/pod/perlsolaris.pod
./usr/lib/perl5/5.30.2/pod/perlsource.pod
./usr/lib/perl5/5.30.2/pod/perlstyle.pod
./usr/lib/perl5/5.30.2/pod/perlsub.pod
./usr/lib/perl5/5.30.2/pod/perlsymbian.pod
./usr/lib/perl5/5.30.2/pod/perlsyn.pod
./usr/lib/perl5/5.30.2/pod/perlsynology.pod
./usr/lib/perl5/5.30.2/pod/perlthrtut.pod
./usr/lib/perl5/5.30.2/pod/perltie.pod
./usr/lib/perl5/5.30.2/pod/perltoc.pod
./usr/lib/perl5/5.30.2/pod/perltodo.pod
./usr/lib/perl5/5.30.2/pod/perltooc.pod
./usr/lib/perl5/5.30.2/pod/perltoot.pod
./usr/lib/perl5/5.30.2/pod/perltrap.pod
./usr/lib/perl5/5.30.2/pod/perltru64.pod
./usr/lib/perl5/5.30.2/pod/perltw.pod
./usr/lib/perl5/5.30.2/pod/perlunicode.pod
./usr/lib/perl5/5.30.2/pod/perlunicook.pod
./usr/lib/perl5/5.30.2/pod/perlunifaq.pod
./usr/lib/perl5/5.30.2/pod/perluniintro.pod
./usr/lib/perl5/5.30.2/pod/perluniprops.pod
./usr/lib/perl5/5.30.2/pod/perlunitut.pod
./usr/lib/perl5/5.30.2/pod/perlutil.pod
./usr/lib/perl5/5.30.2/pod/perlvar.pod
./usr/lib/perl5/5.30.2/pod/perlvms.pod
./usr/lib/perl5/5.30.2/pod/perlvos.pod
./usr/lib/perl5/5.30.2/pod/perlwin32.pod
./usr/lib/perl5/5.30.2/pod/perlxs.pod
./usr/lib/perl5/5.30.2/pod/perlxstut.pod
./usr/lib/perl5/5.30.2/pod/perlxstypemap.pod
./usr/lib/perl5/5.30.2/sigtrap.pm
./usr/lib/perl5/5.30.2/sort.pm
./usr/lib/perl5/5.30.2/strict.pm
./usr/lib/perl5/5.30.2/subs.pm
./usr/lib/perl5/5.30.2/unicore
./usr/lib/perl5/5.30.2/unicore/Blocks.txt
./usr/lib/perl5/5.30.2/unicore/CombiningClass.pl
./usr/lib/perl5/5.30.2/unicore/Decomposition.pl
./usr/lib/perl5/5.30.2/unicore/Heavy.pl
./usr/lib/perl5/5.30.2/unicore/Name.pl
./usr/lib/perl5/5.30.2/unicore/Name.pm
./usr/lib/perl5/5.30.2/unicore/NamedSequences.txt
./usr/lib/perl5/5.30.2/unicore/SpecialCasing.txt
./usr/lib/perl5/5.30.2/unicore/To
./usr/lib/perl5/5.30.2/unicore/To/Age.pl
./usr/lib/perl5/5.30.2/unicore/To/Bc.pl
./usr/lib/perl5/5.30.2/unicore/To/Bmg.pl
./usr/lib/perl5/5.30.2/unicore/To/Bpb.pl
./usr/lib/perl5/5.30.2/unicore/To/Bpt.pl
./usr/lib/perl5/5.30.2/unicore/To/Cf.pl
./usr/lib/perl5/5.30.2/unicore/To/Digit.pl
./usr/lib/perl5/5.30.2/unicore/To/Ea.pl
./usr/lib/perl5/5.30.2/unicore/To/EqUIdeo.pl
./usr/lib/perl5/5.30.2/unicore/To/Fold.pl
./usr/lib/perl5/5.30.2/unicore/To/GCB.pl
./usr/lib/perl5/5.30.2/unicore/To/Gc.pl
./usr/lib/perl5/5.30.2/unicore/To/Hst.pl
./usr/lib/perl5/5.30.2/unicore/To/InPC.pl
./usr/lib/perl5/5.30.2/unicore/To/InSC.pl
./usr/lib/perl5/5.30.2/unicore/To/Isc.pl
./usr/lib/perl5/5.30.2/unicore/To/Jg.pl
./usr/lib/perl5/5.30.2/unicore/To/Jt.pl
./usr/lib/perl5/5.30.2/unicore/To/Lb.pl
./usr/lib/perl5/5.30.2/unicore/To/Lc.pl
./usr/lib/perl5/5.30.2/unicore/To/Lower.pl
./usr/lib/perl5/5.30.2/unicore/To/NFCQC.pl
./usr/lib/perl5/5.30.2/unicore/To/NFDQC.pl
./usr/lib/perl5/5.30.2/unicore/To/NFKCCF.pl
./usr/lib/perl5/5.30.2/unicore/To/NFKCQC.pl
./usr/lib/perl5/5.30.2/unicore/To/NFKDQC.pl
./usr/lib/perl5/5.30.2/unicore/To/Na1.pl
./usr/lib/perl5/5.30.2/unicore/To/NameAlia.pl
./usr/lib/perl5/5.30.2/unicore/To/Nt.pl
./usr/lib/perl5/5.30.2/unicore/To/Nv.pl
./usr/lib/perl5/5.30.2/unicore/To/PerlDeci.pl
./usr/lib/perl5/5.30.2/unicore/To/SB.pl
./usr/lib/perl5/5.30.2/unicore/To/Sc.pl
./usr/lib/perl5/5.30.2/unicore/To/Scx.pl
./usr/lib/perl5/5.30.2/unicore/To/Tc.pl
./usr/lib/perl5/5.30.2/unicore/To/Title.pl
./usr/lib/perl5/5.30.2/unicore/To/Uc.pl
./usr/lib/perl5/5.30.2/unicore/To/Upper.pl
./usr/lib/perl5/5.30.2/unicore/To/Vo.pl
./usr/lib/perl5/5.30.2/unicore/To/WB.pl
./usr/lib/perl5/5.30.2/unicore/To/_PerlLB.pl
./usr/lib/perl5/5.30.2/unicore/To/_PerlSCX.pl
./usr/lib/perl5/5.30.2/unicore/UCD.pl
./usr/lib/perl5/5.30.2/unicore/lib
./usr/lib/perl5/5.30.2/unicore/lib/Age
./usr/lib/perl5/5.30.2/unicore/lib/Age/NA.pl
./usr/lib/perl5/5.30.2/unicore/lib/Age/V100.pl
./usr/lib/perl5/5.30.2/unicore/lib/Age/V11.pl
./usr/lib/perl5/5.30.2/unicore/lib/Age/V110.pl
./usr/lib/perl5/5.30.2/unicore/lib/Age/V120.pl
./usr/lib/perl5/5.30.2/unicore/lib/Age/V20.pl
./usr/lib/perl5/5.30.2/unicore/lib/Age/V30.pl
./usr/lib/perl5/5.30.2/unicore/lib/Age/V31.pl
./usr/lib/perl5/5.30.2/unicore/lib/Age/V32.pl
./usr/lib/perl5/5.30.2/unicore/lib/Age/V40.pl
./usr/lib/perl5/5.30.2/unicore/lib/Age/V41.pl
./usr/lib/perl5/5.30.2/unicore/lib/Age/V50.pl
./usr/lib/perl5/5.30.2/unicore/lib/Age/V51.pl
./usr/lib/perl5/5.30.2/unicore/lib/Age/V52.pl
./usr/lib/perl5/5.30.2/unicore/lib/Age/V60.pl
./usr/lib/perl5/5.30.2/unicore/lib/Age/V61.pl
./usr/lib/perl5/5.30.2/unicore/lib/Age/V70.pl
./usr/lib/perl5/5.30.2/unicore/lib/Age/V80.pl
./usr/lib/perl5/5.30.2/unicore/lib/Age/V90.pl
./usr/lib/perl5/5.30.2/unicore/lib/Alpha/Y.pl
./usr/lib/perl5/5.30.2/unicore/lib/Bc
./usr/lib/perl5/5.30.2/unicore/lib/Bc/AL.pl
./usr/lib/perl5/5.30.2/unicore/lib/Bc/AN.pl
./usr/lib/perl5/5.30.2/unicore/lib/Bc/B.pl
./usr/lib/perl5/5.30.2/unicore/lib/Bc/BN.pl
./usr/lib/perl5/5.30.2/unicore/lib/Bc/CS.pl
./usr/lib/perl5/5.30.2/unicore/lib/Bc/EN.pl
./usr/lib/perl5/5.30.2/unicore/lib/Bc/ES.pl
./usr/lib/perl5/5.30.2/unicore/lib/Bc/ET.pl
./usr/lib/perl5/5.30.2/unicore/lib/Bc/L.pl
./usr/lib/perl5/5.30.2/unicore/lib/Bc/NSM.pl
./usr/lib/perl5/5.30.2/unicore/lib/Bc/ON.pl
./usr/lib/perl5/5.30.2/unicore/lib/Bc/R.pl
./usr/lib/perl5/5.30.2/unicore/lib/Bc/WS.pl
./usr/lib/perl5/5.30.2/unicore/lib/BidiC
./usr/lib/perl5/5.30.2/unicore/lib/BidiC/Y.pl
./usr/lib/perl5/5.30.2/unicore/lib/BidiM
./usr/lib/perl5/5.30.2/unicore/lib/BidiM/Y.pl
./usr/lib/perl5/5.30.2/unicore/lib/Blk
./usr/lib/perl5/5.30.2/unicore/lib/Blk/NB.pl
./usr/lib/perl5/5.30.2/unicore/lib/Bpt
./usr/lib/perl5/5.30.2/unicore/lib/Bpt/C.pl
./usr/lib/perl5/5.30.2/unicore/lib/Bpt/N.pl
./usr/lib/perl5/5.30.2/unicore/lib/Bpt/O.pl
./usr/lib/perl5/5.30.2/unicore/lib/CE
./usr/lib/perl5/5.30.2/unicore/lib/CE/Y.pl
./usr/lib/perl5/5.30.2/unicore/lib/CI
./usr/lib/perl5/5.30.2/unicore/lib/CI/Y.pl
./usr/lib/perl5/5.30.2/unicore/lib/CWCF
./usr/lib/perl5/5.30.2/unicore/lib/CWCF/Y.pl
./usr/lib/perl5/5.30.2/unicore/lib/CWCM
./usr/lib/perl5/5.30.2/unicore/lib/CWCM/Y.pl
./usr/lib/perl5/5.30.2/unicore/lib/CWKCF
./usr/lib/perl5/5.30.2/unicore/lib/CWKCF/Y.pl
./usr/lib/perl5/5.30.2/unicore/lib/CWL
./usr/lib/perl5/5.30.2/unicore/lib/CWL/Y.pl
./usr/lib/perl5/5.30.2/unicore/lib/CWT
./usr/lib/perl5/5.30.2/unicore/lib/CWT/Y.pl
./usr/lib/perl5/5.30.2/unicore/lib/CWU
./usr/lib/perl5/5.30.2/unicore/lib/CWU/Y.pl
./usr/lib/perl5/5.30.2/unicore/lib/Cased
./usr/lib/perl5/5.30.2/unicore/lib/Cased/Y.pl
./usr/lib/perl5/5.30.2/unicore/lib/Ccc
./usr/lib/perl5/5.30.2/unicore/lib/Ccc/A.pl
./usr/lib/perl5/5.30.2/unicore/lib/Ccc/AL.pl
./usr/lib/perl5/5.30.2/unicore/lib/Ccc/AR.pl
./usr/lib/perl5/5.30.2/unicore/lib/Ccc/ATAR.pl
./usr/lib/perl5/5.30.2/unicore/lib/Ccc/B.pl
./usr/lib/perl5/5.30.2/unicore/lib/Ccc/BR.pl
./usr/lib/perl5/5.30.2/unicore/lib/Ccc/DB.pl
./usr/lib/perl5/5.30.2/unicore/lib/Ccc/NK.pl
./usr/lib/perl5/5.30.2/unicore/lib/Ccc/NR.pl
./usr/lib/perl5/5.30.2/unicore/lib/Ccc/OV.pl
./usr/lib/perl5/5.30.2/unicore/lib/Ccc/VR.pl
./usr/lib/perl5/5.30.2/unicore/lib/CompEx
./usr/lib/perl5/5.30.2/unicore/lib/CompEx/Y.pl
./usr/lib/perl5/5.30.2/unicore/lib/DI
./usr/lib/perl5/5.30.2/unicore/lib/DI/Y.pl
./usr/lib/perl5/5.30.2/unicore/lib/Dash
./usr/lib/perl5/5.30.2/unicore/lib/Dash/Y.pl
./usr/lib/perl5/5.30.2/unicore/lib/Dep
./usr/lib/perl5/5.30.2/unicore/lib/Dep/Y.pl
./usr/lib/perl5/5.30.2/unicore/lib/Dia/Y.pl
./usr/lib/perl5/5.30.2/unicore/lib/Dt
./usr/lib/perl5/5.30.2/unicore/lib/Dt/Com.pl
./usr/lib/perl5/5.30.2/unicore/lib/Dt/Enc.pl
./usr/lib/perl5/5.30.2/unicore/lib/Dt/Fin.pl
./usr/lib/perl5/5.30.2/unicore/lib/Dt/Font.pl
./usr/lib/perl5/5.30.2/unicore/lib/Dt/Init.pl
./usr/lib/perl5/5.30.2/unicore/lib/Dt/Iso.pl
./usr/lib/perl5/5.30.2/unicore/lib/Dt/Med.pl
./usr/lib/perl5/5.30.2/unicore/lib/Dt/Nar.pl
./usr/lib/perl5/5.30.2/unicore/lib/Dt/Nb.pl
./usr/lib/perl5/5.30.2/unicore/lib/Dt/NonCanon.pl
./usr/lib/perl5/5.30.2/unicore/lib/Dt/Sqr.pl
./usr/lib/perl5/5.30.2/unicore/lib/Dt/Sub.pl
./usr/lib/perl5/5.30.2/unicore/lib/Dt/Sup.pl
./usr/lib/perl5/5.30.2/unicore/lib/Dt/Vert.pl
./usr/lib/perl5/5.30.2/unicore/lib/Ea/A.pl
./usr/lib/perl5/5.30.2/unicore/lib/Ea/H.pl
./usr/lib/perl5/5.30.2/unicore/lib/Ea/N.pl
./usr/lib/perl5/5.30.2/unicore/lib/Ea/Na.pl
./usr/lib/perl5/5.30.2/unicore/lib/Ea/W.pl
./usr/lib/perl5/5.30.2/unicore/lib/Ext
./usr/lib/perl5/5.30.2/unicore/lib/Ext/Y.pl
./usr/lib/perl5/5.30.2/unicore/lib/GCB
./usr/lib/perl5/5.30.2/unicore/lib/GCB/CN.pl
./usr/lib/perl5/5.30.2/unicore/lib/GCB/EX.pl
./usr/lib/perl5/5.30.2/unicore/lib/GCB/LV.pl
./usr/lib/perl5/5.30.2/unicore/lib/GCB/LVT.pl
./usr/lib/perl5/5.30.2/unicore/lib/GCB/PP.pl
./usr/lib/perl5/5.30.2/unicore/lib/GCB/SM.pl
./usr/lib/perl5/5.30.2/unicore/lib/GCB/XX.pl
./usr/lib/perl5/5.30.2/unicore/lib/Gc
./usr/lib/perl5/5.30.2/unicore/lib/Gc/C.pl
./usr/lib/perl5/5.30.2/unicore/lib/Gc/Cf.pl
./usr/lib/perl5/5.30.2/unicore/lib/Gc/Cn.pl
./usr/lib/perl5/5.30.2/unicore/lib/Gc/L.pl
./usr/lib/perl5/5.30.2/unicore/lib/Gc/LC.pl
./usr/lib/perl5/5.30.2/unicore/lib/Gc/Ll.pl
./usr/lib/perl5/5.30.2/unicore/lib/Gc/Lm.pl
./usr/lib/perl5/5.30.2/unicore/lib/Gc/Lo.pl
./usr/lib/perl5/5.30.2/unicore/lib/Gc/Lu.pl
./usr/lib/perl5/5.30.2/unicore/lib/Gc/M.pl
./usr/lib/perl5/5.30.2/unicore/lib/Gc/Mc.pl
./usr/lib/perl5/5.30.2/unicore/lib/Gc/Me.pl
./usr/lib/perl5/5.30.2/unicore/lib/Gc/Mn.pl
./usr/lib/perl5/5.30.2/unicore/lib/Gc/N.pl
./usr/lib/perl5/5.30.2/unicore/lib/Gc/Nd.pl
./usr/lib/perl5/5.30.2/unicore/lib/Gc/Nl.pl
./usr/lib/perl5/5.30.2/unicore/lib/Gc/No.pl
./usr/lib/perl5/5.30.2/unicore/lib/Gc/P.pl
./usr/lib/perl5/5.30.2/unicore/lib/Gc/Pc.pl
./usr/lib/perl5/5.30.2/unicore/lib/Gc/Pd.pl
./usr/lib/perl5/5.30.2/unicore/lib/Gc/Pe.pl
./usr/lib/perl5/5.30.2/unicore/lib/Gc/Pf.pl
./usr/lib/perl5/5.30.2/unicore/lib/Gc/Pi.pl
./usr/lib/perl5/5.30.2/unicore/lib/Gc/Po.pl
./usr/lib/perl5/5.30.2/unicore/lib/Gc/Ps.pl
./usr/lib/perl5/5.30.2/unicore/lib/Gc/S.pl
./usr/lib/perl5/5.30.2/unicore/lib/Gc/Sc.pl
./usr/lib/perl5/5.30.2/unicore/lib/Gc/Sk.pl
./usr/lib/perl5/5.30.2/unicore/lib/Gc/Sm.pl
./usr/lib/perl5/5.30.2/unicore/lib/Gc/So.pl
./usr/lib/perl5/5.30.2/unicore/lib/Gc/Z.pl
./usr/lib/perl5/5.30.2/unicore/lib/Gc/Zs.pl
./usr/lib/perl5/5.30.2/unicore/lib/GrBase
./usr/lib/perl5/5.30.2/unicore/lib/GrBase/Y.pl
./usr/lib/perl5/5.30.2/unicore/lib/GrExt
./usr/lib/perl5/5.30.2/unicore/lib/GrExt/Y.pl
./usr/lib/perl5/5.30.2/unicore/lib/Hex
./usr/lib/perl5/5.30.2/unicore/lib/Hex/Y.pl
./usr/lib/perl5/5.30.2/unicore/lib/Hst
./usr/lib/perl5/5.30.2/unicore/lib/Hst/NA.pl
./usr/lib/perl5/5.30.2/unicore/lib/Hyphen
./usr/lib/perl5/5.30.2/unicore/lib/Hyphen/T.pl
./usr/lib/perl5/5.30.2/unicore/lib/IDC
./usr/lib/perl5/5.30.2/unicore/lib/IDC/Y.pl
./usr/lib/perl5/5.30.2/unicore/lib/IDS
./usr/lib/perl5/5.30.2/unicore/lib/IDS/Y.pl
./usr/lib/perl5/5.30.2/unicore/lib/Ideo
./usr/lib/perl5/5.30.2/unicore/lib/Ideo/Y.pl
./usr/lib/perl5/5.30.2/unicore/lib/In
./usr/lib/perl5/5.30.2/unicore/lib/In/10_0.pl
./usr/lib/perl5/5.30.2/unicore/lib/In/11_0.pl
./usr/lib/perl5/5.30.2/unicore/lib/In/12_0.pl
./usr/lib/perl5/5.30.2/unicore/lib/In/12_1.pl
./usr/lib/perl5/5.30.2/unicore/lib/In/2_0.pl
./usr/lib/perl5/5.30.2/unicore/lib/In/2_1.pl
./usr/lib/perl5/5.30.2/unicore/lib/In/3_0.pl
./usr/lib/perl5/5.30.2/unicore/lib/In/3_1.pl
./usr/lib/perl5/5.30.2/unicore/lib/In/3_2.pl
./usr/lib/perl5/5.30.2/unicore/lib/In/4_0.pl
./usr/lib/perl5/5.30.2/unicore/lib/In/4_1.pl
./usr/lib/perl5/5.30.2/unicore/lib/In/5_0.pl
./usr/lib/perl5/5.30.2/unicore/lib/In/5_1.pl
./usr/lib/perl5/5.30.2/unicore/lib/In/5_2.pl
./usr/lib/perl5/5.30.2/unicore/lib/In/6_0.pl
./usr/lib/perl5/5.30.2/unicore/lib/In/6_1.pl
./usr/lib/perl5/5.30.2/unicore/lib/In/6_2.pl
./usr/lib/perl5/5.30.2/unicore/lib/In/6_3.pl
./usr/lib/perl5/5.30.2/unicore/lib/In/7_0.pl
./usr/lib/perl5/5.30.2/unicore/lib/In/8_0.pl
./usr/lib/perl5/5.30.2/unicore/lib/In/9_0.pl
./usr/lib/perl5/5.30.2/unicore/lib/InPC
./usr/lib/perl5/5.30.2/unicore/lib/InPC/Bottom.pl
./usr/lib/perl5/5.30.2/unicore/lib/InPC/Left.pl
./usr/lib/perl5/5.30.2/unicore/lib/InPC/LeftAndR.pl
./usr/lib/perl5/5.30.2/unicore/lib/InPC/NA.pl
./usr/lib/perl5/5.30.2/unicore/lib/InPC/Overstru.pl
./usr/lib/perl5/5.30.2/unicore/lib/InPC/Right.pl
./usr/lib/perl5/5.30.2/unicore/lib/InPC/Top.pl
./usr/lib/perl5/5.30.2/unicore/lib/InPC/TopAndBo.pl
./usr/lib/perl5/5.30.2/unicore/lib/InPC/TopAndL2.pl
./usr/lib/perl5/5.30.2/unicore/lib/InPC/TopAndLe.pl
./usr/lib/perl5/5.30.2/unicore/lib/InPC/TopAndRi.pl
./usr/lib/perl5/5.30.2/unicore/lib/InPC/VisualOr.pl
./usr/lib/perl5/5.30.2/unicore/lib/InSC
./usr/lib/perl5/5.30.2/unicore/lib/InSC/Avagraha.pl
./usr/lib/perl5/5.30.2/unicore/lib/InSC/Bindu.pl
./usr/lib/perl5/5.30.2/unicore/lib/InSC/Cantilla.pl
./usr/lib/perl5/5.30.2/unicore/lib/InSC/Consona2.pl
./usr/lib/perl5/5.30.2/unicore/lib/InSC/Consona3.pl
./usr/lib/perl5/5.30.2/unicore/lib/InSC/Consona4.pl
./usr/lib/perl5/5.30.2/unicore/lib/InSC/Consona5.pl
./usr/lib/perl5/5.30.2/unicore/lib/InSC/Consona6.pl
./usr/lib/perl5/5.30.2/unicore/lib/InSC/Consona7.pl
./usr/lib/perl5/5.30.2/unicore/lib/InSC/Consonan.pl
./usr/lib/perl5/5.30.2/unicore/lib/InSC/Invisibl.pl
./usr/lib/perl5/5.30.2/unicore/lib/InSC/Nukta.pl
./usr/lib/perl5/5.30.2/unicore/lib/InSC/Number.pl
./usr/lib/perl5/5.30.2/unicore/lib/InSC/Other.pl
./usr/lib/perl5/5.30.2/unicore/lib/InSC/PureKill.pl
./usr/lib/perl5/5.30.2/unicore/lib/InSC/Syllable.pl
./usr/lib/perl5/5.30.2/unicore/lib/InSC/ToneMark.pl
./usr/lib/perl5/5.30.2/unicore/lib/InSC/Virama.pl
./usr/lib/perl5/5.30.2/unicore/lib/InSC/Visarga.pl
./usr/lib/perl5/5.30.2/unicore/lib/InSC/Vowel.pl
./usr/lib/perl5/5.30.2/unicore/lib/InSC/VowelDep.pl
./usr/lib/perl5/5.30.2/unicore/lib/InSC/VowelInd.pl
./usr/lib/perl5/5.30.2/unicore/lib/Jg
./usr/lib/perl5/5.30.2/unicore/lib/Jg/Ain.pl
./usr/lib/perl5/5.30.2/unicore/lib/Jg/Alef.pl
./usr/lib/perl5/5.30.2/unicore/lib/Jg/Beh.pl
./usr/lib/perl5/5.30.2/unicore/lib/Jg/Dal.pl
./usr/lib/perl5/5.30.2/unicore/lib/Jg/FarsiYeh.pl
./usr/lib/perl5/5.30.2/unicore/lib/Jg/Feh.pl
./usr/lib/perl5/5.30.2/unicore/lib/Jg/Gaf.pl
./usr/lib/perl5/5.30.2/unicore/lib/Jg/Hah.pl
./usr/lib/perl5/5.30.2/unicore/lib/Jg/HanifiRo.pl
./usr/lib/perl5/5.30.2/unicore/lib/Jg/Kaf.pl
./usr/lib/perl5/5.30.2/unicore/lib/Jg/Lam.pl
./usr/lib/perl5/5.30.2/unicore/lib/Jg/NoJoinin.pl
./usr/lib/perl5/5.30.2/unicore/lib/Jg/Qaf.pl
./usr/lib/perl5/5.30.2/unicore/lib/Jg/Reh.pl
./usr/lib/perl5/5.30.2/unicore/lib/Jg/Sad.pl
./usr/lib/perl5/5.30.2/unicore/lib/Jg/Seen.pl
./usr/lib/perl5/5.30.2/unicore/lib/Jg/Waw.pl
./usr/lib/perl5/5.30.2/unicore/lib/Jg/Yeh.pl
./usr/lib/perl5/5.30.2/unicore/lib/Jt
./usr/lib/perl5/5.30.2/unicore/lib/Jt/C.pl
./usr/lib/perl5/5.30.2/unicore/lib/Jt/D.pl
./usr/lib/perl5/5.30.2/unicore/lib/Jt/L.pl
./usr/lib/perl5/5.30.2/unicore/lib/Jt/R.pl
./usr/lib/perl5/5.30.2/unicore/lib/Jt/T.pl
./usr/lib/perl5/5.30.2/unicore/lib/Jt/U.pl
./usr/lib/perl5/5.30.2/unicore/lib/Lb
./usr/lib/perl5/5.30.2/unicore/lib/Lb/AI.pl
./usr/lib/perl5/5.30.2/unicore/lib/Lb/AL.pl
./usr/lib/perl5/5.30.2/unicore/lib/Lb/BA.pl
./usr/lib/perl5/5.30.2/unicore/lib/Lb/BB.pl
./usr/lib/perl5/5.30.2/unicore/lib/Lb/CJ.pl
./usr/lib/perl5/5.30.2/unicore/lib/Lb/CL.pl
./usr/lib/perl5/5.30.2/unicore/lib/Lb/CM.pl
./usr/lib/perl5/5.30.2/unicore/lib/Lb/EB.pl
./usr/lib/perl5/5.30.2/unicore/lib/Lb/EX.pl
./usr/lib/perl5/5.30.2/unicore/lib/Lb/GL.pl
./usr/lib/perl5/5.30.2/unicore/lib/Lb/ID.pl
./usr/lib/perl5/5.30.2/unicore/lib/Lb/IN.pl
./usr/lib/perl5/5.30.2/unicore/lib/Lb/IS.pl
./usr/lib/perl5/5.30.2/unicore/lib/Lb/NS.pl
./usr/lib/perl5/5.30.2/unicore/lib/Lb/NU.pl
./usr/lib/perl5/5.30.2/unicore/lib/Lb/OP.pl
./usr/lib/perl5/5.30.2/unicore/lib/Lb/PO.pl
./usr/lib/perl5/5.30.2/unicore/lib/Lb/PR.pl
./usr/lib/perl5/5.30.2/unicore/lib/Lb/QU.pl
./usr/lib/perl5/5.30.2/unicore/lib/Lb/SA.pl
./usr/lib/perl5/5.30.2/unicore/lib/Lb/XX.pl
./usr/lib/perl5/5.30.2/unicore/lib/Lower
./usr/lib/perl5/5.30.2/unicore/lib/Lower/Y.pl
./usr/lib/perl5/5.30.2/unicore/lib/Math
./usr/lib/perl5/5.30.2/unicore/lib/Math/Y.pl
./usr/lib/perl5/5.30.2/unicore/lib/NFCQC
./usr/lib/perl5/5.30.2/unicore/lib/NFCQC/M.pl
./usr/lib/perl5/5.30.2/unicore/lib/NFCQC/Y.pl
./usr/lib/perl5/5.30.2/unicore/lib/NFDQC
./usr/lib/perl5/5.30.2/unicore/lib/NFDQC/N.pl
./usr/lib/perl5/5.30.2/unicore/lib/NFDQC/Y.pl
./usr/lib/perl5/5.30.2/unicore/lib/NFKCQC
./usr/lib/perl5/5.30.2/unicore/lib/NFKCQC/N.pl
./usr/lib/perl5/5.30.2/unicore/lib/NFKCQC/Y.pl
./usr/lib/perl5/5.30.2/unicore/lib/NFKDQC
./usr/lib/perl5/5.30.2/unicore/lib/NFKDQC/N.pl
./usr/lib/perl5/5.30.2/unicore/lib/NFKDQC/Y.pl
./usr/lib/perl5/5.30.2/unicore/lib/Nt
./usr/lib/perl5/5.30.2/unicore/lib/Nt/Di.pl
./usr/lib/perl5/5.30.2/unicore/lib/Nt/None.pl
./usr/lib/perl5/5.30.2/unicore/lib/Nt/Nu.pl
./usr/lib/perl5/5.30.2/unicore/lib/Nv
./usr/lib/perl5/5.30.2/unicore/lib/Nv/0.pl
./usr/lib/perl5/5.30.2/unicore/lib/Nv/1.pl
./usr/lib/perl5/5.30.2/unicore/lib/Nv/10.pl
./usr/lib/perl5/5.30.2/unicore/lib/Nv/100.pl
./usr/lib/perl5/5.30.2/unicore/lib/Nv/1000.pl
./usr/lib/perl5/5.30.2/unicore/lib/Nv/10000.pl
./usr/lib/perl5/5.30.2/unicore/lib/Nv/100000.pl
./usr/lib/perl5/5.30.2/unicore/lib/Nv/11.pl
./usr/lib/perl5/5.30.2/unicore/lib/Nv/12.pl
./usr/lib/perl5/5.30.2/unicore/lib/Nv/13.pl
./usr/lib/perl5/5.30.2/unicore/lib/Nv/14.pl
./usr/lib/perl5/5.30.2/unicore/lib/Nv/15.pl
./usr/lib/perl5/5.30.2/unicore/lib/Nv/16.pl
./usr/lib/perl5/5.30.2/unicore/lib/Nv/17.pl
./usr/lib/perl5/5.30.2/unicore/lib/Nv/18.pl
./usr/lib/perl5/5.30.2/unicore/lib/Nv/19.pl
./usr/lib/perl5/5.30.2/unicore/lib/Nv/1_16.pl
./usr/lib/perl5/5.30.2/unicore/lib/Nv/1_2.pl
./usr/lib/perl5/5.30.2/unicore/lib/Nv/1_3.pl
./usr/lib/perl5/5.30.2/unicore/lib/Nv/1_4.pl
./usr/lib/perl5/5.30.2/unicore/lib/Nv/1_6.pl
./usr/lib/perl5/5.30.2/unicore/lib/Nv/1_8.pl
./usr/lib/perl5/5.30.2/unicore/lib/Nv/2.pl
./usr/lib/perl5/5.30.2/unicore/lib/Nv/20.pl
./usr/lib/perl5/5.30.2/unicore/lib/Nv/200.pl
./usr/lib/perl5/5.30.2/unicore/lib/Nv/2000.pl
./usr/lib/perl5/5.30.2/unicore/lib/Nv/20000.pl
./usr/lib/perl5/5.30.2/unicore/lib/Nv/2_3.pl
./usr/lib/perl5/5.30.2/unicore/lib/Nv/3.pl
./usr/lib/perl5/5.30.2/unicore/lib/Nv/30.pl
./usr/lib/perl5/5.30.2/unicore/lib/Nv/300.pl
./usr/lib/perl5/5.30.2/unicore/lib/Nv/3000.pl
./usr/lib/perl5/5.30.2/unicore/lib/Nv/30000.pl
./usr/lib/perl5/5.30.2/unicore/lib/Nv/3_16.pl
./usr/lib/perl5/5.30.2/unicore/lib/Nv/3_4.pl
./usr/lib/perl5/5.30.2/unicore/lib/Nv/4.pl
./usr/lib/perl5/5.30.2/unicore/lib/Nv/40.pl
./usr/lib/perl5/5.30.2/unicore/lib/Nv/400.pl
./usr/lib/perl5/5.30.2/unicore/lib/Nv/4000.pl
./usr/lib/perl5/5.30.2/unicore/lib/Nv/40000.pl
./usr/lib/perl5/5.30.2/unicore/lib/Nv/5.pl
./usr/lib/perl5/5.30.2/unicore/lib/Nv/50.pl
./usr/lib/perl5/5.30.2/unicore/lib/Nv/500.pl
./usr/lib/perl5/5.30.2/unicore/lib/Nv/5000.pl
./usr/lib/perl5/5.30.2/unicore/lib/Nv/50000.pl
./usr/lib/perl5/5.30.2/unicore/lib/Nv/6.pl
./usr/lib/perl5/5.30.2/unicore/lib/Nv/60.pl
./usr/lib/perl5/5.30.2/unicore/lib/Nv/600.pl
./usr/lib/perl5/5.30.2/unicore/lib/Nv/6000.pl
./usr/lib/perl5/5.30.2/unicore/lib/Nv/60000.pl
./usr/lib/perl5/5.30.2/unicore/lib/Nv/7.pl
./usr/lib/perl5/5.30.2/unicore/lib/Nv/70.pl
./usr/lib/perl5/5.30.2/unicore/lib/Nv/700.pl
./usr/lib/perl5/5.30.2/unicore/lib/Nv/7000.pl
./usr/lib/perl5/5.30.2/unicore/lib/Nv/70000.pl
./usr/lib/perl5/5.30.2/unicore/lib/Nv/8.pl
./usr/lib/perl5/5.30.2/unicore/lib/Nv/80.pl
./usr/lib/perl5/5.30.2/unicore/lib/Nv/800.pl
./usr/lib/perl5/5.30.2/unicore/lib/Nv/8000.pl
./usr/lib/perl5/5.30.2/unicore/lib/Nv/80000.pl
./usr/lib/perl5/5.30.2/unicore/lib/Nv/9.pl
./usr/lib/perl5/5.30.2/unicore/lib/Nv/90.pl
./usr/lib/perl5/5.30.2/unicore/lib/Nv/900.pl
./usr/lib/perl5/5.30.2/unicore/lib/Nv/9000.pl
./usr/lib/perl5/5.30.2/unicore/lib/Nv/90000.pl
./usr/lib/perl5/5.30.2/unicore/lib/PCM
./usr/lib/perl5/5.30.2/unicore/lib/PCM/Y.pl
./usr/lib/perl5/5.30.2/unicore/lib/PatSyn
./usr/lib/perl5/5.30.2/unicore/lib/PatSyn/Y.pl
./usr/lib/perl5/5.30.2/unicore/lib/Perl
./usr/lib/perl5/5.30.2/unicore/lib/Perl/Alnum.pl
./usr/lib/perl5/5.30.2/unicore/lib/Perl/Assigned.pl
./usr/lib/perl5/5.30.2/unicore/lib/Perl/Blank.pl
./usr/lib/perl5/5.30.2/unicore/lib/Perl/Graph.pl
./usr/lib/perl5/5.30.2/unicore/lib/Perl/PerlWord.pl
./usr/lib/perl5/5.30.2/unicore/lib/Perl/PosixPun.pl
./usr/lib/perl5/5.30.2/unicore/lib/Perl/Print.pl
./usr/lib/perl5/5.30.2/unicore/lib/Perl/SpacePer.pl
./usr/lib/perl5/5.30.2/unicore/lib/Perl/Title.pl
./usr/lib/perl5/5.30.2/unicore/lib/Perl/Word.pl
./usr/lib/perl5/5.30.2/unicore/lib/Perl/XPosixPu.pl
./usr/lib/perl5/5.30.2/unicore/lib/Perl/_PerlAny.pl
./usr/lib/perl5/5.30.2/unicore/lib/Perl/_PerlCh2.pl
./usr/lib/perl5/5.30.2/unicore/lib/Perl/_PerlCha.pl
./usr/lib/perl5/5.30.2/unicore/lib/Perl/_PerlFol.pl
./usr/lib/perl5/5.30.2/unicore/lib/Perl/_PerlIDC.pl
./usr/lib/perl5/5.30.2/unicore/lib/Perl/_PerlIDS.pl
./usr/lib/perl5/5.30.2/unicore/lib/Perl/_PerlIsI.pl
./usr/lib/perl5/5.30.2/unicore/lib/Perl/_PerlNch.pl
./usr/lib/perl5/5.30.2/unicore/lib/Perl/_PerlNon.pl
./usr/lib/perl5/5.30.2/unicore/lib/Perl/_PerlPat.pl
./usr/lib/perl5/5.30.2/unicore/lib/Perl/_PerlPr2.pl
./usr/lib/perl5/5.30.2/unicore/lib/Perl/_PerlPro.pl
./usr/lib/perl5/5.30.2/unicore/lib/Perl/_PerlQuo.pl
./usr/lib/perl5/5.30.2/unicore/lib/QMark
./usr/lib/perl5/5.30.2/unicore/lib/QMark/Y.pl
./usr/lib/perl5/5.30.2/unicore/lib/SB
./usr/lib/perl5/5.30.2/unicore/lib/SB/AT.pl
./usr/lib/perl5/5.30.2/unicore/lib/SB/CL.pl
./usr/lib/perl5/5.30.2/unicore/lib/SB/EX.pl
./usr/lib/perl5/5.30.2/unicore/lib/SB/FO.pl
./usr/lib/perl5/5.30.2/unicore/lib/SB/LE.pl
./usr/lib/perl5/5.30.2/unicore/lib/SB/LO.pl
./usr/lib/perl5/5.30.2/unicore/lib/SB/NU.pl
./usr/lib/perl5/5.30.2/unicore/lib/SB/SC.pl
./usr/lib/perl5/5.30.2/unicore/lib/SB/ST.pl
./usr/lib/perl5/5.30.2/unicore/lib/SB/Sp.pl
./usr/lib/perl5/5.30.2/unicore/lib/SB/UP.pl
./usr/lib/perl5/5.30.2/unicore/lib/SB/XX.pl
./usr/lib/perl5/5.30.2/unicore/lib/SD
./usr/lib/perl5/5.30.2/unicore/lib/SD/Y.pl
./usr/lib/perl5/5.30.2/unicore/lib/STerm
./usr/lib/perl5/5.30.2/unicore/lib/STerm/Y.pl
./usr/lib/perl5/5.30.2/unicore/lib/Sc
./usr/lib/perl5/5.30.2/unicore/lib/Sc/Arab.pl
./usr/lib/perl5/5.30.2/unicore/lib/Sc/Armn.pl
./usr/lib/perl5/5.30.2/unicore/lib/Sc/Beng.pl
./usr/lib/perl5/5.30.2/unicore/lib/Sc/Cprt.pl
./usr/lib/perl5/5.30.2/unicore/lib/Sc/Cyrl.pl
./usr/lib/perl5/5.30.2/unicore/lib/Sc/Deva.pl
./usr/lib/perl5/5.30.2/unicore/lib/Sc/Dupl.pl
./usr/lib/perl5/5.30.2/unicore/lib/Sc/Geor.pl
./usr/lib/perl5/5.30.2/unicore/lib/Sc/Glag.pl
./usr/lib/perl5/5.30.2/unicore/lib/Sc/Gong.pl
./usr/lib/perl5/5.30.2/unicore/lib/Sc/Gonm.pl
./usr/lib/perl5/5.30.2/unicore/lib/Sc/Gran.pl
./usr/lib/perl5/5.30.2/unicore/lib/Sc/Grek.pl
./usr/lib/perl5/5.30.2/unicore/lib/Sc/Gujr.pl
./usr/lib/perl5/5.30.2/unicore/lib/Sc/Guru.pl
./usr/lib/perl5/5.30.2/unicore/lib/Sc/Han.pl
./usr/lib/perl5/5.30.2/unicore/lib/Sc/Hang.pl
./usr/lib/perl5/5.30.2/unicore/lib/Sc/Hira.pl
./usr/lib/perl5/5.30.2/unicore/lib/Sc/Kana.pl
./usr/lib/perl5/5.30.2/unicore/lib/Sc/Knda.pl
./usr/lib/perl5/5.30.2/unicore/lib/Sc/Latn.pl
./usr/lib/perl5/5.30.2/unicore/lib/Sc/Limb.pl
./usr/lib/perl5/5.30.2/unicore/lib/Sc/Linb.pl
./usr/lib/perl5/5.30.2/unicore/lib/Sc/Mlym.pl
./usr/lib/perl5/5.30.2/unicore/lib/Sc/Mong.pl
./usr/lib/perl5/5.30.2/unicore/lib/Sc/Mult.pl
./usr/lib/perl5/5.30.2/unicore/lib/Sc/Orya.pl
./usr/lib/perl5/5.30.2/unicore/lib/Sc/Sinh.pl
./usr/lib/perl5/5.30.2/unicore/lib/Sc/Syrc.pl
./usr/lib/perl5/5.30.2/unicore/lib/Sc/Taml.pl
./usr/lib/perl5/5.30.2/unicore/lib/Sc/Telu.pl
./usr/lib/perl5/5.30.2/unicore/lib/Sc/Zinh.pl
./usr/lib/perl5/5.30.2/unicore/lib/Sc/Zyyy.pl
./usr/lib/perl5/5.30.2/unicore/lib/Scx
./usr/lib/perl5/5.30.2/unicore/lib/Scx/Adlm.pl
./usr/lib/perl5/5.30.2/unicore/lib/Scx/Arab.pl
./usr/lib/perl5/5.30.2/unicore/lib/Scx/Armn.pl
./usr/lib/perl5/5.30.2/unicore/lib/Scx/Beng.pl
./usr/lib/perl5/5.30.2/unicore/lib/Scx/Bhks.pl
./usr/lib/perl5/5.30.2/unicore/lib/Scx/Bopo.pl
./usr/lib/perl5/5.30.2/unicore/lib/Scx/Cakm.pl
./usr/lib/perl5/5.30.2/unicore/lib/Scx/Cham.pl
./usr/lib/perl5/5.30.2/unicore/lib/Scx/Copt.pl
./usr/lib/perl5/5.30.2/unicore/lib/Scx/Cprt.pl
./usr/lib/perl5/5.30.2/unicore/lib/Scx/Cyrl.pl
./usr/lib/perl5/5.30.2/unicore/lib/Scx/Deva.pl
./usr/lib/perl5/5.30.2/unicore/lib/Scx/Dupl.pl
./usr/lib/perl5/5.30.2/unicore/lib/Scx/Ethi.pl
./usr/lib/perl5/5.30.2/unicore/lib/Scx/Geor.pl
./usr/lib/perl5/5.30.2/unicore/lib/Scx/Glag.pl
./usr/lib/perl5/5.30.2/unicore/lib/Scx/Gong.pl
./usr/lib/perl5/5.30.2/unicore/lib/Scx/Gonm.pl
./usr/lib/perl5/5.30.2/unicore/lib/Scx/Gran.pl
./usr/lib/perl5/5.30.2/unicore/lib/Scx/Grek.pl
./usr/lib/perl5/5.30.2/unicore/lib/Scx/Gujr.pl
./usr/lib/perl5/5.30.2/unicore/lib/Scx/Guru.pl
./usr/lib/perl5/5.30.2/unicore/lib/Scx/Han.pl
./usr/lib/perl5/5.30.2/unicore/lib/Scx/Hang.pl
./usr/lib/perl5/5.30.2/unicore/lib/Scx/Hebr.pl
./usr/lib/perl5/5.30.2/unicore/lib/Scx/Hira.pl
./usr/lib/perl5/5.30.2/unicore/lib/Scx/Hmng.pl
./usr/lib/perl5/5.30.2/unicore/lib/Scx/Hmnp.pl
./usr/lib/perl5/5.30.2/unicore/lib/Scx/Kana.pl
./usr/lib/perl5/5.30.2/unicore/lib/Scx/Khar.pl
./usr/lib/perl5/5.30.2/unicore/lib/Scx/Khmr.pl
./usr/lib/perl5/5.30.2/unicore/lib/Scx/Khoj.pl
./usr/lib/perl5/5.30.2/unicore/lib/Scx/Knda.pl
./usr/lib/perl5/5.30.2/unicore/lib/Scx/Kthi.pl
./usr/lib/perl5/5.30.2/unicore/lib/Scx/Lana.pl
./usr/lib/perl5/5.30.2/unicore/lib/Scx/Lao.pl
./usr/lib/perl5/5.30.2/unicore/lib/Scx/Latn.pl
./usr/lib/perl5/5.30.2/unicore/lib/Scx/Limb.pl
./usr/lib/perl5/5.30.2/unicore/lib/Scx/Lina.pl
./usr/lib/perl5/5.30.2/unicore/lib/Scx/Linb.pl
./usr/lib/perl5/5.30.2/unicore/lib/Scx/Mlym.pl
./usr/lib/perl5/5.30.2/unicore/lib/Scx/Mong.pl
./usr/lib/perl5/5.30.2/unicore/lib/Scx/Mult.pl
./usr/lib/perl5/5.30.2/unicore/lib/Scx/Mymr.pl
./usr/lib/perl5/5.30.2/unicore/lib/Scx/Nand.pl
./usr/lib/perl5/5.30.2/unicore/lib/Scx/Orya.pl
./usr/lib/perl5/5.30.2/unicore/lib/Scx/Phlp.pl
./usr/lib/perl5/5.30.2/unicore/lib/Scx/Rohg.pl
./usr/lib/perl5/5.30.2/unicore/lib/Scx/Shrd.pl
./usr/lib/perl5/5.30.2/unicore/lib/Scx/Sind.pl
./usr/lib/perl5/5.30.2/unicore/lib/Scx/Sinh.pl
./usr/lib/perl5/5.30.2/unicore/lib/Scx/Syrc.pl
./usr/lib/perl5/5.30.2/unicore/lib/Scx/Tagb.pl
./usr/lib/perl5/5.30.2/unicore/lib/Scx/Takr.pl
./usr/lib/perl5/5.30.2/unicore/lib/Scx/Talu.pl
./usr/lib/perl5/5.30.2/unicore/lib/Scx/Taml.pl
./usr/lib/perl5/5.30.2/unicore/lib/Scx/Telu.pl
./usr/lib/perl5/5.30.2/unicore/lib/Scx/Thaa.pl
./usr/lib/perl5/5.30.2/unicore/lib/Scx/Tibt.pl
./usr/lib/perl5/5.30.2/unicore/lib/Scx/Tirh.pl
./usr/lib/perl5/5.30.2/unicore/lib/Scx/Xsux.pl
./usr/lib/perl5/5.30.2/unicore/lib/Scx/Yi.pl
./usr/lib/perl5/5.30.2/unicore/lib/Scx/Zinh.pl
./usr/lib/perl5/5.30.2/unicore/lib/Scx/Zyyy.pl
./usr/lib/perl5/5.30.2/unicore/lib/Scx/Zzzz.pl
./usr/lib/perl5/5.30.2/unicore/lib/Term
./usr/lib/perl5/5.30.2/unicore/lib/Term/Y.pl
./usr/lib/perl5/5.30.2/unicore/lib/UIdeo
./usr/lib/perl5/5.30.2/unicore/lib/UIdeo/Y.pl
./usr/lib/perl5/5.30.2/unicore/lib/Upper
./usr/lib/perl5/5.30.2/unicore/lib/Upper/Y.pl
./usr/lib/perl5/5.30.2/unicore/lib/Vo
./usr/lib/perl5/5.30.2/unicore/lib/Vo/R.pl
./usr/lib/perl5/5.30.2/unicore/lib/Vo/Tr.pl
./usr/lib/perl5/5.30.2/unicore/lib/Vo/Tu.pl
./usr/lib/perl5/5.30.2/unicore/lib/Vo/U.pl
./usr/lib/perl5/5.30.2/unicore/lib/WB
./usr/lib/perl5/5.30.2/unicore/lib/WB/EX.pl
./usr/lib/perl5/5.30.2/unicore/lib/WB/Extend.pl
./usr/lib/perl5/5.30.2/unicore/lib/WB/FO.pl
./usr/lib/perl5/5.30.2/unicore/lib/WB/HL.pl
./usr/lib/perl5/5.30.2/unicore/lib/WB/KA.pl
./usr/lib/perl5/5.30.2/unicore/lib/WB/LE.pl
./usr/lib/perl5/5.30.2/unicore/lib/WB/MB.pl
./usr/lib/perl5/5.30.2/unicore/lib/WB/ML.pl
./usr/lib/perl5/5.30.2/unicore/lib/WB/MN.pl
./usr/lib/perl5/5.30.2/unicore/lib/WB/NU.pl
./usr/lib/perl5/5.30.2/unicore/lib/WB/WSegSpac.pl
./usr/lib/perl5/5.30.2/unicore/lib/WB/XX.pl
./usr/lib/perl5/5.30.2/unicore/lib/XIDC
./usr/lib/perl5/5.30.2/unicore/lib/XIDC/Y.pl
./usr/lib/perl5/5.30.2/unicore/lib/XIDS
./usr/lib/perl5/5.30.2/unicore/lib/XIDS/Y.pl
./usr/lib/perl5/5.30.2/unicore/uni_keywords.pl
./usr/lib/perl5/5.30.2/unicore/version
./usr/lib/perl5/5.30.2/utf8.pm
./usr/lib/perl5/5.30.2/utf8_heavy.pl
./usr/lib/perl5/5.30.2/vars.pm
./usr/lib/perl5/5.30.2/version
./usr/lib/perl5/5.30.2/version.pm
./usr/lib/perl5/5.30.2/version.pod
./usr/lib/perl5/5.30.2/version/Internals.pod
./usr/lib/perl5/5.30.2/version/regex.pm
./usr/lib/perl5/5.30.2/vmsish.pm
./usr/lib/perl5/5.30.2/warnings
./usr/lib/perl5/5.30.2/warnings.pm
./usr/lib/perl5/5.30.2/warnings/register.pm
./usr/lib/perl5/site_perl
./usr/lib/perl5/site_perl/5.30.2
./usr/lib/perl5/site_perl/5.30.2/arm-linux
