./usr/bin/a2p
./usr/bin/c2ph
./usr/bin/config_data
./usr/bin/corelist
./usr/bin/cpan
./usr/bin/cpan2dist
./usr/bin/cpanp
./usr/bin/cpanp-run-perl
./usr/bin/enc2xs
./usr/bin/find2perl
./usr/bin/h2ph
./usr/bin/h2xs
./usr/bin/instmodsh
./usr/bin/json_pp
./usr/bin/libnetcfg
./usr/bin/perl
./usr/bin/perl5.16.0
./usr/bin/perlbug
./usr/bin/perldoc
./usr/bin/perlivp
./usr/bin/perlthanks
./usr/bin/piconv
./usr/bin/pl2pm
./usr/bin/pod2html
./usr/bin/pod2latex
./usr/bin/pod2man
./usr/bin/pod2text
./usr/bin/pod2usage
./usr/bin/podchecker
./usr/bin/podselect
./usr/bin/prove
./usr/bin/psed
./usr/bin/pstruct
./usr/bin/ptar
./usr/bin/ptardiff
./usr/bin/ptargrep
./usr/bin/s2p
./usr/bin/shasum
./usr/bin/splain
./usr/bin/xsubpp
./usr/bin/zipdetails
./usr/lib/perl
./usr/lib/perl/AnyDBM_File.pm
./usr/lib/perl/App
./usr/lib/perl/App/Cpan.pm
./usr/lib/perl/App/Prove
./usr/lib/perl/App/Prove.pm
./usr/lib/perl/App/Prove/State
./usr/lib/perl/App/Prove/State.pm
./usr/lib/perl/App/Prove/State/Result
./usr/lib/perl/App/Prove/State/Result.pm
./usr/lib/perl/App/Prove/State/Result/Test.pm
./usr/lib/perl/Archive
./usr/lib/perl/Archive/Extract.pm
./usr/lib/perl/Archive/Tar
./usr/lib/perl/Archive/Tar/Constant.pm
./usr/lib/perl/Archive/Tar/File.pm
./usr/lib/perl/Archive/Tar.pm
./usr/lib/perl/arm-linux
./usr/lib/perl/arm-linux/arybase.pm
./usr/lib/perl/arm-linux/attributes.pm
./usr/lib/perl/arm-linux/auto
./usr/lib/perl/arm-linux/auto/arybase
./usr/lib/perl/arm-linux/auto/arybase/arybase.bs
./usr/lib/perl/arm-linux/auto/arybase/arybase.so
./usr/lib/perl/arm-linux/auto/attributes
./usr/lib/perl/arm-linux/auto/attributes/attributes.bs
./usr/lib/perl/arm-linux/auto/attributes/attributes.so
./usr/lib/perl/arm-linux/auto/B
./usr/lib/perl/arm-linux/auto/B/B.bs
./usr/lib/perl/arm-linux/auto/B/B.so
./usr/lib/perl/arm-linux/auto/Compress
./usr/lib/perl/arm-linux/auto/Compress/Raw
./usr/lib/perl/arm-linux/auto/Compress/Raw/Bzip2
./usr/lib/perl/arm-linux/auto/Compress/Raw/Bzip2/autosplit.ix
./usr/lib/perl/arm-linux/auto/Compress/Raw/Bzip2/Bzip2.bs
./usr/lib/perl/arm-linux/auto/Compress/Raw/Bzip2/Bzip2.so
./usr/lib/perl/arm-linux/auto/Compress/Raw/Zlib
./usr/lib/perl/arm-linux/auto/Compress/Raw/Zlib/autosplit.ix
./usr/lib/perl/arm-linux/auto/Compress/Raw/Zlib/Zlib.bs
./usr/lib/perl/arm-linux/auto/Compress/Raw/Zlib/Zlib.so
./usr/lib/perl/arm-linux/auto/Cwd
./usr/lib/perl/arm-linux/auto/Cwd/Cwd.bs
./usr/lib/perl/arm-linux/auto/Cwd/Cwd.so
./usr/lib/perl/arm-linux/auto/Data
./usr/lib/perl/arm-linux/auto/Data/Dumper
./usr/lib/perl/arm-linux/auto/Data/Dumper/Dumper.bs
./usr/lib/perl/arm-linux/auto/Data/Dumper/Dumper.so
./usr/lib/perl/arm-linux/auto/Devel
./usr/lib/perl/arm-linux/auto/Devel/Peek
./usr/lib/perl/arm-linux/auto/Devel/Peek/Peek.bs
./usr/lib/perl/arm-linux/auto/Devel/Peek/Peek.so
./usr/lib/perl/arm-linux/auto/Devel/PPPort
./usr/lib/perl/arm-linux/auto/Devel/PPPort/PPPort.bs
./usr/lib/perl/arm-linux/auto/Devel/PPPort/PPPort.so
./usr/lib/perl/arm-linux/auto/Digest
./usr/lib/perl/arm-linux/auto/Digest/MD5
./usr/lib/perl/arm-linux/auto/Digest/MD5/MD5.bs
./usr/lib/perl/arm-linux/auto/Digest/MD5/MD5.so
./usr/lib/perl/arm-linux/auto/Digest/SHA
./usr/lib/perl/arm-linux/auto/Digest/SHA/SHA.bs
./usr/lib/perl/arm-linux/auto/Digest/SHA/SHA.so
./usr/lib/perl/arm-linux/auto/Encode
./usr/lib/perl/arm-linux/auto/Encode/Byte
./usr/lib/perl/arm-linux/auto/Encode/Byte/Byte.bs
./usr/lib/perl/arm-linux/auto/Encode/Byte/Byte.so
./usr/lib/perl/arm-linux/auto/Encode/CN
./usr/lib/perl/arm-linux/auto/Encode/CN/CN.bs
./usr/lib/perl/arm-linux/auto/Encode/CN/CN.so
./usr/lib/perl/arm-linux/auto/Encode/EBCDIC
./usr/lib/perl/arm-linux/auto/Encode/EBCDIC/EBCDIC.bs
./usr/lib/perl/arm-linux/auto/Encode/EBCDIC/EBCDIC.so
./usr/lib/perl/arm-linux/auto/Encode/Encode.bs
./usr/lib/perl/arm-linux/auto/Encode/Encode.so
./usr/lib/perl/arm-linux/auto/Encode/JP
./usr/lib/perl/arm-linux/auto/Encode/JP/JP.bs
./usr/lib/perl/arm-linux/auto/Encode/JP/JP.so
./usr/lib/perl/arm-linux/auto/Encode/KR
./usr/lib/perl/arm-linux/auto/Encode/KR/KR.bs
./usr/lib/perl/arm-linux/auto/Encode/KR/KR.so
./usr/lib/perl/arm-linux/auto/Encode/Symbol
./usr/lib/perl/arm-linux/auto/Encode/Symbol/Symbol.bs
./usr/lib/perl/arm-linux/auto/Encode/Symbol/Symbol.so
./usr/lib/perl/arm-linux/auto/Encode/TW
./usr/lib/perl/arm-linux/auto/Encode/TW/TW.bs
./usr/lib/perl/arm-linux/auto/Encode/TW/TW.so
./usr/lib/perl/arm-linux/auto/Encode/Unicode
./usr/lib/perl/arm-linux/auto/Encode/Unicode/Unicode.bs
./usr/lib/perl/arm-linux/auto/Encode/Unicode/Unicode.so
./usr/lib/perl/arm-linux/auto/Fcntl
./usr/lib/perl/arm-linux/auto/Fcntl/Fcntl.bs
./usr/lib/perl/arm-linux/auto/Fcntl/Fcntl.so
./usr/lib/perl/arm-linux/auto/File
./usr/lib/perl/arm-linux/auto/File/Glob
./usr/lib/perl/arm-linux/auto/File/Glob/Glob.bs
./usr/lib/perl/arm-linux/auto/File/Glob/Glob.so
./usr/lib/perl/arm-linux/auto/Filter
./usr/lib/perl/arm-linux/auto/Filter/Util
./usr/lib/perl/arm-linux/auto/Filter/Util/Call
./usr/lib/perl/arm-linux/auto/Filter/Util/Call/Call.bs
./usr/lib/perl/arm-linux/auto/Filter/Util/Call/Call.so
./usr/lib/perl/arm-linux/auto/GDBM_File
./usr/lib/perl/arm-linux/auto/GDBM_File/GDBM_File.bs
./usr/lib/perl/arm-linux/auto/GDBM_File/GDBM_File.so
./usr/lib/perl/arm-linux/auto/Hash
./usr/lib/perl/arm-linux/auto/Hash/Util
./usr/lib/perl/arm-linux/auto/Hash/Util/FieldHash
./usr/lib/perl/arm-linux/auto/Hash/Util/FieldHash/FieldHash.bs
./usr/lib/perl/arm-linux/auto/Hash/Util/FieldHash/FieldHash.so
./usr/lib/perl/arm-linux/auto/Hash/Util/Util.bs
./usr/lib/perl/arm-linux/auto/Hash/Util/Util.so
./usr/lib/perl/arm-linux/auto/I18N
./usr/lib/perl/arm-linux/auto/I18N/Langinfo
./usr/lib/perl/arm-linux/auto/I18N/Langinfo/Langinfo.bs
./usr/lib/perl/arm-linux/auto/I18N/Langinfo/Langinfo.so
./usr/lib/perl/arm-linux/auto/IO
./usr/lib/perl/arm-linux/auto/IO/IO.bs
./usr/lib/perl/arm-linux/auto/IO/IO.so
./usr/lib/perl/arm-linux/auto/IPC
./usr/lib/perl/arm-linux/auto/IPC/SysV
./usr/lib/perl/arm-linux/auto/IPC/SysV/SysV.bs
./usr/lib/perl/arm-linux/auto/IPC/SysV/SysV.so
./usr/lib/perl/arm-linux/auto/List
./usr/lib/perl/arm-linux/auto/List/Util
./usr/lib/perl/arm-linux/auto/List/Util/Util.bs
./usr/lib/perl/arm-linux/auto/List/Util/Util.so
./usr/lib/perl/arm-linux/auto/Math
./usr/lib/perl/arm-linux/auto/Math/BigInt
./usr/lib/perl/arm-linux/auto/Math/BigInt/FastCalc
./usr/lib/perl/arm-linux/auto/Math/BigInt/FastCalc/FastCalc.bs
./usr/lib/perl/arm-linux/auto/Math/BigInt/FastCalc/FastCalc.so
./usr/lib/perl/arm-linux/auto/MIME
./usr/lib/perl/arm-linux/auto/MIME/Base64
./usr/lib/perl/arm-linux/auto/MIME/Base64/Base64.bs
./usr/lib/perl/arm-linux/auto/MIME/Base64/Base64.so
./usr/lib/perl/arm-linux/auto/mro
./usr/lib/perl/arm-linux/auto/mro/mro.bs
./usr/lib/perl/arm-linux/auto/mro/mro.so
./usr/lib/perl/arm-linux/auto/Opcode
./usr/lib/perl/arm-linux/auto/Opcode/Opcode.bs
./usr/lib/perl/arm-linux/auto/Opcode/Opcode.so
./usr/lib/perl/arm-linux/auto/PerlIO
./usr/lib/perl/arm-linux/auto/PerlIO/encoding
./usr/lib/perl/arm-linux/auto/PerlIO/encoding/encoding.bs
./usr/lib/perl/arm-linux/auto/PerlIO/encoding/encoding.so
./usr/lib/perl/arm-linux/auto/PerlIO/mmap
./usr/lib/perl/arm-linux/auto/PerlIO/mmap/mmap.bs
./usr/lib/perl/arm-linux/auto/PerlIO/mmap/mmap.so
./usr/lib/perl/arm-linux/auto/PerlIO/scalar
./usr/lib/perl/arm-linux/auto/PerlIO/scalar/scalar.bs
./usr/lib/perl/arm-linux/auto/PerlIO/scalar/scalar.so
./usr/lib/perl/arm-linux/auto/PerlIO/via
./usr/lib/perl/arm-linux/auto/PerlIO/via/via.bs
./usr/lib/perl/arm-linux/auto/PerlIO/via/via.so
./usr/lib/perl/arm-linux/auto/POSIX
./usr/lib/perl/arm-linux/auto/POSIX/POSIX.bs
./usr/lib/perl/arm-linux/auto/POSIX/POSIX.so
./usr/lib/perl/arm-linux/auto/re
./usr/lib/perl/arm-linux/auto/re/re.bs
./usr/lib/perl/arm-linux/auto/re/re.so
./usr/lib/perl/arm-linux/auto/sdbm
./usr/lib/perl/arm-linux/auto/sdbm/extralibs.ld
./usr/lib/perl/arm-linux/auto/SDBM_File
./usr/lib/perl/arm-linux/auto/SDBM_File/SDBM_File.bs
./usr/lib/perl/arm-linux/auto/SDBM_File/SDBM_File.so
./usr/lib/perl/arm-linux/auto/Socket
./usr/lib/perl/arm-linux/auto/Socket/Socket.bs
./usr/lib/perl/arm-linux/auto/Socket/Socket.so
./usr/lib/perl/arm-linux/auto/Storable
./usr/lib/perl/arm-linux/auto/Storable/Storable.bs
./usr/lib/perl/arm-linux/auto/Storable/Storable.so
./usr/lib/perl/arm-linux/auto/Sys
./usr/lib/perl/arm-linux/auto/Sys/Hostname
./usr/lib/perl/arm-linux/auto/Sys/Hostname/Hostname.bs
./usr/lib/perl/arm-linux/auto/Sys/Hostname/Hostname.so
./usr/lib/perl/arm-linux/auto/Sys/Syslog
./usr/lib/perl/arm-linux/auto/Sys/Syslog/Syslog.bs
./usr/lib/perl/arm-linux/auto/Sys/Syslog/Syslog.so
./usr/lib/perl/arm-linux/auto/Text
./usr/lib/perl/arm-linux/auto/Text/Soundex
./usr/lib/perl/arm-linux/auto/Text/Soundex/Soundex.bs
./usr/lib/perl/arm-linux/auto/Text/Soundex/Soundex.so
./usr/lib/perl/arm-linux/auto/threads
./usr/lib/perl/arm-linux/auto/threads/shared
./usr/lib/perl/arm-linux/auto/threads/shared/shared.bs
./usr/lib/perl/arm-linux/auto/threads/shared/shared.so
./usr/lib/perl/arm-linux/auto/threads/threads.bs
./usr/lib/perl/arm-linux/auto/threads/threads.so
./usr/lib/perl/arm-linux/auto/Tie
./usr/lib/perl/arm-linux/auto/Tie/Hash
./usr/lib/perl/arm-linux/auto/Tie/Hash/NamedCapture
./usr/lib/perl/arm-linux/auto/Tie/Hash/NamedCapture/NamedCapture.bs
./usr/lib/perl/arm-linux/auto/Tie/Hash/NamedCapture/NamedCapture.so
./usr/lib/perl/arm-linux/auto/Time
./usr/lib/perl/arm-linux/auto/Time/HiRes
./usr/lib/perl/arm-linux/auto/Time/HiRes/HiRes.bs
./usr/lib/perl/arm-linux/auto/Time/HiRes/HiRes.so
./usr/lib/perl/arm-linux/auto/Time/Piece
./usr/lib/perl/arm-linux/auto/Time/Piece/Piece.bs
./usr/lib/perl/arm-linux/auto/Time/Piece/Piece.so
./usr/lib/perl/arm-linux/auto/Unicode
./usr/lib/perl/arm-linux/auto/Unicode/Collate
./usr/lib/perl/arm-linux/auto/Unicode/Collate/Collate.bs
./usr/lib/perl/arm-linux/auto/Unicode/Collate/Collate.so
./usr/lib/perl/arm-linux/auto/Unicode/Normalize
./usr/lib/perl/arm-linux/auto/Unicode/Normalize/Normalize.bs
./usr/lib/perl/arm-linux/auto/Unicode/Normalize/Normalize.so
./usr/lib/perl/arm-linux/B
./usr/lib/perl/arm-linux/B/Concise.pm
./usr/lib/perl/arm-linux/B.pm
./usr/lib/perl/arm-linux/B/Showlex.pm
./usr/lib/perl/arm-linux/B/Terse.pm
./usr/lib/perl/arm-linux/B/Xref.pm
./usr/lib/perl/arm-linux/Compress
./usr/lib/perl/arm-linux/Compress/Raw
./usr/lib/perl/arm-linux/Compress/Raw/Bzip2.pm
./usr/lib/perl/arm-linux/Compress/Raw/Zlib.pm
./usr/lib/perl/arm-linux/Config_git.pl
./usr/lib/perl/arm-linux/Config_heavy.pl
./usr/lib/perl/arm-linux/Config.pm
./usr/lib/perl/arm-linux/Config.pod
./usr/lib/perl/arm-linux/CORE
./usr/lib/perl/arm-linux/CORE/av.h
./usr/lib/perl/arm-linux/CORE/bitcount.h
./usr/lib/perl/arm-linux/CORE/charclass_invlists.h
./usr/lib/perl/arm-linux/CORE/config.h
./usr/lib/perl/arm-linux/CORE/cop.h
./usr/lib/perl/arm-linux/CORE/cv.h
./usr/lib/perl/arm-linux/CORE/dosish.h
./usr/lib/perl/arm-linux/CORE/embed.h
./usr/lib/perl/arm-linux/CORE/embedvar.h
./usr/lib/perl/arm-linux/CORE/EXTERN.h
./usr/lib/perl/arm-linux/CORE/fakesdio.h
./usr/lib/perl/arm-linux/CORE/fakethr.h
./usr/lib/perl/arm-linux/CORE/feature.h
./usr/lib/perl/arm-linux/CORE/form.h
./usr/lib/perl/arm-linux/CORE/git_version.h
./usr/lib/perl/arm-linux/CORE/gv.h
./usr/lib/perl/arm-linux/CORE/handy.h
./usr/lib/perl/arm-linux/CORE/hv.h
./usr/lib/perl/arm-linux/CORE/INTERN.h
./usr/lib/perl/arm-linux/CORE/intrpvar.h
./usr/lib/perl/arm-linux/CORE/iperlsys.h
./usr/lib/perl/arm-linux/CORE/keywords.h
./usr/lib/perl/arm-linux/CORE/l1_char_class_tab.h
./usr/lib/perl/arm-linux/CORE/malloc_ctl.h
./usr/lib/perl/arm-linux/CORE/metaconfig.h
./usr/lib/perl/arm-linux/CORE/mg_data.h
./usr/lib/perl/arm-linux/CORE/mg.h
./usr/lib/perl/arm-linux/CORE/mg_raw.h
./usr/lib/perl/arm-linux/CORE/mg_vtable.h
./usr/lib/perl/arm-linux/CORE/mydtrace.h
./usr/lib/perl/arm-linux/CORE/nostdio.h
./usr/lib/perl/arm-linux/CORE/opcode.h
./usr/lib/perl/arm-linux/CORE/op.h
./usr/lib/perl/arm-linux/CORE/opnames.h
./usr/lib/perl/arm-linux/CORE/op_reg_common.h
./usr/lib/perl/arm-linux/CORE/overload.h
./usr/lib/perl/arm-linux/CORE/pad.h
./usr/lib/perl/arm-linux/CORE/parser.h
./usr/lib/perl/arm-linux/CORE/patchlevel.h
./usr/lib/perl/arm-linux/CORE/perlapi.h
./usr/lib/perl/arm-linux/CORE/perl.h
./usr/lib/perl/arm-linux/CORE/perlio.h
./usr/lib/perl/arm-linux/CORE/perliol.h
./usr/lib/perl/arm-linux/CORE/perlsdio.h
./usr/lib/perl/arm-linux/CORE/perlsfio.h
./usr/lib/perl/arm-linux/CORE/perlvars.h
./usr/lib/perl/arm-linux/CORE/perly.h
./usr/lib/perl/arm-linux/CORE/pp.h
./usr/lib/perl/arm-linux/CORE/pp_proto.h
./usr/lib/perl/arm-linux/CORE/proto.h
./usr/lib/perl/arm-linux/CORE/reentr.h
./usr/lib/perl/arm-linux/CORE/regcharclass.h
./usr/lib/perl/arm-linux/CORE/regcomp.h
./usr/lib/perl/arm-linux/CORE/regexp.h
./usr/lib/perl/arm-linux/CORE/regnodes.h
./usr/lib/perl/arm-linux/CORE/scope.h
./usr/lib/perl/arm-linux/CORE/sv.h
./usr/lib/perl/arm-linux/CORE/thread.h
./usr/lib/perl/arm-linux/CORE/time64_config.h
./usr/lib/perl/arm-linux/CORE/time64.h
./usr/lib/perl/arm-linux/CORE/try.h
./usr/lib/perl/arm-linux/CORE/uconfig.h
./usr/lib/perl/arm-linux/CORE/unixish.h
./usr/lib/perl/arm-linux/CORE/utf8.h
./usr/lib/perl/arm-linux/CORE/utfebcdic.h
./usr/lib/perl/arm-linux/CORE/util.h
./usr/lib/perl/arm-linux/CORE/uudmap.h
./usr/lib/perl/arm-linux/CORE/warnings.h
./usr/lib/perl/arm-linux/CORE/xconfig.h
./usr/lib/perl/arm-linux/CORE/XSUB.h
./usr/lib/perl/arm-linux/Cwd.pm
./usr/lib/perl/arm-linux/Data
./usr/lib/perl/arm-linux/Data/Dumper.pm
./usr/lib/perl/arm-linux/Devel
./usr/lib/perl/arm-linux/Devel/Peek.pm
./usr/lib/perl/arm-linux/Devel/PPPort.pm
./usr/lib/perl/arm-linux/Digest
./usr/lib/perl/arm-linux/Digest/MD5.pm
./usr/lib/perl/arm-linux/Digest/SHA.pm
./usr/lib/perl/arm-linux/DynaLoader.pm
./usr/lib/perl/arm-linux/Encode
./usr/lib/perl/arm-linux/Encode/Alias.pm
./usr/lib/perl/arm-linux/Encode/Byte.pm
./usr/lib/perl/arm-linux/Encode/CJKConstants.pm
./usr/lib/perl/arm-linux/Encode/CN
./usr/lib/perl/arm-linux/Encode/CN/HZ.pm
./usr/lib/perl/arm-linux/Encode/CN.pm
./usr/lib/perl/arm-linux/Encode/Config.pm
./usr/lib/perl/arm-linux/Encode/EBCDIC.pm
./usr/lib/perl/arm-linux/Encode/Encoder.pm
./usr/lib/perl/arm-linux/Encode/Encoding.pm
./usr/lib/perl/arm-linux/Encode/GSM0338.pm
./usr/lib/perl/arm-linux/Encode/Guess.pm
./usr/lib/perl/arm-linux/Encode/JP
./usr/lib/perl/arm-linux/Encode/JP/H2Z.pm
./usr/lib/perl/arm-linux/Encode/JP/JIS7.pm
./usr/lib/perl/arm-linux/Encode/JP.pm
./usr/lib/perl/arm-linux/Encode/KR
./usr/lib/perl/arm-linux/Encode/KR/2022_KR.pm
./usr/lib/perl/arm-linux/Encode/KR.pm
./usr/lib/perl/arm-linux/Encode/MIME
./usr/lib/perl/arm-linux/Encode/MIME/Header
./usr/lib/perl/arm-linux/Encode/MIME/Header/ISO_2022_JP.pm
./usr/lib/perl/arm-linux/Encode/MIME/Header.pm
./usr/lib/perl/arm-linux/Encode/MIME/Name.pm
./usr/lib/perl/arm-linux/Encode.pm
./usr/lib/perl/arm-linux/Encode/Symbol.pm
./usr/lib/perl/arm-linux/Encode/TW.pm
./usr/lib/perl/arm-linux/Encode/Unicode
./usr/lib/perl/arm-linux/Encode/Unicode.pm
./usr/lib/perl/arm-linux/Encode/Unicode/UTF7.pm
./usr/lib/perl/arm-linux/encoding.pm
./usr/lib/perl/arm-linux/Fcntl.pm
./usr/lib/perl/arm-linux/File
./usr/lib/perl/arm-linux/File/Glob.pm
./usr/lib/perl/arm-linux/File/Spec
./usr/lib/perl/arm-linux/File/Spec/Cygwin.pm
./usr/lib/perl/arm-linux/File/Spec/Epoc.pm
./usr/lib/perl/arm-linux/File/Spec/Functions.pm
./usr/lib/perl/arm-linux/File/Spec/Mac.pm
./usr/lib/perl/arm-linux/File/Spec/OS2.pm
./usr/lib/perl/arm-linux/File/Spec.pm
./usr/lib/perl/arm-linux/File/Spec/Unix.pm
./usr/lib/perl/arm-linux/File/Spec/VMS.pm
./usr/lib/perl/arm-linux/File/Spec/Win32.pm
./usr/lib/perl/arm-linux/Filter
./usr/lib/perl/arm-linux/Filter/Util
./usr/lib/perl/arm-linux/Filter/Util/Call.pm
./usr/lib/perl/arm-linux/GDBM_File.pm
./usr/lib/perl/arm-linux/Hash
./usr/lib/perl/arm-linux/Hash/Util
./usr/lib/perl/arm-linux/Hash/Util/FieldHash.pm
./usr/lib/perl/arm-linux/Hash/Util.pm
./usr/lib/perl/arm-linux/I18N
./usr/lib/perl/arm-linux/I18N/Langinfo.pm
./usr/lib/perl/arm-linux/IO
./usr/lib/perl/arm-linux/IO/Dir.pm
./usr/lib/perl/arm-linux/IO/File.pm
./usr/lib/perl/arm-linux/IO/Handle.pm
./usr/lib/perl/arm-linux/IO/Pipe.pm
./usr/lib/perl/arm-linux/IO.pm
./usr/lib/perl/arm-linux/IO/Poll.pm
./usr/lib/perl/arm-linux/IO/Seekable.pm
./usr/lib/perl/arm-linux/IO/Select.pm
./usr/lib/perl/arm-linux/IO/Socket
./usr/lib/perl/arm-linux/IO/Socket/INET.pm
./usr/lib/perl/arm-linux/IO/Socket.pm
./usr/lib/perl/arm-linux/IO/Socket/UNIX.pm
./usr/lib/perl/arm-linux/IPC
./usr/lib/perl/arm-linux/IPC/Msg.pm
./usr/lib/perl/arm-linux/IPC/Semaphore.pm
./usr/lib/perl/arm-linux/IPC/SharedMem.pm
./usr/lib/perl/arm-linux/IPC/SysV.pm
./usr/lib/perl/arm-linux/lib.pm
./usr/lib/perl/arm-linux/Math
./usr/lib/perl/arm-linux/Math/BigInt
./usr/lib/perl/arm-linux/Math/BigInt/FastCalc.pm
./usr/lib/perl/arm-linux/MIME
./usr/lib/perl/arm-linux/MIME/Base64.pm
./usr/lib/perl/arm-linux/MIME/QuotedPrint.pm
./usr/lib/perl/arm-linux/mro.pm
./usr/lib/perl/arm-linux/Opcode.pm
./usr/lib/perl/arm-linux/O.pm
./usr/lib/perl/arm-linux/ops.pm
./usr/lib/perl/arm-linux/.packlist
./usr/lib/perl/arm-linux/PerlIO
./usr/lib/perl/arm-linux/PerlIO/encoding.pm
./usr/lib/perl/arm-linux/PerlIO/mmap.pm
./usr/lib/perl/arm-linux/PerlIO/scalar.pm
./usr/lib/perl/arm-linux/PerlIO/via.pm
./usr/lib/perl/arm-linux/POSIX.pm
./usr/lib/perl/arm-linux/POSIX.pod
./usr/lib/perl/arm-linux/re.pm
./usr/lib/perl/arm-linux/SDBM_File.pm
./usr/lib/perl/arm-linux/Socket.pm
./usr/lib/perl/arm-linux/Storable.pm
./usr/lib/perl/arm-linux/Sys
./usr/lib/perl/arm-linux/Sys/Hostname.pm
./usr/lib/perl/arm-linux/Sys/Syslog.pm
./usr/lib/perl/arm-linux/Text
./usr/lib/perl/arm-linux/Text/Soundex.pm
./usr/lib/perl/arm-linux/threads
./usr/lib/perl/arm-linux/threads.pm
./usr/lib/perl/arm-linux/threads/shared.pm
./usr/lib/perl/arm-linux/Tie
./usr/lib/perl/arm-linux/Tie/Hash
./usr/lib/perl/arm-linux/Tie/Hash/NamedCapture.pm
./usr/lib/perl/arm-linux/Time
./usr/lib/perl/arm-linux/Time/HiRes.pm
./usr/lib/perl/arm-linux/Time/Piece.pm
./usr/lib/perl/arm-linux/Time/Seconds.pm
./usr/lib/perl/arm-linux/Unicode
./usr/lib/perl/arm-linux/Unicode/Collate
./usr/lib/perl/arm-linux/Unicode/Collate/Locale.pm
./usr/lib/perl/arm-linux/Unicode/Collate.pm
./usr/lib/perl/arm-linux/Unicode/Normalize.pm
./usr/lib/perl/Attribute
./usr/lib/perl/Attribute/Handlers.pm
./usr/lib/perl/autodie
./usr/lib/perl/autodie/exception
./usr/lib/perl/autodie/exception.pm
./usr/lib/perl/autodie/exception/system.pm
./usr/lib/perl/autodie/hints.pm
./usr/lib/perl/autodie.pm
./usr/lib/perl/AutoLoader.pm
./usr/lib/perl/AutoSplit.pm
./usr/lib/perl/autouse.pm
./usr/lib/perl/B
./usr/lib/perl/base.pm
./usr/lib/perl/B/Debug.pm
./usr/lib/perl/B/Deparse.pm
./usr/lib/perl/Benchmark.pm
./usr/lib/perl/bigint.pm
./usr/lib/perl/bignum.pm
./usr/lib/perl/bigrat.pm
./usr/lib/perl/blib.pm
./usr/lib/perl/B/Lint
./usr/lib/perl/B/Lint/Debug.pm
./usr/lib/perl/B/Lint.pm
./usr/lib/perl/bytes_heavy.pl
./usr/lib/perl/bytes.pm
./usr/lib/perl/Carp
./usr/lib/perl/Carp/Heavy.pm
./usr/lib/perl/Carp.pm
./usr/lib/perl/CGI
./usr/lib/perl/CGI/Apache.pm
./usr/lib/perl/CGI/Carp.pm
./usr/lib/perl/CGI/Cookie.pm
./usr/lib/perl/CGI/Fast.pm
./usr/lib/perl/CGI.pm
./usr/lib/perl/CGI/Pretty.pm
./usr/lib/perl/CGI/Push.pm
./usr/lib/perl/CGI/Switch.pm
./usr/lib/perl/CGI/Util.pm
./usr/lib/perl/_charnames.pm
./usr/lib/perl/charnames.pm
./usr/lib/perl/Class
./usr/lib/perl/Class/Struct.pm
./usr/lib/perl/Compress
./usr/lib/perl/Compress/Zlib.pm
./usr/lib/perl/Config
./usr/lib/perl/Config/Extensions.pm
./usr/lib/perl/constant.pm
./usr/lib/perl/CORE.pod
./usr/lib/perl/CPAN
./usr/lib/perl/CPAN/API
./usr/lib/perl/CPAN/API/HOWTO.pod
./usr/lib/perl/CPAN/Author.pm
./usr/lib/perl/CPAN/Bundle.pm
./usr/lib/perl/CPAN/CacheMgr.pm
./usr/lib/perl/CPAN/Complete.pm
./usr/lib/perl/CPAN/Debug.pm
./usr/lib/perl/CPAN/DeferredCode.pm
./usr/lib/perl/CPAN/Distribution.pm
./usr/lib/perl/CPAN/Distroprefs.pm
./usr/lib/perl/CPAN/Distrostatus.pm
./usr/lib/perl/CPAN/Exception
./usr/lib/perl/CPAN/Exception/blocked_urllist.pm
./usr/lib/perl/CPAN/Exception/RecursiveDependency.pm
./usr/lib/perl/CPAN/Exception/yaml_not_installed.pm
./usr/lib/perl/CPAN/Exception/yaml_process_error.pm
./usr/lib/perl/CPAN/FirstTime.pm
./usr/lib/perl/CPAN/FTP
./usr/lib/perl/CPAN/FTP/netrc.pm
./usr/lib/perl/CPAN/FTP.pm
./usr/lib/perl/CPAN/HandleConfig.pm
./usr/lib/perl/CPAN/HTTP
./usr/lib/perl/CPAN/HTTP/Client.pm
./usr/lib/perl/CPAN/HTTP/Credentials.pm
./usr/lib/perl/CPAN/Index.pm
./usr/lib/perl/CPAN/InfoObj.pm
./usr/lib/perl/CPAN/Kwalify
./usr/lib/perl/CPAN/Kwalify/distroprefs.dd
./usr/lib/perl/CPAN/Kwalify/distroprefs.yml
./usr/lib/perl/CPAN/Kwalify.pm
./usr/lib/perl/CPAN/LWP
./usr/lib/perl/CPAN/LWP/UserAgent.pm
./usr/lib/perl/CPAN/Meta
./usr/lib/perl/CPAN/Meta/Converter.pm
./usr/lib/perl/CPAN/Meta/Feature.pm
./usr/lib/perl/CPAN/Meta/History.pm
./usr/lib/perl/CPAN/Meta.pm
./usr/lib/perl/CPAN/Meta/Prereqs.pm
./usr/lib/perl/CPAN/Meta/Requirements.pm
./usr/lib/perl/CPAN/Meta/Spec.pm
./usr/lib/perl/CPAN/Meta/Validator.pm
./usr/lib/perl/CPAN/Meta/YAML.pm
./usr/lib/perl/CPAN/Mirrors.pm
./usr/lib/perl/CPAN/Module.pm
./usr/lib/perl/CPAN/Nox.pm
./usr/lib/perl/CPANPLUS
./usr/lib/perl/CPANPLUS/Backend
./usr/lib/perl/CPANPLUS/Backend.pm
./usr/lib/perl/CPANPLUS/Backend/RV.pm
./usr/lib/perl/CPANPLUS/Config.pm
./usr/lib/perl/CPANPLUS/Configure
./usr/lib/perl/CPANPLUS/Configure.pm
./usr/lib/perl/CPANPLUS/Configure/Setup.pm
./usr/lib/perl/CPANPLUS/Dist
./usr/lib/perl/CPANPLUS/Dist/Autobundle.pm
./usr/lib/perl/CPANPLUS/Dist/Base.pm
./usr/lib/perl/CPANPLUS/Dist/Build
./usr/lib/perl/CPANPLUS/Dist/Build/Constants.pm
./usr/lib/perl/CPANPLUS/Dist/Build.pm
./usr/lib/perl/CPANPLUS/Dist/MM.pm
./usr/lib/perl/CPANPLUS/Dist.pm
./usr/lib/perl/CPANPLUS/Dist/Sample.pm
./usr/lib/perl/CPANPLUS/Error.pm
./usr/lib/perl/CPANPLUS/FAQ.pod
./usr/lib/perl/CPANPLUS/Hacking.pod
./usr/lib/perl/CPANPLUS/Internals
./usr/lib/perl/CPANPLUS/Internals/Constants
./usr/lib/perl/CPANPLUS/Internals/Constants.pm
./usr/lib/perl/CPANPLUS/Internals/Constants/Report.pm
./usr/lib/perl/CPANPLUS/Internals/Extract.pm
./usr/lib/perl/CPANPLUS/Internals/Fetch.pm
./usr/lib/perl/CPANPLUS/Internals.pm
./usr/lib/perl/CPANPLUS/Internals/Report.pm
./usr/lib/perl/CPANPLUS/Internals/Search.pm
./usr/lib/perl/CPANPLUS/Internals/Source
./usr/lib/perl/CPANPLUS/Internals/Source/Memory.pm
./usr/lib/perl/CPANPLUS/Internals/Source.pm
./usr/lib/perl/CPANPLUS/Internals/Source/SQLite
./usr/lib/perl/CPANPLUS/Internals/Source/SQLite.pm
./usr/lib/perl/CPANPLUS/Internals/Source/SQLite/Tie.pm
./usr/lib/perl/CPANPLUS/Internals/Utils
./usr/lib/perl/CPANPLUS/Internals/Utils/Autoflush.pm
./usr/lib/perl/CPANPLUS/Internals/Utils.pm
./usr/lib/perl/CPANPLUS/Module
./usr/lib/perl/CPANPLUS/Module/Author
./usr/lib/perl/CPANPLUS/Module/Author/Fake.pm
./usr/lib/perl/CPANPLUS/Module/Author.pm
./usr/lib/perl/CPANPLUS/Module/Checksums.pm
./usr/lib/perl/CPANPLUS/Module/Fake.pm
./usr/lib/perl/CPANPLUS/Module.pm
./usr/lib/perl/CPANPLUS/Module/Signature.pm
./usr/lib/perl/CPANPLUS.pm
./usr/lib/perl/CPANPLUS/Selfupdate.pm
./usr/lib/perl/CPANPLUS/Shell
./usr/lib/perl/CPANPLUS/Shell/Classic.pm
./usr/lib/perl/CPANPLUS/Shell/Default
./usr/lib/perl/CPANPLUS/Shell/Default/Plugins
./usr/lib/perl/CPANPLUS/Shell/Default/Plugins/CustomSource.pm
./usr/lib/perl/CPANPLUS/Shell/Default/Plugins/HOWTO.pod
./usr/lib/perl/CPANPLUS/Shell/Default/Plugins/Remote.pm
./usr/lib/perl/CPANPLUS/Shell/Default/Plugins/Source.pm
./usr/lib/perl/CPANPLUS/Shell/Default.pm
./usr/lib/perl/CPANPLUS/Shell.pm
./usr/lib/perl/CPAN.pm
./usr/lib/perl/CPAN/Prompt.pm
./usr/lib/perl/CPAN/Queue.pm
./usr/lib/perl/CPAN/Shell.pm
./usr/lib/perl/CPAN/Tarzip.pm
./usr/lib/perl/CPAN/URL.pm
./usr/lib/perl/CPAN/Version.pm
./usr/lib/perl/DBM_Filter
./usr/lib/perl/DBM_Filter/compress.pm
./usr/lib/perl/DBM_Filter/encode.pm
./usr/lib/perl/DBM_Filter/int32.pm
./usr/lib/perl/DBM_Filter/null.pm
./usr/lib/perl/DBM_Filter.pm
./usr/lib/perl/DBM_Filter/utf8.pm
./usr/lib/perl/DB.pm
./usr/lib/perl/deprecate.pm
./usr/lib/perl/Devel
./usr/lib/perl/Devel/InnerPackage.pm
./usr/lib/perl/Devel/SelfStubber.pm
./usr/lib/perl/diagnostics.pm
./usr/lib/perl/Digest
./usr/lib/perl/Digest/base.pm
./usr/lib/perl/Digest/file.pm
./usr/lib/perl/Digest.pm
./usr/lib/perl/DirHandle.pm
./usr/lib/perl/Dumpvalue.pm
./usr/lib/perl/dumpvar.pl
./usr/lib/perl/Encode
./usr/lib/perl/Encode/Changes.e2x
./usr/lib/perl/Encode/ConfigLocal_PM.e2x
./usr/lib/perl/Encode/encode.h
./usr/lib/perl/Encode/Makefile_PL.e2x
./usr/lib/perl/Encode/PerlIO.pod
./usr/lib/perl/Encode/_PM.e2x
./usr/lib/perl/Encode/README.e2x
./usr/lib/perl/Encode/Supported.pod
./usr/lib/perl/Encode/_T.e2x
./usr/lib/perl/encoding
./usr/lib/perl/encoding/warnings.pm
./usr/lib/perl/English.pm
./usr/lib/perl/Env.pm
./usr/lib/perl/Errno.pm
./usr/lib/perl/Exporter
./usr/lib/perl/Exporter/Heavy.pm
./usr/lib/perl/Exporter.pm
./usr/lib/perl/ExtUtils
./usr/lib/perl/ExtUtils/CBuilder
./usr/lib/perl/ExtUtils/CBuilder/Base.pm
./usr/lib/perl/ExtUtils/CBuilder/Platform
./usr/lib/perl/ExtUtils/CBuilder/Platform/aix.pm
./usr/lib/perl/ExtUtils/CBuilder/Platform/cygwin.pm
./usr/lib/perl/ExtUtils/CBuilder/Platform/darwin.pm
./usr/lib/perl/ExtUtils/CBuilder/Platform/dec_osf.pm
./usr/lib/perl/ExtUtils/CBuilder/Platform/os2.pm
./usr/lib/perl/ExtUtils/CBuilder/Platform/Unix.pm
./usr/lib/perl/ExtUtils/CBuilder/Platform/VMS.pm
./usr/lib/perl/ExtUtils/CBuilder/Platform/Windows
./usr/lib/perl/ExtUtils/CBuilder/Platform/Windows/BCC.pm
./usr/lib/perl/ExtUtils/CBuilder/Platform/Windows/GCC.pm
./usr/lib/perl/ExtUtils/CBuilder/Platform/Windows/MSVC.pm
./usr/lib/perl/ExtUtils/CBuilder/Platform/Windows.pm
./usr/lib/perl/ExtUtils/CBuilder.pm
./usr/lib/perl/ExtUtils/Command
./usr/lib/perl/ExtUtils/Command/MM.pm
./usr/lib/perl/ExtUtils/Command.pm
./usr/lib/perl/ExtUtils/Constant
./usr/lib/perl/ExtUtils/Constant/Base.pm
./usr/lib/perl/ExtUtils/Constant.pm
./usr/lib/perl/ExtUtils/Constant/ProxySubs.pm
./usr/lib/perl/ExtUtils/Constant/Utils.pm
./usr/lib/perl/ExtUtils/Constant/XS.pm
./usr/lib/perl/ExtUtils/Embed.pm
./usr/lib/perl/ExtUtils/Installed.pm
./usr/lib/perl/ExtUtils/Install.pm
./usr/lib/perl/ExtUtils/Liblist
./usr/lib/perl/ExtUtils/Liblist/Kid.pm
./usr/lib/perl/ExtUtils/Liblist.pm
./usr/lib/perl/ExtUtils/MakeMaker
./usr/lib/perl/ExtUtils/MakeMaker/Config.pm
./usr/lib/perl/ExtUtils/MakeMaker/FAQ.pod
./usr/lib/perl/ExtUtils/MakeMaker.pm
./usr/lib/perl/ExtUtils/MakeMaker/Tutorial.pod
./usr/lib/perl/ExtUtils/Manifest.pm
./usr/lib/perl/ExtUtils/MANIFEST.SKIP
./usr/lib/perl/ExtUtils/Miniperl.pm
./usr/lib/perl/ExtUtils/Mkbootstrap.pm
./usr/lib/perl/ExtUtils/Mksymlists.pm
./usr/lib/perl/ExtUtils/MM_AIX.pm
./usr/lib/perl/ExtUtils/MM_Any.pm
./usr/lib/perl/ExtUtils/MM_BeOS.pm
./usr/lib/perl/ExtUtils/MM_Cygwin.pm
./usr/lib/perl/ExtUtils/MM_Darwin.pm
./usr/lib/perl/ExtUtils/MM_DOS.pm
./usr/lib/perl/ExtUtils/MM_MacOS.pm
./usr/lib/perl/ExtUtils/MM_NW5.pm
./usr/lib/perl/ExtUtils/MM_OS2.pm
./usr/lib/perl/ExtUtils/MM.pm
./usr/lib/perl/ExtUtils/MM_QNX.pm
./usr/lib/perl/ExtUtils/MM_Unix.pm
./usr/lib/perl/ExtUtils/MM_UWIN.pm
./usr/lib/perl/ExtUtils/MM_VMS.pm
./usr/lib/perl/ExtUtils/MM_VOS.pm
./usr/lib/perl/ExtUtils/MM_Win32.pm
./usr/lib/perl/ExtUtils/MM_Win95.pm
./usr/lib/perl/ExtUtils/MY.pm
./usr/lib/perl/ExtUtils/Packlist.pm
./usr/lib/perl/ExtUtils/ParseXS
./usr/lib/perl/ExtUtils/ParseXS/Constants.pm
./usr/lib/perl/ExtUtils/ParseXS/CountLines.pm
./usr/lib/perl/ExtUtils/ParseXS.pm
./usr/lib/perl/ExtUtils/ParseXS.pod
./usr/lib/perl/ExtUtils/ParseXS/Utilities.pm
./usr/lib/perl/ExtUtils/testlib.pm
./usr/lib/perl/ExtUtils/typemap
./usr/lib/perl/ExtUtils/Typemaps
./usr/lib/perl/ExtUtils/Typemaps/Cmd.pm
./usr/lib/perl/ExtUtils/Typemaps/InputMap.pm
./usr/lib/perl/ExtUtils/Typemaps/OutputMap.pm
./usr/lib/perl/ExtUtils/Typemaps.pm
./usr/lib/perl/ExtUtils/Typemaps/Type.pm
./usr/lib/perl/ExtUtils/xsubpp
./usr/lib/perl/Fatal.pm
./usr/lib/perl/feature.pm
./usr/lib/perl/fields.pm
./usr/lib/perl/File
./usr/lib/perl/File/Basename.pm
./usr/lib/perl/FileCache.pm
./usr/lib/perl/File/CheckTree.pm
./usr/lib/perl/File/Compare.pm
./usr/lib/perl/File/Copy.pm
./usr/lib/perl/File/DosGlob.pm
./usr/lib/perl/File/Fetch.pm
./usr/lib/perl/File/Find.pm
./usr/lib/perl/File/GlobMapper.pm
./usr/lib/perl/FileHandle.pm
./usr/lib/perl/File/Path.pm
./usr/lib/perl/File/stat.pm
./usr/lib/perl/File/Temp.pm
./usr/lib/perl/filetest.pm
./usr/lib/perl/Filter
./usr/lib/perl/Filter/Simple.pm
./usr/lib/perl/FindBin.pm
./usr/lib/perl/Getopt
./usr/lib/perl/Getopt/Long.pm
./usr/lib/perl/Getopt/Std.pm
./usr/lib/perl/HTTP
./usr/lib/perl/HTTP/Tiny.pm
./usr/lib/perl/I18N
./usr/lib/perl/I18N/Collate.pm
./usr/lib/perl/I18N/LangTags
./usr/lib/perl/I18N/LangTags/Detect.pm
./usr/lib/perl/I18N/LangTags/List.pm
./usr/lib/perl/I18N/LangTags.pm
./usr/lib/perl/if.pm
./usr/lib/perl/inc
./usr/lib/perl/inc/latest
./usr/lib/perl/inc/latest.pm
./usr/lib/perl/inc/latest/private.pm
./usr/lib/perl/integer.pm
./usr/lib/perl/IO
./usr/lib/perl/IO/Compress
./usr/lib/perl/IO/Compress/Adapter
./usr/lib/perl/IO/Compress/Adapter/Bzip2.pm
./usr/lib/perl/IO/Compress/Adapter/Deflate.pm
./usr/lib/perl/IO/Compress/Adapter/Identity.pm
./usr/lib/perl/IO/Compress/Base
./usr/lib/perl/IO/Compress/Base/Common.pm
./usr/lib/perl/IO/Compress/Base.pm
./usr/lib/perl/IO/Compress/Bzip2.pm
./usr/lib/perl/IO/Compress/Deflate.pm
./usr/lib/perl/IO/Compress/FAQ.pod
./usr/lib/perl/IO/Compress/Gzip
./usr/lib/perl/IO/Compress/Gzip/Constants.pm
./usr/lib/perl/IO/Compress/Gzip.pm
./usr/lib/perl/IO/Compress/RawDeflate.pm
./usr/lib/perl/IO/Compress/Zip
./usr/lib/perl/IO/Compress/Zip/Constants.pm
./usr/lib/perl/IO/Compress/Zip.pm
./usr/lib/perl/IO/Compress/Zlib
./usr/lib/perl/IO/Compress/Zlib/Constants.pm
./usr/lib/perl/IO/Compress/Zlib/Extra.pm
./usr/lib/perl/IO/Uncompress
./usr/lib/perl/IO/Uncompress/Adapter
./usr/lib/perl/IO/Uncompress/Adapter/Bunzip2.pm
./usr/lib/perl/IO/Uncompress/Adapter/Identity.pm
./usr/lib/perl/IO/Uncompress/Adapter/Inflate.pm
./usr/lib/perl/IO/Uncompress/AnyInflate.pm
./usr/lib/perl/IO/Uncompress/AnyUncompress.pm
./usr/lib/perl/IO/Uncompress/Base.pm
./usr/lib/perl/IO/Uncompress/Bunzip2.pm
./usr/lib/perl/IO/Uncompress/Gunzip.pm
./usr/lib/perl/IO/Uncompress/Inflate.pm
./usr/lib/perl/IO/Uncompress/RawInflate.pm
./usr/lib/perl/IO/Uncompress/Unzip.pm
./usr/lib/perl/IO/Zlib.pm
./usr/lib/perl/IPC
./usr/lib/perl/IPC/Cmd.pm
./usr/lib/perl/IPC/Open2.pm
./usr/lib/perl/IPC/Open3.pm
./usr/lib/perl/JSON
./usr/lib/perl/JSON/PP
./usr/lib/perl/JSON/PP/Boolean.pm
./usr/lib/perl/JSON/PP.pm
./usr/lib/perl/less.pm
./usr/lib/perl/List
./usr/lib/perl/List/Util
./usr/lib/perl/List/Util.pm
./usr/lib/perl/List/Util/PP.pm
./usr/lib/perl/List/Util/XS.pm
./usr/lib/perl/Locale
./usr/lib/perl/Locale/Codes
./usr/lib/perl/Locale/Codes/API.pod
./usr/lib/perl/Locale/Codes/Changes.pod
./usr/lib/perl/Locale/Codes/Constants.pm
./usr/lib/perl/Locale/Codes/Constants.pod
./usr/lib/perl/Locale/Codes/Country_Codes.pm
./usr/lib/perl/Locale/Codes/Country.pm
./usr/lib/perl/Locale/Codes/Country.pod
./usr/lib/perl/Locale/Codes/Country_Retired.pm
./usr/lib/perl/Locale/Codes/Currency_Codes.pm
./usr/lib/perl/Locale/Codes/Currency.pm
./usr/lib/perl/Locale/Codes/Currency.pod
./usr/lib/perl/Locale/Codes/Currency_Retired.pm
./usr/lib/perl/Locale/Codes/LangExt_Codes.pm
./usr/lib/perl/Locale/Codes/LangExt.pm
./usr/lib/perl/Locale/Codes/LangExt.pod
./usr/lib/perl/Locale/Codes/LangExt_Retired.pm
./usr/lib/perl/Locale/Codes/LangFam_Codes.pm
./usr/lib/perl/Locale/Codes/LangFam.pm
./usr/lib/perl/Locale/Codes/LangFam.pod
./usr/lib/perl/Locale/Codes/LangFam_Retired.pm
./usr/lib/perl/Locale/Codes/Language_Codes.pm
./usr/lib/perl/Locale/Codes/Language.pm
./usr/lib/perl/Locale/Codes/Language.pod
./usr/lib/perl/Locale/Codes/Language_Retired.pm
./usr/lib/perl/Locale/Codes/LangVar_Codes.pm
./usr/lib/perl/Locale/Codes/LangVar.pm
./usr/lib/perl/Locale/Codes/LangVar.pod
./usr/lib/perl/Locale/Codes/LangVar_Retired.pm
./usr/lib/perl/Locale/Codes.pm
./usr/lib/perl/Locale/Codes.pod
./usr/lib/perl/Locale/Codes/Script_Codes.pm
./usr/lib/perl/Locale/Codes/Script.pm
./usr/lib/perl/Locale/Codes/Script.pod
./usr/lib/perl/Locale/Codes/Script_Retired.pm
./usr/lib/perl/Locale/Country.pm
./usr/lib/perl/Locale/Country.pod
./usr/lib/perl/Locale/Currency.pm
./usr/lib/perl/Locale/Currency.pod
./usr/lib/perl/Locale/Language.pm
./usr/lib/perl/Locale/Language.pod
./usr/lib/perl/Locale/Maketext
./usr/lib/perl/Locale/Maketext/Cookbook.pod
./usr/lib/perl/Locale/Maketext/GutsLoader.pm
./usr/lib/perl/Locale/Maketext/Guts.pm
./usr/lib/perl/Locale/Maketext.pm
./usr/lib/perl/Locale/Maketext.pod
./usr/lib/perl/Locale/Maketext/Simple.pm
./usr/lib/perl/Locale/Maketext/TPJ13.pod
./usr/lib/perl/locale.pm
./usr/lib/perl/Locale/Script.pm
./usr/lib/perl/Locale/Script.pod
./usr/lib/perl/Log
./usr/lib/perl/Log/Message
./usr/lib/perl/Log/Message/Config.pm
./usr/lib/perl/Log/Message/Handlers.pm
./usr/lib/perl/Log/Message/Item.pm
./usr/lib/perl/Log/Message.pm
./usr/lib/perl/Log/Message/Simple.pm
./usr/lib/perl/Math
./usr/lib/perl/Math/BigFloat
./usr/lib/perl/Math/BigFloat.pm
./usr/lib/perl/Math/BigFloat/Trace.pm
./usr/lib/perl/Math/BigInt
./usr/lib/perl/Math/BigInt/CalcEmu.pm
./usr/lib/perl/Math/BigInt/Calc.pm
./usr/lib/perl/Math/BigInt.pm
./usr/lib/perl/Math/BigInt/Trace.pm
./usr/lib/perl/Math/BigRat.pm
./usr/lib/perl/Math/Complex.pm
./usr/lib/perl/Math/Trig.pm
./usr/lib/perl/Memoize
./usr/lib/perl/Memoize/AnyDBM_File.pm
./usr/lib/perl/Memoize/ExpireFile.pm
./usr/lib/perl/Memoize/Expire.pm
./usr/lib/perl/Memoize/ExpireTest.pm
./usr/lib/perl/Memoize/NDBM_File.pm
./usr/lib/perl/Memoize.pm
./usr/lib/perl/Memoize/SDBM_File.pm
./usr/lib/perl/Memoize/Storable.pm
./usr/lib/perl/Module
./usr/lib/perl/Module/Build
./usr/lib/perl/Module/Build/API.pod
./usr/lib/perl/Module/Build/Authoring.pod
./usr/lib/perl/Module/Build/Base.pm
./usr/lib/perl/Module/Build/Bundling.pod
./usr/lib/perl/Module/Build/Compat.pm
./usr/lib/perl/Module/Build/ConfigData.pm
./usr/lib/perl/Module/Build/Config.pm
./usr/lib/perl/Module/Build/Cookbook.pm
./usr/lib/perl/Module/Build/Dumper.pm
./usr/lib/perl/Module/Build/ModuleInfo.pm
./usr/lib/perl/Module/Build/Notes.pm
./usr/lib/perl/Module/Build/Platform
./usr/lib/perl/Module/Build/Platform/aix.pm
./usr/lib/perl/Module/Build/Platform/Amiga.pm
./usr/lib/perl/Module/Build/Platform/cygwin.pm
./usr/lib/perl/Module/Build/Platform/darwin.pm
./usr/lib/perl/Module/Build/Platform/Default.pm
./usr/lib/perl/Module/Build/Platform/EBCDIC.pm
./usr/lib/perl/Module/Build/Platform/MacOS.pm
./usr/lib/perl/Module/Build/Platform/MPEiX.pm
./usr/lib/perl/Module/Build/Platform/os2.pm
./usr/lib/perl/Module/Build/Platform/RiscOS.pm
./usr/lib/perl/Module/Build/Platform/Unix.pm
./usr/lib/perl/Module/Build/Platform/VMS.pm
./usr/lib/perl/Module/Build/Platform/VOS.pm
./usr/lib/perl/Module/Build/Platform/Windows.pm
./usr/lib/perl/Module/Build.pm
./usr/lib/perl/Module/Build/PodParser.pm
./usr/lib/perl/Module/Build/PPMMaker.pm
./usr/lib/perl/Module/Build/Version.pm
./usr/lib/perl/Module/Build/YAML.pm
./usr/lib/perl/Module/CoreList.pm
./usr/lib/perl/Module/CoreList.pod
./usr/lib/perl/Module/Load
./usr/lib/perl/Module/Load/Conditional.pm
./usr/lib/perl/Module/Loaded.pm
./usr/lib/perl/Module/Load.pm
./usr/lib/perl/Module/Metadata.pm
./usr/lib/perl/Module/Pluggable
./usr/lib/perl/Module/Pluggable/Object.pm
./usr/lib/perl/Module/Pluggable.pm
./usr/lib/perl/Net
./usr/lib/perl/Net/Cmd.pm
./usr/lib/perl/Net/Config.pm
./usr/lib/perl/Net/Domain.pm
./usr/lib/perl/Net/FTP
./usr/lib/perl/Net/FTP/A.pm
./usr/lib/perl/Net/FTP/dataconn.pm
./usr/lib/perl/Net/FTP/E.pm
./usr/lib/perl/Net/FTP/I.pm
./usr/lib/perl/Net/FTP/L.pm
./usr/lib/perl/Net/FTP.pm
./usr/lib/perl/Net/hostent.pm
./usr/lib/perl/Net/libnetFAQ.pod
./usr/lib/perl/Net/netent.pm
./usr/lib/perl/Net/Netrc.pm
./usr/lib/perl/Net/NNTP.pm
./usr/lib/perl/Net/Ping.pm
./usr/lib/perl/Net/POP3.pm
./usr/lib/perl/Net/protoent.pm
./usr/lib/perl/Net/servent.pm
./usr/lib/perl/Net/SMTP.pm
./usr/lib/perl/Net/Time.pm
./usr/lib/perl/NEXT.pm
./usr/lib/perl/Object
./usr/lib/perl/Object/Accessor.pm
./usr/lib/perl/open.pm
./usr/lib/perl/overload
./usr/lib/perl/overloading.pm
./usr/lib/perl/overload/numbers.pm
./usr/lib/perl/overload.pm
./usr/lib/perl/Package
./usr/lib/perl/Package/Constants.pm
./usr/lib/perl/Params
./usr/lib/perl/Params/Check.pm
./usr/lib/perl/parent.pm
./usr/lib/perl/Parse
./usr/lib/perl/Parse/CPAN
./usr/lib/perl/Parse/CPAN/Meta.pm
./usr/lib/perl/Perl
./usr/lib/perl/perl5db.pl
./usr/lib/perl/perlfaq.pm
./usr/lib/perl/PerlIO
./usr/lib/perl/PerlIO.pm
./usr/lib/perl/PerlIO/via
./usr/lib/perl/PerlIO/via/QuotedPrint.pm
./usr/lib/perl/Perl/OSType.pm
./usr/lib/perl/pod
./usr/lib/perl/Pod
./usr/lib/perl/pod/a2p.pod
./usr/lib/perl/Pod/Checker.pm
./usr/lib/perl/Pod/Escapes.pm
./usr/lib/perl/Pod/Find.pm
./usr/lib/perl/Pod/Functions.pm
./usr/lib/perl/Pod/Html.pm
./usr/lib/perl/Pod/InputObjects.pm
./usr/lib/perl/Pod/LaTeX.pm
./usr/lib/perl/Pod/Man.pm
./usr/lib/perl/Pod/ParseLink.pm
./usr/lib/perl/Pod/Parser.pm
./usr/lib/perl/Pod/ParseUtils.pm
./usr/lib/perl/pod/perl5004delta.pod
./usr/lib/perl/pod/perl5005delta.pod
./usr/lib/perl/pod/perl5100delta.pod
./usr/lib/perl/pod/perl5101delta.pod
./usr/lib/perl/pod/perl5120delta.pod
./usr/lib/perl/pod/perl5121delta.pod
./usr/lib/perl/pod/perl5122delta.pod
./usr/lib/perl/pod/perl5123delta.pod
./usr/lib/perl/pod/perl5124delta.pod
./usr/lib/perl/pod/perl5140delta.pod
./usr/lib/perl/pod/perl5141delta.pod
./usr/lib/perl/pod/perl5142delta.pod
./usr/lib/perl/pod/perl5160delta.pod
./usr/lib/perl/pod/perl561delta.pod
./usr/lib/perl/pod/perl56delta.pod
./usr/lib/perl/pod/perl581delta.pod
./usr/lib/perl/pod/perl582delta.pod
./usr/lib/perl/pod/perl583delta.pod
./usr/lib/perl/pod/perl584delta.pod
./usr/lib/perl/pod/perl585delta.pod
./usr/lib/perl/pod/perl586delta.pod
./usr/lib/perl/pod/perl587delta.pod
./usr/lib/perl/pod/perl588delta.pod
./usr/lib/perl/pod/perl589delta.pod
./usr/lib/perl/pod/perl58delta.pod
./usr/lib/perl/pod/perlaix.pod
./usr/lib/perl/pod/perlamiga.pod
./usr/lib/perl/pod/perlapio.pod
./usr/lib/perl/pod/perlapi.pod
./usr/lib/perl/pod/perlartistic.pod
./usr/lib/perl/pod/perlbeos.pod
./usr/lib/perl/pod/perlbook.pod
./usr/lib/perl/pod/perlboot.pod
./usr/lib/perl/pod/perlbot.pod
./usr/lib/perl/pod/perlbs2000.pod
./usr/lib/perl/pod/perlcall.pod
./usr/lib/perl/pod/perlce.pod
./usr/lib/perl/pod/perlcheat.pod
./usr/lib/perl/pod/perlclib.pod
./usr/lib/perl/pod/perlcn.pod
./usr/lib/perl/pod/perlcommunity.pod
./usr/lib/perl/pod/perlcygwin.pod
./usr/lib/perl/pod/perldata.pod
./usr/lib/perl/pod/perldbmfilter.pod
./usr/lib/perl/pod/perldebguts.pod
./usr/lib/perl/pod/perldebtut.pod
./usr/lib/perl/pod/perldebug.pod
./usr/lib/perl/pod/perldelta.pod
./usr/lib/perl/pod/perldgux.pod
./usr/lib/perl/pod/perldiag.pod
./usr/lib/perl/Pod/Perldoc
./usr/lib/perl/Pod/Perldoc/BaseTo.pm
./usr/lib/perl/Pod/Perldoc/GetOptsOO.pm
./usr/lib/perl/Pod/Perldoc.pm
./usr/lib/perl/pod/perldoc.pod
./usr/lib/perl/Pod/Perldoc/ToANSI.pm
./usr/lib/perl/Pod/Perldoc/ToChecker.pm
./usr/lib/perl/Pod/Perldoc/ToMan.pm
./usr/lib/perl/Pod/Perldoc/ToNroff.pm
./usr/lib/perl/Pod/Perldoc/ToPod.pm
./usr/lib/perl/Pod/Perldoc/ToRtf.pm
./usr/lib/perl/Pod/Perldoc/ToTerm.pm
./usr/lib/perl/Pod/Perldoc/ToText.pm
./usr/lib/perl/Pod/Perldoc/ToTk.pm
./usr/lib/perl/Pod/Perldoc/ToXml.pm
./usr/lib/perl/pod/perldos.pod
./usr/lib/perl/pod/perldsc.pod
./usr/lib/perl/pod/perldtrace.pod
./usr/lib/perl/pod/perlebcdic.pod
./usr/lib/perl/pod/perlembed.pod
./usr/lib/perl/pod/perlepoc.pod
./usr/lib/perl/pod/perlexperiment.pod
./usr/lib/perl/pod/perlfaq1.pod
./usr/lib/perl/pod/perlfaq2.pod
./usr/lib/perl/pod/perlfaq3.pod
./usr/lib/perl/pod/perlfaq4.pod
./usr/lib/perl/pod/perlfaq5.pod
./usr/lib/perl/pod/perlfaq6.pod
./usr/lib/perl/pod/perlfaq7.pod
./usr/lib/perl/pod/perlfaq8.pod
./usr/lib/perl/pod/perlfaq9.pod
./usr/lib/perl/pod/perlfaq.pod
./usr/lib/perl/pod/perlfilter.pod
./usr/lib/perl/pod/perlfork.pod
./usr/lib/perl/pod/perlform.pod
./usr/lib/perl/pod/perlfreebsd.pod
./usr/lib/perl/pod/perlfunc.pod
./usr/lib/perl/pod/perlgit.pod
./usr/lib/perl/pod/perlglossary.pod
./usr/lib/perl/pod/perlgpl.pod
./usr/lib/perl/pod/perlguts.pod
./usr/lib/perl/pod/perlhack.pod
./usr/lib/perl/pod/perlhacktips.pod
./usr/lib/perl/pod/perlhacktut.pod
./usr/lib/perl/pod/perlhaiku.pod
./usr/lib/perl/pod/perlhist.pod
./usr/lib/perl/pod/perlhpux.pod
./usr/lib/perl/pod/perlhurd.pod
./usr/lib/perl/pod/perlintern.pod
./usr/lib/perl/pod/perlinterp.pod
./usr/lib/perl/pod/perlintro.pod
./usr/lib/perl/pod/perliol.pod
./usr/lib/perl/pod/perlipc.pod
./usr/lib/perl/pod/perlirix.pod
./usr/lib/perl/pod/perljp.pod
./usr/lib/perl/pod/perlko.pod
./usr/lib/perl/pod/perllexwarn.pod
./usr/lib/perl/pod/perllinux.pod
./usr/lib/perl/pod/perllocale.pod
./usr/lib/perl/pod/perllol.pod
./usr/lib/perl/pod/perlmacos.pod
./usr/lib/perl/pod/perlmacosx.pod
./usr/lib/perl/pod/perlmodinstall.pod
./usr/lib/perl/pod/perlmodlib.pod
./usr/lib/perl/pod/perlmod.pod
./usr/lib/perl/pod/perlmodstyle.pod
./usr/lib/perl/pod/perlmpeix.pod
./usr/lib/perl/pod/perlmroapi.pod
./usr/lib/perl/pod/perlnetware.pod
./usr/lib/perl/pod/perlnewmod.pod
./usr/lib/perl/pod/perlnumber.pod
./usr/lib/perl/pod/perlobj.pod
./usr/lib/perl/pod/perlootut.pod
./usr/lib/perl/pod/perlopenbsd.pod
./usr/lib/perl/pod/perlopentut.pod
./usr/lib/perl/pod/perlop.pod
./usr/lib/perl/pod/perlos2.pod
./usr/lib/perl/pod/perlos390.pod
./usr/lib/perl/pod/perlos400.pod
./usr/lib/perl/pod/perlpacktut.pod
./usr/lib/perl/pod/perlperf.pod
./usr/lib/perl/pod/perlplan9.pod
./usr/lib/perl/pod/perl.pod
./usr/lib/perl/pod/perlpod.pod
./usr/lib/perl/pod/perlpodspec.pod
./usr/lib/perl/pod/perlpodstyle.pod
./usr/lib/perl/pod/perlpolicy.pod
./usr/lib/perl/pod/perlport.pod
./usr/lib/perl/pod/perlpragma.pod
./usr/lib/perl/pod/perlqnx.pod
./usr/lib/perl/pod/perlreapi.pod
./usr/lib/perl/pod/perlrebackslash.pod
./usr/lib/perl/pod/perlrecharclass.pod
./usr/lib/perl/pod/perlref.pod
./usr/lib/perl/pod/perlreftut.pod
./usr/lib/perl/pod/perlreguts.pod
./usr/lib/perl/pod/perlre.pod
./usr/lib/perl/pod/perlrequick.pod
./usr/lib/perl/pod/perlreref.pod
./usr/lib/perl/pod/perlretut.pod
./usr/lib/perl/pod/perlriscos.pod
./usr/lib/perl/pod/perlrun.pod
./usr/lib/perl/pod/perlsec.pod
./usr/lib/perl/pod/perlsolaris.pod
./usr/lib/perl/pod/perlsource.pod
./usr/lib/perl/pod/perlstyle.pod
./usr/lib/perl/pod/perlsub.pod
./usr/lib/perl/pod/perlsymbian.pod
./usr/lib/perl/pod/perlsyn.pod
./usr/lib/perl/pod/perlthrtut.pod
./usr/lib/perl/pod/perltie.pod
./usr/lib/perl/pod/perltoc.pod
./usr/lib/perl/pod/perltodo.pod
./usr/lib/perl/pod/perltooc.pod
./usr/lib/perl/pod/perltoot.pod
./usr/lib/perl/pod/perltrap.pod
./usr/lib/perl/pod/perltru64.pod
./usr/lib/perl/pod/perltw.pod
./usr/lib/perl/pod/perlunicode.pod
./usr/lib/perl/pod/perlunifaq.pod
./usr/lib/perl/pod/perluniintro.pod
./usr/lib/perl/pod/perluniprops.pod
./usr/lib/perl/pod/perlunitut.pod
./usr/lib/perl/pod/perlutil.pod
./usr/lib/perl/pod/perluts.pod
./usr/lib/perl/pod/perlvar.pod
./usr/lib/perl/pod/perlvmesa.pod
./usr/lib/perl/pod/perlvms.pod
./usr/lib/perl/pod/perlvos.pod
./usr/lib/perl/pod/perlwin32.pod
./usr/lib/perl/pod/perlxs.pod
./usr/lib/perl/pod/perlxstut.pod
./usr/lib/perl/pod/perlxstypemap.pod
./usr/lib/perl/Pod/PlainText.pm
./usr/lib/perl/Pod/Select.pm
./usr/lib/perl/Pod/Simple
./usr/lib/perl/Pod/Simple/BlackBox.pm
./usr/lib/perl/Pod/Simple/Checker.pm
./usr/lib/perl/Pod/Simple/Debug.pm
./usr/lib/perl/Pod/Simple/DumpAsText.pm
./usr/lib/perl/Pod/Simple/DumpAsXML.pm
./usr/lib/perl/Pod/Simple/HTMLBatch.pm
./usr/lib/perl/Pod/Simple/HTMLLegacy.pm
./usr/lib/perl/Pod/Simple/HTML.pm
./usr/lib/perl/Pod/Simple/LinkSection.pm
./usr/lib/perl/Pod/Simple/Methody.pm
./usr/lib/perl/Pod/Simple.pm
./usr/lib/perl/Pod/Simple.pod
./usr/lib/perl/Pod/Simple/Progress.pm
./usr/lib/perl/Pod/Simple/PullParserEndToken.pm
./usr/lib/perl/Pod/Simple/PullParser.pm
./usr/lib/perl/Pod/Simple/PullParserStartToken.pm
./usr/lib/perl/Pod/Simple/PullParserTextToken.pm
./usr/lib/perl/Pod/Simple/PullParserToken.pm
./usr/lib/perl/Pod/Simple/RTF.pm
./usr/lib/perl/Pod/Simple/Search.pm
./usr/lib/perl/Pod/Simple/SimpleTree.pm
./usr/lib/perl/Pod/Simple/Subclassing.pod
./usr/lib/perl/Pod/Simple/TextContent.pm
./usr/lib/perl/Pod/Simple/Text.pm
./usr/lib/perl/Pod/Simple/TiedOutFH.pm
./usr/lib/perl/Pod/Simple/TranscodeDumb.pm
./usr/lib/perl/Pod/Simple/Transcode.pm
./usr/lib/perl/Pod/Simple/TranscodeSmart.pm
./usr/lib/perl/Pod/Simple/XHTML.pm
./usr/lib/perl/Pod/Simple/XMLOutStream.pm
./usr/lib/perl/Pod/Text
./usr/lib/perl/Pod/Text/Color.pm
./usr/lib/perl/Pod/Text/Overstrike.pm
./usr/lib/perl/Pod/Text.pm
./usr/lib/perl/Pod/Text/Termcap.pm
./usr/lib/perl/Pod/Usage.pm
./usr/lib/perl/Safe.pm
./usr/lib/perl/Scalar
./usr/lib/perl/Scalar/Util
./usr/lib/perl/Scalar/Util.pm
./usr/lib/perl/Scalar/Util/PP.pm
./usr/lib/perl/Search
./usr/lib/perl/Search/Dict.pm
./usr/lib/perl/SelectSaver.pm
./usr/lib/perl/SelfLoader.pm
./usr/lib/perl/sigtrap.pm
./usr/lib/perl/sort.pm
./usr/lib/perl/strict.pm
./usr/lib/perl/subs.pm
./usr/lib/perl/Symbol.pm
./usr/lib/perl/TAP
./usr/lib/perl/TAP/Base.pm
./usr/lib/perl/TAP/Formatter
./usr/lib/perl/TAP/Formatter/Base.pm
./usr/lib/perl/TAP/Formatter/Color.pm
./usr/lib/perl/TAP/Formatter/Console
./usr/lib/perl/TAP/Formatter/Console/ParallelSession.pm
./usr/lib/perl/TAP/Formatter/Console.pm
./usr/lib/perl/TAP/Formatter/Console/Session.pm
./usr/lib/perl/TAP/Formatter/File
./usr/lib/perl/TAP/Formatter/File.pm
./usr/lib/perl/TAP/Formatter/File/Session.pm
./usr/lib/perl/TAP/Formatter/Session.pm
./usr/lib/perl/TAP/Harness
./usr/lib/perl/TAP/Harness/Beyond.pod
./usr/lib/perl/TAP/Harness.pm
./usr/lib/perl/TAP/Object.pm
./usr/lib/perl/TAP/Parser
./usr/lib/perl/TAP/Parser/Aggregator.pm
./usr/lib/perl/TAP/Parser/Grammar.pm
./usr/lib/perl/TAP/Parser/Iterator
./usr/lib/perl/TAP/Parser/Iterator/Array.pm
./usr/lib/perl/TAP/Parser/IteratorFactory.pm
./usr/lib/perl/TAP/Parser/Iterator.pm
./usr/lib/perl/TAP/Parser/Iterator/Process.pm
./usr/lib/perl/TAP/Parser/Iterator/Stream.pm
./usr/lib/perl/TAP/Parser/Multiplexer.pm
./usr/lib/perl/TAP/Parser.pm
./usr/lib/perl/TAP/Parser/Result
./usr/lib/perl/TAP/Parser/Result/Bailout.pm
./usr/lib/perl/TAP/Parser/Result/Comment.pm
./usr/lib/perl/TAP/Parser/ResultFactory.pm
./usr/lib/perl/TAP/Parser/Result/Plan.pm
./usr/lib/perl/TAP/Parser/Result.pm
./usr/lib/perl/TAP/Parser/Result/Pragma.pm
./usr/lib/perl/TAP/Parser/Result/Test.pm
./usr/lib/perl/TAP/Parser/Result/Unknown.pm
./usr/lib/perl/TAP/Parser/Result/Version.pm
./usr/lib/perl/TAP/Parser/Result/YAML.pm
./usr/lib/perl/TAP/Parser/Scheduler
./usr/lib/perl/TAP/Parser/Scheduler/Job.pm
./usr/lib/perl/TAP/Parser/Scheduler.pm
./usr/lib/perl/TAP/Parser/Scheduler/Spinner.pm
./usr/lib/perl/TAP/Parser/SourceHandler
./usr/lib/perl/TAP/Parser/SourceHandler/Executable.pm
./usr/lib/perl/TAP/Parser/SourceHandler/File.pm
./usr/lib/perl/TAP/Parser/SourceHandler/Handle.pm
./usr/lib/perl/TAP/Parser/SourceHandler/Perl.pm
./usr/lib/perl/TAP/Parser/SourceHandler.pm
./usr/lib/perl/TAP/Parser/SourceHandler/RawTAP.pm
./usr/lib/perl/TAP/Parser/Source.pm
./usr/lib/perl/TAP/Parser/Utils.pm
./usr/lib/perl/TAP/Parser/YAMLish
./usr/lib/perl/TAP/Parser/YAMLish/Reader.pm
./usr/lib/perl/TAP/Parser/YAMLish/Writer.pm
./usr/lib/perl/Term
./usr/lib/perl/Term/ANSIColor.pm
./usr/lib/perl/Term/Cap.pm
./usr/lib/perl/Term/Complete.pm
./usr/lib/perl/Term/ReadLine.pm
./usr/lib/perl/Term/UI
./usr/lib/perl/Term/UI/History.pm
./usr/lib/perl/Term/UI.pm
./usr/lib/perl/Test
./usr/lib/perl/Test/Builder
./usr/lib/perl/Test/Builder/Module.pm
./usr/lib/perl/Test/Builder.pm
./usr/lib/perl/Test/Builder/Tester
./usr/lib/perl/Test/Builder/Tester/Color.pm
./usr/lib/perl/Test/Builder/Tester.pm
./usr/lib/perl/Test/Harness.pm
./usr/lib/perl/Test/More.pm
./usr/lib/perl/Test.pm
./usr/lib/perl/Test/Simple.pm
./usr/lib/perl/Test/Tutorial.pod
./usr/lib/perl/Text
./usr/lib/perl/Text/Abbrev.pm
./usr/lib/perl/Text/Balanced.pm
./usr/lib/perl/Text/ParseWords.pm
./usr/lib/perl/Text/Tabs.pm
./usr/lib/perl/Text/Wrap.pm
./usr/lib/perl/Thread
./usr/lib/perl/Thread.pm
./usr/lib/perl/Thread/Queue.pm
./usr/lib/perl/Thread/Semaphore.pm
./usr/lib/perl/Tie
./usr/lib/perl/Tie/Array.pm
./usr/lib/perl/Tie/File.pm
./usr/lib/perl/Tie/Handle.pm
./usr/lib/perl/Tie/Hash.pm
./usr/lib/perl/Tie/Memoize.pm
./usr/lib/perl/Tie/RefHash.pm
./usr/lib/perl/Tie/Scalar.pm
./usr/lib/perl/Tie/StdHandle.pm
./usr/lib/perl/Tie/SubstrHash.pm
./usr/lib/perl/Time
./usr/lib/perl/Time/gmtime.pm
./usr/lib/perl/Time/Local.pm
./usr/lib/perl/Time/localtime.pm
./usr/lib/perl/Time/tm.pm
./usr/lib/perl/Unicode
./usr/lib/perl/Unicode/Collate
./usr/lib/perl/Unicode/Collate/allkeys.txt
./usr/lib/perl/Unicode/Collate/CJK
./usr/lib/perl/Unicode/Collate/CJK/Big5.pm
./usr/lib/perl/Unicode/Collate/CJK/GB2312.pm
./usr/lib/perl/Unicode/Collate/CJK/JISX0208.pm
./usr/lib/perl/Unicode/Collate/CJK/Korean.pm
./usr/lib/perl/Unicode/Collate/CJK/Pinyin.pm
./usr/lib/perl/Unicode/Collate/CJK/Stroke.pm
./usr/lib/perl/Unicode/Collate/keys.txt
./usr/lib/perl/Unicode/Collate/Locale
./usr/lib/perl/Unicode/Collate/Locale/af.pl
./usr/lib/perl/Unicode/Collate/Locale/ar.pl
./usr/lib/perl/Unicode/Collate/Locale/as.pl
./usr/lib/perl/Unicode/Collate/Locale/az.pl
./usr/lib/perl/Unicode/Collate/Locale/be.pl
./usr/lib/perl/Unicode/Collate/Locale/bg.pl
./usr/lib/perl/Unicode/Collate/Locale/bn.pl
./usr/lib/perl/Unicode/Collate/Locale/ca.pl
./usr/lib/perl/Unicode/Collate/Locale/cs.pl
./usr/lib/perl/Unicode/Collate/Locale/cy.pl
./usr/lib/perl/Unicode/Collate/Locale/da.pl
./usr/lib/perl/Unicode/Collate/Locale/de_phone.pl
./usr/lib/perl/Unicode/Collate/Locale/eo.pl
./usr/lib/perl/Unicode/Collate/Locale/es.pl
./usr/lib/perl/Unicode/Collate/Locale/es_trad.pl
./usr/lib/perl/Unicode/Collate/Locale/et.pl
./usr/lib/perl/Unicode/Collate/Locale/fa.pl
./usr/lib/perl/Unicode/Collate/Locale/fil.pl
./usr/lib/perl/Unicode/Collate/Locale/fi_phone.pl
./usr/lib/perl/Unicode/Collate/Locale/fi.pl
./usr/lib/perl/Unicode/Collate/Locale/fo.pl
./usr/lib/perl/Unicode/Collate/Locale/fr.pl
./usr/lib/perl/Unicode/Collate/Locale/gu.pl
./usr/lib/perl/Unicode/Collate/Locale/ha.pl
./usr/lib/perl/Unicode/Collate/Locale/haw.pl
./usr/lib/perl/Unicode/Collate/Locale/hi.pl
./usr/lib/perl/Unicode/Collate/Locale/hr.pl
./usr/lib/perl/Unicode/Collate/Locale/hu.pl
./usr/lib/perl/Unicode/Collate/Locale/hy.pl
./usr/lib/perl/Unicode/Collate/Locale/ig.pl
./usr/lib/perl/Unicode/Collate/Locale/is.pl
./usr/lib/perl/Unicode/Collate/Locale/ja.pl
./usr/lib/perl/Unicode/Collate/Locale/kk.pl
./usr/lib/perl/Unicode/Collate/Locale/kl.pl
./usr/lib/perl/Unicode/Collate/Locale/kn.pl
./usr/lib/perl/Unicode/Collate/Locale/kok.pl
./usr/lib/perl/Unicode/Collate/Locale/ko.pl
./usr/lib/perl/Unicode/Collate/Locale/ln.pl
./usr/lib/perl/Unicode/Collate/Locale/lt.pl
./usr/lib/perl/Unicode/Collate/Locale/lv.pl
./usr/lib/perl/Unicode/Collate/Locale/mk.pl
./usr/lib/perl/Unicode/Collate/Locale/ml.pl
./usr/lib/perl/Unicode/Collate/Locale/mr.pl
./usr/lib/perl/Unicode/Collate/Locale/mt.pl
./usr/lib/perl/Unicode/Collate/Locale/nb.pl
./usr/lib/perl/Unicode/Collate/Locale/nn.pl
./usr/lib/perl/Unicode/Collate/Locale/nso.pl
./usr/lib/perl/Unicode/Collate/Locale/om.pl
./usr/lib/perl/Unicode/Collate/Locale/or.pl
./usr/lib/perl/Unicode/Collate/Locale/pa.pl
./usr/lib/perl/Unicode/Collate/Locale/pl.pl
./usr/lib/perl/Unicode/Collate/Locale/ro.pl
./usr/lib/perl/Unicode/Collate/Locale/ru.pl
./usr/lib/perl/Unicode/Collate/Locale/sa.pl
./usr/lib/perl/Unicode/Collate/Locale/se.pl
./usr/lib/perl/Unicode/Collate/Locale/si_dict.pl
./usr/lib/perl/Unicode/Collate/Locale/si.pl
./usr/lib/perl/Unicode/Collate/Locale/sk.pl
./usr/lib/perl/Unicode/Collate/Locale/sl.pl
./usr/lib/perl/Unicode/Collate/Locale/sq.pl
./usr/lib/perl/Unicode/Collate/Locale/sr.pl
./usr/lib/perl/Unicode/Collate/Locale/sv.pl
./usr/lib/perl/Unicode/Collate/Locale/sv_refo.pl
./usr/lib/perl/Unicode/Collate/Locale/ta.pl
./usr/lib/perl/Unicode/Collate/Locale/te.pl
./usr/lib/perl/Unicode/Collate/Locale/th.pl
./usr/lib/perl/Unicode/Collate/Locale/tn.pl
./usr/lib/perl/Unicode/Collate/Locale/to.pl
./usr/lib/perl/Unicode/Collate/Locale/tr.pl
./usr/lib/perl/Unicode/Collate/Locale/uk.pl
./usr/lib/perl/Unicode/Collate/Locale/ur.pl
./usr/lib/perl/Unicode/Collate/Locale/vi.pl
./usr/lib/perl/Unicode/Collate/Locale/wae.pl
./usr/lib/perl/Unicode/Collate/Locale/wo.pl
./usr/lib/perl/Unicode/Collate/Locale/yo.pl
./usr/lib/perl/Unicode/Collate/Locale/zh_big5.pl
./usr/lib/perl/Unicode/Collate/Locale/zh_gb.pl
./usr/lib/perl/Unicode/Collate/Locale/zh_pin.pl
./usr/lib/perl/Unicode/Collate/Locale/zh.pl
./usr/lib/perl/Unicode/Collate/Locale/zh_strk.pl
./usr/lib/perl/Unicode/UCD.pm
./usr/lib/perl/unicore
./usr/lib/perl/unicore/Blocks.txt
./usr/lib/perl/unicore/CaseFolding.txt
./usr/lib/perl/unicore/CombiningClass.pl
./usr/lib/perl/unicore/Decomposition.pl
./usr/lib/perl/unicore/Heavy.pl
./usr/lib/perl/unicore/lib
./usr/lib/perl/unicore/lib/Age
./usr/lib/perl/unicore/lib/Age/NA.pl
./usr/lib/perl/unicore/lib/Age/V11.pl
./usr/lib/perl/unicore/lib/Age/V20.pl
./usr/lib/perl/unicore/lib/Age/V21.pl
./usr/lib/perl/unicore/lib/Age/V30.pl
./usr/lib/perl/unicore/lib/Age/V31.pl
./usr/lib/perl/unicore/lib/Age/V32.pl
./usr/lib/perl/unicore/lib/Age/V40.pl
./usr/lib/perl/unicore/lib/Age/V41.pl
./usr/lib/perl/unicore/lib/Age/V50.pl
./usr/lib/perl/unicore/lib/Age/V51.pl
./usr/lib/perl/unicore/lib/Age/V52.pl
./usr/lib/perl/unicore/lib/Age/V60.pl
./usr/lib/perl/unicore/lib/Age/V61.pl
./usr/lib/perl/unicore/lib/AHex
./usr/lib/perl/unicore/lib/AHex/Y.pl
./usr/lib/perl/unicore/lib/Alpha
./usr/lib/perl/unicore/lib/Alpha/Y.pl
./usr/lib/perl/unicore/lib/Bc
./usr/lib/perl/unicore/lib/Bc/AL.pl
./usr/lib/perl/unicore/lib/Bc/AN.pl
./usr/lib/perl/unicore/lib/Bc/BN.pl
./usr/lib/perl/unicore/lib/Bc/B.pl
./usr/lib/perl/unicore/lib/Bc/CS.pl
./usr/lib/perl/unicore/lib/Bc/EN.pl
./usr/lib/perl/unicore/lib/Bc/ES.pl
./usr/lib/perl/unicore/lib/Bc/ET.pl
./usr/lib/perl/unicore/lib/Bc/L.pl
./usr/lib/perl/unicore/lib/Bc/LRE.pl
./usr/lib/perl/unicore/lib/Bc/LRO.pl
./usr/lib/perl/unicore/lib/Bc/NSM.pl
./usr/lib/perl/unicore/lib/Bc/ON.pl
./usr/lib/perl/unicore/lib/Bc/PDF.pl
./usr/lib/perl/unicore/lib/Bc/RLE.pl
./usr/lib/perl/unicore/lib/Bc/RLO.pl
./usr/lib/perl/unicore/lib/Bc/R.pl
./usr/lib/perl/unicore/lib/Bc/S.pl
./usr/lib/perl/unicore/lib/Bc/WS.pl
./usr/lib/perl/unicore/lib/BidiC
./usr/lib/perl/unicore/lib/BidiC/Y.pl
./usr/lib/perl/unicore/lib/BidiM
./usr/lib/perl/unicore/lib/BidiM/Y.pl
./usr/lib/perl/unicore/lib/Blk
./usr/lib/perl/unicore/lib/Blk/AegeanNu.pl
./usr/lib/perl/unicore/lib/Blk/Alchemic.pl
./usr/lib/perl/unicore/lib/Blk/Alphabet.pl
./usr/lib/perl/unicore/lib/Blk/Ancient2.pl
./usr/lib/perl/unicore/lib/Blk/AncientG.pl
./usr/lib/perl/unicore/lib/Blk/AncientS.pl
./usr/lib/perl/unicore/lib/Blk/ArabicEx.pl
./usr/lib/perl/unicore/lib/Blk/ArabicMa.pl
./usr/lib/perl/unicore/lib/Blk/ArabicP2.pl
./usr/lib/perl/unicore/lib/Blk/ArabicPF.pl
./usr/lib/perl/unicore/lib/Blk/Arabic.pl
./usr/lib/perl/unicore/lib/Blk/ArabicSu.pl
./usr/lib/perl/unicore/lib/Blk/Armenian.pl
./usr/lib/perl/unicore/lib/Blk/Arrows.pl
./usr/lib/perl/unicore/lib/Blk/ASCII.pl
./usr/lib/perl/unicore/lib/Blk/Avestan.pl
./usr/lib/perl/unicore/lib/Blk/Balinese.pl
./usr/lib/perl/unicore/lib/Blk/Bamum.pl
./usr/lib/perl/unicore/lib/Blk/BamumSup.pl
./usr/lib/perl/unicore/lib/Blk/Batak.pl
./usr/lib/perl/unicore/lib/Blk/Bengali.pl
./usr/lib/perl/unicore/lib/Blk/BlockEle.pl
./usr/lib/perl/unicore/lib/Blk/Bopomof2.pl
./usr/lib/perl/unicore/lib/Blk/Bopomofo.pl
./usr/lib/perl/unicore/lib/Blk/BoxDrawi.pl
./usr/lib/perl/unicore/lib/Blk/Brahmi.pl
./usr/lib/perl/unicore/lib/Blk/Buginese.pl
./usr/lib/perl/unicore/lib/Blk/Buhid.pl
./usr/lib/perl/unicore/lib/Blk/Byzantin.pl
./usr/lib/perl/unicore/lib/Blk/Carian.pl
./usr/lib/perl/unicore/lib/Blk/Chakma.pl
./usr/lib/perl/unicore/lib/Blk/Cham.pl
./usr/lib/perl/unicore/lib/Blk/Cherokee.pl
./usr/lib/perl/unicore/lib/Blk/CJKComp2.pl
./usr/lib/perl/unicore/lib/Blk/CJKComp3.pl
./usr/lib/perl/unicore/lib/Blk/CJKComp4.pl
./usr/lib/perl/unicore/lib/Blk/CJKCompa.pl
./usr/lib/perl/unicore/lib/Blk/CJKExtA.pl
./usr/lib/perl/unicore/lib/Blk/CJKExtB.pl
./usr/lib/perl/unicore/lib/Blk/CJKExtC.pl
./usr/lib/perl/unicore/lib/Blk/CJKExtD.pl
./usr/lib/perl/unicore/lib/Blk/CJK.pl
./usr/lib/perl/unicore/lib/Blk/CJKRadic.pl
./usr/lib/perl/unicore/lib/Blk/CJKStrok.pl
./usr/lib/perl/unicore/lib/Blk/CJKSymbo.pl
./usr/lib/perl/unicore/lib/Blk/CompatJa.pl
./usr/lib/perl/unicore/lib/Blk/ControlP.pl
./usr/lib/perl/unicore/lib/Blk/Coptic.pl
./usr/lib/perl/unicore/lib/Blk/Counting.pl
./usr/lib/perl/unicore/lib/Blk/Cuneifo2.pl
./usr/lib/perl/unicore/lib/Blk/Cuneifor.pl
./usr/lib/perl/unicore/lib/Blk/Currency.pl
./usr/lib/perl/unicore/lib/Blk/CypriotS.pl
./usr/lib/perl/unicore/lib/Blk/Cyrilli2.pl
./usr/lib/perl/unicore/lib/Blk/Cyrilli3.pl
./usr/lib/perl/unicore/lib/Blk/Cyrilli4.pl
./usr/lib/perl/unicore/lib/Blk/Cyrillic.pl
./usr/lib/perl/unicore/lib/Blk/Devanag2.pl
./usr/lib/perl/unicore/lib/Blk/Devanaga.pl
./usr/lib/perl/unicore/lib/Blk/Diacrit2.pl
./usr/lib/perl/unicore/lib/Blk/Diacrit3.pl
./usr/lib/perl/unicore/lib/Blk/Diacriti.pl
./usr/lib/perl/unicore/lib/Blk/Dingbats.pl
./usr/lib/perl/unicore/lib/Blk/Domino.pl
./usr/lib/perl/unicore/lib/Blk/Egyptian.pl
./usr/lib/perl/unicore/lib/Blk/Emoticon.pl
./usr/lib/perl/unicore/lib/Blk/Enclose2.pl
./usr/lib/perl/unicore/lib/Blk/Enclose3.pl
./usr/lib/perl/unicore/lib/Blk/Enclose4.pl
./usr/lib/perl/unicore/lib/Blk/Enclosed.pl
./usr/lib/perl/unicore/lib/Blk/Ethiopi2.pl
./usr/lib/perl/unicore/lib/Blk/Ethiopi3.pl
./usr/lib/perl/unicore/lib/Blk/Ethiopi4.pl
./usr/lib/perl/unicore/lib/Blk/Ethiopic.pl
./usr/lib/perl/unicore/lib/Blk/Geometri.pl
./usr/lib/perl/unicore/lib/Blk/Georgia2.pl
./usr/lib/perl/unicore/lib/Blk/Georgian.pl
./usr/lib/perl/unicore/lib/Blk/Glagolit.pl
./usr/lib/perl/unicore/lib/Blk/Gothic.pl
./usr/lib/perl/unicore/lib/Blk/GreekExt.pl
./usr/lib/perl/unicore/lib/Blk/Greek.pl
./usr/lib/perl/unicore/lib/Blk/Gujarati.pl
./usr/lib/perl/unicore/lib/Blk/Gurmukhi.pl
./usr/lib/perl/unicore/lib/Blk/HalfAndF.pl
./usr/lib/perl/unicore/lib/Blk/HalfMark.pl
./usr/lib/perl/unicore/lib/Blk/Hangul.pl
./usr/lib/perl/unicore/lib/Blk/Hanunoo.pl
./usr/lib/perl/unicore/lib/Blk/Hebrew.pl
./usr/lib/perl/unicore/lib/Blk/HighPUSu.pl
./usr/lib/perl/unicore/lib/Blk/HighSurr.pl
./usr/lib/perl/unicore/lib/Blk/Hiragana.pl
./usr/lib/perl/unicore/lib/Blk/IDC.pl
./usr/lib/perl/unicore/lib/Blk/Imperial.pl
./usr/lib/perl/unicore/lib/Blk/IndicNum.pl
./usr/lib/perl/unicore/lib/Blk/Inscrip2.pl
./usr/lib/perl/unicore/lib/Blk/Inscript.pl
./usr/lib/perl/unicore/lib/Blk/IPAExt.pl
./usr/lib/perl/unicore/lib/Blk/JamoExtA.pl
./usr/lib/perl/unicore/lib/Blk/JamoExtB.pl
./usr/lib/perl/unicore/lib/Blk/Jamo.pl
./usr/lib/perl/unicore/lib/Blk/Javanese.pl
./usr/lib/perl/unicore/lib/Blk/Kaithi.pl
./usr/lib/perl/unicore/lib/Blk/KanaSup.pl
./usr/lib/perl/unicore/lib/Blk/Kanbun.pl
./usr/lib/perl/unicore/lib/Blk/Kangxi.pl
./usr/lib/perl/unicore/lib/Blk/Kannada.pl
./usr/lib/perl/unicore/lib/Blk/Katakan2.pl
./usr/lib/perl/unicore/lib/Blk/Katakana.pl
./usr/lib/perl/unicore/lib/Blk/Kharosht.pl
./usr/lib/perl/unicore/lib/Blk/Khmer.pl
./usr/lib/perl/unicore/lib/Blk/KhmerSym.pl
./usr/lib/perl/unicore/lib/Blk/Lao.pl
./usr/lib/perl/unicore/lib/Blk/Latin1.pl
./usr/lib/perl/unicore/lib/Blk/LatinEx2.pl
./usr/lib/perl/unicore/lib/Blk/LatinEx3.pl
./usr/lib/perl/unicore/lib/Blk/LatinEx4.pl
./usr/lib/perl/unicore/lib/Blk/LatinEx5.pl
./usr/lib/perl/unicore/lib/Blk/LatinExt.pl
./usr/lib/perl/unicore/lib/Blk/Lepcha.pl
./usr/lib/perl/unicore/lib/Blk/Letterli.pl
./usr/lib/perl/unicore/lib/Blk/Limbu.pl
./usr/lib/perl/unicore/lib/Blk/LinearBI.pl
./usr/lib/perl/unicore/lib/Blk/LinearBS.pl
./usr/lib/perl/unicore/lib/Blk/LowSurro.pl
./usr/lib/perl/unicore/lib/Blk/Lycian.pl
./usr/lib/perl/unicore/lib/Blk/Lydian.pl
./usr/lib/perl/unicore/lib/Blk/Mahjong.pl
./usr/lib/perl/unicore/lib/Blk/Malayala.pl
./usr/lib/perl/unicore/lib/Blk/Mandaic.pl
./usr/lib/perl/unicore/lib/Blk/MathAlph.pl
./usr/lib/perl/unicore/lib/Blk/MathOper.pl
./usr/lib/perl/unicore/lib/Blk/MeeteiM2.pl
./usr/lib/perl/unicore/lib/Blk/MeeteiMa.pl
./usr/lib/perl/unicore/lib/Blk/Meroitic.pl
./usr/lib/perl/unicore/lib/Blk/Miao.pl
./usr/lib/perl/unicore/lib/Blk/MiscArro.pl
./usr/lib/perl/unicore/lib/Blk/MiscMat2.pl
./usr/lib/perl/unicore/lib/Blk/MiscMath.pl
./usr/lib/perl/unicore/lib/Blk/MiscPict.pl
./usr/lib/perl/unicore/lib/Blk/MiscSymb.pl
./usr/lib/perl/unicore/lib/Blk/MiscTech.pl
./usr/lib/perl/unicore/lib/Blk/Modifie2.pl
./usr/lib/perl/unicore/lib/Blk/Modifier.pl
./usr/lib/perl/unicore/lib/Blk/Mongolia.pl
./usr/lib/perl/unicore/lib/Blk/Music.pl
./usr/lib/perl/unicore/lib/Blk/MyanmarE.pl
./usr/lib/perl/unicore/lib/Blk/Myanmar.pl
./usr/lib/perl/unicore/lib/Blk/NB.pl
./usr/lib/perl/unicore/lib/Blk/NewTaiLu.pl
./usr/lib/perl/unicore/lib/Blk/NKo.pl
./usr/lib/perl/unicore/lib/Blk/NumberFo.pl
./usr/lib/perl/unicore/lib/Blk/OCR.pl
./usr/lib/perl/unicore/lib/Blk/Ogham.pl
./usr/lib/perl/unicore/lib/Blk/OldItali.pl
./usr/lib/perl/unicore/lib/Blk/OldPersi.pl
./usr/lib/perl/unicore/lib/Blk/OldTurki.pl
./usr/lib/perl/unicore/lib/Blk/Oriya.pl
./usr/lib/perl/unicore/lib/Blk/Osmanya.pl
./usr/lib/perl/unicore/lib/Blk/PhagsPa.pl
./usr/lib/perl/unicore/lib/Blk/Phaistos.pl
./usr/lib/perl/unicore/lib/Blk/Phoenici.pl
./usr/lib/perl/unicore/lib/Blk/Phoneti2.pl
./usr/lib/perl/unicore/lib/Blk/Phonetic.pl
./usr/lib/perl/unicore/lib/Blk/PlayingC.pl
./usr/lib/perl/unicore/lib/Blk/PUA.pl
./usr/lib/perl/unicore/lib/Blk/Punctuat.pl
./usr/lib/perl/unicore/lib/Blk/Rejang.pl
./usr/lib/perl/unicore/lib/Blk/Rumi.pl
./usr/lib/perl/unicore/lib/Blk/Runic.pl
./usr/lib/perl/unicore/lib/Blk/Samarita.pl
./usr/lib/perl/unicore/lib/Blk/Saurasht.pl
./usr/lib/perl/unicore/lib/Blk/Sharada.pl
./usr/lib/perl/unicore/lib/Blk/Sinhala.pl
./usr/lib/perl/unicore/lib/Blk/SmallFor.pl
./usr/lib/perl/unicore/lib/Blk/SoraSomp.pl
./usr/lib/perl/unicore/lib/Blk/Specials.pl
./usr/lib/perl/unicore/lib/Blk/Sundane2.pl
./usr/lib/perl/unicore/lib/Blk/Sundanes.pl
./usr/lib/perl/unicore/lib/Blk/SupArro2.pl
./usr/lib/perl/unicore/lib/Blk/SupArrow.pl
./usr/lib/perl/unicore/lib/Blk/SuperAnd.pl
./usr/lib/perl/unicore/lib/Blk/SupMathO.pl
./usr/lib/perl/unicore/lib/Blk/SupPUAA.pl
./usr/lib/perl/unicore/lib/Blk/SupPUAB.pl
./usr/lib/perl/unicore/lib/Blk/SupPunct.pl
./usr/lib/perl/unicore/lib/Blk/SylotiNa.pl
./usr/lib/perl/unicore/lib/Blk/Syriac.pl
./usr/lib/perl/unicore/lib/Blk/Tagalog.pl
./usr/lib/perl/unicore/lib/Blk/Tagbanwa.pl
./usr/lib/perl/unicore/lib/Blk/Tags.pl
./usr/lib/perl/unicore/lib/Blk/TaiLe.pl
./usr/lib/perl/unicore/lib/Blk/TaiTham.pl
./usr/lib/perl/unicore/lib/Blk/TaiViet.pl
./usr/lib/perl/unicore/lib/Blk/TaiXuanJ.pl
./usr/lib/perl/unicore/lib/Blk/Takri.pl
./usr/lib/perl/unicore/lib/Blk/Tamil.pl
./usr/lib/perl/unicore/lib/Blk/Telugu.pl
./usr/lib/perl/unicore/lib/Blk/Thaana.pl
./usr/lib/perl/unicore/lib/Blk/Thai.pl
./usr/lib/perl/unicore/lib/Blk/Tibetan.pl
./usr/lib/perl/unicore/lib/Blk/Tifinagh.pl
./usr/lib/perl/unicore/lib/Blk/Transpor.pl
./usr/lib/perl/unicore/lib/Blk/UCASExt.pl
./usr/lib/perl/unicore/lib/Blk/UCAS.pl
./usr/lib/perl/unicore/lib/Blk/Ugaritic.pl
./usr/lib/perl/unicore/lib/Blk/Vai.pl
./usr/lib/perl/unicore/lib/Blk/VedicExt.pl
./usr/lib/perl/unicore/lib/Blk/Vertical.pl
./usr/lib/perl/unicore/lib/Blk/VS.pl
./usr/lib/perl/unicore/lib/Blk/VSSup.pl
./usr/lib/perl/unicore/lib/Blk/Yijing.pl
./usr/lib/perl/unicore/lib/Blk/YiRadica.pl
./usr/lib/perl/unicore/lib/Blk/YiSyllab.pl
./usr/lib/perl/unicore/lib/Cased
./usr/lib/perl/unicore/lib/Cased/Y.pl
./usr/lib/perl/unicore/lib/Ccc
./usr/lib/perl/unicore/lib/Ccc/AL.pl
./usr/lib/perl/unicore/lib/Ccc/A.pl
./usr/lib/perl/unicore/lib/Ccc/AR.pl
./usr/lib/perl/unicore/lib/Ccc/ATA.pl
./usr/lib/perl/unicore/lib/Ccc/ATAR.pl
./usr/lib/perl/unicore/lib/Ccc/ATB.pl
./usr/lib/perl/unicore/lib/Ccc/BL.pl
./usr/lib/perl/unicore/lib/Ccc/B.pl
./usr/lib/perl/unicore/lib/Ccc/BR.pl
./usr/lib/perl/unicore/lib/Ccc/CCC103.pl
./usr/lib/perl/unicore/lib/Ccc/CCC107.pl
./usr/lib/perl/unicore/lib/Ccc/CCC10.pl
./usr/lib/perl/unicore/lib/Ccc/CCC118.pl
./usr/lib/perl/unicore/lib/Ccc/CCC11.pl
./usr/lib/perl/unicore/lib/Ccc/CCC122.pl
./usr/lib/perl/unicore/lib/Ccc/CCC129.pl
./usr/lib/perl/unicore/lib/Ccc/CCC12.pl
./usr/lib/perl/unicore/lib/Ccc/CCC130.pl
./usr/lib/perl/unicore/lib/Ccc/CCC133.pl
./usr/lib/perl/unicore/lib/Ccc/CCC13.pl
./usr/lib/perl/unicore/lib/Ccc/CCC14.pl
./usr/lib/perl/unicore/lib/Ccc/CCC15.pl
./usr/lib/perl/unicore/lib/Ccc/CCC16.pl
./usr/lib/perl/unicore/lib/Ccc/CCC17.pl
./usr/lib/perl/unicore/lib/Ccc/CCC18.pl
./usr/lib/perl/unicore/lib/Ccc/CCC19.pl
./usr/lib/perl/unicore/lib/Ccc/CCC20.pl
./usr/lib/perl/unicore/lib/Ccc/CCC21.pl
./usr/lib/perl/unicore/lib/Ccc/CCC22.pl
./usr/lib/perl/unicore/lib/Ccc/CCC23.pl
./usr/lib/perl/unicore/lib/Ccc/CCC24.pl
./usr/lib/perl/unicore/lib/Ccc/CCC25.pl
./usr/lib/perl/unicore/lib/Ccc/CCC26.pl
./usr/lib/perl/unicore/lib/Ccc/CCC27.pl
./usr/lib/perl/unicore/lib/Ccc/CCC28.pl
./usr/lib/perl/unicore/lib/Ccc/CCC29.pl
./usr/lib/perl/unicore/lib/Ccc/CCC30.pl
./usr/lib/perl/unicore/lib/Ccc/CCC31.pl
./usr/lib/perl/unicore/lib/Ccc/CCC32.pl
./usr/lib/perl/unicore/lib/Ccc/CCC33.pl
./usr/lib/perl/unicore/lib/Ccc/CCC34.pl
./usr/lib/perl/unicore/lib/Ccc/CCC35.pl
./usr/lib/perl/unicore/lib/Ccc/CCC36.pl
./usr/lib/perl/unicore/lib/Ccc/CCC84.pl
./usr/lib/perl/unicore/lib/Ccc/CCC91.pl
./usr/lib/perl/unicore/lib/Ccc/DA.pl
./usr/lib/perl/unicore/lib/Ccc/DB.pl
./usr/lib/perl/unicore/lib/Ccc/IS.pl
./usr/lib/perl/unicore/lib/Ccc/KV.pl
./usr/lib/perl/unicore/lib/Ccc/L.pl
./usr/lib/perl/unicore/lib/Ccc/NK.pl
./usr/lib/perl/unicore/lib/Ccc/NR.pl
./usr/lib/perl/unicore/lib/Ccc/OV.pl
./usr/lib/perl/unicore/lib/Ccc/R.pl
./usr/lib/perl/unicore/lib/Ccc/VR.pl
./usr/lib/perl/unicore/lib/CE
./usr/lib/perl/unicore/lib/CE/Y.pl
./usr/lib/perl/unicore/lib/CI
./usr/lib/perl/unicore/lib/CI/Y.pl
./usr/lib/perl/unicore/lib/CompEx
./usr/lib/perl/unicore/lib/CompEx/Y.pl
./usr/lib/perl/unicore/lib/CWCF
./usr/lib/perl/unicore/lib/CWCF/Y.pl
./usr/lib/perl/unicore/lib/CWCM
./usr/lib/perl/unicore/lib/CWCM/Y.pl
./usr/lib/perl/unicore/lib/CWKCF
./usr/lib/perl/unicore/lib/CWKCF/Y.pl
./usr/lib/perl/unicore/lib/CWL
./usr/lib/perl/unicore/lib/CWL/Y.pl
./usr/lib/perl/unicore/lib/CWT
./usr/lib/perl/unicore/lib/CWT/Y.pl
./usr/lib/perl/unicore/lib/CWU
./usr/lib/perl/unicore/lib/CWU/Y.pl
./usr/lib/perl/unicore/lib/Dash
./usr/lib/perl/unicore/lib/Dash/Y.pl
./usr/lib/perl/unicore/lib/Dep
./usr/lib/perl/unicore/lib/Dep/Y.pl
./usr/lib/perl/unicore/lib/DI
./usr/lib/perl/unicore/lib/Dia
./usr/lib/perl/unicore/lib/Dia/Y.pl
./usr/lib/perl/unicore/lib/DI/Y.pl
./usr/lib/perl/unicore/lib/Dt
./usr/lib/perl/unicore/lib/Dt/Com.pl
./usr/lib/perl/unicore/lib/Dt/Enc.pl
./usr/lib/perl/unicore/lib/Dt/Fin.pl
./usr/lib/perl/unicore/lib/Dt/Font.pl
./usr/lib/perl/unicore/lib/Dt/Fra.pl
./usr/lib/perl/unicore/lib/Dt/Init.pl
./usr/lib/perl/unicore/lib/Dt/Iso.pl
./usr/lib/perl/unicore/lib/Dt/Med.pl
./usr/lib/perl/unicore/lib/Dt/Nar.pl
./usr/lib/perl/unicore/lib/Dt/Nb.pl
./usr/lib/perl/unicore/lib/Dt/NonCanon.pl
./usr/lib/perl/unicore/lib/Dt/None.pl
./usr/lib/perl/unicore/lib/Dt/Sml.pl
./usr/lib/perl/unicore/lib/Dt/Sqr.pl
./usr/lib/perl/unicore/lib/Dt/Sub.pl
./usr/lib/perl/unicore/lib/Dt/Sup.pl
./usr/lib/perl/unicore/lib/Dt/Vert.pl
./usr/lib/perl/unicore/lib/Ea
./usr/lib/perl/unicore/lib/Ea/A.pl
./usr/lib/perl/unicore/lib/Ea/F.pl
./usr/lib/perl/unicore/lib/Ea/H.pl
./usr/lib/perl/unicore/lib/Ea/Na.pl
./usr/lib/perl/unicore/lib/Ea/N.pl
./usr/lib/perl/unicore/lib/Ea/W.pl
./usr/lib/perl/unicore/lib/Ext
./usr/lib/perl/unicore/lib/Ext/Y.pl
./usr/lib/perl/unicore/lib/Gc
./usr/lib/perl/unicore/lib/GCB
./usr/lib/perl/unicore/lib/GCB/CN.pl
./usr/lib/perl/unicore/lib/GCB/EX.pl
./usr/lib/perl/unicore/lib/GCB/SM.pl
./usr/lib/perl/unicore/lib/GCB/XX.pl
./usr/lib/perl/unicore/lib/Gc/Cc.pl
./usr/lib/perl/unicore/lib/Gc/Cf.pl
./usr/lib/perl/unicore/lib/Gc/Cn.pl
./usr/lib/perl/unicore/lib/Gc/Co.pl
./usr/lib/perl/unicore/lib/Gc/C.pl
./usr/lib/perl/unicore/lib/Gc/Cs.pl
./usr/lib/perl/unicore/lib/Gc/LC.pl
./usr/lib/perl/unicore/lib/Gc/Ll.pl
./usr/lib/perl/unicore/lib/Gc/Lm.pl
./usr/lib/perl/unicore/lib/Gc/Lo.pl
./usr/lib/perl/unicore/lib/Gc/L.pl
./usr/lib/perl/unicore/lib/Gc/Lu.pl
./usr/lib/perl/unicore/lib/Gc/Mc.pl
./usr/lib/perl/unicore/lib/Gc/Me.pl
./usr/lib/perl/unicore/lib/Gc/Mn.pl
./usr/lib/perl/unicore/lib/Gc/M.pl
./usr/lib/perl/unicore/lib/Gc/Nd.pl
./usr/lib/perl/unicore/lib/Gc/Nl.pl
./usr/lib/perl/unicore/lib/Gc/No.pl
./usr/lib/perl/unicore/lib/Gc/N.pl
./usr/lib/perl/unicore/lib/Gc/Pc.pl
./usr/lib/perl/unicore/lib/Gc/Pd.pl
./usr/lib/perl/unicore/lib/Gc/Pe.pl
./usr/lib/perl/unicore/lib/Gc/Pf.pl
./usr/lib/perl/unicore/lib/Gc/Pi.pl
./usr/lib/perl/unicore/lib/Gc/Po.pl
./usr/lib/perl/unicore/lib/Gc/P.pl
./usr/lib/perl/unicore/lib/Gc/Ps.pl
./usr/lib/perl/unicore/lib/Gc/Sc.pl
./usr/lib/perl/unicore/lib/Gc/Sk.pl
./usr/lib/perl/unicore/lib/Gc/Sm.pl
./usr/lib/perl/unicore/lib/Gc/So.pl
./usr/lib/perl/unicore/lib/Gc/S.pl
./usr/lib/perl/unicore/lib/Gc/Zl.pl
./usr/lib/perl/unicore/lib/Gc/Z.pl
./usr/lib/perl/unicore/lib/Gc/Zp.pl
./usr/lib/perl/unicore/lib/Gc/Zs.pl
./usr/lib/perl/unicore/lib/GrBase
./usr/lib/perl/unicore/lib/GrBase/Y.pl
./usr/lib/perl/unicore/lib/Hex
./usr/lib/perl/unicore/lib/Hex/Y.pl
./usr/lib/perl/unicore/lib/Hst
./usr/lib/perl/unicore/lib/Hst/NA.pl
./usr/lib/perl/unicore/lib/Hyphen
./usr/lib/perl/unicore/lib/Hyphen/Y.pl
./usr/lib/perl/unicore/lib/IDC
./usr/lib/perl/unicore/lib/IDC/Y.pl
./usr/lib/perl/unicore/lib/Ideo
./usr/lib/perl/unicore/lib/Ideo/Y.pl
./usr/lib/perl/unicore/lib/IDS
./usr/lib/perl/unicore/lib/IDSB
./usr/lib/perl/unicore/lib/IDSB/Y.pl
./usr/lib/perl/unicore/lib/IDST
./usr/lib/perl/unicore/lib/IDST/Y.pl
./usr/lib/perl/unicore/lib/IDS/Y.pl
./usr/lib/perl/unicore/lib/In
./usr/lib/perl/unicore/lib/In/2_0.pl
./usr/lib/perl/unicore/lib/In/2_1.pl
./usr/lib/perl/unicore/lib/In/3_0.pl
./usr/lib/perl/unicore/lib/In/3_1.pl
./usr/lib/perl/unicore/lib/In/3_2.pl
./usr/lib/perl/unicore/lib/In/4_0.pl
./usr/lib/perl/unicore/lib/In/4_1.pl
./usr/lib/perl/unicore/lib/In/5_0.pl
./usr/lib/perl/unicore/lib/In/5_1.pl
./usr/lib/perl/unicore/lib/In/5_2.pl
./usr/lib/perl/unicore/lib/In/6_0.pl
./usr/lib/perl/unicore/lib/In/6_1.pl
./usr/lib/perl/unicore/lib/Jg
./usr/lib/perl/unicore/lib/Jg/Ain.pl
./usr/lib/perl/unicore/lib/Jg/Alaph.pl
./usr/lib/perl/unicore/lib/Jg/Alef.pl
./usr/lib/perl/unicore/lib/Jg/Beh.pl
./usr/lib/perl/unicore/lib/Jg/Beth.pl
./usr/lib/perl/unicore/lib/Jg/Burushas.pl
./usr/lib/perl/unicore/lib/Jg/DalathRi.pl
./usr/lib/perl/unicore/lib/Jg/Dal.pl
./usr/lib/perl/unicore/lib/Jg/E.pl
./usr/lib/perl/unicore/lib/Jg/FarsiYeh.pl
./usr/lib/perl/unicore/lib/Jg/Feh.pl
./usr/lib/perl/unicore/lib/Jg/Fe.pl
./usr/lib/perl/unicore/lib/Jg/FinalSem.pl
./usr/lib/perl/unicore/lib/Jg/Gaf.pl
./usr/lib/perl/unicore/lib/Jg/Gamal.pl
./usr/lib/perl/unicore/lib/Jg/Hah.pl
./usr/lib/perl/unicore/lib/Jg/HamzaOnH.pl
./usr/lib/perl/unicore/lib/Jg/HehGoal.pl
./usr/lib/perl/unicore/lib/Jg/Heh.pl
./usr/lib/perl/unicore/lib/Jg/He.pl
./usr/lib/perl/unicore/lib/Jg/Heth.pl
./usr/lib/perl/unicore/lib/Jg/Kaf.pl
./usr/lib/perl/unicore/lib/Jg/Kaph.pl
./usr/lib/perl/unicore/lib/Jg/Khaph.pl
./usr/lib/perl/unicore/lib/Jg/KnottedH.pl
./usr/lib/perl/unicore/lib/Jg/Lamadh.pl
./usr/lib/perl/unicore/lib/Jg/Lam.pl
./usr/lib/perl/unicore/lib/Jg/Meem.pl
./usr/lib/perl/unicore/lib/Jg/Mim.pl
./usr/lib/perl/unicore/lib/Jg/NoJoinin.pl
./usr/lib/perl/unicore/lib/Jg/Noon.pl
./usr/lib/perl/unicore/lib/Jg/Nun.pl
./usr/lib/perl/unicore/lib/Jg/Nya.pl
./usr/lib/perl/unicore/lib/Jg/Pe.pl
./usr/lib/perl/unicore/lib/Jg/Qaf.pl
./usr/lib/perl/unicore/lib/Jg/Qaph.pl
./usr/lib/perl/unicore/lib/Jg/Reh.pl
./usr/lib/perl/unicore/lib/Jg/Reversed.pl
./usr/lib/perl/unicore/lib/Jg/Rohingya.pl
./usr/lib/perl/unicore/lib/Jg/Sadhe.pl
./usr/lib/perl/unicore/lib/Jg/Sad.pl
./usr/lib/perl/unicore/lib/Jg/Seen.pl
./usr/lib/perl/unicore/lib/Jg/Semkath.pl
./usr/lib/perl/unicore/lib/Jg/Shin.pl
./usr/lib/perl/unicore/lib/Jg/SwashKaf.pl
./usr/lib/perl/unicore/lib/Jg/SyriacWa.pl
./usr/lib/perl/unicore/lib/Jg/Tah.pl
./usr/lib/perl/unicore/lib/Jg/Taw.pl
./usr/lib/perl/unicore/lib/Jg/TehMarbu.pl
./usr/lib/perl/unicore/lib/Jg/Teth.pl
./usr/lib/perl/unicore/lib/Jg/Waw.pl
./usr/lib/perl/unicore/lib/Jg/YehBarre.pl
./usr/lib/perl/unicore/lib/Jg/Yeh.pl
./usr/lib/perl/unicore/lib/Jg/YehWithT.pl
./usr/lib/perl/unicore/lib/Jg/YudhHe.pl
./usr/lib/perl/unicore/lib/Jg/Yudh.pl
./usr/lib/perl/unicore/lib/Jg/Zain.pl
./usr/lib/perl/unicore/lib/Jg/Zhain.pl
./usr/lib/perl/unicore/lib/JoinC
./usr/lib/perl/unicore/lib/JoinC/Y.pl
./usr/lib/perl/unicore/lib/Jt
./usr/lib/perl/unicore/lib/Jt/C.pl
./usr/lib/perl/unicore/lib/Jt/D.pl
./usr/lib/perl/unicore/lib/Jt/R.pl
./usr/lib/perl/unicore/lib/Jt/T.pl
./usr/lib/perl/unicore/lib/Jt/U.pl
./usr/lib/perl/unicore/lib/Lb
./usr/lib/perl/unicore/lib/Lb/AI.pl
./usr/lib/perl/unicore/lib/Lb/AL.pl
./usr/lib/perl/unicore/lib/Lb/B2.pl
./usr/lib/perl/unicore/lib/Lb/BA.pl
./usr/lib/perl/unicore/lib/Lb/BB.pl
./usr/lib/perl/unicore/lib/Lb/BK.pl
./usr/lib/perl/unicore/lib/Lb/CB.pl
./usr/lib/perl/unicore/lib/Lb/CJ.pl
./usr/lib/perl/unicore/lib/Lb/CL.pl
./usr/lib/perl/unicore/lib/Lb/CM.pl
./usr/lib/perl/unicore/lib/Lb/CP.pl
./usr/lib/perl/unicore/lib/Lb/CR.pl
./usr/lib/perl/unicore/lib/Lb/EX.pl
./usr/lib/perl/unicore/lib/Lb/GL.pl
./usr/lib/perl/unicore/lib/Lb/H2.pl
./usr/lib/perl/unicore/lib/Lb/H3.pl
./usr/lib/perl/unicore/lib/Lb/HL.pl
./usr/lib/perl/unicore/lib/Lb/HY.pl
./usr/lib/perl/unicore/lib/Lb/ID.pl
./usr/lib/perl/unicore/lib/Lb/IN.pl
./usr/lib/perl/unicore/lib/Lb/IS.pl
./usr/lib/perl/unicore/lib/Lb/JL.pl
./usr/lib/perl/unicore/lib/Lb/JT.pl
./usr/lib/perl/unicore/lib/Lb/JV.pl
./usr/lib/perl/unicore/lib/Lb/LF.pl
./usr/lib/perl/unicore/lib/Lb/NL.pl
./usr/lib/perl/unicore/lib/Lb/NS.pl
./usr/lib/perl/unicore/lib/Lb/NU.pl
./usr/lib/perl/unicore/lib/Lb/OP.pl
./usr/lib/perl/unicore/lib/Lb/PO.pl
./usr/lib/perl/unicore/lib/Lb/PR.pl
./usr/lib/perl/unicore/lib/Lb/QU.pl
./usr/lib/perl/unicore/lib/Lb/SA.pl
./usr/lib/perl/unicore/lib/Lb/SG.pl
./usr/lib/perl/unicore/lib/Lb/SP.pl
./usr/lib/perl/unicore/lib/Lb/SY.pl
./usr/lib/perl/unicore/lib/Lb/WJ.pl
./usr/lib/perl/unicore/lib/Lb/XX.pl
./usr/lib/perl/unicore/lib/Lb/ZW.pl
./usr/lib/perl/unicore/lib/LOE
./usr/lib/perl/unicore/lib/LOE/Y.pl
./usr/lib/perl/unicore/lib/Lower
./usr/lib/perl/unicore/lib/Lower/Y.pl
./usr/lib/perl/unicore/lib/Math
./usr/lib/perl/unicore/lib/Math/Y.pl
./usr/lib/perl/unicore/lib/NChar
./usr/lib/perl/unicore/lib/NChar/Y.pl
./usr/lib/perl/unicore/lib/NFCQC
./usr/lib/perl/unicore/lib/NFCQC/Y.pl
./usr/lib/perl/unicore/lib/NFDQC
./usr/lib/perl/unicore/lib/NFDQC/N.pl
./usr/lib/perl/unicore/lib/NFDQC/Y.pl
./usr/lib/perl/unicore/lib/NFKCQC
./usr/lib/perl/unicore/lib/NFKCQC/M.pl
./usr/lib/perl/unicore/lib/NFKCQC/N.pl
./usr/lib/perl/unicore/lib/NFKCQC/Y.pl
./usr/lib/perl/unicore/lib/NFKDQC
./usr/lib/perl/unicore/lib/NFKDQC/N.pl
./usr/lib/perl/unicore/lib/Nt
./usr/lib/perl/unicore/lib/Nt/Di.pl
./usr/lib/perl/unicore/lib/Nt/Nu.pl
./usr/lib/perl/unicore/lib/Nv
./usr/lib/perl/unicore/lib/Nv/0.pl
./usr/lib/perl/unicore/lib/Nv/10000000.pl
./usr/lib/perl/unicore/lib/Nv/10000002.pl
./usr/lib/perl/unicore/lib/Nv/100000.pl
./usr/lib/perl/unicore/lib/Nv/10000.pl
./usr/lib/perl/unicore/lib/Nv/1000.pl
./usr/lib/perl/unicore/lib/Nv/100.pl
./usr/lib/perl/unicore/lib/Nv/10.pl
./usr/lib/perl/unicore/lib/Nv/1_10.pl
./usr/lib/perl/unicore/lib/Nv/11_2.pl
./usr/lib/perl/unicore/lib/Nv/1_16.pl
./usr/lib/perl/unicore/lib/Nv/11.pl
./usr/lib/perl/unicore/lib/Nv/_1_2.pl
./usr/lib/perl/unicore/lib/Nv/1_2.pl
./usr/lib/perl/unicore/lib/Nv/12.pl
./usr/lib/perl/unicore/lib/Nv/13_2.pl
./usr/lib/perl/unicore/lib/Nv/1_3.pl
./usr/lib/perl/unicore/lib/Nv/13.pl
./usr/lib/perl/unicore/lib/Nv/1_4.pl
./usr/lib/perl/unicore/lib/Nv/14.pl
./usr/lib/perl/unicore/lib/Nv/15_2.pl
./usr/lib/perl/unicore/lib/Nv/1_5.pl
./usr/lib/perl/unicore/lib/Nv/15.pl
./usr/lib/perl/unicore/lib/Nv/1_6.pl
./usr/lib/perl/unicore/lib/Nv/16.pl
./usr/lib/perl/unicore/lib/Nv/17_2.pl
./usr/lib/perl/unicore/lib/Nv/1_7.pl
./usr/lib/perl/unicore/lib/Nv/17.pl
./usr/lib/perl/unicore/lib/Nv/1_8.pl
./usr/lib/perl/unicore/lib/Nv/18.pl
./usr/lib/perl/unicore/lib/Nv/1_9.pl
./usr/lib/perl/unicore/lib/Nv/19.pl
./usr/lib/perl/unicore/lib/Nv/1.pl
./usr/lib/perl/unicore/lib/Nv/20000.pl
./usr/lib/perl/unicore/lib/Nv/2000.pl
./usr/lib/perl/unicore/lib/Nv/200.pl
./usr/lib/perl/unicore/lib/Nv/20.pl
./usr/lib/perl/unicore/lib/Nv/21.pl
./usr/lib/perl/unicore/lib/Nv/22.pl
./usr/lib/perl/unicore/lib/Nv/2_3.pl
./usr/lib/perl/unicore/lib/Nv/23.pl
./usr/lib/perl/unicore/lib/Nv/24.pl
./usr/lib/perl/unicore/lib/Nv/2_5.pl
./usr/lib/perl/unicore/lib/Nv/25.pl
./usr/lib/perl/unicore/lib/Nv/26.pl
./usr/lib/perl/unicore/lib/Nv/27.pl
./usr/lib/perl/unicore/lib/Nv/28.pl
./usr/lib/perl/unicore/lib/Nv/29.pl
./usr/lib/perl/unicore/lib/Nv/2.pl
./usr/lib/perl/unicore/lib/Nv/30000.pl
./usr/lib/perl/unicore/lib/Nv/3000.pl
./usr/lib/perl/unicore/lib/Nv/300.pl
./usr/lib/perl/unicore/lib/Nv/30.pl
./usr/lib/perl/unicore/lib/Nv/3_16.pl
./usr/lib/perl/unicore/lib/Nv/31.pl
./usr/lib/perl/unicore/lib/Nv/3_2.pl
./usr/lib/perl/unicore/lib/Nv/32.pl
./usr/lib/perl/unicore/lib/Nv/33.pl
./usr/lib/perl/unicore/lib/Nv/3_4.pl
./usr/lib/perl/unicore/lib/Nv/34.pl
./usr/lib/perl/unicore/lib/Nv/3_5.pl
./usr/lib/perl/unicore/lib/Nv/35.pl
./usr/lib/perl/unicore/lib/Nv/36.pl
./usr/lib/perl/unicore/lib/Nv/37.pl
./usr/lib/perl/unicore/lib/Nv/3_8.pl
./usr/lib/perl/unicore/lib/Nv/38.pl
./usr/lib/perl/unicore/lib/Nv/39.pl
./usr/lib/perl/unicore/lib/Nv/3.pl
./usr/lib/perl/unicore/lib/Nv/40000.pl
./usr/lib/perl/unicore/lib/Nv/4000.pl
./usr/lib/perl/unicore/lib/Nv/400.pl
./usr/lib/perl/unicore/lib/Nv/40.pl
./usr/lib/perl/unicore/lib/Nv/41.pl
./usr/lib/perl/unicore/lib/Nv/42.pl
./usr/lib/perl/unicore/lib/Nv/43.pl
./usr/lib/perl/unicore/lib/Nv/44.pl
./usr/lib/perl/unicore/lib/Nv/4_5.pl
./usr/lib/perl/unicore/lib/Nv/45.pl
./usr/lib/perl/unicore/lib/Nv/46.pl
./usr/lib/perl/unicore/lib/Nv/47.pl
./usr/lib/perl/unicore/lib/Nv/48.pl
./usr/lib/perl/unicore/lib/Nv/49.pl
./usr/lib/perl/unicore/lib/Nv/4.pl
./usr/lib/perl/unicore/lib/Nv/50000.pl
./usr/lib/perl/unicore/lib/Nv/5000.pl
./usr/lib/perl/unicore/lib/Nv/500.pl
./usr/lib/perl/unicore/lib/Nv/50.pl
./usr/lib/perl/unicore/lib/Nv/5_2.pl
./usr/lib/perl/unicore/lib/Nv/5_6.pl
./usr/lib/perl/unicore/lib/Nv/5_8.pl
./usr/lib/perl/unicore/lib/Nv/5.pl
./usr/lib/perl/unicore/lib/Nv/60000.pl
./usr/lib/perl/unicore/lib/Nv/6000.pl
./usr/lib/perl/unicore/lib/Nv/600.pl
./usr/lib/perl/unicore/lib/Nv/60.pl
./usr/lib/perl/unicore/lib/Nv/6.pl
./usr/lib/perl/unicore/lib/Nv/70000.pl
./usr/lib/perl/unicore/lib/Nv/7000.pl
./usr/lib/perl/unicore/lib/Nv/700.pl
./usr/lib/perl/unicore/lib/Nv/70.pl
./usr/lib/perl/unicore/lib/Nv/7_2.pl
./usr/lib/perl/unicore/lib/Nv/7_8.pl
./usr/lib/perl/unicore/lib/Nv/7.pl
./usr/lib/perl/unicore/lib/Nv/80000.pl
./usr/lib/perl/unicore/lib/Nv/8000.pl
./usr/lib/perl/unicore/lib/Nv/800.pl
./usr/lib/perl/unicore/lib/Nv/80.pl
./usr/lib/perl/unicore/lib/Nv/8.pl
./usr/lib/perl/unicore/lib/Nv/90000.pl
./usr/lib/perl/unicore/lib/Nv/9000.pl
./usr/lib/perl/unicore/lib/Nv/900.pl
./usr/lib/perl/unicore/lib/Nv/90.pl
./usr/lib/perl/unicore/lib/Nv/9_2.pl
./usr/lib/perl/unicore/lib/Nv/9.pl
./usr/lib/perl/unicore/lib/Nv/NaN.pl
./usr/lib/perl/unicore/lib/PatSyn
./usr/lib/perl/unicore/lib/PatSyn/Y.pl
./usr/lib/perl/unicore/lib/PatWS
./usr/lib/perl/unicore/lib/PatWS/Y.pl
./usr/lib/perl/unicore/lib/Perl
./usr/lib/perl/unicore/lib/Perl/Alnum.pl
./usr/lib/perl/unicore/lib/Perl/Any.pl
./usr/lib/perl/unicore/lib/Perl/Assigned.pl
./usr/lib/perl/unicore/lib/Perl/Blank.pl
./usr/lib/perl/unicore/lib/Perl/Graph.pl
./usr/lib/perl/unicore/lib/Perl/_PerlIDS.pl
./usr/lib/perl/unicore/lib/Perl/_PerlNon.pl
./usr/lib/perl/unicore/lib/Perl/_PerlQuo.pl
./usr/lib/perl/unicore/lib/Perl/PerlSpac.pl
./usr/lib/perl/unicore/lib/Perl/PerlWord.pl
./usr/lib/perl/unicore/lib/Perl/PosixAln.pl
./usr/lib/perl/unicore/lib/Perl/PosixAlp.pl
./usr/lib/perl/unicore/lib/Perl/PosixBla.pl
./usr/lib/perl/unicore/lib/Perl/PosixCnt.pl
./usr/lib/perl/unicore/lib/Perl/PosixDig.pl
./usr/lib/perl/unicore/lib/Perl/PosixGra.pl
./usr/lib/perl/unicore/lib/Perl/PosixLow.pl
./usr/lib/perl/unicore/lib/Perl/PosixPri.pl
./usr/lib/perl/unicore/lib/Perl/PosixPun.pl
./usr/lib/perl/unicore/lib/Perl/PosixSpa.pl
./usr/lib/perl/unicore/lib/Perl/PosixUpp.pl
./usr/lib/perl/unicore/lib/Perl/Print.pl
./usr/lib/perl/unicore/lib/Perl/SpacePer.pl
./usr/lib/perl/unicore/lib/Perl/Title.pl
./usr/lib/perl/unicore/lib/Perl/VertSpac.pl
./usr/lib/perl/unicore/lib/Perl/Word.pl
./usr/lib/perl/unicore/lib/Perl/_XBegin.pl
./usr/lib/perl/unicore/lib/Perl/_XExtend.pl
./usr/lib/perl/unicore/lib/Perl/_XLVLVTV.pl
./usr/lib/perl/unicore/lib/Perl/XPosixPu.pl
./usr/lib/perl/unicore/lib/QMark
./usr/lib/perl/unicore/lib/QMark/Y.pl
./usr/lib/perl/unicore/lib/Radical
./usr/lib/perl/unicore/lib/Radical/Y.pl
./usr/lib/perl/unicore/lib/SB
./usr/lib/perl/unicore/lib/SB/AT.pl
./usr/lib/perl/unicore/lib/SB/CL.pl
./usr/lib/perl/unicore/lib/SB/EX.pl
./usr/lib/perl/unicore/lib/SB/FO.pl
./usr/lib/perl/unicore/lib/SB/LE.pl
./usr/lib/perl/unicore/lib/SB/LO.pl
./usr/lib/perl/unicore/lib/SB/SC.pl
./usr/lib/perl/unicore/lib/SB/SE.pl
./usr/lib/perl/unicore/lib/SB/Sp.pl
./usr/lib/perl/unicore/lib/SB/ST.pl
./usr/lib/perl/unicore/lib/SB/UP.pl
./usr/lib/perl/unicore/lib/SB/XX.pl
./usr/lib/perl/unicore/lib/Sc
./usr/lib/perl/unicore/lib/Sc/Arab.pl
./usr/lib/perl/unicore/lib/Sc/Armn.pl
./usr/lib/perl/unicore/lib/Sc/Beng.pl
./usr/lib/perl/unicore/lib/Sc/Bopo.pl
./usr/lib/perl/unicore/lib/Sc/Buhd.pl
./usr/lib/perl/unicore/lib/Sc/Cprt.pl
./usr/lib/perl/unicore/lib/Sc/Deva.pl
./usr/lib/perl/unicore/lib/Sc/Geor.pl
./usr/lib/perl/unicore/lib/Sc/Gujr.pl
./usr/lib/perl/unicore/lib/Sc/Guru.pl
./usr/lib/perl/unicore/lib/Sc/Hang.pl
./usr/lib/perl/unicore/lib/Sc/Hano.pl
./usr/lib/perl/unicore/lib/Sc/Han.pl
./usr/lib/perl/unicore/lib/Sc/Hira.pl
./usr/lib/perl/unicore/lib/Sc/Kana.pl
./usr/lib/perl/unicore/lib/Sc/Kthi.pl
./usr/lib/perl/unicore/lib/Sc/Linb.pl
./usr/lib/perl/unicore/lib/Sc/Mand.pl
./usr/lib/perl/unicore/lib/Sc/Mong.pl
./usr/lib/perl/unicore/lib/Sc/Orya.pl
./usr/lib/perl/unicore/lib/Sc/Phag.pl
./usr/lib/perl/unicore/lib/Sc/Syrc.pl
./usr/lib/perl/unicore/lib/Sc/Tagb.pl
./usr/lib/perl/unicore/lib/Sc/Takr.pl
./usr/lib/perl/unicore/lib/Sc/Tglg.pl
./usr/lib/perl/unicore/lib/Sc/Thaa.pl
./usr/lib/perl/unicore/lib/Scx
./usr/lib/perl/unicore/lib/Scx/Arab.pl
./usr/lib/perl/unicore/lib/Scx/Armi.pl
./usr/lib/perl/unicore/lib/Scx/Armn.pl
./usr/lib/perl/unicore/lib/Scx/Avst.pl
./usr/lib/perl/unicore/lib/Scx/Bali.pl
./usr/lib/perl/unicore/lib/Scx/Bamu.pl
./usr/lib/perl/unicore/lib/Scx/Batk.pl
./usr/lib/perl/unicore/lib/Scx/Beng.pl
./usr/lib/perl/unicore/lib/Scx/Bopo.pl
./usr/lib/perl/unicore/lib/Scx/Brah.pl
./usr/lib/perl/unicore/lib/Scx/Brai.pl
./usr/lib/perl/unicore/lib/Scx/Bugi.pl
./usr/lib/perl/unicore/lib/Scx/Buhd.pl
./usr/lib/perl/unicore/lib/Scx/Cakm.pl
./usr/lib/perl/unicore/lib/Scx/Cans.pl
./usr/lib/perl/unicore/lib/Scx/Cari.pl
./usr/lib/perl/unicore/lib/Scx/Cham.pl
./usr/lib/perl/unicore/lib/Scx/Cher.pl
./usr/lib/perl/unicore/lib/Scx/Copt.pl
./usr/lib/perl/unicore/lib/Scx/Cprt.pl
./usr/lib/perl/unicore/lib/Scx/Cyrl.pl
./usr/lib/perl/unicore/lib/Scx/Deva.pl
./usr/lib/perl/unicore/lib/Scx/Dsrt.pl
./usr/lib/perl/unicore/lib/Scx/Egyp.pl
./usr/lib/perl/unicore/lib/Scx/Ethi.pl
./usr/lib/perl/unicore/lib/Scx/Geor.pl
./usr/lib/perl/unicore/lib/Scx/Glag.pl
./usr/lib/perl/unicore/lib/Scx/Goth.pl
./usr/lib/perl/unicore/lib/Scx/Grek.pl
./usr/lib/perl/unicore/lib/Scx/Gujr.pl
./usr/lib/perl/unicore/lib/Scx/Guru.pl
./usr/lib/perl/unicore/lib/Scx/Hang.pl
./usr/lib/perl/unicore/lib/Scx/Hano.pl
./usr/lib/perl/unicore/lib/Scx/Han.pl
./usr/lib/perl/unicore/lib/Scx/Hebr.pl
./usr/lib/perl/unicore/lib/Scx/Hira.pl
./usr/lib/perl/unicore/lib/Scx/Ital.pl
./usr/lib/perl/unicore/lib/Scx/Java.pl
./usr/lib/perl/unicore/lib/Scx/Kali.pl
./usr/lib/perl/unicore/lib/Scx/Kana.pl
./usr/lib/perl/unicore/lib/Scx/Khar.pl
./usr/lib/perl/unicore/lib/Scx/Khmr.pl
./usr/lib/perl/unicore/lib/Scx/Knda.pl
./usr/lib/perl/unicore/lib/Scx/Kthi.pl
./usr/lib/perl/unicore/lib/Scx/Lana.pl
./usr/lib/perl/unicore/lib/Scx/Lao.pl
./usr/lib/perl/unicore/lib/Scx/Latn.pl
./usr/lib/perl/unicore/lib/Scx/Lepc.pl
./usr/lib/perl/unicore/lib/Scx/Limb.pl
./usr/lib/perl/unicore/lib/Scx/Linb.pl
./usr/lib/perl/unicore/lib/Scx/Lisu.pl
./usr/lib/perl/unicore/lib/Scx/Lyci.pl
./usr/lib/perl/unicore/lib/Scx/Lydi.pl
./usr/lib/perl/unicore/lib/Scx/Mand.pl
./usr/lib/perl/unicore/lib/Scx/Merc.pl
./usr/lib/perl/unicore/lib/Scx/Mero.pl
./usr/lib/perl/unicore/lib/Scx/Miao.pl
./usr/lib/perl/unicore/lib/Scx/Mlym.pl
./usr/lib/perl/unicore/lib/Scx/Mong.pl
./usr/lib/perl/unicore/lib/Scx/Mtei.pl
./usr/lib/perl/unicore/lib/Scx/Mymr.pl
./usr/lib/perl/unicore/lib/Scx/Nko.pl
./usr/lib/perl/unicore/lib/Scx/Ogam.pl
./usr/lib/perl/unicore/lib/Scx/Olck.pl
./usr/lib/perl/unicore/lib/Scx/Orkh.pl
./usr/lib/perl/unicore/lib/Scx/Orya.pl
./usr/lib/perl/unicore/lib/Scx/Osma.pl
./usr/lib/perl/unicore/lib/Scx/Phag.pl
./usr/lib/perl/unicore/lib/Scx/Phli.pl
./usr/lib/perl/unicore/lib/Scx/Phnx.pl
./usr/lib/perl/unicore/lib/Scx/Prti.pl
./usr/lib/perl/unicore/lib/Scx/Rjng.pl
./usr/lib/perl/unicore/lib/Scx/Runr.pl
./usr/lib/perl/unicore/lib/Scx/Samr.pl
./usr/lib/perl/unicore/lib/Scx/Sarb.pl
./usr/lib/perl/unicore/lib/Scx/Saur.pl
./usr/lib/perl/unicore/lib/Scx/Shaw.pl
./usr/lib/perl/unicore/lib/Scx/Shrd.pl
./usr/lib/perl/unicore/lib/Scx/Sinh.pl
./usr/lib/perl/unicore/lib/Scx/Sora.pl
./usr/lib/perl/unicore/lib/Scx/Sund.pl
./usr/lib/perl/unicore/lib/Scx/Sylo.pl
./usr/lib/perl/unicore/lib/Scx/Syrc.pl
./usr/lib/perl/unicore/lib/Scx/Tagb.pl
./usr/lib/perl/unicore/lib/Scx/Takr.pl
./usr/lib/perl/unicore/lib/Scx/Tale.pl
./usr/lib/perl/unicore/lib/Scx/Talu.pl
./usr/lib/perl/unicore/lib/Scx/Taml.pl
./usr/lib/perl/unicore/lib/Scx/Tavt.pl
./usr/lib/perl/unicore/lib/Scx/Telu.pl
./usr/lib/perl/unicore/lib/Scx/Tfng.pl
./usr/lib/perl/unicore/lib/Scx/Tglg.pl
./usr/lib/perl/unicore/lib/Scx/Thaa.pl
./usr/lib/perl/unicore/lib/Scx/Thai.pl
./usr/lib/perl/unicore/lib/Scx/Tibt.pl
./usr/lib/perl/unicore/lib/Scx/Ugar.pl
./usr/lib/perl/unicore/lib/Scx/Vai.pl
./usr/lib/perl/unicore/lib/Scx/Xpeo.pl
./usr/lib/perl/unicore/lib/Scx/Xsux.pl
./usr/lib/perl/unicore/lib/Scx/Yi.pl
./usr/lib/perl/unicore/lib/Scx/Zinh.pl
./usr/lib/perl/unicore/lib/Scx/Zyyy.pl
./usr/lib/perl/unicore/lib/Scx/Zzzz.pl
./usr/lib/perl/unicore/lib/Sc/Yi.pl
./usr/lib/perl/unicore/lib/Sc/Zinh.pl
./usr/lib/perl/unicore/lib/Sc/Zyyy.pl
./usr/lib/perl/unicore/lib/SD
./usr/lib/perl/unicore/lib/SD/Y.pl
./usr/lib/perl/unicore/lib/Space
./usr/lib/perl/unicore/lib/Space/Y.pl
./usr/lib/perl/unicore/lib/STerm
./usr/lib/perl/unicore/lib/STerm/Y.pl
./usr/lib/perl/unicore/lib/Term
./usr/lib/perl/unicore/lib/Term/Y.pl
./usr/lib/perl/unicore/lib/UIdeo
./usr/lib/perl/unicore/lib/UIdeo/Y.pl
./usr/lib/perl/unicore/lib/Upper
./usr/lib/perl/unicore/lib/Upper/Y.pl
./usr/lib/perl/unicore/lib/VS
./usr/lib/perl/unicore/lib/VS/Y.pl
./usr/lib/perl/unicore/lib/WB
./usr/lib/perl/unicore/lib/WB/FO.pl
./usr/lib/perl/unicore/lib/WB/KA.pl
./usr/lib/perl/unicore/lib/WB/LE.pl
./usr/lib/perl/unicore/lib/WB/MB.pl
./usr/lib/perl/unicore/lib/WB/ML.pl
./usr/lib/perl/unicore/lib/WB/MN.pl
./usr/lib/perl/unicore/lib/WB/NL.pl
./usr/lib/perl/unicore/lib/WB/NU.pl
./usr/lib/perl/unicore/lib/WB/XX.pl
./usr/lib/perl/unicore/lib/XIDC
./usr/lib/perl/unicore/lib/XIDC/Y.pl
./usr/lib/perl/unicore/lib/XIDS
./usr/lib/perl/unicore/lib/XIDS/Y.pl
./usr/lib/perl/unicore/NamedSequences.txt
./usr/lib/perl/unicore/Name.pl
./usr/lib/perl/unicore/Name.pm
./usr/lib/perl/unicore/SpecialCasing.txt
./usr/lib/perl/unicore/To
./usr/lib/perl/unicore/To/Age.pl
./usr/lib/perl/unicore/To/Bc.pl
./usr/lib/perl/unicore/To/Bmg.pl
./usr/lib/perl/unicore/To/Cf.pl
./usr/lib/perl/unicore/To/Digit.pl
./usr/lib/perl/unicore/To/Ea.pl
./usr/lib/perl/unicore/To/Fold.pl
./usr/lib/perl/unicore/To/GCB.pl
./usr/lib/perl/unicore/To/Gc.pl
./usr/lib/perl/unicore/To/Hst.pl
./usr/lib/perl/unicore/To/Isc.pl
./usr/lib/perl/unicore/To/Jg.pl
./usr/lib/perl/unicore/To/Jt.pl
./usr/lib/perl/unicore/To/Lb.pl
./usr/lib/perl/unicore/To/Lc.pl
./usr/lib/perl/unicore/To/Lower.pl
./usr/lib/perl/unicore/To/Na1.pl
./usr/lib/perl/unicore/To/NameAlia.pl
./usr/lib/perl/unicore/To/NFCQC.pl
./usr/lib/perl/unicore/To/NFDQC.pl
./usr/lib/perl/unicore/To/NFKCCF.pl
./usr/lib/perl/unicore/To/NFKCQC.pl
./usr/lib/perl/unicore/To/NFKDQC.pl
./usr/lib/perl/unicore/To/Nt.pl
./usr/lib/perl/unicore/To/Nv.pl
./usr/lib/perl/unicore/To/PerlDeci.pl
./usr/lib/perl/unicore/To/SB.pl
./usr/lib/perl/unicore/To/Sc.pl
./usr/lib/perl/unicore/To/Scx.pl
./usr/lib/perl/unicore/To/Tc.pl
./usr/lib/perl/unicore/To/Title.pl
./usr/lib/perl/unicore/To/Uc.pl
./usr/lib/perl/unicore/To/Upper.pl
./usr/lib/perl/unicore/To/WB.pl
./usr/lib/perl/unicore/UCD.pl
./usr/lib/perl/unicore/version
./usr/lib/perl/UNIVERSAL.pm
./usr/lib/perl/User
./usr/lib/perl/User/grent.pm
./usr/lib/perl/User/pwent.pm
./usr/lib/perl/utf8_heavy.pl
./usr/lib/perl/utf8.pm
./usr/lib/perl/vars.pm
./usr/lib/perl/version
./usr/lib/perl/Version
./usr/lib/perl/version/Internals.pod
./usr/lib/perl/version.pm
./usr/lib/perl/version.pod
./usr/lib/perl/Version/Requirements.pm
./usr/lib/perl/vmsish.pm
./usr/lib/perl/warnings
./usr/lib/perl/warnings.pm
./usr/lib/perl/warnings/register.pm
./usr/lib/perl/XSLoader.pm
