./etc/php.ini
./usr/bin/phar
./usr/bin/phar.phar
./usr/bin/php
./usr/bin/php-cgi
./usr/lib/php5/extensions/bz2.so
./usr/lib/php5/extensions/calendar.so
./usr/lib/php5/extensions/ctype.so
./usr/lib/php5/extensions/curl.so
./usr/lib/php5/extensions/dom.so
./usr/lib/php5/extensions/exif.so
./usr/lib/php5/extensions/fileinfo.so
./usr/lib/php5/extensions/ftp.so
./usr/lib/php5/extensions/gd.so
./usr/lib/php5/extensions/hash.so
./usr/lib/php5/extensions/iconv.so
./usr/lib/php5/extensions/json.so
./usr/lib/php5/extensions/mbstring.so
./usr/lib/php5/extensions/mcrypt.so
./usr/lib/php5/extensions/mysql.so
./usr/lib/php5/extensions/openssl.so
./usr/lib/php5/extensions/pdo_mysql.so
./usr/lib/php5/extensions/pdo.so
./usr/lib/php5/extensions/pdo_sqlite.so
./usr/lib/php5/extensions/phar.so
./usr/lib/php5/extensions/posix.so
./usr/lib/php5/extensions/readline.so
./usr/lib/php5/extensions/session.so
./usr/lib/php5/extensions/simplexml.so
./usr/lib/php5/extensions/snmp.so
./usr/lib/php5/extensions/soap.so
./usr/lib/php5/extensions/sockets.so
./usr/lib/php5/extensions/sqlite3.so
./usr/lib/php5/extensions/sysvmsg.so
./usr/lib/php5/extensions/sysvsem.so
./usr/lib/php5/extensions/sysvshm.so
./usr/lib/php5/extensions/tokenizer.so
./usr/lib/php5/extensions/xmlreader.so
./usr/lib/php5/extensions/xml.so
./usr/lib/php5/extensions/xmlwriter.so
./usr/lib/php5/extensions/zip.so
./usr/lib/php5/extensions/zlib.so
