./usr/bin/python
./usr/bin/python3
./usr/bin/python3.11
./usr/lib/python3.11/LICENSE.txt
./usr/lib/python3.11/__future__.py
./usr/lib/python3.11/__hello__.py
./usr/lib/python3.11/__phello__/__init__.py
./usr/lib/python3.11/__phello__/spam.py
./usr/lib/python3.11/_aix_support.py
./usr/lib/python3.11/_bootsubprocess.py
./usr/lib/python3.11/_collections_abc.py
./usr/lib/python3.11/_compat_pickle.py
./usr/lib/python3.11/_compression.py
./usr/lib/python3.11/_markupbase.py
./usr/lib/python3.11/_osx_support.py
./usr/lib/python3.11/_py_abc.py
./usr/lib/python3.11/_pydecimal.py
./usr/lib/python3.11/_pyio.py
./usr/lib/python3.11/_sitebuiltins.py
./usr/lib/python3.11/_strptime.py
./usr/lib/python3.11/_sysconfigdata__linux_arm-linux-gnueabi.py
./usr/lib/python3.11/_threading_local.py
./usr/lib/python3.11/_weakrefset.py
./usr/lib/python3.11/abc.py
./usr/lib/python3.11/aifc.py
./usr/lib/python3.11/antigravity.py
./usr/lib/python3.11/argparse.py
./usr/lib/python3.11/ast.py
./usr/lib/python3.11/asynchat.py
./usr/lib/python3.11/asyncio/__init__.py
./usr/lib/python3.11/asyncio/__main__.py
./usr/lib/python3.11/asyncio/base_events.py
./usr/lib/python3.11/asyncio/base_futures.py
./usr/lib/python3.11/asyncio/base_subprocess.py
./usr/lib/python3.11/asyncio/base_tasks.py
./usr/lib/python3.11/asyncio/constants.py
./usr/lib/python3.11/asyncio/coroutines.py
./usr/lib/python3.11/asyncio/events.py
./usr/lib/python3.11/asyncio/exceptions.py
./usr/lib/python3.11/asyncio/format_helpers.py
./usr/lib/python3.11/asyncio/futures.py
./usr/lib/python3.11/asyncio/locks.py
./usr/lib/python3.11/asyncio/log.py
./usr/lib/python3.11/asyncio/mixins.py
./usr/lib/python3.11/asyncio/proactor_events.py
./usr/lib/python3.11/asyncio/protocols.py
./usr/lib/python3.11/asyncio/queues.py
./usr/lib/python3.11/asyncio/runners.py
./usr/lib/python3.11/asyncio/selector_events.py
./usr/lib/python3.11/asyncio/sslproto.py
./usr/lib/python3.11/asyncio/staggered.py
./usr/lib/python3.11/asyncio/streams.py
./usr/lib/python3.11/asyncio/subprocess.py
./usr/lib/python3.11/asyncio/taskgroups.py
./usr/lib/python3.11/asyncio/tasks.py
./usr/lib/python3.11/asyncio/threads.py
./usr/lib/python3.11/asyncio/timeouts.py
./usr/lib/python3.11/asyncio/transports.py
./usr/lib/python3.11/asyncio/trsock.py
./usr/lib/python3.11/asyncio/unix_events.py
./usr/lib/python3.11/asyncio/windows_events.py
./usr/lib/python3.11/asyncio/windows_utils.py
./usr/lib/python3.11/asyncore.py
./usr/lib/python3.11/base64.py
./usr/lib/python3.11/bdb.py
./usr/lib/python3.11/bisect.py
./usr/lib/python3.11/bz2.py
./usr/lib/python3.11/cProfile.py
./usr/lib/python3.11/calendar.py
./usr/lib/python3.11/cgi.py
./usr/lib/python3.11/cgitb.py
./usr/lib/python3.11/chunk.py
./usr/lib/python3.11/cmd.py
./usr/lib/python3.11/code.py
./usr/lib/python3.11/codecs.py
./usr/lib/python3.11/codeop.py
./usr/lib/python3.11/collections/__init__.py
./usr/lib/python3.11/collections/abc.py
./usr/lib/python3.11/colorsys.py
./usr/lib/python3.11/compileall.py
./usr/lib/python3.11/concurrent/__init__.py
./usr/lib/python3.11/concurrent/futures/__init__.py
./usr/lib/python3.11/concurrent/futures/_base.py
./usr/lib/python3.11/concurrent/futures/process.py
./usr/lib/python3.11/concurrent/futures/thread.py
./usr/lib/python3.11/config-3.11-arm-linux-gnueabi/Makefile
./usr/lib/python3.11/config-3.11-arm-linux-gnueabi/Setup
./usr/lib/python3.11/config-3.11-arm-linux-gnueabi/Setup.bootstrap
./usr/lib/python3.11/config-3.11-arm-linux-gnueabi/Setup.local
./usr/lib/python3.11/config-3.11-arm-linux-gnueabi/Setup.stdlib
./usr/lib/python3.11/config-3.11-arm-linux-gnueabi/config.c
./usr/lib/python3.11/config-3.11-arm-linux-gnueabi/config.c.in
./usr/lib/python3.11/config-3.11-arm-linux-gnueabi/install-sh
./usr/lib/python3.11/config-3.11-arm-linux-gnueabi/makesetup
./usr/lib/python3.11/config-3.11-arm-linux-gnueabi/python-config.py
./usr/lib/python3.11/config-3.11-arm-linux-gnueabi/python.o
./usr/lib/python3.11/configparser.py
./usr/lib/python3.11/contextlib.py
./usr/lib/python3.11/contextvars.py
./usr/lib/python3.11/copy.py
./usr/lib/python3.11/copyreg.py
./usr/lib/python3.11/crypt.py
./usr/lib/python3.11/csv.py
./usr/lib/python3.11/ctypes/__init__.py
./usr/lib/python3.11/ctypes/_aix.py
./usr/lib/python3.11/ctypes/_endian.py
./usr/lib/python3.11/ctypes/macholib/README.ctypes
./usr/lib/python3.11/ctypes/macholib/__init__.py
./usr/lib/python3.11/ctypes/macholib/dyld.py
./usr/lib/python3.11/ctypes/macholib/dylib.py
./usr/lib/python3.11/ctypes/macholib/fetch_macholib
./usr/lib/python3.11/ctypes/macholib/fetch_macholib.bat
./usr/lib/python3.11/ctypes/macholib/framework.py
./usr/lib/python3.11/ctypes/util.py
./usr/lib/python3.11/ctypes/wintypes.py
./usr/lib/python3.11/curses/__init__.py
./usr/lib/python3.11/curses/ascii.py
./usr/lib/python3.11/curses/has_key.py
./usr/lib/python3.11/curses/panel.py
./usr/lib/python3.11/curses/textpad.py
./usr/lib/python3.11/dataclasses.py
./usr/lib/python3.11/datetime.py
./usr/lib/python3.11/dbm/__init__.py
./usr/lib/python3.11/dbm/dumb.py
./usr/lib/python3.11/dbm/gnu.py
./usr/lib/python3.11/dbm/ndbm.py
./usr/lib/python3.11/decimal.py
./usr/lib/python3.11/difflib.py
./usr/lib/python3.11/dis.py
./usr/lib/python3.11/distutils/README
./usr/lib/python3.11/distutils/__init__.py
./usr/lib/python3.11/distutils/_msvccompiler.py
./usr/lib/python3.11/distutils/archive_util.py
./usr/lib/python3.11/distutils/bcppcompiler.py
./usr/lib/python3.11/distutils/ccompiler.py
./usr/lib/python3.11/distutils/cmd.py
./usr/lib/python3.11/distutils/command/__init__.py
./usr/lib/python3.11/distutils/command/bdist.py
./usr/lib/python3.11/distutils/command/bdist_dumb.py
./usr/lib/python3.11/distutils/command/bdist_rpm.py
./usr/lib/python3.11/distutils/command/build.py
./usr/lib/python3.11/distutils/command/build_clib.py
./usr/lib/python3.11/distutils/command/build_ext.py
./usr/lib/python3.11/distutils/command/build_py.py
./usr/lib/python3.11/distutils/command/build_scripts.py
./usr/lib/python3.11/distutils/command/check.py
./usr/lib/python3.11/distutils/command/clean.py
./usr/lib/python3.11/distutils/command/command_template
./usr/lib/python3.11/distutils/command/config.py
./usr/lib/python3.11/distutils/command/install.py
./usr/lib/python3.11/distutils/command/install_data.py
./usr/lib/python3.11/distutils/command/install_egg_info.py
./usr/lib/python3.11/distutils/command/install_headers.py
./usr/lib/python3.11/distutils/command/install_lib.py
./usr/lib/python3.11/distutils/command/install_scripts.py
./usr/lib/python3.11/distutils/command/register.py
./usr/lib/python3.11/distutils/command/sdist.py
./usr/lib/python3.11/distutils/command/upload.py
./usr/lib/python3.11/distutils/config.py
./usr/lib/python3.11/distutils/core.py
./usr/lib/python3.11/distutils/cygwinccompiler.py
./usr/lib/python3.11/distutils/debug.py
./usr/lib/python3.11/distutils/dep_util.py
./usr/lib/python3.11/distutils/dir_util.py
./usr/lib/python3.11/distutils/dist.py
./usr/lib/python3.11/distutils/errors.py
./usr/lib/python3.11/distutils/extension.py
./usr/lib/python3.11/distutils/fancy_getopt.py
./usr/lib/python3.11/distutils/file_util.py
./usr/lib/python3.11/distutils/filelist.py
./usr/lib/python3.11/distutils/log.py
./usr/lib/python3.11/distutils/msvc9compiler.py
./usr/lib/python3.11/distutils/msvccompiler.py
./usr/lib/python3.11/distutils/spawn.py
./usr/lib/python3.11/distutils/sysconfig.py
./usr/lib/python3.11/distutils/text_file.py
./usr/lib/python3.11/distutils/unixccompiler.py
./usr/lib/python3.11/distutils/util.py
./usr/lib/python3.11/distutils/version.py
./usr/lib/python3.11/distutils/versionpredicate.py
./usr/lib/python3.11/doctest.py
./usr/lib/python3.11/email/__init__.py
./usr/lib/python3.11/email/_encoded_words.py
./usr/lib/python3.11/email/_header_value_parser.py
./usr/lib/python3.11/email/_parseaddr.py
./usr/lib/python3.11/email/_policybase.py
./usr/lib/python3.11/email/architecture.rst
./usr/lib/python3.11/email/base64mime.py
./usr/lib/python3.11/email/charset.py
./usr/lib/python3.11/email/contentmanager.py
./usr/lib/python3.11/email/encoders.py
./usr/lib/python3.11/email/errors.py
./usr/lib/python3.11/email/feedparser.py
./usr/lib/python3.11/email/generator.py
./usr/lib/python3.11/email/header.py
./usr/lib/python3.11/email/headerregistry.py
./usr/lib/python3.11/email/iterators.py
./usr/lib/python3.11/email/message.py
./usr/lib/python3.11/email/mime/__init__.py
./usr/lib/python3.11/email/mime/application.py
./usr/lib/python3.11/email/mime/audio.py
./usr/lib/python3.11/email/mime/base.py
./usr/lib/python3.11/email/mime/image.py
./usr/lib/python3.11/email/mime/message.py
./usr/lib/python3.11/email/mime/multipart.py
./usr/lib/python3.11/email/mime/nonmultipart.py
./usr/lib/python3.11/email/mime/text.py
./usr/lib/python3.11/email/parser.py
./usr/lib/python3.11/email/policy.py
./usr/lib/python3.11/email/quoprimime.py
./usr/lib/python3.11/email/utils.py
./usr/lib/python3.11/encodings/__init__.py
./usr/lib/python3.11/encodings/aliases.py
./usr/lib/python3.11/encodings/ascii.py
./usr/lib/python3.11/encodings/base64_codec.py
./usr/lib/python3.11/encodings/big5.py
./usr/lib/python3.11/encodings/big5hkscs.py
./usr/lib/python3.11/encodings/bz2_codec.py
./usr/lib/python3.11/encodings/charmap.py
./usr/lib/python3.11/encodings/cp037.py
./usr/lib/python3.11/encodings/cp1006.py
./usr/lib/python3.11/encodings/cp1026.py
./usr/lib/python3.11/encodings/cp1125.py
./usr/lib/python3.11/encodings/cp1140.py
./usr/lib/python3.11/encodings/cp1250.py
./usr/lib/python3.11/encodings/cp1251.py
./usr/lib/python3.11/encodings/cp1252.py
./usr/lib/python3.11/encodings/cp1253.py
./usr/lib/python3.11/encodings/cp1254.py
./usr/lib/python3.11/encodings/cp1255.py
./usr/lib/python3.11/encodings/cp1256.py
./usr/lib/python3.11/encodings/cp1257.py
./usr/lib/python3.11/encodings/cp1258.py
./usr/lib/python3.11/encodings/cp273.py
./usr/lib/python3.11/encodings/cp424.py
./usr/lib/python3.11/encodings/cp437.py
./usr/lib/python3.11/encodings/cp500.py
./usr/lib/python3.11/encodings/cp720.py
./usr/lib/python3.11/encodings/cp737.py
./usr/lib/python3.11/encodings/cp775.py
./usr/lib/python3.11/encodings/cp850.py
./usr/lib/python3.11/encodings/cp852.py
./usr/lib/python3.11/encodings/cp855.py
./usr/lib/python3.11/encodings/cp856.py
./usr/lib/python3.11/encodings/cp857.py
./usr/lib/python3.11/encodings/cp858.py
./usr/lib/python3.11/encodings/cp860.py
./usr/lib/python3.11/encodings/cp861.py
./usr/lib/python3.11/encodings/cp862.py
./usr/lib/python3.11/encodings/cp863.py
./usr/lib/python3.11/encodings/cp864.py
./usr/lib/python3.11/encodings/cp865.py
./usr/lib/python3.11/encodings/cp866.py
./usr/lib/python3.11/encodings/cp869.py
./usr/lib/python3.11/encodings/cp874.py
./usr/lib/python3.11/encodings/cp875.py
./usr/lib/python3.11/encodings/cp932.py
./usr/lib/python3.11/encodings/cp949.py
./usr/lib/python3.11/encodings/cp950.py
./usr/lib/python3.11/encodings/euc_jis_2004.py
./usr/lib/python3.11/encodings/euc_jisx0213.py
./usr/lib/python3.11/encodings/euc_jp.py
./usr/lib/python3.11/encodings/euc_kr.py
./usr/lib/python3.11/encodings/gb18030.py
./usr/lib/python3.11/encodings/gb2312.py
./usr/lib/python3.11/encodings/gbk.py
./usr/lib/python3.11/encodings/hex_codec.py
./usr/lib/python3.11/encodings/hp_roman8.py
./usr/lib/python3.11/encodings/hz.py
./usr/lib/python3.11/encodings/idna.py
./usr/lib/python3.11/encodings/iso2022_jp.py
./usr/lib/python3.11/encodings/iso2022_jp_1.py
./usr/lib/python3.11/encodings/iso2022_jp_2.py
./usr/lib/python3.11/encodings/iso2022_jp_2004.py
./usr/lib/python3.11/encodings/iso2022_jp_3.py
./usr/lib/python3.11/encodings/iso2022_jp_ext.py
./usr/lib/python3.11/encodings/iso2022_kr.py
./usr/lib/python3.11/encodings/iso8859_1.py
./usr/lib/python3.11/encodings/iso8859_10.py
./usr/lib/python3.11/encodings/iso8859_11.py
./usr/lib/python3.11/encodings/iso8859_13.py
./usr/lib/python3.11/encodings/iso8859_14.py
./usr/lib/python3.11/encodings/iso8859_15.py
./usr/lib/python3.11/encodings/iso8859_16.py
./usr/lib/python3.11/encodings/iso8859_2.py
./usr/lib/python3.11/encodings/iso8859_3.py
./usr/lib/python3.11/encodings/iso8859_4.py
./usr/lib/python3.11/encodings/iso8859_5.py
./usr/lib/python3.11/encodings/iso8859_6.py
./usr/lib/python3.11/encodings/iso8859_7.py
./usr/lib/python3.11/encodings/iso8859_8.py
./usr/lib/python3.11/encodings/iso8859_9.py
./usr/lib/python3.11/encodings/johab.py
./usr/lib/python3.11/encodings/koi8_r.py
./usr/lib/python3.11/encodings/koi8_t.py
./usr/lib/python3.11/encodings/koi8_u.py
./usr/lib/python3.11/encodings/kz1048.py
./usr/lib/python3.11/encodings/latin_1.py
./usr/lib/python3.11/encodings/mac_arabic.py
./usr/lib/python3.11/encodings/mac_croatian.py
./usr/lib/python3.11/encodings/mac_cyrillic.py
./usr/lib/python3.11/encodings/mac_farsi.py
./usr/lib/python3.11/encodings/mac_greek.py
./usr/lib/python3.11/encodings/mac_iceland.py
./usr/lib/python3.11/encodings/mac_latin2.py
./usr/lib/python3.11/encodings/mac_roman.py
./usr/lib/python3.11/encodings/mac_romanian.py
./usr/lib/python3.11/encodings/mac_turkish.py
./usr/lib/python3.11/encodings/mbcs.py
./usr/lib/python3.11/encodings/oem.py
./usr/lib/python3.11/encodings/palmos.py
./usr/lib/python3.11/encodings/ptcp154.py
./usr/lib/python3.11/encodings/punycode.py
./usr/lib/python3.11/encodings/quopri_codec.py
./usr/lib/python3.11/encodings/raw_unicode_escape.py
./usr/lib/python3.11/encodings/rot_13.py
./usr/lib/python3.11/encodings/shift_jis.py
./usr/lib/python3.11/encodings/shift_jis_2004.py
./usr/lib/python3.11/encodings/shift_jisx0213.py
./usr/lib/python3.11/encodings/tis_620.py
./usr/lib/python3.11/encodings/undefined.py
./usr/lib/python3.11/encodings/unicode_escape.py
./usr/lib/python3.11/encodings/utf_16.py
./usr/lib/python3.11/encodings/utf_16_be.py
./usr/lib/python3.11/encodings/utf_16_le.py
./usr/lib/python3.11/encodings/utf_32.py
./usr/lib/python3.11/encodings/utf_32_be.py
./usr/lib/python3.11/encodings/utf_32_le.py
./usr/lib/python3.11/encodings/utf_7.py
./usr/lib/python3.11/encodings/utf_8.py
./usr/lib/python3.11/encodings/utf_8_sig.py
./usr/lib/python3.11/encodings/uu_codec.py
./usr/lib/python3.11/encodings/zlib_codec.py
./usr/lib/python3.11/ensurepip/__init__.py
./usr/lib/python3.11/ensurepip/__main__.py
./usr/lib/python3.11/ensurepip/_bundled/pip-23.1.2-py3-none-any.whl
./usr/lib/python3.11/ensurepip/_bundled/setuptools-65.5.0-py3-none-any.whl
./usr/lib/python3.11/ensurepip/_uninstall.py
./usr/lib/python3.11/enum.py
./usr/lib/python3.11/filecmp.py
./usr/lib/python3.11/fileinput.py
./usr/lib/python3.11/fnmatch.py
./usr/lib/python3.11/fractions.py
./usr/lib/python3.11/ftplib.py
./usr/lib/python3.11/functools.py
./usr/lib/python3.11/genericpath.py
./usr/lib/python3.11/getopt.py
./usr/lib/python3.11/getpass.py
./usr/lib/python3.11/gettext.py
./usr/lib/python3.11/glob.py
./usr/lib/python3.11/graphlib.py
./usr/lib/python3.11/gzip.py
./usr/lib/python3.11/hashlib.py
./usr/lib/python3.11/heapq.py
./usr/lib/python3.11/hmac.py
./usr/lib/python3.11/html/__init__.py
./usr/lib/python3.11/html/entities.py
./usr/lib/python3.11/html/parser.py
./usr/lib/python3.11/http/__init__.py
./usr/lib/python3.11/http/client.py
./usr/lib/python3.11/http/cookiejar.py
./usr/lib/python3.11/http/cookies.py
./usr/lib/python3.11/http/server.py
./usr/lib/python3.11/imaplib.py
./usr/lib/python3.11/imghdr.py
./usr/lib/python3.11/imp.py
./usr/lib/python3.11/importlib/__init__.py
./usr/lib/python3.11/importlib/_abc.py
./usr/lib/python3.11/importlib/_bootstrap.py
./usr/lib/python3.11/importlib/_bootstrap_external.py
./usr/lib/python3.11/importlib/abc.py
./usr/lib/python3.11/importlib/machinery.py
./usr/lib/python3.11/importlib/metadata/__init__.py
./usr/lib/python3.11/importlib/metadata/_adapters.py
./usr/lib/python3.11/importlib/metadata/_collections.py
./usr/lib/python3.11/importlib/metadata/_functools.py
./usr/lib/python3.11/importlib/metadata/_itertools.py
./usr/lib/python3.11/importlib/metadata/_meta.py
./usr/lib/python3.11/importlib/metadata/_text.py
./usr/lib/python3.11/importlib/readers.py
./usr/lib/python3.11/importlib/resources/__init__.py
./usr/lib/python3.11/importlib/resources/_adapters.py
./usr/lib/python3.11/importlib/resources/_common.py
./usr/lib/python3.11/importlib/resources/_itertools.py
./usr/lib/python3.11/importlib/resources/_legacy.py
./usr/lib/python3.11/importlib/resources/abc.py
./usr/lib/python3.11/importlib/resources/readers.py
./usr/lib/python3.11/importlib/resources/simple.py
./usr/lib/python3.11/importlib/simple.py
./usr/lib/python3.11/importlib/util.py
./usr/lib/python3.11/inspect.py
./usr/lib/python3.11/io.py
./usr/lib/python3.11/ipaddress.py
./usr/lib/python3.11/json/__init__.py
./usr/lib/python3.11/json/decoder.py
./usr/lib/python3.11/json/encoder.py
./usr/lib/python3.11/json/scanner.py
./usr/lib/python3.11/json/tool.py
./usr/lib/python3.11/keyword.py
./usr/lib/python3.11/lib-dynload/_asyncio.cpython-311-arm-linux-gnueabi.so
./usr/lib/python3.11/lib-dynload/_bisect.cpython-311-arm-linux-gnueabi.so
./usr/lib/python3.11/lib-dynload/_blake2.cpython-311-arm-linux-gnueabi.so
./usr/lib/python3.11/lib-dynload/_bz2.cpython-311-arm-linux-gnueabi.so
./usr/lib/python3.11/lib-dynload/_contextvars.cpython-311-arm-linux-gnueabi.so
./usr/lib/python3.11/lib-dynload/_crypt.cpython-311-arm-linux-gnueabi.so
./usr/lib/python3.11/lib-dynload/_csv.cpython-311-arm-linux-gnueabi.so
./usr/lib/python3.11/lib-dynload/_ctypes.cpython-311-arm-linux-gnueabi.so
./usr/lib/python3.11/lib-dynload/_curses.cpython-311-arm-linux-gnueabi.so
./usr/lib/python3.11/lib-dynload/_curses_panel.cpython-311-arm-linux-gnueabi.so
./usr/lib/python3.11/lib-dynload/_datetime.cpython-311-arm-linux-gnueabi.so
./usr/lib/python3.11/lib-dynload/_elementtree.cpython-311-arm-linux-gnueabi.so
./usr/lib/python3.11/lib-dynload/_gdbm.cpython-311-arm-linux-gnueabi.so
./usr/lib/python3.11/lib-dynload/_hashlib.cpython-311-arm-linux-gnueabi.so
./usr/lib/python3.11/lib-dynload/_heapq.cpython-311-arm-linux-gnueabi.so
./usr/lib/python3.11/lib-dynload/_json.cpython-311-arm-linux-gnueabi.so
./usr/lib/python3.11/lib-dynload/_lsprof.cpython-311-arm-linux-gnueabi.so
./usr/lib/python3.11/lib-dynload/_md5.cpython-311-arm-linux-gnueabi.so
./usr/lib/python3.11/lib-dynload/_multibytecodec.cpython-311-arm-linux-gnueabi.so
./usr/lib/python3.11/lib-dynload/_multiprocessing.cpython-311-arm-linux-gnueabi.so
./usr/lib/python3.11/lib-dynload/_opcode.cpython-311-arm-linux-gnueabi.so
./usr/lib/python3.11/lib-dynload/_pickle.cpython-311-arm-linux-gnueabi.so
./usr/lib/python3.11/lib-dynload/_posixshmem.cpython-311-arm-linux-gnueabi.so
./usr/lib/python3.11/lib-dynload/_posixsubprocess.cpython-311-arm-linux-gnueabi.so
./usr/lib/python3.11/lib-dynload/_queue.cpython-311-arm-linux-gnueabi.so
./usr/lib/python3.11/lib-dynload/_random.cpython-311-arm-linux-gnueabi.so
./usr/lib/python3.11/lib-dynload/_sha1.cpython-311-arm-linux-gnueabi.so
./usr/lib/python3.11/lib-dynload/_sha256.cpython-311-arm-linux-gnueabi.so
./usr/lib/python3.11/lib-dynload/_sha3.cpython-311-arm-linux-gnueabi.so
./usr/lib/python3.11/lib-dynload/_sha512.cpython-311-arm-linux-gnueabi.so
./usr/lib/python3.11/lib-dynload/_socket.cpython-311-arm-linux-gnueabi.so
./usr/lib/python3.11/lib-dynload/_sqlite3.cpython-311-arm-linux-gnueabi.so
./usr/lib/python3.11/lib-dynload/_ssl.cpython-311-arm-linux-gnueabi.so
./usr/lib/python3.11/lib-dynload/_statistics.cpython-311-arm-linux-gnueabi.so
./usr/lib/python3.11/lib-dynload/_struct.cpython-311-arm-linux-gnueabi.so
./usr/lib/python3.11/lib-dynload/_typing.cpython-311-arm-linux-gnueabi.so
./usr/lib/python3.11/lib-dynload/_xxsubinterpreters.cpython-311-arm-linux-gnueabi.so
./usr/lib/python3.11/lib-dynload/_zoneinfo.cpython-311-arm-linux-gnueabi.so
./usr/lib/python3.11/lib-dynload/array.cpython-311-arm-linux-gnueabi.so
./usr/lib/python3.11/lib-dynload/audioop.cpython-311-arm-linux-gnueabi.so
./usr/lib/python3.11/lib-dynload/binascii.cpython-311-arm-linux-gnueabi.so
./usr/lib/python3.11/lib-dynload/cmath.cpython-311-arm-linux-gnueabi.so
./usr/lib/python3.11/lib-dynload/fcntl.cpython-311-arm-linux-gnueabi.so
./usr/lib/python3.11/lib-dynload/grp.cpython-311-arm-linux-gnueabi.so
./usr/lib/python3.11/lib-dynload/math.cpython-311-arm-linux-gnueabi.so
./usr/lib/python3.11/lib-dynload/mmap.cpython-311-arm-linux-gnueabi.so
./usr/lib/python3.11/lib-dynload/pyexpat.cpython-311-arm-linux-gnueabi.so
./usr/lib/python3.11/lib-dynload/readline.cpython-311-arm-linux-gnueabi.so
./usr/lib/python3.11/lib-dynload/resource.cpython-311-arm-linux-gnueabi.so
./usr/lib/python3.11/lib-dynload/select.cpython-311-arm-linux-gnueabi.so
./usr/lib/python3.11/lib-dynload/spwd.cpython-311-arm-linux-gnueabi.so
./usr/lib/python3.11/lib-dynload/syslog.cpython-311-arm-linux-gnueabi.so
./usr/lib/python3.11/lib-dynload/termios.cpython-311-arm-linux-gnueabi.so
./usr/lib/python3.11/lib-dynload/unicodedata.cpython-311-arm-linux-gnueabi.so
./usr/lib/python3.11/lib-dynload/xxlimited.cpython-311-arm-linux-gnueabi.so
./usr/lib/python3.11/lib-dynload/xxlimited_35.cpython-311-arm-linux-gnueabi.so
./usr/lib/python3.11/lib-dynload/zlib.cpython-311-arm-linux-gnueabi.so
./usr/lib/python3.11/linecache.py
./usr/lib/python3.11/locale.py
./usr/lib/python3.11/logging/__init__.py
./usr/lib/python3.11/logging/config.py
./usr/lib/python3.11/logging/handlers.py
./usr/lib/python3.11/lzma.py
./usr/lib/python3.11/mailbox.py
./usr/lib/python3.11/mailcap.py
./usr/lib/python3.11/mimetypes.py
./usr/lib/python3.11/modulefinder.py
./usr/lib/python3.11/multiprocessing/__init__.py
./usr/lib/python3.11/multiprocessing/connection.py
./usr/lib/python3.11/multiprocessing/context.py
./usr/lib/python3.11/multiprocessing/dummy/__init__.py
./usr/lib/python3.11/multiprocessing/dummy/connection.py
./usr/lib/python3.11/multiprocessing/forkserver.py
./usr/lib/python3.11/multiprocessing/heap.py
./usr/lib/python3.11/multiprocessing/managers.py
./usr/lib/python3.11/multiprocessing/pool.py
./usr/lib/python3.11/multiprocessing/popen_fork.py
./usr/lib/python3.11/multiprocessing/popen_forkserver.py
./usr/lib/python3.11/multiprocessing/popen_spawn_posix.py
./usr/lib/python3.11/multiprocessing/popen_spawn_win32.py
./usr/lib/python3.11/multiprocessing/process.py
./usr/lib/python3.11/multiprocessing/queues.py
./usr/lib/python3.11/multiprocessing/reduction.py
./usr/lib/python3.11/multiprocessing/resource_sharer.py
./usr/lib/python3.11/multiprocessing/resource_tracker.py
./usr/lib/python3.11/multiprocessing/shared_memory.py
./usr/lib/python3.11/multiprocessing/sharedctypes.py
./usr/lib/python3.11/multiprocessing/spawn.py
./usr/lib/python3.11/multiprocessing/synchronize.py
./usr/lib/python3.11/multiprocessing/util.py
./usr/lib/python3.11/netrc.py
./usr/lib/python3.11/nntplib.py
./usr/lib/python3.11/ntpath.py
./usr/lib/python3.11/nturl2path.py
./usr/lib/python3.11/numbers.py
./usr/lib/python3.11/opcode.py
./usr/lib/python3.11/operator.py
./usr/lib/python3.11/optparse.py
./usr/lib/python3.11/os.py
./usr/lib/python3.11/pathlib.py
./usr/lib/python3.11/pdb.py
./usr/lib/python3.11/pickle.py
./usr/lib/python3.11/pickletools.py
./usr/lib/python3.11/pipes.py
./usr/lib/python3.11/pkgutil.py
./usr/lib/python3.11/platform.py
./usr/lib/python3.11/plistlib.py
./usr/lib/python3.11/poplib.py
./usr/lib/python3.11/posixpath.py
./usr/lib/python3.11/pprint.py
./usr/lib/python3.11/profile.py
./usr/lib/python3.11/pstats.py
./usr/lib/python3.11/pty.py
./usr/lib/python3.11/py_compile.py
./usr/lib/python3.11/pyclbr.py
./usr/lib/python3.11/pydoc.py
./usr/lib/python3.11/queue.py
./usr/lib/python3.11/quopri.py
./usr/lib/python3.11/random.py
./usr/lib/python3.11/re/__init__.py
./usr/lib/python3.11/re/_casefix.py
./usr/lib/python3.11/re/_compiler.py
./usr/lib/python3.11/re/_constants.py
./usr/lib/python3.11/re/_parser.py
./usr/lib/python3.11/reprlib.py
./usr/lib/python3.11/rlcompleter.py
./usr/lib/python3.11/runpy.py
./usr/lib/python3.11/sched.py
./usr/lib/python3.11/secrets.py
./usr/lib/python3.11/selectors.py
./usr/lib/python3.11/shelve.py
./usr/lib/python3.11/shlex.py
./usr/lib/python3.11/shutil.py
./usr/lib/python3.11/signal.py
./usr/lib/python3.11/site-packages/README.txt
./usr/lib/python3.11/site.py
./usr/lib/python3.11/smtpd.py
./usr/lib/python3.11/smtplib.py
./usr/lib/python3.11/sndhdr.py
./usr/lib/python3.11/socket.py
./usr/lib/python3.11/socketserver.py
./usr/lib/python3.11/sqlite3/__init__.py
./usr/lib/python3.11/sqlite3/dbapi2.py
./usr/lib/python3.11/sqlite3/dump.py
./usr/lib/python3.11/sre_compile.py
./usr/lib/python3.11/sre_constants.py
./usr/lib/python3.11/sre_parse.py
./usr/lib/python3.11/ssl.py
./usr/lib/python3.11/stat.py
./usr/lib/python3.11/statistics.py
./usr/lib/python3.11/string.py
./usr/lib/python3.11/stringprep.py
./usr/lib/python3.11/struct.py
./usr/lib/python3.11/subprocess.py
./usr/lib/python3.11/sunau.py
./usr/lib/python3.11/symtable.py
./usr/lib/python3.11/sysconfig.py
./usr/lib/python3.11/tabnanny.py
./usr/lib/python3.11/tarfile.py
./usr/lib/python3.11/telnetlib.py
./usr/lib/python3.11/tempfile.py
./usr/lib/python3.11/textwrap.py
./usr/lib/python3.11/this.py
./usr/lib/python3.11/threading.py
./usr/lib/python3.11/timeit.py
./usr/lib/python3.11/token.py
./usr/lib/python3.11/tokenize.py
./usr/lib/python3.11/tomllib/__init__.py
./usr/lib/python3.11/tomllib/_parser.py
./usr/lib/python3.11/tomllib/_re.py
./usr/lib/python3.11/tomllib/_types.py
./usr/lib/python3.11/trace.py
./usr/lib/python3.11/traceback.py
./usr/lib/python3.11/tracemalloc.py
./usr/lib/python3.11/tty.py
./usr/lib/python3.11/turtle.py
./usr/lib/python3.11/turtledemo/__init__.py
./usr/lib/python3.11/turtledemo/__main__.py
./usr/lib/python3.11/turtledemo/bytedesign.py
./usr/lib/python3.11/turtledemo/chaos.py
./usr/lib/python3.11/turtledemo/clock.py
./usr/lib/python3.11/turtledemo/colormixer.py
./usr/lib/python3.11/turtledemo/forest.py
./usr/lib/python3.11/turtledemo/fractalcurves.py
./usr/lib/python3.11/turtledemo/lindenmayer.py
./usr/lib/python3.11/turtledemo/minimal_hanoi.py
./usr/lib/python3.11/turtledemo/nim.py
./usr/lib/python3.11/turtledemo/paint.py
./usr/lib/python3.11/turtledemo/peace.py
./usr/lib/python3.11/turtledemo/penrose.py
./usr/lib/python3.11/turtledemo/planet_and_moon.py
./usr/lib/python3.11/turtledemo/rosette.py
./usr/lib/python3.11/turtledemo/round_dance.py
./usr/lib/python3.11/turtledemo/sorting_animate.py
./usr/lib/python3.11/turtledemo/tree.py
./usr/lib/python3.11/turtledemo/turtle.cfg
./usr/lib/python3.11/turtledemo/two_canvases.py
./usr/lib/python3.11/turtledemo/yinyang.py
./usr/lib/python3.11/types.py
./usr/lib/python3.11/typing.py
./usr/lib/python3.11/unittest/__init__.py
./usr/lib/python3.11/unittest/__main__.py
./usr/lib/python3.11/unittest/_log.py
./usr/lib/python3.11/unittest/async_case.py
./usr/lib/python3.11/unittest/case.py
./usr/lib/python3.11/unittest/loader.py
./usr/lib/python3.11/unittest/main.py
./usr/lib/python3.11/unittest/mock.py
./usr/lib/python3.11/unittest/result.py
./usr/lib/python3.11/unittest/runner.py
./usr/lib/python3.11/unittest/signals.py
./usr/lib/python3.11/unittest/suite.py
./usr/lib/python3.11/unittest/util.py
./usr/lib/python3.11/urllib/__init__.py
./usr/lib/python3.11/urllib/error.py
./usr/lib/python3.11/urllib/parse.py
./usr/lib/python3.11/urllib/request.py
./usr/lib/python3.11/urllib/response.py
./usr/lib/python3.11/urllib/robotparser.py
./usr/lib/python3.11/uu.py
./usr/lib/python3.11/uuid.py
./usr/lib/python3.11/venv/__init__.py
./usr/lib/python3.11/venv/__main__.py
./usr/lib/python3.11/venv/scripts/common/Activate.ps1
./usr/lib/python3.11/venv/scripts/common/activate
./usr/lib/python3.11/venv/scripts/posix/activate.csh
./usr/lib/python3.11/venv/scripts/posix/activate.fish
./usr/lib/python3.11/warnings.py
./usr/lib/python3.11/wave.py
./usr/lib/python3.11/weakref.py
./usr/lib/python3.11/webbrowser.py
./usr/lib/python3.11/wsgiref/__init__.py
./usr/lib/python3.11/wsgiref/handlers.py
./usr/lib/python3.11/wsgiref/headers.py
./usr/lib/python3.11/wsgiref/simple_server.py
./usr/lib/python3.11/wsgiref/types.py
./usr/lib/python3.11/wsgiref/util.py
./usr/lib/python3.11/wsgiref/validate.py
./usr/lib/python3.11/xdrlib.py
./usr/lib/python3.11/xml/__init__.py
./usr/lib/python3.11/xml/dom/NodeFilter.py
./usr/lib/python3.11/xml/dom/__init__.py
./usr/lib/python3.11/xml/dom/domreg.py
./usr/lib/python3.11/xml/dom/expatbuilder.py
./usr/lib/python3.11/xml/dom/minicompat.py
./usr/lib/python3.11/xml/dom/minidom.py
./usr/lib/python3.11/xml/dom/pulldom.py
./usr/lib/python3.11/xml/dom/xmlbuilder.py
./usr/lib/python3.11/xml/etree/ElementInclude.py
./usr/lib/python3.11/xml/etree/ElementPath.py
./usr/lib/python3.11/xml/etree/ElementTree.py
./usr/lib/python3.11/xml/etree/__init__.py
./usr/lib/python3.11/xml/etree/cElementTree.py
./usr/lib/python3.11/xml/parsers/__init__.py
./usr/lib/python3.11/xml/parsers/expat.py
./usr/lib/python3.11/xml/sax/__init__.py
./usr/lib/python3.11/xml/sax/_exceptions.py
./usr/lib/python3.11/xml/sax/expatreader.py
./usr/lib/python3.11/xml/sax/handler.py
./usr/lib/python3.11/xml/sax/saxutils.py
./usr/lib/python3.11/xml/sax/xmlreader.py
./usr/lib/python3.11/xmlrpc/__init__.py
./usr/lib/python3.11/xmlrpc/client.py
./usr/lib/python3.11/xmlrpc/server.py
./usr/lib/python3.11/zipapp.py
./usr/lib/python3.11/zipfile.py
./usr/lib/python3.11/zipimport.py
./usr/lib/python3.11/zoneinfo/__init__.py
./usr/lib/python3.11/zoneinfo/_common.py
./usr/lib/python3.11/zoneinfo/_tzpath.py
./usr/lib/python3.11/zoneinfo/_zoneinfo.py
