./etc/init.d/S61smb
./usr/bin/smbpasswd
./usr/bin/smbstatus
./usr/bin/smbtree
./usr/lib/samba/libaddns-samba4.so
./usr/lib/samba/libads-samba4.so
./usr/lib/samba/libasn1util-samba4.so
./usr/lib/samba/libauthkrb5-samba4.so
./usr/lib/samba/libauth-samba4.so
./usr/lib/samba/libauth-sam-reply-samba4.so
./usr/lib/samba/libCHARSET3-samba4.so
./usr/lib/samba/libcliauth-samba4.so
./usr/lib/samba/libcli-cldap-samba4.so
./usr/lib/samba/libcli-ldap-common-samba4.so
./usr/lib/samba/libcli-ldap-samba4.so
./usr/lib/samba/libcli-nbt-samba4.so
./usr/lib/samba/libcli-smb-common-samba4.so
./usr/lib/samba/libcli-spoolss-samba4.so
./usr/lib/samba/libdbwrap-samba4.so
./usr/lib/samba/libdcerpc-samba-samba4.so
./usr/lib/samba/libevents-samba4.so
./usr/lib/samba/libflag-mapping-samba4.so
./usr/lib/samba/libgenrand-samba4.so
./usr/lib/samba/libgensec-samba4.so
./usr/lib/samba/libgse-samba4.so
./usr/lib/samba/libinterfaces-samba4.so
./usr/lib/samba/libiov-buf-samba4.so
./usr/lib/samba/libkrb5samba-samba4.so
./usr/lib/samba/libldbsamba-samba4.so
./usr/lib/samba/liblibcli-lsa3-samba4.so
./usr/lib/samba/liblibcli-netlogon3-samba4.so
./usr/lib/samba/liblibsmb-samba4.so
./usr/lib/samba/libmessages-dgm-samba4.so
./usr/lib/samba/libmessages-util-samba4.so
./usr/lib/samba/libmsghdr-samba4.so
./usr/lib/samba/libmsrpc3-samba4.so
./usr/lib/samba/libndr-samba4.so
./usr/lib/samba/libndr-samba-samba4.so
./usr/lib/samba/libnetif-samba4.so
./usr/lib/samba/libnet-keytab-samba4.so
./usr/lib/samba/libnpa-tstream-samba4.so
./usr/lib/samba/libpopt-samba3-samba4.so
./usr/lib/samba/libprinting-migrate-samba4.so
./usr/lib/samba/libreplace-samba4.so
./usr/lib/samba/libsamba3-util-samba4.so
./usr/lib/samba/libsamba-cluster-support-samba4.so
./usr/lib/samba/libsamba-debug-samba4.so
./usr/lib/samba/libsamba-modules-samba4.so
./usr/lib/samba/libsamba-security-samba4.so
./usr/lib/samba/libsamba-sockets-samba4.so
./usr/lib/samba/libsamdb-common-samba4.so
./usr/lib/samba/libsecrets3-samba4.so
./usr/lib/samba/libserver-id-db-samba4.so
./usr/lib/samba/libserver-role-samba4.so
./usr/lib/samba/libsmbd-base-samba4.so
./usr/lib/samba/libsmbd-conn-samba4.so
./usr/lib/samba/libsmbd-shim-samba4.so
./usr/lib/samba/libsmb-transport-samba4.so
./usr/lib/samba/libsocket-blocking-samba4.so
./usr/lib/samba/libsys-rw-samba4.so
./usr/lib/samba/libtalloc-report-samba4.so
./usr/lib/samba/libtdb-wrap-samba4.so
./usr/lib/samba/libtime-basic-samba4.so
./usr/lib/samba/libtrusts-util-samba4.so
./usr/lib/samba/libutil-cmdline-samba4.so
./usr/lib/samba/libutil-reg-samba4.so
./usr/lib/samba/libutil-setid-samba4.so
./usr/lib/samba/libutil-tdb-samba4.so
./usr/lib/samba/libwinbind-client-samba4.so
./usr/sbin/nmbd
./usr/sbin/smbd
./usr/www/cgi-bin/smb.cgi
./usr/www/cgi-bin/smb_proc.cgi
./usr/www/smb_hlp.html
