./etc/init.d/S61smb
./usr/bin/smbpasswd
./usr/bin/smbstatus
./usr/bin/smbtree
./usr/lib/libdcerpc-binding.so
./usr/lib/libdcerpc-binding.so.0
./usr/lib/libdcerpc-binding.so.0.0.1
./usr/lib/libndr-krb5pac.so
./usr/lib/libndr-krb5pac.so.0
./usr/lib/libndr-krb5pac.so.0.0.1
./usr/lib/libndr-nbt.so
./usr/lib/libndr-nbt.so.0
./usr/lib/libndr-nbt.so.0.0.1
./usr/lib/libndr-standard.so
./usr/lib/libndr-standard.so.0
./usr/lib/libndr-standard.so.0.0.1
./usr/lib/libndr.so
./usr/lib/libndr.so.0
./usr/lib/libndr.so.0.2.0
./usr/lib/libnetapi.so
./usr/lib/libnetapi.so.0
./usr/lib/libsamba-credentials.so
./usr/lib/libsamba-credentials.so.0
./usr/lib/libsamba-credentials.so.0.0.1
./usr/lib/libsamba-errors.so
./usr/lib/libsamba-errors.so.1
./usr/lib/libsamba-hostconfig.so
./usr/lib/libsamba-hostconfig.so.0
./usr/lib/libsamba-hostconfig.so.0.0.1
./usr/lib/libsamba-passdb.so
./usr/lib/libsamba-passdb.so.0
./usr/lib/libsamba-passdb.so.0.27.2
./usr/lib/libsamba-util.so
./usr/lib/libsamba-util.so.0
./usr/lib/libsamba-util.so.0.0.1
./usr/lib/libsamdb.so
./usr/lib/libsamdb.so.0
./usr/lib/libsamdb.so.0.0.1
./usr/lib/libsmbconf.so
./usr/lib/libsmbconf.so.0
./usr/lib/libtevent-util.so
./usr/lib/libtevent-util.so.0
./usr/lib/libtevent-util.so.0.0.1
./usr/lib/libwbclient.so
./usr/lib/libwbclient.so.0
./usr/lib/libwbclient.so.0.15
./usr/lib/samba/libCHARSET3-samba4.so
./usr/lib/samba/libMESSAGING-SEND-samba4.so
./usr/lib/samba/libaddns-samba4.so
./usr/lib/samba/libads-samba4.so
./usr/lib/samba/libasn1-samba4.so.8
./usr/lib/samba/libasn1-samba4.so.8.0.0
./usr/lib/samba/libasn1util-samba4.so
./usr/lib/samba/libauth-samba4.so
./usr/lib/samba/libauthkrb5-samba4.so
./usr/lib/samba/libcli-cldap-samba4.so
./usr/lib/samba/libcli-ldap-common-samba4.so
./usr/lib/samba/libcli-ldap-samba4.so
./usr/lib/samba/libcli-nbt-samba4.so
./usr/lib/samba/libcli-smb-common-samba4.so
./usr/lib/samba/libcli-spoolss-samba4.so
./usr/lib/samba/libcliauth-samba4.so
./usr/lib/samba/libclidns-samba4.so
./usr/lib/samba/libcluster-samba4.so
./usr/lib/samba/libcmdline-contexts-samba4.so
./usr/lib/samba/libcom_err-samba4.so.0
./usr/lib/samba/libcom_err-samba4.so.0.25
./usr/lib/samba/libcommon-auth-samba4.so
./usr/lib/samba/libdbwrap-samba4.so
./usr/lib/samba/libdcerpc-samba-samba4.so
./usr/lib/samba/libevents-samba4.so
./usr/lib/samba/libflag-mapping-samba4.so
./usr/lib/samba/libgenrand-samba4.so
./usr/lib/samba/libgensec-samba4.so
./usr/lib/samba/libgse-samba4.so
./usr/lib/samba/libgssapi-samba4.so.2
./usr/lib/samba/libgssapi-samba4.so.2.0.0
./usr/lib/samba/libhcrypto-samba4.so.5
./usr/lib/samba/libhcrypto-samba4.so.5.0.1
./usr/lib/samba/libheimbase-samba4.so.1
./usr/lib/samba/libheimbase-samba4.so.1.0.0
./usr/lib/samba/libhx509-samba4.so.5
./usr/lib/samba/libhx509-samba4.so.5.0.0
./usr/lib/samba/libinterfaces-samba4.so
./usr/lib/samba/libiov-buf-samba4.so
./usr/lib/samba/libkrb5-samba4.so.26
./usr/lib/samba/libkrb5-samba4.so.26.0.0
./usr/lib/samba/libkrb5samba-samba4.so
./usr/lib/samba/libldb.so.1
./usr/lib/samba/libldb.so.1.5.8
./usr/lib/samba/libldbsamba-samba4.so
./usr/lib/samba/liblibcli-lsa3-samba4.so
./usr/lib/samba/liblibcli-netlogon3-samba4.so
./usr/lib/samba/liblibsmb-samba4.so
./usr/lib/samba/libmessages-dgm-samba4.so
./usr/lib/samba/libmessages-util-samba4.so
./usr/lib/samba/libmsghdr-samba4.so
./usr/lib/samba/libmsrpc3-samba4.so
./usr/lib/samba/libndr-samba-samba4.so
./usr/lib/samba/libndr-samba4.so
./usr/lib/samba/libnet-keytab-samba4.so
./usr/lib/samba/libnetif-samba4.so
./usr/lib/samba/libnpa-tstream-samba4.so
./usr/lib/samba/libpopt-samba3-cmdline-samba4.so
./usr/lib/samba/libpopt-samba3-samba4.so
./usr/lib/samba/libprinting-migrate-samba4.so
./usr/lib/samba/libreplace-samba4.so
./usr/lib/samba/libroken-samba4.so.19
./usr/lib/samba/libroken-samba4.so.19.0.1
./usr/lib/samba/libsamba-cluster-support-samba4.so
./usr/lib/samba/libsamba-debug-samba4.so
./usr/lib/samba/libsamba-modules-samba4.so
./usr/lib/samba/libsamba-security-samba4.so
./usr/lib/samba/libsamba-sockets-samba4.so
./usr/lib/samba/libsamba3-util-samba4.so
./usr/lib/samba/libsamdb-common-samba4.so
./usr/lib/samba/libsecrets3-samba4.so
./usr/lib/samba/libserver-id-db-samba4.so
./usr/lib/samba/libserver-role-samba4.so
./usr/lib/samba/libsmb-transport-samba4.so
./usr/lib/samba/libsmbd-base-samba4.so
./usr/lib/samba/libsmbd-conn-samba4.so
./usr/lib/samba/libsmbd-shim-samba4.so
./usr/lib/samba/libsocket-blocking-samba4.so
./usr/lib/samba/libsys-rw-samba4.so
./usr/lib/samba/libtalloc-report-samba4.so
./usr/lib/samba/libtalloc.so.2
./usr/lib/samba/libtalloc.so.2.1.16
./usr/lib/samba/libtdb-wrap-samba4.so
./usr/lib/samba/libtdb.so.1
./usr/lib/samba/libtdb.so.1.3.18
./usr/lib/samba/libtevent.so.0
./usr/lib/samba/libtevent.so.0.9.39
./usr/lib/samba/libtime-basic-samba4.so
./usr/lib/samba/libtrusts-util-samba4.so
./usr/lib/samba/libutil-cmdline-samba4.so
./usr/lib/samba/libutil-reg-samba4.so
./usr/lib/samba/libutil-setid-samba4.so
./usr/lib/samba/libutil-tdb-samba4.so
./usr/lib/samba/libwinbind-client-samba4.so
./usr/lib/samba/libwind-samba4.so.0
./usr/lib/samba/libwind-samba4.so.0.0.0
./usr/lib/samba/vfs/acl_tdb.so
./usr/lib/samba/vfs/acl_xattr.so
./usr/lib/samba/vfs/aio_fork.so
./usr/lib/samba/vfs/aio_pthread.so
./usr/lib/samba/vfs/audit.so
./usr/lib/samba/vfs/btrfs.so
./usr/lib/samba/vfs/cap.so
./usr/lib/samba/vfs/catia.so
./usr/lib/samba/vfs/commit.so
./usr/lib/samba/vfs/crossrename.so
./usr/lib/samba/vfs/default_quota.so
./usr/lib/samba/vfs/dirsort.so
./usr/lib/samba/vfs/expand_msdfs.so
./usr/lib/samba/vfs/extd_audit.so
./usr/lib/samba/vfs/fake_perms.so
./usr/lib/samba/vfs/fileid.so
./usr/lib/samba/vfs/fruit.so
./usr/lib/samba/vfs/full_audit.so
./usr/lib/samba/vfs/glusterfs_fuse.so
./usr/lib/samba/vfs/linux_xfs_sgid.so
./usr/lib/samba/vfs/media_harmony.so
./usr/lib/samba/vfs/netatalk.so
./usr/lib/samba/vfs/offline.so
./usr/lib/samba/vfs/preopen.so
./usr/lib/samba/vfs/readahead.so
./usr/lib/samba/vfs/readonly.so
./usr/lib/samba/vfs/recycle.so
./usr/lib/samba/vfs/shadow_copy.so
./usr/lib/samba/vfs/shadow_copy2.so
./usr/lib/samba/vfs/shell_snap.so
./usr/lib/samba/vfs/snapper.so
./usr/lib/samba/vfs/streams_depot.so
./usr/lib/samba/vfs/streams_xattr.so
./usr/lib/samba/vfs/syncops.so
./usr/lib/samba/vfs/time_audit.so
./usr/lib/samba/vfs/unityed_media.so
./usr/lib/samba/vfs/virusfilter.so
./usr/lib/samba/vfs/worm.so
./usr/lib/samba/vfs/xattr_tdb.so
./usr/sbin/nmbd
./usr/sbin/smbd
./usr/www/cgi-bin/smb.cgi
./usr/www/cgi-bin/smb_proc.cgi
./usr/www/smb_hlp.html
