./etc/avahi/avahi-autoipd.action
./etc/avahi/avahi-daemon.conf
./etc/avahi/avahi-dnsconfd.action
./etc/avahi/hosts
./etc/avahi/services/afpovertcp.service-
./etc/avahi/services/daap.service-
./etc/avahi/services/ftp.service-
./etc/avahi/services/ftps.service-
./etc/avahi/services/http.service-
./etc/avahi/services/https.service-
./etc/avahi/services/ipp.service-
./etc/avahi/services/nfs.service-
./etc/avahi/services/ntp.service-
./etc/avahi/services/printer.service-
./etc/avahi/services/rsync.service-
./etc/avahi/services/sftp-ssh.service-
./etc/avahi/services/smb.service-
./etc/avahi/services/ssh.service-
./etc/avahi/services/telnet.service-
./etc/dbus-1/system.d/avahi-dbus.conf
./etc/init.d/S50avahi_daemon
./usr/bin/avahi-browse
./usr/bin/avahi-browse-domains
./usr/bin/avahi-publish
./usr/bin/avahi-publish-address
./usr/bin/avahi-publish-service
./usr/bin/avahi-resolve
./usr/bin/avahi-resolve-address
./usr/bin/avahi-resolve-host-name
./usr/bin/avahi-set-host-name
./usr/lib/libavahi-client.so
./usr/lib/libavahi-client.so.3
./usr/lib/libavahi-client.so.3.2.9
./usr/lib/libavahi-common.so
./usr/lib/libavahi-common.so.3
./usr/lib/libavahi-common.so.3.5.3
./usr/lib/libavahi-core.so
./usr/lib/libavahi-core.so.7
./usr/lib/libavahi-core.so.7.0.2
./usr/lib/libavahi-glib.so
./usr/lib/libavahi-glib.so.1
./usr/lib/libavahi-glib.so.1.0.2
./usr/lib/libavahi-gobject.so
./usr/lib/libavahi-gobject.so.0
./usr/lib/libavahi-gobject.so.0.0.4
./usr/sbin/avahi-autoipd
./usr/sbin/avahi-daemon
./usr/sbin/avahi-dnsconfd
./usr/share/avahi/avahi-service.dtd
./usr/share/avahi/service-types
./usr/share/dbus-1/interfaces/org.freedesktop.Avahi.AddressResolver.xml
./usr/share/dbus-1/interfaces/org.freedesktop.Avahi.DomainBrowser.xml
./usr/share/dbus-1/interfaces/org.freedesktop.Avahi.EntryGroup.xml
./usr/share/dbus-1/interfaces/org.freedesktop.Avahi.HostNameResolver.xml
./usr/share/dbus-1/interfaces/org.freedesktop.Avahi.RecordBrowser.xml
./usr/share/dbus-1/interfaces/org.freedesktop.Avahi.Server.xml
./usr/share/dbus-1/interfaces/org.freedesktop.Avahi.ServiceBrowser.xml
./usr/share/dbus-1/interfaces/org.freedesktop.Avahi.ServiceResolver.xml
./usr/share/dbus-1/interfaces/org.freedesktop.Avahi.ServiceTypeBrowser.xml
