./etc/avahi
./etc/avahi/avahi-autoipd.action
./etc/avahi/avahi-daemon.conf
./etc/avahi/avahi-dnsconfd.action
./etc/avahi/hosts
./etc/avahi/services/afpovertcp.service-
./etc/avahi/services/daap.service-
./etc/avahi/services/ftp.service-
./etc/avahi/services/http.service-
./etc/avahi/services/ipp.service-
./etc/avahi/services/nfs.service-
./etc/avahi/services/ntp.service-
./etc/avahi/services/printer.service-
./etc/avahi/services/rsync.service-
./etc/avahi/services/sftp-ssh.service-
./etc/avahi/services/smb.service-
./etc/avahi/services/ssh.service-
./etc/avahi/services/telnet.service-
./etc/init.d/S50avahi-daemon
./usr/lib/libavahi-common.so
./usr/lib/libavahi-common.so.3
./usr/lib/libavahi-common.so.3.5.2
./usr/lib/libavahi-core.so
./usr/lib/libavahi-core.so.7
./usr/lib/libavahi-core.so.7.0.0
./usr/lib/locale/bg
./usr/lib/locale/bg/LC_MESSAGES
./usr/lib/locale/bg/LC_MESSAGES/avahi.mo
./usr/lib/locale/ca
./usr/lib/locale/ca/LC_MESSAGES
./usr/lib/locale/ca/LC_MESSAGES/avahi.mo
./usr/lib/locale/cs
./usr/lib/locale/cs/LC_MESSAGES
./usr/lib/locale/cs/LC_MESSAGES/avahi.mo
./usr/lib/locale/da
./usr/lib/locale/da/LC_MESSAGES
./usr/lib/locale/da/LC_MESSAGES/avahi.mo
./usr/lib/locale/de/LC_MESSAGES/avahi.mo
./usr/lib/locale/el
./usr/lib/locale/el/LC_MESSAGES
./usr/lib/locale/el/LC_MESSAGES/avahi.mo
./usr/lib/locale/en_AU/LC_MESSAGES/avahi.mo
./usr/lib/locale/en_CA/LC_MESSAGES/avahi.mo
./usr/lib/locale/en_GB/LC_MESSAGES/avahi.mo
./usr/lib/locale/en_NZ/LC_MESSAGES/avahi.mo
./usr/lib/locale/es
./usr/lib/locale/es/LC_MESSAGES
./usr/lib/locale/es/LC_MESSAGES/avahi.mo
./usr/lib/locale/fi
./usr/lib/locale/fi/LC_MESSAGES
./usr/lib/locale/fi/LC_MESSAGES/avahi.mo
./usr/lib/locale/fo
./usr/lib/locale/fo/LC_MESSAGES
./usr/lib/locale/fo/LC_MESSAGES/avahi.mo
./usr/lib/locale/fr/LC_MESSAGES/avahi.mo
./usr/lib/locale/gl
./usr/lib/locale/gl/LC_MESSAGES
./usr/lib/locale/gl/LC_MESSAGES/avahi.mo
./usr/lib/locale/he
./usr/lib/locale/he/LC_MESSAGES
./usr/lib/locale/he/LC_MESSAGES/avahi.mo
./usr/lib/locale/hu
./usr/lib/locale/hu/LC_MESSAGES
./usr/lib/locale/hu/LC_MESSAGES/avahi.mo
./usr/lib/locale/id
./usr/lib/locale/id/LC_MESSAGES
./usr/lib/locale/id/LC_MESSAGES/avahi.mo
./usr/lib/locale/it/LC_MESSAGES/avahi.mo
./usr/lib/locale/ja
./usr/lib/locale/ja/LC_MESSAGES
./usr/lib/locale/ja/LC_MESSAGES/avahi.mo
./usr/lib/locale/ms
./usr/lib/locale/ms/LC_MESSAGES
./usr/lib/locale/ms/LC_MESSAGES/avahi.mo
./usr/lib/locale/nl
./usr/lib/locale/nl/LC_MESSAGES
./usr/lib/locale/nl/LC_MESSAGES/avahi.mo
./usr/lib/locale/pl/LC_MESSAGES/avahi.mo
./usr/lib/locale/pt_BR/LC_MESSAGES/avahi.mo
./usr/lib/locale/ro
./usr/lib/locale/ro/LC_MESSAGES
./usr/lib/locale/ro/LC_MESSAGES/avahi.mo
./usr/lib/locale/ru/LC_MESSAGES/avahi.mo
./usr/lib/locale/sl
./usr/lib/locale/sl/LC_MESSAGES
./usr/lib/locale/sl/LC_MESSAGES/avahi.mo
./usr/lib/locale/sr@latin/LC_MESSAGES/avahi.mo
./usr/lib/locale/sr/LC_MESSAGES/avahi.mo
./usr/lib/locale/sv
./usr/lib/locale/sv/LC_MESSAGES
./usr/lib/locale/sv/LC_MESSAGES/avahi.mo
./usr/lib/locale/uk
./usr/lib/locale/uk/LC_MESSAGES
./usr/lib/locale/uk/LC_MESSAGES/avahi.mo
./usr/lib/locale/zh_CN/LC_MESSAGES/avahi.mo
./usr/lib/locale/zh_TW
./usr/lib/locale/zh_TW/LC_MESSAGES
./usr/lib/locale/zh_TW/LC_MESSAGES/avahi.mo
./usr/sbin/avahi-autoipd
./usr/sbin/avahi-daemon
./usr/sbin/avahi-dnsconfd
./usr/share/avahi/avahi-service.dtd
./usr/share/avahi/service-types
