./etc/avahi/hosts
./etc/avahi/avahi-autoipd.action
./etc/avahi/services/ssh.service
./etc/avahi/services/sftp-ssh.service
./etc/avahi/avahi-daemon.conf
./etc/avahi/avahi-dnsconfd.action
./etc/init.d/S05avahi-setup.sh
./etc/init.d/S50avahi-daemon
./var/lib/avahi-autoipd
./usr/lib/libavahi-core.so.5.0.5
./usr/lib/libavahi-core.so.5
./usr/lib/locale/de/LC_MESSAGES/avahi.mo
./usr/lib/locale/fr/LC_MESSAGES/avahi.mo
./usr/lib/locale/it/LC_MESSAGES/avahi.mo
./usr/lib/locale/pl/LC_MESSAGES/avahi.mo
./usr/lib/locale/ru/LC_MESSAGES/avahi.mo
./usr/lib/locale/sr/LC_MESSAGES/avahi.mo
./usr/lib/locale/en_AU/LC_MESSAGES/avahi.mo
./usr/lib/locale/en_CA/LC_MESSAGES/avahi.mo
./usr/lib/locale/en_GB/LC_MESSAGES/avahi.mo
./usr/lib/locale/en_NZ/LC_MESSAGES/avahi.mo
./usr/lib/locale/pt_BR/LC_MESSAGES/avahi.mo
./usr/lib/locale/zh_CN/LC_MESSAGES/avahi.mo
./usr/lib/locale/sr@latin/LC_MESSAGES/avahi.mo
./usr/lib/libavahi-common.so
./usr/lib/libavahi-common.so.3
./usr/lib/libavahi-common.so.3.5.0
./usr/lib/libavahi-core.so
./usr/sbin/avahi-autoipd
./usr/sbin/avahi-dnsconfd
./usr/sbin/avahi-daemon
./usr/share/avahi/service-types
./usr/share/avahi/avahi-service.dtd
