./etc/fuppes
./etc/fuppes/fuppes.cfg
./etc/init.d/S80fuppes
./usr/bin/fuppes
./usr/bin/fuppesd
./usr/lib/fuppes/libdatabase_sqlite3.so
./usr/lib/fuppes/libdatabase_sqlite3.so.0
./usr/lib/fuppes/libdatabase_sqlite3.so.0.0.0
./usr/lib/fuppes/libdecoder_flac.so
./usr/lib/fuppes/libdecoder_flac.so.0
./usr/lib/fuppes/libdecoder_flac.so.0.0.0
./usr/lib/fuppes/libdecoder_vorbis.so
./usr/lib/fuppes/libdecoder_vorbis.so.0
./usr/lib/fuppes/libdecoder_vorbis.so.0.0.0
./usr/lib/fuppes/libencoder_pcm.so
./usr/lib/fuppes/libencoder_pcm.so.0
./usr/lib/fuppes/libencoder_pcm.so.0.0.0
./usr/lib/fuppes/libencoder_wav.so
./usr/lib/fuppes/libencoder_wav.so.0
./usr/lib/fuppes/libencoder_wav.so.0.0.0
./usr/lib/fuppes/libmetadata_dlna_profiles.so
./usr/lib/fuppes/libmetadata_dlna_profiles.so.0
./usr/lib/fuppes/libmetadata_dlna_profiles.so.0.0.0
./usr/lib/fuppes/libmetadata_libavformat.so
./usr/lib/fuppes/libmetadata_libavformat.so.0
./usr/lib/fuppes/libmetadata_libavformat.so.0.0.0
./usr/lib/fuppes/libmetadata_taglib.so
./usr/lib/fuppes/libmetadata_taglib.so.0
./usr/lib/fuppes/libmetadata_taglib.so.0.0.0
./usr/lib/fuppes/libtranscoder_ffmpeg.so
./usr/lib/fuppes/libtranscoder_ffmpeg.so.0
./usr/lib/fuppes/libtranscoder_ffmpeg.so.0.0.0
./usr/lib/libfuppes.so
./usr/lib/libfuppes.so.0
./usr/lib/libfuppes.so.0.0.0
./usr/share/fuppes/fuppes-small.png
./usr/share/fuppes/header-gradient.png
./usr/share/fuppes/header-gradient-small.png
./usr/share/fuppes/style.css
./usr/www/cgi-bin/fuppes.cgi
