./usr/bin/addftinfo
./usr/bin/afmtodit
./usr/bin/chem
./usr/bin/eqn
./usr/bin/eqn2graph
./usr/bin/gdiffmk
./usr/bin/grap2graph
./usr/bin/grn
./usr/bin/grodvi
./usr/bin/groff
./usr/bin/groffer
./usr/bin/grog
./usr/bin/grolbp
./usr/bin/grolj4
./usr/bin/gropdf
./usr/bin/grops
./usr/bin/grotty
./usr/bin/hpftodit
./usr/bin/indxbib
./usr/bin/lkbib
./usr/bin/lookbib
./usr/bin/mmroff
./usr/bin/neqn
./usr/bin/nroff
./usr/bin/pdfmom
./usr/bin/pdfroff
./usr/bin/pfbtops
./usr/bin/pic
./usr/bin/pic2graph
./usr/bin/post-grohtml
./usr/bin/preconv
./usr/bin/pre-grohtml
./usr/bin/refer
./usr/bin/roff2dvi
./usr/bin/roff2html
./usr/bin/roff2pdf
./usr/bin/roff2ps
./usr/bin/roff2text
./usr/bin/roff2x
./usr/bin/soelim
./usr/bin/tbl
./usr/bin/tfmtodit
./usr/bin/troff
./usr/lib/groff
./usr/lib/groff/groffer
./usr/lib/groff/groffer/func.pl
./usr/lib/groff/groffer/man.pl
./usr/lib/groff/groffer/perl_test.pl
./usr/lib/groff/groffer/split_env.sh
./usr/lib/groff/groffer/version.sh
./usr/lib/groff/site-tmac
./usr/share/groff
./usr/share/groff/1.22.2
./usr/share/groff/1.22.2/eign
./usr/share/groff/1.22.2/font
./usr/share/groff/1.22.2/font/devascii
./usr/share/groff/1.22.2/font/devascii/B
./usr/share/groff/1.22.2/font/devascii/BI
./usr/share/groff/1.22.2/font/devascii/DESC
./usr/share/groff/1.22.2/font/devascii/I
./usr/share/groff/1.22.2/font/devascii/R
./usr/share/groff/1.22.2/font/devdvi
./usr/share/groff/1.22.2/font/devdvi/CW
./usr/share/groff/1.22.2/font/devdvi/CWEC
./usr/share/groff/1.22.2/font/devdvi/CWI
./usr/share/groff/1.22.2/font/devdvi/CWIEC
./usr/share/groff/1.22.2/font/devdvi/CWITC
./usr/share/groff/1.22.2/font/devdvi/CWTC
./usr/share/groff/1.22.2/font/devdvi/DESC
./usr/share/groff/1.22.2/font/devdvi/EX
./usr/share/groff/1.22.2/font/devdvi/generate
./usr/share/groff/1.22.2/font/devdvi/generate/CompileFonts
./usr/share/groff/1.22.2/font/devdvi/generate/ec.map
./usr/share/groff/1.22.2/font/devdvi/generate/Makefile
./usr/share/groff/1.22.2/font/devdvi/generate/msam.map
./usr/share/groff/1.22.2/font/devdvi/generate/msbm.map
./usr/share/groff/1.22.2/font/devdvi/generate/tc.map
./usr/share/groff/1.22.2/font/devdvi/generate/texb.map
./usr/share/groff/1.22.2/font/devdvi/generate/texex.map
./usr/share/groff/1.22.2/font/devdvi/generate/texi.map
./usr/share/groff/1.22.2/font/devdvi/generate/texmi.map
./usr/share/groff/1.22.2/font/devdvi/generate/texr.map
./usr/share/groff/1.22.2/font/devdvi/generate/texsy.map
./usr/share/groff/1.22.2/font/devdvi/generate/textex.map
./usr/share/groff/1.22.2/font/devdvi/generate/textt.map
./usr/share/groff/1.22.2/font/devdvi/HB
./usr/share/groff/1.22.2/font/devdvi/HBEC
./usr/share/groff/1.22.2/font/devdvi/HBI
./usr/share/groff/1.22.2/font/devdvi/HBIEC
./usr/share/groff/1.22.2/font/devdvi/HBITC
./usr/share/groff/1.22.2/font/devdvi/HBTC
./usr/share/groff/1.22.2/font/devdvi/HI
./usr/share/groff/1.22.2/font/devdvi/HIEC
./usr/share/groff/1.22.2/font/devdvi/HITC
./usr/share/groff/1.22.2/font/devdvi/HR
./usr/share/groff/1.22.2/font/devdvi/HREC
./usr/share/groff/1.22.2/font/devdvi/HRTC
./usr/share/groff/1.22.2/font/devdvi/MI
./usr/share/groff/1.22.2/font/devdvi/S
./usr/share/groff/1.22.2/font/devdvi/SA
./usr/share/groff/1.22.2/font/devdvi/SB
./usr/share/groff/1.22.2/font/devdvi/SC
./usr/share/groff/1.22.2/font/devdvi/TB
./usr/share/groff/1.22.2/font/devdvi/TBEC
./usr/share/groff/1.22.2/font/devdvi/TBI
./usr/share/groff/1.22.2/font/devdvi/TBIEC
./usr/share/groff/1.22.2/font/devdvi/TBITC
./usr/share/groff/1.22.2/font/devdvi/TBTC
./usr/share/groff/1.22.2/font/devdvi/TI
./usr/share/groff/1.22.2/font/devdvi/TIEC
./usr/share/groff/1.22.2/font/devdvi/TITC
./usr/share/groff/1.22.2/font/devdvi/TR
./usr/share/groff/1.22.2/font/devdvi/TREC
./usr/share/groff/1.22.2/font/devdvi/TRTC
./usr/share/groff/1.22.2/font/devhtml
./usr/share/groff/1.22.2/font/devhtml/B
./usr/share/groff/1.22.2/font/devhtml/BI
./usr/share/groff/1.22.2/font/devhtml/CB
./usr/share/groff/1.22.2/font/devhtml/CBI
./usr/share/groff/1.22.2/font/devhtml/CI
./usr/share/groff/1.22.2/font/devhtml/CR
./usr/share/groff/1.22.2/font/devhtml/DESC
./usr/share/groff/1.22.2/font/devhtml/I
./usr/share/groff/1.22.2/font/devhtml/R
./usr/share/groff/1.22.2/font/devhtml/S
./usr/share/groff/1.22.2/font/devlatin1
./usr/share/groff/1.22.2/font/devlatin1/B
./usr/share/groff/1.22.2/font/devlatin1/BI
./usr/share/groff/1.22.2/font/devlatin1/DESC
./usr/share/groff/1.22.2/font/devlatin1/I
./usr/share/groff/1.22.2/font/devlatin1/R
./usr/share/groff/1.22.2/font/devlbp
./usr/share/groff/1.22.2/font/devlbp/CB
./usr/share/groff/1.22.2/font/devlbp/CI
./usr/share/groff/1.22.2/font/devlbp/CR
./usr/share/groff/1.22.2/font/devlbp/DESC
./usr/share/groff/1.22.2/font/devlbp/EB
./usr/share/groff/1.22.2/font/devlbp/EI
./usr/share/groff/1.22.2/font/devlbp/ER
./usr/share/groff/1.22.2/font/devlbp/HB
./usr/share/groff/1.22.2/font/devlbp/HBI
./usr/share/groff/1.22.2/font/devlbp/HI
./usr/share/groff/1.22.2/font/devlbp/HNB
./usr/share/groff/1.22.2/font/devlbp/HNBI
./usr/share/groff/1.22.2/font/devlbp/HNI
./usr/share/groff/1.22.2/font/devlbp/HNR
./usr/share/groff/1.22.2/font/devlbp/HR
./usr/share/groff/1.22.2/font/devlbp/TB
./usr/share/groff/1.22.2/font/devlbp/TBI
./usr/share/groff/1.22.2/font/devlbp/TI
./usr/share/groff/1.22.2/font/devlbp/TR
./usr/share/groff/1.22.2/font/devlj4
./usr/share/groff/1.22.2/font/devlj4/AB
./usr/share/groff/1.22.2/font/devlj4/ABI
./usr/share/groff/1.22.2/font/devlj4/AI
./usr/share/groff/1.22.2/font/devlj4/ALBB
./usr/share/groff/1.22.2/font/devlj4/ALBR
./usr/share/groff/1.22.2/font/devlj4/AOB
./usr/share/groff/1.22.2/font/devlj4/AOI
./usr/share/groff/1.22.2/font/devlj4/AOR
./usr/share/groff/1.22.2/font/devlj4/AR
./usr/share/groff/1.22.2/font/devlj4/CB
./usr/share/groff/1.22.2/font/devlj4/CBI
./usr/share/groff/1.22.2/font/devlj4/CI
./usr/share/groff/1.22.2/font/devlj4/CLARENDON
./usr/share/groff/1.22.2/font/devlj4/CORONET
./usr/share/groff/1.22.2/font/devlj4/CR
./usr/share/groff/1.22.2/font/devlj4/DESC
./usr/share/groff/1.22.2/font/devlj4/GB
./usr/share/groff/1.22.2/font/devlj4/GBI
./usr/share/groff/1.22.2/font/devlj4/generate
./usr/share/groff/1.22.2/font/devlj4/generate/Makefile
./usr/share/groff/1.22.2/font/devlj4/generate/special.awk
./usr/share/groff/1.22.2/font/devlj4/generate/special.map
./usr/share/groff/1.22.2/font/devlj4/generate/symbol.map
./usr/share/groff/1.22.2/font/devlj4/generate/text.map
./usr/share/groff/1.22.2/font/devlj4/generate/wingdings.map
./usr/share/groff/1.22.2/font/devlj4/GI
./usr/share/groff/1.22.2/font/devlj4/GR
./usr/share/groff/1.22.2/font/devlj4/LGB
./usr/share/groff/1.22.2/font/devlj4/LGI
./usr/share/groff/1.22.2/font/devlj4/LGR
./usr/share/groff/1.22.2/font/devlj4/MARIGOLD
./usr/share/groff/1.22.2/font/devlj4/OB
./usr/share/groff/1.22.2/font/devlj4/OBI
./usr/share/groff/1.22.2/font/devlj4/OI
./usr/share/groff/1.22.2/font/devlj4/OR
./usr/share/groff/1.22.2/font/devlj4/S
./usr/share/groff/1.22.2/font/devlj4/SYMBOL
./usr/share/groff/1.22.2/font/devlj4/TB
./usr/share/groff/1.22.2/font/devlj4/TBI
./usr/share/groff/1.22.2/font/devlj4/TI
./usr/share/groff/1.22.2/font/devlj4/TNRB
./usr/share/groff/1.22.2/font/devlj4/TNRBI
./usr/share/groff/1.22.2/font/devlj4/TNRI
./usr/share/groff/1.22.2/font/devlj4/TNRR
./usr/share/groff/1.22.2/font/devlj4/TR
./usr/share/groff/1.22.2/font/devlj4/UB
./usr/share/groff/1.22.2/font/devlj4/UBI
./usr/share/groff/1.22.2/font/devlj4/UCB
./usr/share/groff/1.22.2/font/devlj4/UCBI
./usr/share/groff/1.22.2/font/devlj4/UCI
./usr/share/groff/1.22.2/font/devlj4/UCR
./usr/share/groff/1.22.2/font/devlj4/UI
./usr/share/groff/1.22.2/font/devlj4/UR
./usr/share/groff/1.22.2/font/devlj4/WINGDINGS
./usr/share/groff/1.22.2/font/devpdf
./usr/share/groff/1.22.2/font/devpdf/AB
./usr/share/groff/1.22.2/font/devpdf/ABI
./usr/share/groff/1.22.2/font/devpdf/AI
./usr/share/groff/1.22.2/font/devpdf/AR
./usr/share/groff/1.22.2/font/devpdf/BMB
./usr/share/groff/1.22.2/font/devpdf/BMBI
./usr/share/groff/1.22.2/font/devpdf/BMI
./usr/share/groff/1.22.2/font/devpdf/BMR
./usr/share/groff/1.22.2/font/devpdf/CB
./usr/share/groff/1.22.2/font/devpdf/CBI
./usr/share/groff/1.22.2/font/devpdf/CI
./usr/share/groff/1.22.2/font/devpdf/CR
./usr/share/groff/1.22.2/font/devpdf/DESC
./usr/share/groff/1.22.2/font/devpdf/download
./usr/share/groff/1.22.2/font/devpdf/enc
./usr/share/groff/1.22.2/font/devpdf/enc/text.enc
./usr/share/groff/1.22.2/font/devpdf/EURO
./usr/share/groff/1.22.2/font/devpdf/Foundry
./usr/share/groff/1.22.2/font/devpdf/HB
./usr/share/groff/1.22.2/font/devpdf/HBI
./usr/share/groff/1.22.2/font/devpdf/HI
./usr/share/groff/1.22.2/font/devpdf/HNB
./usr/share/groff/1.22.2/font/devpdf/HNBI
./usr/share/groff/1.22.2/font/devpdf/HNI
./usr/share/groff/1.22.2/font/devpdf/HNR
./usr/share/groff/1.22.2/font/devpdf/HR
./usr/share/groff/1.22.2/font/devpdf/map
./usr/share/groff/1.22.2/font/devpdf/map/dingbats.map
./usr/share/groff/1.22.2/font/devpdf/map/symbolchars
./usr/share/groff/1.22.2/font/devpdf/map/symbolmap
./usr/share/groff/1.22.2/font/devpdf/map/textmap
./usr/share/groff/1.22.2/font/devpdf/NB
./usr/share/groff/1.22.2/font/devpdf/NBI
./usr/share/groff/1.22.2/font/devpdf/NI
./usr/share/groff/1.22.2/font/devpdf/NR
./usr/share/groff/1.22.2/font/devpdf/PB
./usr/share/groff/1.22.2/font/devpdf/PBI
./usr/share/groff/1.22.2/font/devpdf/PI
./usr/share/groff/1.22.2/font/devpdf/PR
./usr/share/groff/1.22.2/font/devpdf/S
./usr/share/groff/1.22.2/font/devpdf/TB
./usr/share/groff/1.22.2/font/devpdf/TBI
./usr/share/groff/1.22.2/font/devpdf/TI
./usr/share/groff/1.22.2/font/devpdf/TR
./usr/share/groff/1.22.2/font/devpdf/U-AB
./usr/share/groff/1.22.2/font/devpdf/U-ABI
./usr/share/groff/1.22.2/font/devpdf/U-AI
./usr/share/groff/1.22.2/font/devpdf/U-AR
./usr/share/groff/1.22.2/font/devpdf/U-BMB
./usr/share/groff/1.22.2/font/devpdf/U-BMBI
./usr/share/groff/1.22.2/font/devpdf/U-BMI
./usr/share/groff/1.22.2/font/devpdf/U-BMR
./usr/share/groff/1.22.2/font/devpdf/U-CB
./usr/share/groff/1.22.2/font/devpdf/U-CBI
./usr/share/groff/1.22.2/font/devpdf/U-CI
./usr/share/groff/1.22.2/font/devpdf/U-CR
./usr/share/groff/1.22.2/font/devpdf/U-HB
./usr/share/groff/1.22.2/font/devpdf/U-HBI
./usr/share/groff/1.22.2/font/devpdf/U-HI
./usr/share/groff/1.22.2/font/devpdf/U-HNB
./usr/share/groff/1.22.2/font/devpdf/U-HNBI
./usr/share/groff/1.22.2/font/devpdf/U-HNI
./usr/share/groff/1.22.2/font/devpdf/U-HNR
./usr/share/groff/1.22.2/font/devpdf/U-HR
./usr/share/groff/1.22.2/font/devpdf/U-NB
./usr/share/groff/1.22.2/font/devpdf/U-NBI
./usr/share/groff/1.22.2/font/devpdf/U-NI
./usr/share/groff/1.22.2/font/devpdf/U-NR
./usr/share/groff/1.22.2/font/devpdf/U-PB
./usr/share/groff/1.22.2/font/devpdf/U-PBI
./usr/share/groff/1.22.2/font/devpdf/U-PI
./usr/share/groff/1.22.2/font/devpdf/U-PR
./usr/share/groff/1.22.2/font/devpdf/U-S
./usr/share/groff/1.22.2/font/devpdf/U-TB
./usr/share/groff/1.22.2/font/devpdf/U-TBI
./usr/share/groff/1.22.2/font/devpdf/U-TI
./usr/share/groff/1.22.2/font/devpdf/U-TR
./usr/share/groff/1.22.2/font/devpdf/U-ZCMI
./usr/share/groff/1.22.2/font/devpdf/U-ZD
./usr/share/groff/1.22.2/font/devpdf/ZCMI
./usr/share/groff/1.22.2/font/devpdf/ZD
./usr/share/groff/1.22.2/font/devps
./usr/share/groff/1.22.2/font/devps/AB
./usr/share/groff/1.22.2/font/devps/ABI
./usr/share/groff/1.22.2/font/devps/AI
./usr/share/groff/1.22.2/font/devps/AR
./usr/share/groff/1.22.2/font/devps/BMB
./usr/share/groff/1.22.2/font/devps/BMBI
./usr/share/groff/1.22.2/font/devps/BMI
./usr/share/groff/1.22.2/font/devps/BMR
./usr/share/groff/1.22.2/font/devps/CB
./usr/share/groff/1.22.2/font/devps/CBI
./usr/share/groff/1.22.2/font/devps/CI
./usr/share/groff/1.22.2/font/devps/CR
./usr/share/groff/1.22.2/font/devps/DESC
./usr/share/groff/1.22.2/font/devps/download
./usr/share/groff/1.22.2/font/devps/EURO
./usr/share/groff/1.22.2/font/devps/freeeuro.afm
./usr/share/groff/1.22.2/font/devps/freeeuro.pfa
./usr/share/groff/1.22.2/font/devps/generate
./usr/share/groff/1.22.2/font/devps/generate/afmname
./usr/share/groff/1.22.2/font/devps/generate/dingbats.map
./usr/share/groff/1.22.2/font/devps/generate/dingbats.rmap
./usr/share/groff/1.22.2/font/devps/generate/lgreekmap
./usr/share/groff/1.22.2/font/devps/generate/Makefile
./usr/share/groff/1.22.2/font/devps/generate/symbolchars
./usr/share/groff/1.22.2/font/devps/generate/symbol.sed
./usr/share/groff/1.22.2/font/devps/generate/symbolsl.afm
./usr/share/groff/1.22.2/font/devps/generate/textmap
./usr/share/groff/1.22.2/font/devps/HB
./usr/share/groff/1.22.2/font/devps/HBI
./usr/share/groff/1.22.2/font/devps/HI
./usr/share/groff/1.22.2/font/devps/HNB
./usr/share/groff/1.22.2/font/devps/HNBI
./usr/share/groff/1.22.2/font/devps/HNI
./usr/share/groff/1.22.2/font/devps/HNR
./usr/share/groff/1.22.2/font/devps/HR
./usr/share/groff/1.22.2/font/devps/NB
./usr/share/groff/1.22.2/font/devps/NBI
./usr/share/groff/1.22.2/font/devps/NI
./usr/share/groff/1.22.2/font/devps/NR
./usr/share/groff/1.22.2/font/devps/PB
./usr/share/groff/1.22.2/font/devps/PBI
./usr/share/groff/1.22.2/font/devps/PI
./usr/share/groff/1.22.2/font/devps/PR
./usr/share/groff/1.22.2/font/devps/prologue
./usr/share/groff/1.22.2/font/devps/S
./usr/share/groff/1.22.2/font/devps/SS
./usr/share/groff/1.22.2/font/devps/symbolsl.pfa
./usr/share/groff/1.22.2/font/devps/TB
./usr/share/groff/1.22.2/font/devps/TBI
./usr/share/groff/1.22.2/font/devps/text.enc
./usr/share/groff/1.22.2/font/devps/TI
./usr/share/groff/1.22.2/font/devps/TR
./usr/share/groff/1.22.2/font/devps/zapfdr.pfa
./usr/share/groff/1.22.2/font/devps/ZCMI
./usr/share/groff/1.22.2/font/devps/ZD
./usr/share/groff/1.22.2/font/devps/ZDR
./usr/share/groff/1.22.2/font/devutf8
./usr/share/groff/1.22.2/font/devutf8/B
./usr/share/groff/1.22.2/font/devutf8/BI
./usr/share/groff/1.22.2/font/devutf8/DESC
./usr/share/groff/1.22.2/font/devutf8/I
./usr/share/groff/1.22.2/font/devutf8/R
./usr/share/groff/1.22.2/oldfont
./usr/share/groff/1.22.2/oldfont/devps
./usr/share/groff/1.22.2/oldfont/devps/CB
./usr/share/groff/1.22.2/oldfont/devps/CBI
./usr/share/groff/1.22.2/oldfont/devps/CI
./usr/share/groff/1.22.2/oldfont/devps/CR
./usr/share/groff/1.22.2/oldfont/devps/HB
./usr/share/groff/1.22.2/oldfont/devps/HBI
./usr/share/groff/1.22.2/oldfont/devps/HI
./usr/share/groff/1.22.2/oldfont/devps/HNB
./usr/share/groff/1.22.2/oldfont/devps/HNBI
./usr/share/groff/1.22.2/oldfont/devps/HNI
./usr/share/groff/1.22.2/oldfont/devps/HNR
./usr/share/groff/1.22.2/oldfont/devps/HR
./usr/share/groff/1.22.2/oldfont/devps/NB
./usr/share/groff/1.22.2/oldfont/devps/NBI
./usr/share/groff/1.22.2/oldfont/devps/NI
./usr/share/groff/1.22.2/oldfont/devps/NR
./usr/share/groff/1.22.2/oldfont/devps/PB
./usr/share/groff/1.22.2/oldfont/devps/PBI
./usr/share/groff/1.22.2/oldfont/devps/PI
./usr/share/groff/1.22.2/oldfont/devps/PR
./usr/share/groff/1.22.2/oldfont/devps/S
./usr/share/groff/1.22.2/oldfont/devps/SS
./usr/share/groff/1.22.2/oldfont/devps/symbol.afm
./usr/share/groff/1.22.2/oldfont/devps/symbolsl.afm
./usr/share/groff/1.22.2/oldfont/devps/TB
./usr/share/groff/1.22.2/oldfont/devps/TBI
./usr/share/groff/1.22.2/oldfont/devps/TI
./usr/share/groff/1.22.2/oldfont/devps/TR
./usr/share/groff/1.22.2/oldfont/devps/zapfdr.afm
./usr/share/groff/1.22.2/oldfont/devps/zapfdr.ps
./usr/share/groff/1.22.2/pic
./usr/share/groff/1.22.2/pic/chem.pic
./usr/share/groff/1.22.2/tmac
./usr/share/groff/1.22.2/tmac/62bit.tmac
./usr/share/groff/1.22.2/tmac/a4.tmac
./usr/share/groff/1.22.2/tmac/andoc.tmac
./usr/share/groff/1.22.2/tmac/an-ext.tmac
./usr/share/groff/1.22.2/tmac/an-old.tmac
./usr/share/groff/1.22.2/tmac/an.tmac
./usr/share/groff/1.22.2/tmac/composite.tmac
./usr/share/groff/1.22.2/tmac/cp1047.tmac
./usr/share/groff/1.22.2/tmac/cs.tmac
./usr/share/groff/1.22.2/tmac/den.tmac
./usr/share/groff/1.22.2/tmac/de.tmac
./usr/share/groff/1.22.2/tmac/devtag.tmac
./usr/share/groff/1.22.2/tmac/doc-old.tmac
./usr/share/groff/1.22.2/tmac/doc.tmac
./usr/share/groff/1.22.2/tmac/dvi.tmac
./usr/share/groff/1.22.2/tmac/ec.tmac
./usr/share/groff/1.22.2/tmac/eqnrc
./usr/share/groff/1.22.2/tmac/e.tmac
./usr/share/groff/1.22.2/tmac/europs.tmac
./usr/share/groff/1.22.2/tmac/fallbacks.tmac
./usr/share/groff/1.22.2/tmac/fr.tmac
./usr/share/groff/1.22.2/tmac/hdmisc.tmac
./usr/share/groff/1.22.2/tmac/hdtbl.tmac
./usr/share/groff/1.22.2/tmac/html-end.tmac
./usr/share/groff/1.22.2/tmac/html.tmac
./usr/share/groff/1.22.2/tmac/hyphen.cs
./usr/share/groff/1.22.2/tmac/hyphen.den
./usr/share/groff/1.22.2/tmac/hyphen.det
./usr/share/groff/1.22.2/tmac/hyphenex.cs
./usr/share/groff/1.22.2/tmac/hyphenex.det
./usr/share/groff/1.22.2/tmac/hyphenex.us
./usr/share/groff/1.22.2/tmac/hyphen.fr
./usr/share/groff/1.22.2/tmac/hyphen.sv
./usr/share/groff/1.22.2/tmac/hyphen.us
./usr/share/groff/1.22.2/tmac/ja.tmac
./usr/share/groff/1.22.2/tmac/latin1.tmac
./usr/share/groff/1.22.2/tmac/latin2.tmac
./usr/share/groff/1.22.2/tmac/latin5.tmac
./usr/share/groff/1.22.2/tmac/latin9.tmac
./usr/share/groff/1.22.2/tmac/lbp.tmac
./usr/share/groff/1.22.2/tmac/lj4.tmac
./usr/share/groff/1.22.2/tmac/mandoc.tmac
./usr/share/groff/1.22.2/tmac/man.tmac
./usr/share/groff/1.22.2/tmac/mdoc
./usr/share/groff/1.22.2/tmac/mdoc/doc-common
./usr/share/groff/1.22.2/tmac/mdoc/doc-ditroff
./usr/share/groff/1.22.2/tmac/mdoc/doc-nroff
./usr/share/groff/1.22.2/tmac/mdoc/doc-syms
./usr/share/groff/1.22.2/tmac/mdoc.tmac
./usr/share/groff/1.22.2/tmac/me.tmac
./usr/share/groff/1.22.2/tmac/mm
./usr/share/groff/1.22.2/tmac/mm/0.MT
./usr/share/groff/1.22.2/tmac/mm/4.MT
./usr/share/groff/1.22.2/tmac/mm/5.MT
./usr/share/groff/1.22.2/tmac/mm/locale
./usr/share/groff/1.22.2/tmac/mm/ms.cov
./usr/share/groff/1.22.2/tmac/mm/se_locale
./usr/share/groff/1.22.2/tmac/mm/se_ms.cov
./usr/share/groff/1.22.2/tmac/mmse.tmac
./usr/share/groff/1.22.2/tmac/mm.tmac
./usr/share/groff/1.22.2/tmac/mom.tmac
./usr/share/groff/1.22.2/tmac/mse.tmac
./usr/share/groff/1.22.2/tmac/ms.tmac
./usr/share/groff/1.22.2/tmac/m.tmac
./usr/share/groff/1.22.2/tmac/om.tmac
./usr/share/groff/1.22.2/tmac/papersize.tmac
./usr/share/groff/1.22.2/tmac/pdfmark.tmac
./usr/share/groff/1.22.2/tmac/pdf.tmac
./usr/share/groff/1.22.2/tmac/pic.tmac
./usr/share/groff/1.22.2/tmac/psatk.tmac
./usr/share/groff/1.22.2/tmac/psold.tmac
./usr/share/groff/1.22.2/tmac/pspic.tmac
./usr/share/groff/1.22.2/tmac/ps.tmac
./usr/share/groff/1.22.2/tmac/refer-me.tmac
./usr/share/groff/1.22.2/tmac/refer-mm.tmac
./usr/share/groff/1.22.2/tmac/refer-ms.tmac
./usr/share/groff/1.22.2/tmac/refer.tmac
./usr/share/groff/1.22.2/tmac/safer.tmac
./usr/share/groff/1.22.2/tmac/spdf.tmac
./usr/share/groff/1.22.2/tmac/s.tmac
./usr/share/groff/1.22.2/tmac/sv.tmac
./usr/share/groff/1.22.2/tmac/trace.tmac
./usr/share/groff/1.22.2/tmac/trans.tmac
./usr/share/groff/1.22.2/tmac/troffrc
./usr/share/groff/1.22.2/tmac/troffrc-end
./usr/share/groff/1.22.2/tmac/tty-char.tmac
./usr/share/groff/1.22.2/tmac/tty.tmac
./usr/share/groff/1.22.2/tmac/unicode.tmac
./usr/share/groff/1.22.2/tmac/www.tmac
./usr/share/groff/1.22.2/tmac/Xps.tmac
./usr/share/groff/1.22.2/tmac/X.tmac
./usr/share/groff/current
./usr/share/groff/site-font
./usr/share/groff/site-tmac
./usr/share/groff/site-tmac/man.local
./usr/share/groff/site-tmac/mdoc.local
