./usr/lib/modules/2.6.35.14
./usr/lib/modules/2.6.35.14/iscsi
./usr/lib/modules/2.6.35.14/iscsi/iscsi_trgt.ko
./usr/lib/modules/2.6.35.14/kernel
./usr/lib/modules/2.6.35.14/kernel/crypto
./usr/lib/modules/2.6.35.14/kernel/crypto/aead.ko
./usr/lib/modules/2.6.35.14/kernel/crypto/aes_generic.ko
./usr/lib/modules/2.6.35.14/kernel/crypto/ansi_cprng.ko
./usr/lib/modules/2.6.35.14/kernel/crypto/async_tx
./usr/lib/modules/2.6.35.14/kernel/crypto/async_tx/async_memcpy.ko
./usr/lib/modules/2.6.35.14/kernel/crypto/async_tx/async_pq.ko
./usr/lib/modules/2.6.35.14/kernel/crypto/async_tx/async_raid6_recov.ko
./usr/lib/modules/2.6.35.14/kernel/crypto/async_tx/async_tx.ko
./usr/lib/modules/2.6.35.14/kernel/crypto/async_tx/async_xor.ko
./usr/lib/modules/2.6.35.14/kernel/crypto/cbc.ko
./usr/lib/modules/2.6.35.14/kernel/crypto/chainiv.ko
./usr/lib/modules/2.6.35.14/kernel/crypto/crc32c.ko
./usr/lib/modules/2.6.35.14/kernel/crypto/crypto_algapi.ko
./usr/lib/modules/2.6.35.14/kernel/crypto/crypto_blkcipher.ko
./usr/lib/modules/2.6.35.14/kernel/crypto/crypto_hash.ko
./usr/lib/modules/2.6.35.14/kernel/crypto/cryptomgr.ko
./usr/lib/modules/2.6.35.14/kernel/crypto/crypto_wq.ko
./usr/lib/modules/2.6.35.14/kernel/crypto/ecb.ko
./usr/lib/modules/2.6.35.14/kernel/crypto/eseqiv.ko
./usr/lib/modules/2.6.35.14/kernel/crypto/hmac.ko
./usr/lib/modules/2.6.35.14/kernel/crypto/krng.ko
./usr/lib/modules/2.6.35.14/kernel/crypto/md5.ko
./usr/lib/modules/2.6.35.14/kernel/crypto/pcompress.ko
./usr/lib/modules/2.6.35.14/kernel/crypto/rng.ko
./usr/lib/modules/2.6.35.14/kernel/crypto/sha1_generic.ko
./usr/lib/modules/2.6.35.14/kernel/crypto/sha256_generic.ko
./usr/lib/modules/2.6.35.14/kernel/crypto/twofish_common.ko
./usr/lib/modules/2.6.35.14/kernel/crypto/twofish.ko
./usr/lib/modules/2.6.35.14/kernel/crypto/xor.ko
./usr/lib/modules/2.6.35.14/kernel/drivers
./usr/lib/modules/2.6.35.14/kernel/drivers/crypto
./usr/lib/modules/2.6.35.14/kernel/drivers/crypto/mv_cesa.ko
./usr/lib/modules/2.6.35.14/kernel/drivers/md
./usr/lib/modules/2.6.35.14/kernel/drivers/md/dm-crypt.ko
./usr/lib/modules/2.6.35.14/kernel/drivers/md/dm-mod.ko
./usr/lib/modules/2.6.35.14/kernel/drivers/md/linear.ko
./usr/lib/modules/2.6.35.14/kernel/drivers/md/md-mod.ko
./usr/lib/modules/2.6.35.14/kernel/drivers/md/raid0.ko
./usr/lib/modules/2.6.35.14/kernel/drivers/md/raid1.ko
./usr/lib/modules/2.6.35.14/kernel/drivers/md/raid456.ko
./usr/lib/modules/2.6.35.14/kernel/drivers/md/raid6_pq.ko
./usr/lib/modules/2.6.35.14/kernel/drivers/net
./usr/lib/modules/2.6.35.14/kernel/drivers/net/tun.ko
./usr/lib/modules/2.6.35.14/kernel/drivers/scsi
./usr/lib/modules/2.6.35.14/kernel/drivers/scsi/scsi_wait_scan.ko
./usr/lib/modules/2.6.35.14/kernel/drivers/usb
./usr/lib/modules/2.6.35.14/kernel/drivers/usb/class
./usr/lib/modules/2.6.35.14/kernel/drivers/usb/class/cdc-acm.ko
./usr/lib/modules/2.6.35.14/kernel/drivers/usb/class/usblp.ko
./usr/lib/modules/2.6.35.14/kernel/drivers/usb/serial
./usr/lib/modules/2.6.35.14/kernel/drivers/usb/serial/aircable.ko
./usr/lib/modules/2.6.35.14/kernel/drivers/usb/serial/ark3116.ko
./usr/lib/modules/2.6.35.14/kernel/drivers/usb/serial/belkin_sa.ko
./usr/lib/modules/2.6.35.14/kernel/drivers/usb/serial/ch341.ko
./usr/lib/modules/2.6.35.14/kernel/drivers/usb/serial/cp210x.ko
./usr/lib/modules/2.6.35.14/kernel/drivers/usb/serial/cyberjack.ko
./usr/lib/modules/2.6.35.14/kernel/drivers/usb/serial/cypress_m8.ko
./usr/lib/modules/2.6.35.14/kernel/drivers/usb/serial/digi_acceleport.ko
./usr/lib/modules/2.6.35.14/kernel/drivers/usb/serial/empeg.ko
./usr/lib/modules/2.6.35.14/kernel/drivers/usb/serial/ftdi_sio.ko
./usr/lib/modules/2.6.35.14/kernel/drivers/usb/serial/funsoft.ko
./usr/lib/modules/2.6.35.14/kernel/drivers/usb/serial/garmin_gps.ko
./usr/lib/modules/2.6.35.14/kernel/drivers/usb/serial/hp4x.ko
./usr/lib/modules/2.6.35.14/kernel/drivers/usb/serial/io_edgeport.ko
./usr/lib/modules/2.6.35.14/kernel/drivers/usb/serial/io_ti.ko
./usr/lib/modules/2.6.35.14/kernel/drivers/usb/serial/ipaq.ko
./usr/lib/modules/2.6.35.14/kernel/drivers/usb/serial/ipw.ko
./usr/lib/modules/2.6.35.14/kernel/drivers/usb/serial/ir-usb.ko
./usr/lib/modules/2.6.35.14/kernel/drivers/usb/serial/iuu_phoenix.ko
./usr/lib/modules/2.6.35.14/kernel/drivers/usb/serial/kl5kusb105.ko
./usr/lib/modules/2.6.35.14/kernel/drivers/usb/serial/kobil_sct.ko
./usr/lib/modules/2.6.35.14/kernel/drivers/usb/serial/mct_u232.ko
./usr/lib/modules/2.6.35.14/kernel/drivers/usb/serial/mos7720.ko
./usr/lib/modules/2.6.35.14/kernel/drivers/usb/serial/mos7840.ko
./usr/lib/modules/2.6.35.14/kernel/drivers/usb/serial/moto_modem.ko
./usr/lib/modules/2.6.35.14/kernel/drivers/usb/serial/navman.ko
./usr/lib/modules/2.6.35.14/kernel/drivers/usb/serial/omninet.ko
./usr/lib/modules/2.6.35.14/kernel/drivers/usb/serial/opticon.ko
./usr/lib/modules/2.6.35.14/kernel/drivers/usb/serial/option.ko
./usr/lib/modules/2.6.35.14/kernel/drivers/usb/serial/oti6858.ko
./usr/lib/modules/2.6.35.14/kernel/drivers/usb/serial/pl2303.ko
./usr/lib/modules/2.6.35.14/kernel/drivers/usb/serial/qcaux.ko
./usr/lib/modules/2.6.35.14/kernel/drivers/usb/serial/qcserial.ko
./usr/lib/modules/2.6.35.14/kernel/drivers/usb/serial/safe_serial.ko
./usr/lib/modules/2.6.35.14/kernel/drivers/usb/serial/siemens_mpi.ko
./usr/lib/modules/2.6.35.14/kernel/drivers/usb/serial/sierra.ko
./usr/lib/modules/2.6.35.14/kernel/drivers/usb/serial/spcp8x5.ko
./usr/lib/modules/2.6.35.14/kernel/drivers/usb/serial/symbolserial.ko
./usr/lib/modules/2.6.35.14/kernel/drivers/usb/serial/ti_usb_3410_5052.ko
./usr/lib/modules/2.6.35.14/kernel/drivers/usb/serial/usbserial.ko
./usr/lib/modules/2.6.35.14/kernel/drivers/usb/serial/usb_wwan.ko
./usr/lib/modules/2.6.35.14/kernel/drivers/usb/serial/visor.ko
./usr/lib/modules/2.6.35.14/kernel/drivers/usb/serial/vivopay-serial.ko
./usr/lib/modules/2.6.35.14/kernel/drivers/usb/serial/zio.ko
./usr/lib/modules/2.6.35.14/kernel/drivers/usb/storage
./usr/lib/modules/2.6.35.14/kernel/drivers/usb/storage/ums-alauda.ko
./usr/lib/modules/2.6.35.14/kernel/drivers/usb/storage/ums-cypress.ko
./usr/lib/modules/2.6.35.14/kernel/drivers/usb/storage/ums-datafab.ko
./usr/lib/modules/2.6.35.14/kernel/drivers/usb/storage/ums-freecom.ko
./usr/lib/modules/2.6.35.14/kernel/drivers/usb/storage/ums-isd200.ko
./usr/lib/modules/2.6.35.14/kernel/drivers/usb/storage/ums-jumpshot.ko
./usr/lib/modules/2.6.35.14/kernel/drivers/usb/storage/ums-karma.ko
./usr/lib/modules/2.6.35.14/kernel/drivers/usb/storage/ums-onetouch.ko
./usr/lib/modules/2.6.35.14/kernel/drivers/usb/storage/ums-sddr09.ko
./usr/lib/modules/2.6.35.14/kernel/drivers/usb/storage/ums-sddr55.ko
./usr/lib/modules/2.6.35.14/kernel/drivers/usb/storage/ums-usbat.ko
./usr/lib/modules/2.6.35.14/kernel/fs
./usr/lib/modules/2.6.35.14/kernel/fs/cifs
./usr/lib/modules/2.6.35.14/kernel/fs/cifs/cifs.ko
./usr/lib/modules/2.6.35.14/kernel/fs/exportfs
./usr/lib/modules/2.6.35.14/kernel/fs/exportfs/exportfs.ko
./usr/lib/modules/2.6.35.14/kernel/fs/fat
./usr/lib/modules/2.6.35.14/kernel/fs/fat/fat.ko
./usr/lib/modules/2.6.35.14/kernel/fs/fat/msdos.ko
./usr/lib/modules/2.6.35.14/kernel/fs/fat/vfat.ko
./usr/lib/modules/2.6.35.14/kernel/fs/fuse
./usr/lib/modules/2.6.35.14/kernel/fs/fuse/fuse.ko
./usr/lib/modules/2.6.35.14/kernel/fs/isofs
./usr/lib/modules/2.6.35.14/kernel/fs/isofs/isofs.ko
./usr/lib/modules/2.6.35.14/kernel/fs/lockd
./usr/lib/modules/2.6.35.14/kernel/fs/lockd/lockd.ko
./usr/lib/modules/2.6.35.14/kernel/fs/nfs
./usr/lib/modules/2.6.35.14/kernel/fs/nfsd
./usr/lib/modules/2.6.35.14/kernel/fs/nfsd/nfsd.ko
./usr/lib/modules/2.6.35.14/kernel/fs/nfs/nfs.ko
./usr/lib/modules/2.6.35.14/kernel/net
./usr/lib/modules/2.6.35.14/kernel/net/802
./usr/lib/modules/2.6.35.14/kernel/net/802/p8022.ko
./usr/lib/modules/2.6.35.14/kernel/net/802/psnap.ko
./usr/lib/modules/2.6.35.14/kernel/net/appletalk
./usr/lib/modules/2.6.35.14/kernel/net/appletalk/appletalk.ko
./usr/lib/modules/2.6.35.14/kernel/net/ipv4
./usr/lib/modules/2.6.35.14/kernel/net/ipv4/tunnel4.ko
./usr/lib/modules/2.6.35.14/kernel/net/ipv6
./usr/lib/modules/2.6.35.14/kernel/net/ipv6/ipv6.ko
./usr/lib/modules/2.6.35.14/kernel/net/ipv6/sit.ko
./usr/lib/modules/2.6.35.14/kernel/net/ipv6/xfrm6_mode_beet.ko
./usr/lib/modules/2.6.35.14/kernel/net/ipv6/xfrm6_mode_transport.ko
./usr/lib/modules/2.6.35.14/kernel/net/ipv6/xfrm6_mode_tunnel.ko
./usr/lib/modules/2.6.35.14/kernel/net/llc
./usr/lib/modules/2.6.35.14/kernel/net/llc/llc.ko
./usr/lib/modules/2.6.35.14/kernel/net/sunrpc
./usr/lib/modules/2.6.35.14/kernel/net/sunrpc/sunrpc.ko
./usr/lib/modules/2.6.35.14/modules.alias
./usr/lib/modules/2.6.35.14/modules.builtin
./usr/lib/modules/2.6.35.14/modules.ccwmap
./usr/lib/modules/2.6.35.14/modules.dep
./usr/lib/modules/2.6.35.14/modules.ieee1394map
./usr/lib/modules/2.6.35.14/modules.inputmap
./usr/lib/modules/2.6.35.14/modules.isapnpmap
./usr/lib/modules/2.6.35.14/modules.ofmap
./usr/lib/modules/2.6.35.14/modules.order
./usr/lib/modules/2.6.35.14/modules.pcimap
./usr/lib/modules/2.6.35.14/modules.seriomap
./usr/lib/modules/2.6.35.14/modules.symbols
./usr/lib/modules/2.6.35.14/modules.usbmap
