./usr/lib/modules/3.18.28/cryptodev/cryptodev.ko
./usr/lib/modules/3.18.28/kernel/crypto/authencesn.ko
./usr/lib/modules/3.18.28/kernel/crypto/authenc.ko
./usr/lib/modules/3.18.28/kernel/crypto/blowfish_common.ko
./usr/lib/modules/3.18.28/kernel/crypto/blowfish_generic.ko
./usr/lib/modules/3.18.28/kernel/crypto/camellia_generic.ko
./usr/lib/modules/3.18.28/kernel/crypto/cbc.ko
./usr/lib/modules/3.18.28/kernel/crypto/cmac.ko
./usr/lib/modules/3.18.28/kernel/crypto/ctr.ko
./usr/lib/modules/3.18.28/kernel/crypto/cts.ko
./usr/lib/modules/3.18.28/kernel/crypto/ecb.ko
./usr/lib/modules/3.18.28/kernel/crypto/gf128mul.ko
./usr/lib/modules/3.18.28/kernel/crypto/seqiv.ko
./usr/lib/modules/3.18.28/kernel/crypto/sha1_generic.ko
./usr/lib/modules/3.18.28/kernel/crypto/twofish_common.ko
./usr/lib/modules/3.18.28/kernel/crypto/twofish_generic.ko
./usr/lib/modules/3.18.28/kernel/crypto/xts.ko
./usr/lib/modules/3.18.28/kernel/drivers/char/hw_random/rng-core.ko
./usr/lib/modules/3.18.28/kernel/drivers/crypto/mv_cesa.ko
./usr/lib/modules/3.18.28/kernel/drivers/md/dm-bufio.ko
./usr/lib/modules/3.18.28/kernel/drivers/md/dm-crypt.ko
./usr/lib/modules/3.18.28/kernel/drivers/md/dm-log.ko
./usr/lib/modules/3.18.28/kernel/drivers/md/dm-mirror.ko
./usr/lib/modules/3.18.28/kernel/drivers/md/dm-mod.ko
./usr/lib/modules/3.18.28/kernel/drivers/md/dm-region-hash.ko
./usr/lib/modules/3.18.28/kernel/drivers/md/dm-snapshot.ko
./usr/lib/modules/3.18.28/kernel/drivers/net/ppp/bsd_comp.ko
./usr/lib/modules/3.18.28/kernel/drivers/net/ppp/ppp_async.ko
./usr/lib/modules/3.18.28/kernel/drivers/net/ppp/ppp_deflate.ko
./usr/lib/modules/3.18.28/kernel/drivers/net/ppp/ppp_generic.ko
./usr/lib/modules/3.18.28/kernel/drivers/net/ppp/ppp_mppe.ko
./usr/lib/modules/3.18.28/kernel/drivers/net/ppp/pppoe.ko
./usr/lib/modules/3.18.28/kernel/drivers/net/ppp/pppox.ko
./usr/lib/modules/3.18.28/kernel/drivers/net/ppp/ppp_synctty.ko
./usr/lib/modules/3.18.28/kernel/drivers/net/slip/slhc.ko
./usr/lib/modules/3.18.28/kernel/drivers/net/tun.ko
./usr/lib/modules/3.18.28/kernel/drivers/usb/class/cdc-acm.ko
./usr/lib/modules/3.18.28/kernel/drivers/usb/class/cdc-wdm.ko
./usr/lib/modules/3.18.28/kernel/drivers/usb/class/usblp.ko
./usr/lib/modules/3.18.28/kernel/drivers/usb/serial/aircable.ko
./usr/lib/modules/3.18.28/kernel/drivers/usb/serial/ark3116.ko
./usr/lib/modules/3.18.28/kernel/drivers/usb/serial/belkin_sa.ko
./usr/lib/modules/3.18.28/kernel/drivers/usb/serial/ch341.ko
./usr/lib/modules/3.18.28/kernel/drivers/usb/serial/cp210x.ko
./usr/lib/modules/3.18.28/kernel/drivers/usb/serial/cyberjack.ko
./usr/lib/modules/3.18.28/kernel/drivers/usb/serial/cypress_m8.ko
./usr/lib/modules/3.18.28/kernel/drivers/usb/serial/digi_acceleport.ko
./usr/lib/modules/3.18.28/kernel/drivers/usb/serial/empeg.ko
./usr/lib/modules/3.18.28/kernel/drivers/usb/serial/f81232.ko
./usr/lib/modules/3.18.28/kernel/drivers/usb/serial/ftdi_sio.ko
./usr/lib/modules/3.18.28/kernel/drivers/usb/serial/garmin_gps.ko
./usr/lib/modules/3.18.28/kernel/drivers/usb/serial/io_edgeport.ko
./usr/lib/modules/3.18.28/kernel/drivers/usb/serial/io_ti.ko
./usr/lib/modules/3.18.28/kernel/drivers/usb/serial/ipaq.ko
./usr/lib/modules/3.18.28/kernel/drivers/usb/serial/ipw.ko
./usr/lib/modules/3.18.28/kernel/drivers/usb/serial/ir-usb.ko
./usr/lib/modules/3.18.28/kernel/drivers/usb/serial/iuu_phoenix.ko
./usr/lib/modules/3.18.28/kernel/drivers/usb/serial/kl5kusb105.ko
./usr/lib/modules/3.18.28/kernel/drivers/usb/serial/kobil_sct.ko
./usr/lib/modules/3.18.28/kernel/drivers/usb/serial/mct_u232.ko
./usr/lib/modules/3.18.28/kernel/drivers/usb/serial/metro-usb.ko
./usr/lib/modules/3.18.28/kernel/drivers/usb/serial/mos7720.ko
./usr/lib/modules/3.18.28/kernel/drivers/usb/serial/mos7840.ko
./usr/lib/modules/3.18.28/kernel/drivers/usb/serial/mxuport.ko
./usr/lib/modules/3.18.28/kernel/drivers/usb/serial/navman.ko
./usr/lib/modules/3.18.28/kernel/drivers/usb/serial/omninet.ko
./usr/lib/modules/3.18.28/kernel/drivers/usb/serial/opticon.ko
./usr/lib/modules/3.18.28/kernel/drivers/usb/serial/option.ko
./usr/lib/modules/3.18.28/kernel/drivers/usb/serial/oti6858.ko
./usr/lib/modules/3.18.28/kernel/drivers/usb/serial/pl2303.ko
./usr/lib/modules/3.18.28/kernel/drivers/usb/serial/qcaux.ko
./usr/lib/modules/3.18.28/kernel/drivers/usb/serial/qcserial.ko
./usr/lib/modules/3.18.28/kernel/drivers/usb/serial/quatech2.ko
./usr/lib/modules/3.18.28/kernel/drivers/usb/serial/sierra.ko
./usr/lib/modules/3.18.28/kernel/drivers/usb/serial/spcp8x5.ko
./usr/lib/modules/3.18.28/kernel/drivers/usb/serial/ssu100.ko
./usr/lib/modules/3.18.28/kernel/drivers/usb/serial/symbolserial.ko
./usr/lib/modules/3.18.28/kernel/drivers/usb/serial/ti_usb_3410_5052.ko
./usr/lib/modules/3.18.28/kernel/drivers/usb/serial/usbserial.ko
./usr/lib/modules/3.18.28/kernel/drivers/usb/serial/usb_wwan.ko
./usr/lib/modules/3.18.28/kernel/drivers/usb/serial/visor.ko
./usr/lib/modules/3.18.28/kernel/drivers/usb/serial/wishbone-serial.ko
./usr/lib/modules/3.18.28/kernel/drivers/usb/serial/xsens_mt.ko
./usr/lib/modules/3.18.28/kernel/drivers/usb/storage/uas.ko
./usr/lib/modules/3.18.28/kernel/drivers/usb/storage/ums-alauda.ko
./usr/lib/modules/3.18.28/kernel/drivers/usb/storage/ums-cypress.ko
./usr/lib/modules/3.18.28/kernel/drivers/usb/storage/ums-datafab.ko
./usr/lib/modules/3.18.28/kernel/drivers/usb/storage/ums-eneub6250.ko
./usr/lib/modules/3.18.28/kernel/drivers/usb/storage/ums-freecom.ko
./usr/lib/modules/3.18.28/kernel/drivers/usb/storage/ums-isd200.ko
./usr/lib/modules/3.18.28/kernel/drivers/usb/storage/ums-jumpshot.ko
./usr/lib/modules/3.18.28/kernel/drivers/usb/storage/ums-karma.ko
./usr/lib/modules/3.18.28/kernel/drivers/usb/storage/ums-onetouch.ko
./usr/lib/modules/3.18.28/kernel/drivers/usb/storage/ums-realtek.ko
./usr/lib/modules/3.18.28/kernel/drivers/usb/storage/ums-sddr09.ko
./usr/lib/modules/3.18.28/kernel/drivers/usb/storage/ums-sddr55.ko
./usr/lib/modules/3.18.28/kernel/drivers/usb/storage/ums-usbat.ko
./usr/lib/modules/3.18.28/kernel/fs/btrfs/btrfs.ko
./usr/lib/modules/3.18.28/kernel/fs/cifs/cifs.ko
./usr/lib/modules/3.18.28/kernel/fs/exportfs/exportfs.ko
./usr/lib/modules/3.18.28/kernel/fs/hfs/hfs.ko
./usr/lib/modules/3.18.28/kernel/fs/hfsplus/hfsplus.ko
./usr/lib/modules/3.18.28/kernel/fs/isofs/isofs.ko
./usr/lib/modules/3.18.28/kernel/fs/jfs/jfs.ko
./usr/lib/modules/3.18.28/kernel/fs/lockd/lockd.ko
./usr/lib/modules/3.18.28/kernel/fs/nfs_common/grace.ko
./usr/lib/modules/3.18.28/kernel/fs/nfsd/nfsd.ko
./usr/lib/modules/3.18.28/kernel/fs/nfs/nfs.ko
./usr/lib/modules/3.18.28/kernel/fs/nfs/nfsv2.ko
./usr/lib/modules/3.18.28/kernel/fs/nfs/nfsv3.ko
./usr/lib/modules/3.18.28/kernel/fs/quota/quota_tree.ko
./usr/lib/modules/3.18.28/kernel/fs/quota/quota_v2.ko
./usr/lib/modules/3.18.28/kernel/fs/udf/udf.ko
./usr/lib/modules/3.18.28/kernel/fs/xfs/xfs.ko
./usr/lib/modules/3.18.28/kernel/lib/crc-ccitt.ko
./usr/lib/modules/3.18.28/kernel/lib/crc-itu-t.ko
./usr/lib/modules/3.18.28/kernel/lib/libcrc32c.ko
./usr/lib/modules/3.18.28/kernel/net/8021q/8021q.ko
./usr/lib/modules/3.18.28/kernel/net/802/p8022.ko
./usr/lib/modules/3.18.28/kernel/net/802/psnap.ko
./usr/lib/modules/3.18.28/kernel/net/802/stp.ko
./usr/lib/modules/3.18.28/kernel/net/appletalk/appletalk.ko
./usr/lib/modules/3.18.28/kernel/net/bridge/bridge.ko
./usr/lib/modules/3.18.28/kernel/net/ipv4/ah4.ko
./usr/lib/modules/3.18.28/kernel/net/ipv4/esp4.ko
./usr/lib/modules/3.18.28/kernel/net/ipv4/ipcomp.ko
./usr/lib/modules/3.18.28/kernel/net/ipv4/ip_tunnel.ko
./usr/lib/modules/3.18.28/kernel/net/ipv4/netfilter/iptable_filter.ko
./usr/lib/modules/3.18.28/kernel/net/ipv4/netfilter/iptable_mangle.ko
./usr/lib/modules/3.18.28/kernel/net/ipv4/netfilter/iptable_nat.ko
./usr/lib/modules/3.18.28/kernel/net/ipv4/netfilter/ip_tables.ko
./usr/lib/modules/3.18.28/kernel/net/ipv4/netfilter/ipt_MASQUERADE.ko
./usr/lib/modules/3.18.28/kernel/net/ipv4/netfilter/ipt_REJECT.ko
./usr/lib/modules/3.18.28/kernel/net/ipv4/netfilter/nf_conntrack_ipv4.ko
./usr/lib/modules/3.18.28/kernel/net/ipv4/netfilter/nf_defrag_ipv4.ko
./usr/lib/modules/3.18.28/kernel/net/ipv4/netfilter/nf_log_arp.ko
./usr/lib/modules/3.18.28/kernel/net/ipv4/netfilter/nf_log_ipv4.ko
./usr/lib/modules/3.18.28/kernel/net/ipv4/netfilter/nf_nat_ipv4.ko
./usr/lib/modules/3.18.28/kernel/net/ipv4/netfilter/nf_nat_masquerade_ipv4.ko
./usr/lib/modules/3.18.28/kernel/net/ipv4/netfilter/nf_reject_ipv4.ko
./usr/lib/modules/3.18.28/kernel/net/ipv4/tunnel4.ko
./usr/lib/modules/3.18.28/kernel/net/ipv4/xfrm4_mode_beet.ko
./usr/lib/modules/3.18.28/kernel/net/ipv4/xfrm4_mode_transport.ko
./usr/lib/modules/3.18.28/kernel/net/ipv4/xfrm4_mode_tunnel.ko
./usr/lib/modules/3.18.28/kernel/net/ipv4/xfrm4_tunnel.ko
./usr/lib/modules/3.18.28/kernel/net/ipv6/ah6.ko
./usr/lib/modules/3.18.28/kernel/net/ipv6/esp6.ko
./usr/lib/modules/3.18.28/kernel/net/ipv6/ipcomp6.ko
./usr/lib/modules/3.18.28/kernel/net/ipv6/ipv6.ko
./usr/lib/modules/3.18.28/kernel/net/ipv6/netfilter/ip6table_filter.ko
./usr/lib/modules/3.18.28/kernel/net/ipv6/netfilter/ip6table_mangle.ko
./usr/lib/modules/3.18.28/kernel/net/ipv6/netfilter/ip6_tables.ko
./usr/lib/modules/3.18.28/kernel/net/ipv6/netfilter/ip6t_ipv6header.ko
./usr/lib/modules/3.18.28/kernel/net/ipv6/netfilter/ip6t_REJECT.ko
./usr/lib/modules/3.18.28/kernel/net/ipv6/netfilter/nf_conntrack_ipv6.ko
./usr/lib/modules/3.18.28/kernel/net/ipv6/netfilter/nf_defrag_ipv6.ko
./usr/lib/modules/3.18.28/kernel/net/ipv6/netfilter/nf_log_ipv6.ko
./usr/lib/modules/3.18.28/kernel/net/ipv6/netfilter/nf_reject_ipv6.ko
./usr/lib/modules/3.18.28/kernel/net/ipv6/sit.ko
./usr/lib/modules/3.18.28/kernel/net/ipv6/tunnel6.ko
./usr/lib/modules/3.18.28/kernel/net/ipv6/xfrm6_mode_beet.ko
./usr/lib/modules/3.18.28/kernel/net/ipv6/xfrm6_mode_transport.ko
./usr/lib/modules/3.18.28/kernel/net/ipv6/xfrm6_mode_tunnel.ko
./usr/lib/modules/3.18.28/kernel/net/ipv6/xfrm6_tunnel.ko
./usr/lib/modules/3.18.28/kernel/net/key/af_key.ko
./usr/lib/modules/3.18.28/kernel/net/llc/llc.ko
./usr/lib/modules/3.18.28/kernel/net/netfilter/nf_conntrack_broadcast.ko
./usr/lib/modules/3.18.28/kernel/net/netfilter/nf_conntrack_ftp.ko
./usr/lib/modules/3.18.28/kernel/net/netfilter/nf_conntrack_irc.ko
./usr/lib/modules/3.18.28/kernel/net/netfilter/nf_conntrack.ko
./usr/lib/modules/3.18.28/kernel/net/netfilter/nf_conntrack_netbios_ns.ko
./usr/lib/modules/3.18.28/kernel/net/netfilter/nf_conntrack_netlink.ko
./usr/lib/modules/3.18.28/kernel/net/netfilter/nf_conntrack_sip.ko
./usr/lib/modules/3.18.28/kernel/net/netfilter/nf_log_common.ko
./usr/lib/modules/3.18.28/kernel/net/netfilter/nf_nat_ftp.ko
./usr/lib/modules/3.18.28/kernel/net/netfilter/nf_nat_irc.ko
./usr/lib/modules/3.18.28/kernel/net/netfilter/nf_nat.ko
./usr/lib/modules/3.18.28/kernel/net/netfilter/nf_nat_sip.ko
./usr/lib/modules/3.18.28/kernel/net/netfilter/nfnetlink.ko
./usr/lib/modules/3.18.28/kernel/net/netfilter/nfnetlink_log.ko
./usr/lib/modules/3.18.28/kernel/net/netfilter/x_tables.ko
./usr/lib/modules/3.18.28/kernel/net/netfilter/xt_conntrack.ko
./usr/lib/modules/3.18.28/kernel/net/netfilter/xt_LOG.ko
./usr/lib/modules/3.18.28/kernel/net/netfilter/xt_mark.ko
./usr/lib/modules/3.18.28/kernel/net/netfilter/xt_nat.ko
./usr/lib/modules/3.18.28/kernel/net/netfilter/xt_NETMAP.ko
./usr/lib/modules/3.18.28/kernel/net/netfilter/xt_NFLOG.ko
./usr/lib/modules/3.18.28/kernel/net/netfilter/xt_policy.ko
./usr/lib/modules/3.18.28/kernel/net/netfilter/xt_REDIRECT.ko
./usr/lib/modules/3.18.28/kernel/net/netfilter/xt_state.ko
./usr/lib/modules/3.18.28/kernel/net/netfilter/xt_TCPMSS.ko
./usr/lib/modules/3.18.28/kernel/net/netfilter/xt_tcpudp.ko
./usr/lib/modules/3.18.28/kernel/net/sunrpc/sunrpc.ko
./usr/lib/modules/3.18.28/kernel/net/xfrm/xfrm_algo.ko
./usr/lib/modules/3.18.28/kernel/net/xfrm/xfrm_ipcomp.ko
./usr/lib/modules/3.18.28/kernel/sound/core/oss/snd-mixer-oss.ko
./usr/lib/modules/3.18.28/kernel/sound/core/oss/snd-pcm-oss.ko
./usr/lib/modules/3.18.28/kernel/sound/core/seq/oss/snd-seq-oss.ko
./usr/lib/modules/3.18.28/kernel/sound/core/seq/snd-seq-device.ko
./usr/lib/modules/3.18.28/kernel/sound/core/seq/snd-seq.ko
./usr/lib/modules/3.18.28/kernel/sound/core/seq/snd-seq-midi-event.ko
./usr/lib/modules/3.18.28/kernel/sound/core/seq/snd-seq-midi.ko
./usr/lib/modules/3.18.28/kernel/sound/core/snd-hwdep.ko
./usr/lib/modules/3.18.28/kernel/sound/core/snd.ko
./usr/lib/modules/3.18.28/kernel/sound/core/snd-pcm.ko
./usr/lib/modules/3.18.28/kernel/sound/core/snd-rawmidi.ko
./usr/lib/modules/3.18.28/kernel/sound/core/snd-timer.ko
./usr/lib/modules/3.18.28/kernel/sound/drivers/snd-dummy.ko
./usr/lib/modules/3.18.28/kernel/sound/soundcore.ko
./usr/lib/modules/3.18.28/kernel/sound/sound_firmware.ko
./usr/lib/modules/3.18.28/kernel/sound/usb/caiaq/snd-usb-caiaq.ko
./usr/lib/modules/3.18.28/kernel/sound/usb/misc/snd-ua101.ko
./usr/lib/modules/3.18.28/kernel/sound/usb/snd-usb-audio.ko
./usr/lib/modules/3.18.28/kernel/sound/usb/snd-usbmidi-lib.ko
./usr/lib/modules/3.18.28/modules.alias
./usr/lib/modules/3.18.28/modules.builtin
./usr/lib/modules/3.18.28/modules.ccwmap
./usr/lib/modules/3.18.28/modules.dep
./usr/lib/modules/3.18.28/modules.ieee1394map
./usr/lib/modules/3.18.28/modules.inputmap
./usr/lib/modules/3.18.28/modules.isapnpmap
./usr/lib/modules/3.18.28/modules.ofmap
./usr/lib/modules/3.18.28/modules.order
./usr/lib/modules/3.18.28/modules.pcimap
./usr/lib/modules/3.18.28/modules.seriomap
./usr/lib/modules/3.18.28/modules.symbols
./usr/lib/modules/3.18.28/modules.usbmap
