./usr/lib/python2.7/site-packages/lxml
./usr/lib/python2.7/site-packages/lxml-4.4.1-py2.7.egg-info
./usr/lib/python2.7/site-packages/lxml-4.4.1-py2.7.egg-info/dependency_links.txt
./usr/lib/python2.7/site-packages/lxml-4.4.1-py2.7.egg-info/not-zip-safe
./usr/lib/python2.7/site-packages/lxml-4.4.1-py2.7.egg-info/PKG-INFO
./usr/lib/python2.7/site-packages/lxml-4.4.1-py2.7.egg-info/requires.txt
./usr/lib/python2.7/site-packages/lxml-4.4.1-py2.7.egg-info/SOURCES.txt
./usr/lib/python2.7/site-packages/lxml-4.4.1-py2.7.egg-info/top_level.txt
./usr/lib/python2.7/site-packages/lxml/builder.py
./usr/lib/python2.7/site-packages/lxml/builder.so
./usr/lib/python2.7/site-packages/lxml/cssselect.py
./usr/lib/python2.7/site-packages/lxml/doctestcompare.py
./usr/lib/python2.7/site-packages/lxml/ElementInclude.py
./usr/lib/python2.7/site-packages/lxml/_elementpath.py
./usr/lib/python2.7/site-packages/lxml/_elementpath.so
./usr/lib/python2.7/site-packages/lxml/etree_api.h
./usr/lib/python2.7/site-packages/lxml/etree.h
./usr/lib/python2.7/site-packages/lxml/etree.so
./usr/lib/python2.7/site-packages/lxml/html
./usr/lib/python2.7/site-packages/lxml/html/builder.py
./usr/lib/python2.7/site-packages/lxml/html/clean.py
./usr/lib/python2.7/site-packages/lxml/html/clean.so
./usr/lib/python2.7/site-packages/lxml/html/defs.py
./usr/lib/python2.7/site-packages/lxml/html/_diffcommand.py
./usr/lib/python2.7/site-packages/lxml/html/diff.py
./usr/lib/python2.7/site-packages/lxml/html/diff.so
./usr/lib/python2.7/site-packages/lxml/html/ElementSoup.py
./usr/lib/python2.7/site-packages/lxml/html/formfill.py
./usr/lib/python2.7/site-packages/lxml/html/_html5builder.py
./usr/lib/python2.7/site-packages/lxml/html/html5parser.py
./usr/lib/python2.7/site-packages/lxml/html/__init__.py
./usr/lib/python2.7/site-packages/lxml/html/_setmixin.py
./usr/lib/python2.7/site-packages/lxml/html/soupparser.py
./usr/lib/python2.7/site-packages/lxml/html/usedoctest.py
./usr/lib/python2.7/site-packages/lxml/includes
./usr/lib/python2.7/site-packages/lxml/includes/c14n.pxd
./usr/lib/python2.7/site-packages/lxml/includes/config.pxd
./usr/lib/python2.7/site-packages/lxml/includes/dtdvalid.pxd
./usr/lib/python2.7/site-packages/lxml/includes/etree_defs.h
./usr/lib/python2.7/site-packages/lxml/includes/etreepublic.pxd
./usr/lib/python2.7/site-packages/lxml/includes/htmlparser.pxd
./usr/lib/python2.7/site-packages/lxml/includes/__init__.pxd
./usr/lib/python2.7/site-packages/lxml/includes/__init__.py
./usr/lib/python2.7/site-packages/lxml/includes/lxml-version.h
./usr/lib/python2.7/site-packages/lxml/includes/relaxng.pxd
./usr/lib/python2.7/site-packages/lxml/includes/schematron.pxd
./usr/lib/python2.7/site-packages/lxml/includes/tree.pxd
./usr/lib/python2.7/site-packages/lxml/includes/uri.pxd
./usr/lib/python2.7/site-packages/lxml/includes/xinclude.pxd
./usr/lib/python2.7/site-packages/lxml/includes/xmlerror.pxd
./usr/lib/python2.7/site-packages/lxml/includes/xmlparser.pxd
./usr/lib/python2.7/site-packages/lxml/includes/xmlschema.pxd
./usr/lib/python2.7/site-packages/lxml/includes/xpath.pxd
./usr/lib/python2.7/site-packages/lxml/includes/xslt.pxd
./usr/lib/python2.7/site-packages/lxml/__init__.py
./usr/lib/python2.7/site-packages/lxml/isoschematron
./usr/lib/python2.7/site-packages/lxml/isoschematron/__init__.py
./usr/lib/python2.7/site-packages/lxml/isoschematron/resources
./usr/lib/python2.7/site-packages/lxml/isoschematron/resources/rng
./usr/lib/python2.7/site-packages/lxml/isoschematron/resources/rng/iso-schematron.rng
./usr/lib/python2.7/site-packages/lxml/isoschematron/resources/xsl
./usr/lib/python2.7/site-packages/lxml/isoschematron/resources/xsl/iso-schematron-xslt1
./usr/lib/python2.7/site-packages/lxml/isoschematron/resources/xsl/iso-schematron-xslt1/iso_abstract_expand.xsl
./usr/lib/python2.7/site-packages/lxml/isoschematron/resources/xsl/iso-schematron-xslt1/iso_dsdl_include.xsl
./usr/lib/python2.7/site-packages/lxml/isoschematron/resources/xsl/iso-schematron-xslt1/iso_schematron_message.xsl
./usr/lib/python2.7/site-packages/lxml/isoschematron/resources/xsl/iso-schematron-xslt1/iso_schematron_skeleton_for_xslt1.xsl
./usr/lib/python2.7/site-packages/lxml/isoschematron/resources/xsl/iso-schematron-xslt1/iso_svrl_for_xslt1.xsl
./usr/lib/python2.7/site-packages/lxml/isoschematron/resources/xsl/iso-schematron-xslt1/readme.txt
./usr/lib/python2.7/site-packages/lxml/isoschematron/resources/xsl/RNG2Schtrn.xsl
./usr/lib/python2.7/site-packages/lxml/isoschematron/resources/xsl/XSD2Schtrn.xsl
./usr/lib/python2.7/site-packages/lxml/lxml.etree_api.h
./usr/lib/python2.7/site-packages/lxml/lxml.etree.h
./usr/lib/python2.7/site-packages/lxml/objectify.so
./usr/lib/python2.7/site-packages/lxml/pyclasslookup.py
./usr/lib/python2.7/site-packages/lxml/sax.py
./usr/lib/python2.7/site-packages/lxml/sax.so
./usr/lib/python2.7/site-packages/lxml/usedoctest.py
