./etc/mc
./etc/mc/edit.indent.rc
./etc/mc/edit.spell.rc
./etc/mc/filehighlight.ini
./etc/mc/mcedit.menu
./etc/mc/mc.ext
./etc/mc/mc.keymap
./etc/mc/mc.keymap.default
./etc/mc/mc.keymap.emacs
./etc/mc/mc.menu
./etc/mc/mc.menu.sr
./etc/mc/sfs.ini
./usr/bin/mc
./usr/bin/mcdiff
./usr/bin/mcedit
./usr/bin/mcview
./usr/lib/mc
./usr/lib/mc/cons.saver
./usr/lib/mc/extfs.d
./usr/lib/mc/extfs.d/a+
./usr/lib/mc/extfs.d/apt+
./usr/lib/mc/extfs.d/audio
./usr/lib/mc/extfs.d/bpp
./usr/lib/mc/extfs.d/changesetfs
./usr/lib/mc/extfs.d/deb
./usr/lib/mc/extfs.d/deba
./usr/lib/mc/extfs.d/debd
./usr/lib/mc/extfs.d/dpkg+
./usr/lib/mc/extfs.d/gitfs+
./usr/lib/mc/extfs.d/hp48+
./usr/lib/mc/extfs.d/iso9660
./usr/lib/mc/extfs.d/lslR
./usr/lib/mc/extfs.d/mailfs
./usr/lib/mc/extfs.d/patchfs
./usr/lib/mc/extfs.d/patchsetfs
./usr/lib/mc/extfs.d/README
./usr/lib/mc/extfs.d/README.extfs
./usr/lib/mc/extfs.d/rpm
./usr/lib/mc/extfs.d/rpms+
./usr/lib/mc/extfs.d/s3+
./usr/lib/mc/extfs.d/trpm
./usr/lib/mc/extfs.d/u7z
./usr/lib/mc/extfs.d/uace
./usr/lib/mc/extfs.d/ualz
./usr/lib/mc/extfs.d/uar
./usr/lib/mc/extfs.d/uarc
./usr/lib/mc/extfs.d/uarj
./usr/lib/mc/extfs.d/uc1541
./usr/lib/mc/extfs.d/ucab
./usr/lib/mc/extfs.d/uha
./usr/lib/mc/extfs.d/ulha
./usr/lib/mc/extfs.d/urar
./usr/lib/mc/extfs.d/uzip
./usr/lib/mc/extfs.d/uzoo
./usr/lib/mc/fish
./usr/lib/mc/fish/append
./usr/lib/mc/fish/chmod
./usr/lib/mc/fish/chown
./usr/lib/mc/fish/fexists
./usr/lib/mc/fish/get
./usr/lib/mc/fish/hardlink
./usr/lib/mc/fish/info
./usr/lib/mc/fish/ln
./usr/lib/mc/fish/ls
./usr/lib/mc/fish/mkdir
./usr/lib/mc/fish/mv
./usr/lib/mc/fish/README.fish
./usr/lib/mc/fish/rmdir
./usr/lib/mc/fish/send
./usr/lib/mc/fish/unlink
./usr/lib/mc/fish/utime
./usr/lib/mc/mc.csh
./usr/lib/mc/mc.sh
./usr/lib/mc/mc-wrapper.csh
./usr/lib/mc/mc-wrapper.sh
./usr/share/mc
./usr/share/mc/examples
./usr/share/mc/examples/macros.d
./usr/share/mc/examples/macros.d/macro.0.sh
./usr/share/mc/examples/macros.d/macro.1.sh
./usr/share/mc/examples/macros.d/macro.3.sh
./usr/share/mc/examples/macros.d/macro.4.sh
./usr/share/mc/examples/macros.d/macro.5.sh
./usr/share/mc/examples/macros.d/macro.6.sh
./usr/share/mc/examples/macros.d/macro.7.sh
./usr/share/mc/help
./usr/share/mc/help/mc.hlp
./usr/share/mc/hints
./usr/share/mc/hints/mc.hint
./usr/share/mc/mc.charsets
./usr/share/mc/mc.lib
./usr/share/mc/skins
./usr/share/mc/skins/darkfar.ini
./usr/share/mc/skins/dark.ini
./usr/share/mc/skins/default.ini
./usr/share/mc/skins/double-lines.ini
./usr/share/mc/skins/featured.ini
./usr/share/mc/skins/gotar.ini
./usr/share/mc/skins/mc46.ini
./usr/share/mc/skins/nicedark.ini
./usr/share/mc/skins/sand256.ini
./usr/share/mc/skins/xoria256.ini
./usr/share/mc/syntax
./usr/share/mc/syntax/ada95.syntax
./usr/share/mc/syntax/aspx.syntax
./usr/share/mc/syntax/assembler.syntax
./usr/share/mc/syntax/as.syntax
./usr/share/mc/syntax/awk.syntax
./usr/share/mc/syntax/cabal.syntax
./usr/share/mc/syntax/changelog.syntax
./usr/share/mc/syntax/cmake.syntax
./usr/share/mc/syntax/css.syntax
./usr/share/mc/syntax/cs.syntax
./usr/share/mc/syntax/c.syntax
./usr/share/mc/syntax/cxx.syntax
./usr/share/mc/syntax/cython.syntax
./usr/share/mc/syntax/debian-changelog.syntax
./usr/share/mc/syntax/debian-control.syntax
./usr/share/mc/syntax/debian-description.syntax
./usr/share/mc/syntax/debian-sources-list.syntax
./usr/share/mc/syntax/diff.syntax
./usr/share/mc/syntax/dlink.syntax
./usr/share/mc/syntax/dos.syntax
./usr/share/mc/syntax/d.syntax
./usr/share/mc/syntax/ebuild.syntax
./usr/share/mc/syntax/eiffel.syntax
./usr/share/mc/syntax/erlang.syntax
./usr/share/mc/syntax/f90.syntax
./usr/share/mc/syntax/filehighlight.syntax
./usr/share/mc/syntax/fortran.syntax
./usr/share/mc/syntax/haskell.syntax
./usr/share/mc/syntax/html.syntax
./usr/share/mc/syntax/idl.syntax
./usr/share/mc/syntax/ini.syntax
./usr/share/mc/syntax/java.syntax
./usr/share/mc/syntax/js.syntax
./usr/share/mc/syntax/j.syntax
./usr/share/mc/syntax/latex.syntax
./usr/share/mc/syntax/lisp.syntax
./usr/share/mc/syntax/lsm.syntax
./usr/share/mc/syntax/lua.syntax
./usr/share/mc/syntax/m4.syntax
./usr/share/mc/syntax/mail.syntax
./usr/share/mc/syntax/makefile.syntax
./usr/share/mc/syntax/ml.syntax
./usr/share/mc/syntax/named.syntax
./usr/share/mc/syntax/nemerle.syntax
./usr/share/mc/syntax/nroff.syntax
./usr/share/mc/syntax/octave.syntax
./usr/share/mc/syntax/pascal.syntax
./usr/share/mc/syntax/perl.syntax
./usr/share/mc/syntax/php.syntax
./usr/share/mc/syntax/PKGBUILD.syntax
./usr/share/mc/syntax/po.syntax
./usr/share/mc/syntax/povray.syntax
./usr/share/mc/syntax/procmail.syntax
./usr/share/mc/syntax/properties.syntax
./usr/share/mc/syntax/python.syntax
./usr/share/mc/syntax/ruby.syntax
./usr/share/mc/syntax/sh.syntax
./usr/share/mc/syntax/slang.syntax
./usr/share/mc/syntax/smalltalk.syntax
./usr/share/mc/syntax/spec.syntax
./usr/share/mc/syntax/sql.syntax
./usr/share/mc/syntax/strace.syntax
./usr/share/mc/syntax/swig.syntax
./usr/share/mc/syntax/Syntax
./usr/share/mc/syntax/syntax.syntax
./usr/share/mc/syntax/tcl.syntax
./usr/share/mc/syntax/texinfo.syntax
./usr/share/mc/syntax/tt.syntax
./usr/share/mc/syntax/unknown.syntax
./usr/share/mc/syntax/verilog.syntax
./usr/share/mc/syntax/vhdl.syntax
./usr/share/mc/syntax/xml.syntax
./usr/share/mc/syntax/yum-repo.syntax
./usr/share/mc/syntax/yxx.syntax
