./etc/init.d/S51afpd
./etc/netatalk/afpd.conf
./etc/netatalk/AppleVolumes.default
./etc/netatalk/AppleVolumes.system
./etc/netatalk/atalkd.conf
./etc/netatalk/netatalk.conf
./etc/netatalk/papd.conf
./etc/netatalk/uams/uams_clrtxt.so
./etc/netatalk/uams/uams_dhx2_passwd.so
./etc/netatalk/uams/uams_dhx2.so
./etc/netatalk/uams/uams_dhx_passwd.so
./etc/netatalk/uams/uams_dhx.so
./etc/netatalk/uams/uams_guest.so
./etc/netatalk/uams/uams_passwd.so
./etc/netatalk/uams/uams_randnum.so
./usr/bin/ad
./usr/bin/add_netatalk_printer
./usr/bin/adv1tov2
./usr/bin/aecho
./usr/bin/afpldaptest
./usr/bin/afppasswd
./usr/bin/apple_dump
./usr/bin/asip-status.pl
./usr/bin/binheader
./usr/bin/cnid2_create
./usr/bin/dbd
./usr/bin/getzones
./usr/bin/hqx2bin
./usr/bin/lp2pap.sh
./usr/bin/macbinary
./usr/bin/macusers
./usr/bin/megatron
./usr/bin/nadheader
./usr/bin/nbplkup
./usr/bin/nbprgstr
./usr/bin/nbpunrgstr
./usr/bin/netatalk-config
./usr/bin/pap
./usr/bin/papstatus
./usr/bin/psorder
./usr/bin/showppd
./usr/bin/single2bin
./usr/bin/unbin
./usr/bin/unhex
./usr/bin/uniconv
./usr/bin/unsingle
./usr/lib/etc2ps.sh
./usr/lib/ifmpap
./usr/lib/ifmpaprev
./usr/lib/ifpap
./usr/lib/ifpaprev
./usr/lib/ifwmpap
./usr/lib/ifwmpaprev
./usr/lib/ifwpap
./usr/lib/ifwpaprev
./usr/lib/ofmpap
./usr/lib/ofpap
./usr/lib/ofwmpap
./usr/lib/ofwpap
./usr/lib/psa
./usr/lib/psf
./usr/lib/tfmpap
./usr/lib/tfmpaprev
./usr/lib/tfpap
./usr/lib/tfpaprev
./usr/lib/tfwmpap
./usr/lib/tfwmpaprev
./usr/lib/tfwpap
./usr/lib/tfwpaprev
./usr/sbin/afpd
./usr/sbin/atalkd
./usr/sbin/cnid_dbd
./usr/sbin/cnid_metad
./usr/sbin/papd
./usr/share/netatalk/pagecount.ps
./usr/www/cgi-bin/afpd.cgi
./usr/www/cgi-bin/afpd_proc.cgi
