./etc/nut.conf
./etc/ups.conf
./etc/upsd.conf
./etc/upsd.users
./etc/upsmon.conf
./etc/upssched.conf
./usr/bin/apcsmart
./usr/bin/bcmxcp
./usr/bin/bcmxcp_usb
./usr/bin/belkin
./usr/bin/belkinunv
./usr/bin/bestfcom
./usr/bin/bestfortress
./usr/bin/bestuferrups
./usr/bin/bestups
./usr/bin/blazer_ser
./usr/bin/blazer_usb
./usr/bin/clone
./usr/bin/clone-outlet
./usr/bin/dummy-ups
./usr/bin/etapro
./usr/bin/everups
./usr/bin/gamatronic
./usr/bin/genericups
./usr/bin/isbmex
./usr/bin/ivtscd
./usr/bin/liebert
./usr/bin/liebert-esp2
./usr/bin/masterguard
./usr/bin/metasys
./usr/bin/mge-shut
./usr/bin/mge-utalk
./usr/bin/microdowell
./usr/bin/netxml-ups
./usr/bin/newmge-shut
./usr/bin/oneac
./usr/bin/optiups
./usr/bin/powercom
./usr/bin/powerpanel
./usr/bin/rhino
./usr/bin/richcomm_usb
./usr/bin/safenet
./usr/bin/skel
./usr/bin/snmp-ups
./usr/bin/solis
./usr/bin/tripplite
./usr/bin/tripplitesu
./usr/bin/tripplite_usb
./usr/bin/upsc
./usr/bin/upscmd
./usr/bin/upscode2
./usr/bin/upsdrvctl
./usr/bin/upslog
./usr/bin/upsrw
./usr/bin/upssched-cmd
./usr/bin/usbhid-ups
./usr/bin/victronups
./usr/lib/libupsclient.so
./usr/lib/libupsclient.so.1
./usr/lib/libupsclient.so.1.0.0
./usr/sbin/upsd
./usr/sbin/upsmon
./usr/sbin/upssched
./usr/share/cmdvartab
./usr/share/driver.list
