./etc/init.d/S41openvpn
./usr/sbin/openvpn
./usr/share/openvpn
./usr/share/openvpn/contrib
./usr/share/openvpn/contrib/multilevel-init.patch
./usr/share/openvpn/contrib/OCSP_check
./usr/share/openvpn/contrib/OCSP_check/OCSP_check.sh
./usr/share/openvpn/contrib/openvpn-fwmarkroute-1.00
./usr/share/openvpn/contrib/openvpn-fwmarkroute-1.00/fwmarkroute.down
./usr/share/openvpn/contrib/openvpn-fwmarkroute-1.00/fwmarkroute.up
./usr/share/openvpn/contrib/openvpn-fwmarkroute-1.00/README
./usr/share/openvpn/contrib/pull-resolv-conf
./usr/share/openvpn/contrib/pull-resolv-conf/client.down
./usr/share/openvpn/contrib/pull-resolv-conf/client.up
./usr/share/openvpn/contrib/README
./usr/share/openvpn/sample-config-files
./usr/share/openvpn/sample-config-files/client.conf
./usr/share/openvpn/sample-config-files/firewall.sh
./usr/share/openvpn/sample-config-files/home.up
./usr/share/openvpn/sample-config-files/loopback-client
./usr/share/openvpn/sample-config-files/loopback-server
./usr/share/openvpn/sample-config-files/office.up
./usr/share/openvpn/sample-config-files/openvpn-shutdown.sh
./usr/share/openvpn/sample-config-files/openvpn-startup.sh
./usr/share/openvpn/sample-config-files/README
./usr/share/openvpn/sample-config-files/server.conf
./usr/share/openvpn/sample-config-files/static-home.conf
./usr/share/openvpn/sample-config-files/static-office.conf
./usr/share/openvpn/sample-config-files/tls-home.conf
./usr/share/openvpn/sample-config-files/tls-office.conf
./usr/share/openvpn/sample-config-files/xinetd-client-config
./usr/share/openvpn/sample-config-files/xinetd-server-config
./usr/share/openvpn/sample-keys
./usr/share/openvpn/sample-keys/ca.crt
./usr/share/openvpn/sample-keys/ca.key
./usr/share/openvpn/sample-keys/client.crt
./usr/share/openvpn/sample-keys/client-ec.crt
./usr/share/openvpn/sample-keys/client-ec.key
./usr/share/openvpn/sample-keys/client.key
./usr/share/openvpn/sample-keys/client.p12
./usr/share/openvpn/sample-keys/client-pass.key
./usr/share/openvpn/sample-keys/dh2048.pem
./usr/share/openvpn/sample-keys/gen-sample-keys.sh
./usr/share/openvpn/sample-keys/openssl.cnf
./usr/share/openvpn/sample-keys/README
./usr/share/openvpn/sample-keys/server.crt
./usr/share/openvpn/sample-keys/server-ec.crt
./usr/share/openvpn/sample-keys/server-ec.key
./usr/share/openvpn/sample-keys/server.key
./usr/share/openvpn/sample-keys/ta.key
./usr/share/openvpn/sample-scripts
./usr/share/openvpn/sample-scripts/auth-pam.pl
./usr/share/openvpn/sample-scripts/bridge-start
./usr/share/openvpn/sample-scripts/bridge-stop
./usr/share/openvpn/sample-scripts/ucn.pl
./usr/share/openvpn/sample-scripts/verify-cn
