./etc/init.d/S41openvpn
./etc/openvpn/server.conf
./usr/sbin/openvpn
./usr/share/openvpn
./usr/share/openvpn/easy-rsa
./usr/share/openvpn/easy-rsa/1.0
./usr/share/openvpn/easy-rsa/1.0/build-ca
./usr/share/openvpn/easy-rsa/1.0/build-dh
./usr/share/openvpn/easy-rsa/1.0/build-inter
./usr/share/openvpn/easy-rsa/1.0/build-key
./usr/share/openvpn/easy-rsa/1.0/build-key-pass
./usr/share/openvpn/easy-rsa/1.0/build-key-pkcs12
./usr/share/openvpn/easy-rsa/1.0/build-key-server
./usr/share/openvpn/easy-rsa/1.0/build-req
./usr/share/openvpn/easy-rsa/1.0/build-req-pass
./usr/share/openvpn/easy-rsa/1.0/clean-all
./usr/share/openvpn/easy-rsa/1.0/list-crl
./usr/share/openvpn/easy-rsa/1.0/make-crl
./usr/share/openvpn/easy-rsa/1.0/openssl.cnf
./usr/share/openvpn/easy-rsa/1.0/README
./usr/share/openvpn/easy-rsa/1.0/revoke-crt
./usr/share/openvpn/easy-rsa/1.0/revoke-full
./usr/share/openvpn/easy-rsa/1.0/sign-req
./usr/share/openvpn/easy-rsa/1.0/vars
./usr/share/openvpn/easy-rsa/2.0
./usr/share/openvpn/easy-rsa/2.0/build-ca
./usr/share/openvpn/easy-rsa/2.0/build-dh
./usr/share/openvpn/easy-rsa/2.0/build-inter
./usr/share/openvpn/easy-rsa/2.0/build-key
./usr/share/openvpn/easy-rsa/2.0/build-key-pass
./usr/share/openvpn/easy-rsa/2.0/build-key-pkcs12
./usr/share/openvpn/easy-rsa/2.0/build-key-server
./usr/share/openvpn/easy-rsa/2.0/build-req
./usr/share/openvpn/easy-rsa/2.0/build-req-pass
./usr/share/openvpn/easy-rsa/2.0/clean-all
./usr/share/openvpn/easy-rsa/2.0/inherit-inter
./usr/share/openvpn/easy-rsa/2.0/list-crl
./usr/share/openvpn/easy-rsa/2.0/Makefile
./usr/share/openvpn/easy-rsa/2.0/openssl-0.9.6.cnf
./usr/share/openvpn/easy-rsa/2.0/openssl-0.9.8.cnf
./usr/share/openvpn/easy-rsa/2.0/openssl-1.0.0.cnf
./usr/share/openvpn/easy-rsa/2.0/openssl-1.0.0.cnf-old-copy
./usr/share/openvpn/easy-rsa/2.0/pkitool
./usr/share/openvpn/easy-rsa/2.0/README
./usr/share/openvpn/easy-rsa/2.0/revoke-full
./usr/share/openvpn/easy-rsa/2.0/sign-req
./usr/share/openvpn/easy-rsa/2.0/tmp
./usr/share/openvpn/easy-rsa/2.0/tmp/build-ca
./usr/share/openvpn/easy-rsa/2.0/tmp/build-dh
./usr/share/openvpn/easy-rsa/2.0/tmp/build-inter
./usr/share/openvpn/easy-rsa/2.0/tmp/build-key
./usr/share/openvpn/easy-rsa/2.0/tmp/build-key-pass
./usr/share/openvpn/easy-rsa/2.0/tmp/build-key-pkcs12
./usr/share/openvpn/easy-rsa/2.0/tmp/build-key-server
./usr/share/openvpn/easy-rsa/2.0/tmp/build-req
./usr/share/openvpn/easy-rsa/2.0/tmp/build-req-pass
./usr/share/openvpn/easy-rsa/2.0/tmp/clean-all
./usr/share/openvpn/easy-rsa/2.0/tmp/file
./usr/share/openvpn/easy-rsa/2.0/tmp/inherit-inter
./usr/share/openvpn/easy-rsa/2.0/tmp/list-crl
./usr/share/openvpn/easy-rsa/2.0/tmp/openssl-0.9.6.cnf
./usr/share/openvpn/easy-rsa/2.0/tmp/openssl-1.0.0.cnf
./usr/share/openvpn/easy-rsa/2.0/tmp/pkitool
./usr/share/openvpn/easy-rsa/2.0/tmp/README
./usr/share/openvpn/easy-rsa/2.0/tmp/revoke-full
./usr/share/openvpn/easy-rsa/2.0/tmp/sign-req
./usr/share/openvpn/easy-rsa/2.0/tmp/vars
./usr/share/openvpn/easy-rsa/2.0/tmp/whichopensslcnf
./usr/share/openvpn/easy-rsa/2.0/vars
./usr/share/openvpn/easy-rsa/2.0/whichopensslcnf
./usr/share/openvpn/easy-rsa/Windows
./usr/share/openvpn/easy-rsa/Windows/build-ca.bat
./usr/share/openvpn/easy-rsa/Windows/build-ca-pass.bat
./usr/share/openvpn/easy-rsa/Windows/build-dh.bat
./usr/share/openvpn/easy-rsa/Windows/build-key.bat
./usr/share/openvpn/easy-rsa/Windows/build-key-pass.bat
./usr/share/openvpn/easy-rsa/Windows/build-key-pkcs12.bat
./usr/share/openvpn/easy-rsa/Windows/build-key-server.bat
./usr/share/openvpn/easy-rsa/Windows/build-key-server-pass.bat
./usr/share/openvpn/easy-rsa/Windows/clean-all.bat
./usr/share/openvpn/easy-rsa/Windows/index.txt.start
./usr/share/openvpn/easy-rsa/Windows/init-config.bat
./usr/share/openvpn/easy-rsa/Windows/README.txt
./usr/share/openvpn/easy-rsa/Windows/revoke-full.bat
./usr/share/openvpn/easy-rsa/Windows/serial.start
./usr/share/openvpn/easy-rsa/Windows/vars.bat.sample
./usr/share/openvpn/openvpn.init
./usr/share/openvpn/sample-config-files
./usr/share/openvpn/sample-config-files/client.conf
./usr/share/openvpn/sample-config-files/firewall.sh
./usr/share/openvpn/sample-config-files/home.up
./usr/share/openvpn/sample-config-files/loopback-client
./usr/share/openvpn/sample-config-files/loopback-server
./usr/share/openvpn/sample-config-files/office.up
./usr/share/openvpn/sample-config-files/openvpn-shutdown.sh
./usr/share/openvpn/sample-config-files/openvpn-startup.sh
./usr/share/openvpn/sample-config-files/README
./usr/share/openvpn/sample-config-files/server.conf
./usr/share/openvpn/sample-config-files/static-home.conf
./usr/share/openvpn/sample-config-files/static-office.conf
./usr/share/openvpn/sample-config-files/tls-home.conf
./usr/share/openvpn/sample-config-files/tls-office.conf
./usr/share/openvpn/sample-config-files/xinetd-client-config
./usr/share/openvpn/sample-config-files/xinetd-server-config
./usr/share/openvpn/sample-scripts
./usr/share/openvpn/sample-scripts/auth-pam.pl
./usr/share/openvpn/sample-scripts/bridge-start
./usr/share/openvpn/sample-scripts/bridge-stop
./usr/share/openvpn/sample-scripts/openvpn.init
./usr/share/openvpn/sample-scripts/ucn.pl
./usr/share/openvpn/sample-scripts/verify-cn
