./usr/lib/python2.7/site-packages/nacl
./usr/lib/python2.7/site-packages/nacl/bindings
./usr/lib/python2.7/site-packages/nacl/bindings/crypto_box.py
./usr/lib/python2.7/site-packages/nacl/bindings/crypto_generichash.py
./usr/lib/python2.7/site-packages/nacl/bindings/crypto_hash.py
./usr/lib/python2.7/site-packages/nacl/bindings/crypto_pwhash.py
./usr/lib/python2.7/site-packages/nacl/bindings/crypto_scalarmult.py
./usr/lib/python2.7/site-packages/nacl/bindings/crypto_secretbox.py
./usr/lib/python2.7/site-packages/nacl/bindings/crypto_shorthash.py
./usr/lib/python2.7/site-packages/nacl/bindings/crypto_sign.py
./usr/lib/python2.7/site-packages/nacl/bindings/__init__.py
./usr/lib/python2.7/site-packages/nacl/bindings/randombytes.py
./usr/lib/python2.7/site-packages/nacl/bindings/sodium_core.py
./usr/lib/python2.7/site-packages/nacl/bindings/utils.py
./usr/lib/python2.7/site-packages/nacl/encoding.py
./usr/lib/python2.7/site-packages/nacl/exceptions.py
./usr/lib/python2.7/site-packages/nacl/hashlib.py
./usr/lib/python2.7/site-packages/nacl/hash.py
./usr/lib/python2.7/site-packages/nacl/__init__.py
./usr/lib/python2.7/site-packages/nacl/public.py
./usr/lib/python2.7/site-packages/nacl/pwhash.py
./usr/lib/python2.7/site-packages/nacl/secret.py
./usr/lib/python2.7/site-packages/nacl/signing.py
./usr/lib/python2.7/site-packages/nacl/_sodium.so
./usr/lib/python2.7/site-packages/nacl/utils.py
./usr/lib/python2.7/site-packages/PyNaCl-1.1.2-py2.7.egg-info
./usr/lib/python2.7/site-packages/PyNaCl-1.1.2-py2.7.egg-info/dependency_links.txt
./usr/lib/python2.7/site-packages/PyNaCl-1.1.2-py2.7.egg-info/not-zip-safe
./usr/lib/python2.7/site-packages/PyNaCl-1.1.2-py2.7.egg-info/PKG-INFO
./usr/lib/python2.7/site-packages/PyNaCl-1.1.2-py2.7.egg-info/requires.txt
./usr/lib/python2.7/site-packages/PyNaCl-1.1.2-py2.7.egg-info/SOURCES.txt
./usr/lib/python2.7/site-packages/PyNaCl-1.1.2-py2.7.egg-info/top_level.txt
