./usr/bin/python
./usr/bin/python2.4
./usr/bin/smtpd.py
./usr/lib/libpython2.4.so
./usr/lib/libpython2.4.so.1.0
./usr/lib/python2.4
./usr/lib/python2.4/compiler
./usr/lib/python2.4/curses
./usr/lib/python2.4/distutils
./usr/lib/python2.4/distutils/command
./usr/lib/python2.4/distutils/command/command_template
./usr/lib/python2.4/distutils/command/wininst-6.exe
./usr/lib/python2.4/distutils/command/wininst-7.1.exe
./usr/lib/python2.4/distutils/README
./usr/lib/python2.4/distutils/tests
./usr/lib/python2.4/email
./usr/lib/python2.4/email/test
./usr/lib/python2.4/email/test/data
./usr/lib/python2.4/email/test/data/audiotest.au
./usr/lib/python2.4/email/test/data/msg_01.txt
./usr/lib/python2.4/email/test/data/msg_02.txt
./usr/lib/python2.4/email/test/data/msg_03.txt
./usr/lib/python2.4/email/test/data/msg_04.txt
./usr/lib/python2.4/email/test/data/msg_05.txt
./usr/lib/python2.4/email/test/data/msg_06.txt
./usr/lib/python2.4/email/test/data/msg_07.txt
./usr/lib/python2.4/email/test/data/msg_08.txt
./usr/lib/python2.4/email/test/data/msg_09.txt
./usr/lib/python2.4/email/test/data/msg_10.txt
./usr/lib/python2.4/email/test/data/msg_11.txt
./usr/lib/python2.4/email/test/data/msg_12a.txt
./usr/lib/python2.4/email/test/data/msg_12.txt
./usr/lib/python2.4/email/test/data/msg_13.txt
./usr/lib/python2.4/email/test/data/msg_14.txt
./usr/lib/python2.4/email/test/data/msg_15.txt
./usr/lib/python2.4/email/test/data/msg_16.txt
./usr/lib/python2.4/email/test/data/msg_17.txt
./usr/lib/python2.4/email/test/data/msg_18.txt
./usr/lib/python2.4/email/test/data/msg_19.txt
./usr/lib/python2.4/email/test/data/msg_20.txt
./usr/lib/python2.4/email/test/data/msg_21.txt
./usr/lib/python2.4/email/test/data/msg_22.txt
./usr/lib/python2.4/email/test/data/msg_23.txt
./usr/lib/python2.4/email/test/data/msg_24.txt
./usr/lib/python2.4/email/test/data/msg_25.txt
./usr/lib/python2.4/email/test/data/msg_26.txt
./usr/lib/python2.4/email/test/data/msg_27.txt
./usr/lib/python2.4/email/test/data/msg_28.txt
./usr/lib/python2.4/email/test/data/msg_29.txt
./usr/lib/python2.4/email/test/data/msg_30.txt
./usr/lib/python2.4/email/test/data/msg_31.txt
./usr/lib/python2.4/email/test/data/msg_32.txt
./usr/lib/python2.4/email/test/data/msg_33.txt
./usr/lib/python2.4/email/test/data/msg_34.txt
./usr/lib/python2.4/email/test/data/msg_35.txt
./usr/lib/python2.4/email/test/data/msg_36.txt
./usr/lib/python2.4/email/test/data/msg_37.txt
./usr/lib/python2.4/email/test/data/msg_38.txt
./usr/lib/python2.4/email/test/data/msg_39.txt
./usr/lib/python2.4/email/test/data/msg_40.txt
./usr/lib/python2.4/email/test/data/msg_41.txt
./usr/lib/python2.4/email/test/data/msg_42.txt
./usr/lib/python2.4/email/test/data/msg_43.txt
./usr/lib/python2.4/email/test/data/msg_44.txt
./usr/lib/python2.4/email/test/data/PyBanner048.gif
./usr/lib/python2.4/encodings
./usr/lib/python2.4/hotshot
./usr/lib/python2.4/idlelib
./usr/lib/python2.4/idlelib/ChangeLog
./usr/lib/python2.4/idlelib/config-extensions.def
./usr/lib/python2.4/idlelib/config-highlight.def
./usr/lib/python2.4/idlelib/config-keys.def
./usr/lib/python2.4/idlelib/config-main.def
./usr/lib/python2.4/idlelib/CREDITS.txt
./usr/lib/python2.4/idlelib/extend.txt
./usr/lib/python2.4/idlelib/help.txt
./usr/lib/python2.4/idlelib/HISTORY.txt
./usr/lib/python2.4/idlelib/Icons
./usr/lib/python2.4/idlelib/Icons/folder.gif
./usr/lib/python2.4/idlelib/Icons/idle.icns
./usr/lib/python2.4/idlelib/Icons/minusnode.gif
./usr/lib/python2.4/idlelib/Icons/openfolder.gif
./usr/lib/python2.4/idlelib/Icons/plusnode.gif
./usr/lib/python2.4/idlelib/Icons/python.gif
./usr/lib/python2.4/idlelib/Icons/tk.gif
./usr/lib/python2.4/idlelib/idle.bat
./usr/lib/python2.4/idlelib/idle.pyw
./usr/lib/python2.4/idlelib/NEWS.txt
./usr/lib/python2.4/idlelib/README.txt
./usr/lib/python2.4/idlelib/TODO.txt
./usr/lib/python2.4/lib-dynload
./usr/lib/python2.4/lib-dynload/array.so
./usr/lib/python2.4/lib-dynload/audioop.so
./usr/lib/python2.4/lib-dynload/binascii.so
./usr/lib/python2.4/lib-dynload/_bisect.so
./usr/lib/python2.4/lib-dynload/cmath.so
./usr/lib/python2.4/lib-dynload/_codecs_iso2022.so
./usr/lib/python2.4/lib-dynload/collections.so
./usr/lib/python2.4/lib-dynload/cPickle.so
./usr/lib/python2.4/lib-dynload/crypt.so
./usr/lib/python2.4/lib-dynload/cStringIO.so
./usr/lib/python2.4/lib-dynload/_csv.so
./usr/lib/python2.4/lib-dynload/_curses_panel.so
./usr/lib/python2.4/lib-dynload/_curses.so
./usr/lib/python2.4/lib-dynload/datetime.so
./usr/lib/python2.4/lib-dynload/fcntl.so
./usr/lib/python2.4/lib-dynload/grp.so
./usr/lib/python2.4/lib-dynload/_heapq.so
./usr/lib/python2.4/lib-dynload/_hotshot.so
./usr/lib/python2.4/lib-dynload/itertools.so
./usr/lib/python2.4/lib-dynload/linuxaudiodev.so
./usr/lib/python2.4/lib-dynload/_locale.so
./usr/lib/python2.4/lib-dynload/math.so
./usr/lib/python2.4/lib-dynload/md5.so
./usr/lib/python2.4/lib-dynload/mmap.so
./usr/lib/python2.4/lib-dynload/_multibytecodec.so
./usr/lib/python2.4/lib-dynload/operator.so
./usr/lib/python2.4/lib-dynload/ossaudiodev.so
./usr/lib/python2.4/lib-dynload/parser.so
./usr/lib/python2.4/lib-dynload/pyexpat.so
./usr/lib/python2.4/lib-dynload/_random.so
./usr/lib/python2.4/lib-dynload/readline.so
./usr/lib/python2.4/lib-dynload/regex.so
./usr/lib/python2.4/lib-dynload/resource.so
./usr/lib/python2.4/lib-dynload/select.so
./usr/lib/python2.4/lib-dynload/sha.so
./usr/lib/python2.4/lib-dynload/_socket.so
./usr/lib/python2.4/lib-dynload/_ssl.so
./usr/lib/python2.4/lib-dynload/strop.so
./usr/lib/python2.4/lib-dynload/struct.so
./usr/lib/python2.4/lib-dynload/syslog.so
./usr/lib/python2.4/lib-dynload/termios.so
./usr/lib/python2.4/lib-dynload/_testcapi.so
./usr/lib/python2.4/lib-dynload/time.so
./usr/lib/python2.4/lib-dynload/timing.so
./usr/lib/python2.4/lib-dynload/_weakref.so
./usr/lib/python2.4/lib-dynload/zlib.so
./usr/lib/python2.4/lib-old
./usr/lib/python2.4/LICENSE.txt
./usr/lib/python2.4/logging
./usr/lib/python2.4/pdb.doc
./usr/lib/python2.4/plat-linux2
./usr/lib/python2.4/plat-linux2/regen
./usr/lib/python2.4/profile.doc
./usr/lib/python2.4/site-packages
./usr/lib/python2.4/site-packages/README
./usr/lib/python2.4/xml
./usr/lib/python2.4/xml/dom
./usr/lib/python2.4/xml/parsers
./usr/lib/python2.4/xml/sax
