./usr/lib/samba/idmap/autorid.so
./usr/lib/samba/auth/script.so
./usr/lib/samba/charset/CP437.so
./usr/lib/samba/charset/CP850.so
./usr/lib/samba/vfs/acl_xattr.so
./usr/lib/samba/vfs/xattr_tdb.so
./usr/lib/samba/vfs/extd_audit.so
./usr/lib/samba/vfs/scannedonly.so
./usr/lib/samba/vfs/syncops.so
./usr/lib/samba/vfs/crossrename.so
./usr/lib/samba/vfs/acl_tdb.so
./usr/lib/samba/vfs/dirsort.so
./usr/lib/samba/vfs/smb_traffic_analyzer.so
./usr/lib/samba/vfs/recycle.so
./usr/lib/samba/vfs/readahead.so
./usr/lib/samba/vfs/streams_xattr.so
./usr/lib/samba/vfs/linux_xfs_sgid.so
./usr/lib/samba/vfs/fake_perms.so
./usr/lib/samba/vfs/shadow_copy.so
./usr/lib/samba/vfs/expand_msdfs.so
./usr/lib/samba/vfs/preopen.so
./usr/lib/samba/vfs/readonly.so
./usr/lib/samba/vfs/netatalk.so
./usr/lib/samba/vfs/shadow_copy2.so
./usr/lib/samba/vfs/default_quota.so
./usr/lib/samba/vfs/time_audit.so
./usr/lib/samba/vfs/full_audit.so
./usr/lib/samba/vfs/catia.so
./usr/lib/samba/vfs/cap.so
./usr/lib/samba/vfs/audit.so
./usr/lib/samba/vfs/streams_depot.so

