./usr/bin/svn
./usr/bin/svnadmin
./usr/bin/svndumpfilter
./usr/bin/svnlook
./usr/bin/svnrdump
./usr/bin/svnserve
./usr/bin/svnsync
./usr/bin/svnversion
./usr/lib/libsvn_client-1.so
./usr/lib/libsvn_client-1.so.0
./usr/lib/libsvn_client-1.so.0.0.0
./usr/lib/libsvn_delta-1.so
./usr/lib/libsvn_delta-1.so.0
./usr/lib/libsvn_delta-1.so.0.0.0
./usr/lib/libsvn_diff-1.so
./usr/lib/libsvn_diff-1.so.0
./usr/lib/libsvn_diff-1.so.0.0.0
./usr/lib/libsvn_fs-1.so
./usr/lib/libsvn_fs-1.so.0
./usr/lib/libsvn_fs-1.so.0.0.0
./usr/lib/libsvn_fs_base-1.so
./usr/lib/libsvn_fs_base-1.so.0
./usr/lib/libsvn_fs_base-1.so.0.0.0
./usr/lib/libsvn_fs_fs-1.so
./usr/lib/libsvn_fs_fs-1.so.0
./usr/lib/libsvn_fs_fs-1.so.0.0.0
./usr/lib/libsvn_fs_util-1.so
./usr/lib/libsvn_fs_util-1.so.0
./usr/lib/libsvn_fs_util-1.so.0.0.0
./usr/lib/libsvn_ra-1.so
./usr/lib/libsvn_ra-1.so.0
./usr/lib/libsvn_ra-1.so.0.0.0
./usr/lib/libsvn_ra_local-1.so
./usr/lib/libsvn_ra_local-1.so.0
./usr/lib/libsvn_ra_local-1.so.0.0.0
./usr/lib/libsvn_ra_neon-1.so
./usr/lib/libsvn_ra_neon-1.so.0
./usr/lib/libsvn_ra_neon-1.so.0.0.0
./usr/lib/libsvn_ra_svn-1.so
./usr/lib/libsvn_ra_svn-1.so.0
./usr/lib/libsvn_ra_svn-1.so.0.0.0
./usr/lib/libsvn_repos-1.so
./usr/lib/libsvn_repos-1.so.0
./usr/lib/libsvn_repos-1.so.0.0.0
./usr/lib/libsvn_subr-1.so
./usr/lib/libsvn_subr-1.so.0
./usr/lib/libsvn_subr-1.so.0.0.0
./usr/lib/libsvn_wc-1.so
./usr/lib/libsvn_wc-1.so.0
./usr/lib/libsvn_wc-1.so.0.0.0
