./etc/init.d/S81transmission
./etc/transmission/settings.json
./usr/bin/transmission-daemon
./usr/share/transmission/web/images/buttons/cancel.png
./usr/share/transmission/web/images/buttons/file_priority_buttons.png
./usr/share/transmission/web/images/buttons/file_wanted_buttons.png
./usr/share/transmission/web/images/buttons/info_activity.png
./usr/share/transmission/web/images/buttons/info_files.png
./usr/share/transmission/web/images/buttons/info_general.png
./usr/share/transmission/web/images/buttons/info_trackers.png
./usr/share/transmission/web/images/buttons/tab_backgrounds.png
./usr/share/transmission/web/images/buttons/toolbar_buttons.png
./usr/share/transmission/web/images/buttons/torrent_buttons.png
./usr/share/transmission/web/images/favicon.ico
./usr/share/transmission/web/images/favicon.png
./usr/share/transmission/web/images/graphics/chrome.png
./usr/share/transmission/web/images/graphics/filter_bar.png
./usr/share/transmission/web/images/graphics/filter_icon.png
./usr/share/transmission/web/images/graphics/iphone_chrome.png
./usr/share/transmission/web/images/graphics/logo.png
./usr/share/transmission/web/images/graphics/transfer_arrows.png
./usr/share/transmission/web/images/progress/progress.png
./usr/share/transmission/web/images/webclip-icon.png
./usr/share/transmission/web/index.html
./usr/share/transmission/web/javascript/common.js
./usr/share/transmission/web/javascript/dialog.js
./usr/share/transmission/web/javascript/jquery/jquery.contextmenu.min.js
./usr/share/transmission/web/javascript/jquery/jquery.form.min.js
./usr/share/transmission/web/javascript/jquery/jquery.min.js
./usr/share/transmission/web/javascript/jquery/jquery.transmenu.min.js
./usr/share/transmission/web/javascript/jquery/json.min.js
./usr/share/transmission/web/javascript/menu.js
./usr/share/transmission/web/javascript/torrent.js
./usr/share/transmission/web/javascript/transmission.js
./usr/share/transmission/web/javascript/transmission.remote.js
./usr/share/transmission/web/LICENSE
./usr/share/transmission/web/stylesheets/common.css
./usr/share/transmission/web/stylesheets/ie6.css
./usr/share/transmission/web/stylesheets/ie7.css
./usr/share/transmission/web/stylesheets/iphone.css
./usr/www/cgi-bin/transmission.cgi
./usr/www/cgi-bin/transmission_proc.cgi
./sbin/rctransmission
